 Container edumanage_backend_test-postgres-1 Running 
 Container edumanage_backend_test-postgres-1 Waiting 
 Container edumanage_backend_test-postgres-1 Healthy 
 Container edumanage_backend_test-runner-run-fd3c572a6aa7 Creating 
 Container edumanage_backend_test-runner-run-fd3c572a6aa7 Created 
✔ BE01 migration replay is a no-op, mismatch fails and metadata remains intact (426.585102ms)
✔ BE02 cross-school enrollment FK rejects write using the real runtime role (8.42536ms)
✔ BE03 no-tenant denies and SET LOCAL cannot leak across a reused connection (3.686831ms)
✔ BE04 bootstrap only exposes the authenticated user memberships without tenant (3.546274ms)
✔ BE05 HOMEROOM A plus SUBJECT B cannot authorize seating or guardians in B (117.811249ms)
✔ BE06 revoked membership is checked during an existing session and B stays independent (65.829821ms)
✔ BE08 CSRF, credential validation, cookie flags, session rotation and rate limiting (144.501137ms)
✔ BE10 concurrent profile patches serialize with a single version winner (64.685318ms)
✔ BE21 parent runtime role cannot select raw student rows (152.648016ms)
✔ B0 health ready checks actual migrations, database and private storage (17.056ms)
✔ B2 class lists use SQL scope and cross-school details deny before serialization (104.407553ms)
✔ BE09 idempotent organization create/retry/concurrency performs one write (72.960199ms)
✔ B2 required idempotency, class capacity/reference validation and version conflicts (116.372024ms)
✔ B2 signed cursor rejects scope/filter modification and delivers distinct pages (78.491585ms)
✔ B2 subject student projection omits family/internal notes and denies guardians (143.194294ms)
✔ B2 guardian create does not merge matching phone, relationships start unverified (97.492606ms)
✔ BE07 existing identity invitation requires its session and preserves password/other school (173.230807ms)
✔ B1 password reset token is encrypted, single-use and revokes all prior sessions (134.764566ms)
✔ B2 staff delegation stays within the ceiling, custom class scope and immediate revocation (441.306133ms)
✔ B2 transfers serialize capacity, handover removes the old teacher and rollover binds its preview (804.44172ms)
✔ B2 scoped guardian creation cannot acquire an unrelated family through relationship IDs (171.002268ms)
✔ B2/B5 uploads remain private until worker processing, leases serialize and local mail erases encrypted secrets (793.547987ms)
✔ B2 imports parse real CSV, bind stale previews, avoid name/phone merges and retain invalid rows safely (1561.572184ms)
✔ B2/B5 timetable import checks assignments and overlapping slots, creates only a draft and deduplicates retries (1041.642847ms)
✔ B2 imports update only verified codes, create class drafts and staff invitations with work profiles (2212.758073ms)
✔ B2 large import resumes after a lost chunk without duplicating applied rows and checks current school authority (2447.88574ms)
✔ B3 attendance starts unmarked, versions every source change and publishes immutable one-student projections (412.376394ms)
✔ B3 subject attendance requires its actual lesson and cannot borrow daily access from another class (182.872742ms)
✔ B3 a simultaneous attendance edit and publish has one winner and never publishes a mixed source version (141.026593ms)
✔ B3 rule sets require explicit points, immutable issuance and effective week application (780.061537ms)
✔ B3 conduct reviews preserve facts, lock READY projections and publish only the exact pinned source (1024.617853ms)
✔ B3 conduct linked attendance detects stale sources and subject teachers see only their own lesson facts (488.372492ms)
✔ B3 approved adjustments retain old facts and atomically replace the current publication with a reviewed preview (407.010072ms)
✔ B3 a simultaneous conduct record and lock/publish has one source winner (196.669068ms)
✔ B3 attendance linkage deduplicates, excludes corrected drafts and leaves locked scores unchanged with explicit warnings (358.753896ms)
✔ B4 private parent links expose only published child projections, preserve staff cookies and bind the active tab context (805.659169ms)
✔ B4 section/download rights, reissue, relationship revocation and foreign UUIDs are checked on each new parent request (429.443168ms)
✔ B4 private documents stream only with both download rights, and teacher contact projections use shared work fields (542.434925ms)
✔ B4 expired links, suspended schools, CSRF and exchange throttles deny without creating a parent identity (392.212912ms)
✔ B1 delegated grants and invitation acceptance stay inside the current expiry ceiling; backdated assignments require a reason (205.181935ms)
✔ B2 shrinking class capacity checks planned future occupancy peaks, rather than only today (92.176972ms)
✔ B5 dated groups retain moves and same-day cancellations, require current class versions and end group-leader duties (401.892078ms)
✔ B5 position holders serialize and remain valid conduct sources; locked source history cannot be shortened (339.617458ms)
✔ B5 seating validates effective enrollment and unique seats, preserves dated revisions and denies subject-only reads (410.801576ms)
✔ B2/B5 a transfer closes dated groups/positions and retains cancelled future plans atomically (283.799083ms)
✔ B5 timetable materializes bounded future lessons, publishes child-only projections and preserves past/source history (528.340552ms)
✔ B5 timetable rejects teacher/room collisions and revoked assignments, skips holidays and revalidates source versions (677.192042ms)
✔ B5 duties publish only individual tasks, reject foreign enrollment and retain immutable publication/withdraw history (491.02629ms)
✔ B5 group duties expand the effective group at publication and retain the individual targets after later moves (575.250453ms)
✔ B5 activities count only explicit participants, preserve published states and require current source/review authority (742.757234ms)
✔ B5 approved activity results are explicit conduct sources and locked approved facts protect their source history (339.390765ms)
✔ B5 evidence stays private until review and publication; parent documents remain child-bound and filter file availability (950.445188ms)
ℹ tests 52
ℹ suites 0
ℹ pass 52
ℹ fail 0
ℹ cancelled 0
ℹ skipped 0
ℹ todo 0
ℹ duration_ms 24238.454789
