 Container edumanage_backend_test-postgres-1 Running 
 Container edumanage_backend_test-postgres-1 Waiting 
 Container edumanage_backend_test-postgres-1 Healthy 
 Container edumanage_backend_test-runner-run-99fa10cd9c2c Creating 
 Container edumanage_backend_test-runner-run-99fa10cd9c2c Created 
✔ BE01 migration replay is a no-op, mismatch fails and metadata remains intact (375.745173ms)
✔ BE02 cross-school enrollment FK rejects write using the real runtime role (9.645903ms)
✔ BE03 no-tenant denies and SET LOCAL cannot leak across a reused connection (3.771274ms)
✔ BE04 bootstrap only exposes the authenticated user memberships without tenant (3.673816ms)
✔ BE05 HOMEROOM A plus SUBJECT B cannot authorize seating or guardians in B (98.541897ms)
✔ BE06 revoked membership is checked during an existing session and B stays independent (39.136097ms)
✔ BE08 CSRF, credential validation, cookie flags, session rotation and rate limiting (138.640375ms)
✔ BE10 concurrent profile patches serialize with a single version winner (235.639664ms)
✔ BE21 parent runtime role cannot select raw student rows (43.411623ms)
✔ B0 health ready checks actual migrations, database and private storage (15.688604ms)
✔ B2 class lists use SQL scope and cross-school details deny before serialization (226.618368ms)
✔ BE09 idempotent organization create/retry/concurrency performs one write (230.121402ms)
✔ B2 required idempotency, class capacity/reference validation and version conflicts (349.440875ms)
✔ B2 signed cursor rejects scope/filter modification and delivers distinct pages (247.747067ms)
✔ B2 subject student projection omits family/internal notes and denies guardians (177.165641ms)
✔ B2 guardian create does not merge matching phone, relationships start unverified (99.634406ms)
✔ BE07 existing identity invitation requires its session and preserves password/other school (180.654838ms)
✔ B1 password reset token is encrypted, single-use and revokes all prior sessions (133.094191ms)
✔ B2 staff delegation stays within the ceiling, custom class scope and immediate revocation (394.211248ms)
✔ B2 transfers serialize capacity, handover removes the old teacher and rollover binds its preview (765.358116ms)
✔ B2 scoped guardian creation cannot acquire an unrelated family through relationship IDs (225.198357ms)
✔ B2/B5 uploads remain private until worker processing, leases serialize and local mail erases encrypted secrets (902.985746ms)
✔ B2 imports parse real CSV, bind stale previews, avoid name/phone merges and retain invalid rows safely (1009.802504ms)
✔ B2/B5 timetable import checks assignments and overlapping slots, creates only a draft and deduplicates retries (742.326736ms)
✔ B2 imports update only verified codes, create class drafts and staff invitations with work profiles (1228.97067ms)
✔ B2 large import resumes after a lost chunk without duplicating applied rows and checks current school authority (2059.897327ms)
✔ B3 attendance starts unmarked, versions every source change and publishes immutable one-student projections (386.023048ms)
✔ B3 subject attendance requires its actual lesson and cannot borrow daily access from another class (146.381368ms)
✔ B3 a simultaneous attendance edit and publish has one winner and never publishes a mixed source version (134.437769ms)
✔ B3 rule sets require explicit points, immutable issuance and effective week application (239.545205ms)
✔ B3 conduct reviews preserve facts, lock READY projections and publish only the exact pinned source (610.536411ms)
✔ B3 conduct linked attendance detects stale sources and subject teachers see only their own lesson facts (462.994504ms)
✔ B3 approved adjustments retain old facts and atomically replace the current publication with a reviewed preview (403.604026ms)
✔ B3 a simultaneous conduct record and lock/publish has one source winner (189.162092ms)
ℹ tests 34
ℹ suites 0
ℹ pass 34
ℹ fail 0
ℹ cancelled 0
ℹ skipped 0
ℹ todo 0
ℹ duration_ms 13196.839554
