 Container edumanage_backend_test-postgres-1 Running 
 Container edumanage_backend_test-postgres-1 Waiting 
 Container edumanage_backend_test-postgres-1 Healthy 
 Container edumanage_backend_test-runner-run-33227eca0382 Creating 
 Container edumanage_backend_test-runner-run-33227eca0382 Created 
✔ BE01 migration replay is a no-op, mismatch fails and metadata remains intact (412.339509ms)
✔ BE02 cross-school enrollment FK rejects write using the real runtime role (9.18657ms)
✔ BE03 no-tenant denies and SET LOCAL cannot leak across a reused connection (3.758008ms)
✔ BE04 bootstrap only exposes the authenticated user memberships without tenant (3.729065ms)
✔ BE05 HOMEROOM A plus SUBJECT B cannot authorize seating or guardians in B (119.574649ms)
✔ BE06 revoked membership is checked during an existing session and B stays independent (43.768934ms)
✔ BE08 CSRF, credential validation, cookie flags, session rotation and rate limiting (117.709408ms)
✔ BE10 concurrent profile patches serialize with a single version winner (62.526651ms)
✔ BE21 parent runtime role cannot select raw student rows (271.654855ms)
✔ B0 health ready checks actual migrations, database and private storage (17.758008ms)
✔ B2 class lists use SQL scope and cross-school details deny before serialization (113.964168ms)
✔ BE09 idempotent organization create/retry/concurrency performs one write (64.755094ms)
✔ B2 required idempotency, class capacity/reference validation and version conflicts (111.223225ms)
✔ B2 signed cursor rejects scope/filter modification and delivers distinct pages (79.217571ms)
✔ B2 subject student projection omits family/internal notes and denies guardians (157.463049ms)
✔ B2 guardian create does not merge matching phone, relationships start unverified (101.289337ms)
✔ BE07 existing identity invitation requires its session and preserves password/other school (174.225792ms)
✔ B1 password reset token is encrypted, single-use and revokes all prior sessions (132.253039ms)
✔ B2 staff delegation stays within the ceiling, custom class scope and immediate revocation (433.61916ms)
✔ B2 transfers serialize capacity, handover removes the old teacher and rollover binds its preview (792.800086ms)
✔ B2 scoped guardian creation cannot acquire an unrelated family through relationship IDs (177.982352ms)
✔ B2/B5 uploads remain private until worker processing, leases serialize and local mail erases encrypted secrets (913.405167ms)
✔ B2 imports parse real CSV, bind stale previews, avoid name/phone merges and retain invalid rows safely (1860.292436ms)
✔ B2/B5 timetable import checks assignments and overlapping slots, creates only a draft and deduplicates retries (1166.04052ms)
✔ B2 imports update only verified codes, create class drafts and staff invitations with work profiles (2519.182624ms)
✔ B2 large import resumes after a lost chunk without duplicating applied rows and checks current school authority (2541.289542ms)
✔ B3 attendance starts unmarked, versions every source change and publishes immutable one-student projections (386.72865ms)
✔ B3 subject attendance requires its actual lesson and cannot borrow daily access from another class (201.931085ms)
✔ B3 a simultaneous attendance edit and publish has one winner and never publishes a mixed source version (129.413144ms)
✔ B3 rule sets require explicit points, immutable issuance and effective week application (255.361908ms)
✔ B3 conduct reviews preserve facts, lock READY projections and publish only the exact pinned source (583.743916ms)
✔ B3 conduct linked attendance detects stale sources and subject teachers see only their own lesson facts (496.942605ms)
✔ B3 approved adjustments retain old facts and atomically replace the current publication with a reviewed preview (407.67186ms)
✔ B3 a simultaneous conduct record and lock/publish has one source winner (188.821584ms)
✔ B3 attendance linkage deduplicates, excludes corrected drafts and leaves locked scores unchanged with explicit warnings (391.904169ms)
✔ B4 private parent links expose only published child projections, preserve staff cookies and bind the active tab context (781.473931ms)
✔ B4 section/download rights, reissue, relationship revocation and foreign UUIDs are checked on each new parent request (396.464611ms)
✔ B4 private documents stream only with both download rights, and teacher contact projections use shared work fields (497.966089ms)
✔ B4 expired links, suspended schools, CSRF and exchange throttles deny without creating a parent identity (422.956368ms)
✔ B1 delegated grants and invitation acceptance stay inside the current expiry ceiling; backdated assignments require a reason (212.18446ms)
✔ B2 shrinking class capacity checks planned future occupancy peaks, rather than only today (92.993243ms)
✔ B5 dated groups retain moves and same-day cancellations, require current class versions and end group-leader duties (390.892965ms)
✔ B5 position holders serialize and remain valid conduct sources; locked source history cannot be shortened (339.932179ms)
✔ B5 seating validates effective enrollment and unique seats, preserves dated revisions and denies subject-only reads (431.47461ms)
✔ B2/B5 a transfer closes dated groups/positions and retains cancelled future plans atomically (794.056834ms)
✔ B5 timetable materializes bounded future lessons, publishes child-only projections and preserves past/source history (1121.150284ms)
✔ B5 timetable rejects teacher/room collisions and revoked assignments, skips holidays and revalidates source versions (669.690006ms)
✔ B5 duties publish only individual tasks, reject foreign enrollment and retain immutable publication/withdraw history (356.228206ms)
✔ B5 group duties expand the effective group at publication and retain the individual targets after later moves (492.904498ms)
✔ B5 activities count only explicit participants, preserve published states and require current source/review authority (711.17933ms)
✔ B5 approved activity results are explicit conduct sources and locked approved facts protect their source history (311.220634ms)
✔ B5 evidence stays private until review and publication; parent documents remain child-bound and filter file availability (945.54941ms)
✔ B5 class announcements retain immutable publication across edits, bind one recipient and reject foreign class reads (1401.827086ms)
✔ B5 public school announcements sanitize content and keep draft/private replacements out of the public projection (824.304247ms)
✔ B5 scheduled announcements wait for their due time, publish once through a worker and safely replay after an acknowledgement loss (1034.093002ms)
✔ B5 scheduled publication rechecks the creator grant and reports a failed queue without exposing a parent snapshot (1083.046906ms)
✔ B5 announcement attachments remain private to one child, obey link download rights and disappear when archived or withdrawn (1052.723633ms)
ℹ tests 57
ℹ suites 0
ℹ pass 57
ℹ fail 0
ℹ cancelled 0
ℹ skipped 0
ℹ todo 0
ℹ duration_ms 30568.37196
