 Container edumanage_backend_test-postgres-1 Running 
 Container edumanage_backend_test-postgres-1 Waiting 
 Container edumanage_backend_test-postgres-1 Healthy 
 Container edumanage_backend_test-runner-run-92b10ff0f25e Creating 
 Container edumanage_backend_test-runner-run-92b10ff0f25e Created 
✔ BE01 migration replay is a no-op, mismatch fails and metadata remains intact (444.843445ms)
✔ BE02 cross-school enrollment FK rejects write using the real runtime role (10.265748ms)
✔ BE03 no-tenant denies and SET LOCAL cannot leak across a reused connection (4.158807ms)
✔ BE04 bootstrap only exposes the authenticated user memberships without tenant (3.926159ms)
✔ BE05 HOMEROOM A plus SUBJECT B cannot authorize seating or guardians in B (125.233249ms)
✔ BE06 revoked membership is checked during an existing session and B stays independent (53.784119ms)
✔ BE08 CSRF, credential validation, cookie flags, session rotation and rate limiting (117.054721ms)
✔ BE10 concurrent profile patches serialize with a single version winner (65.935566ms)
✔ BE21 parent runtime role cannot select raw student rows (212.417884ms)
✔ B0 health ready checks actual migrations, database and private storage (19.025182ms)
✔ B2 class lists use SQL scope and cross-school details deny before serialization (114.673101ms)
✔ BE09 idempotent organization create/retry/concurrency performs one write (79.158174ms)
✔ B2 required idempotency, class capacity/reference validation and version conflicts (119.721931ms)
✔ B2 signed cursor rejects scope/filter modification and delivers distinct pages (111.400509ms)
✔ B2 subject student projection omits family/internal notes and denies guardians (181.639161ms)
✔ B2 guardian create does not merge matching phone, relationships start unverified (108.346393ms)
✔ BE07 existing identity invitation requires its session and preserves password/other school (197.638749ms)
✔ B1 password reset token is encrypted, single-use and revokes all prior sessions (146.046997ms)
✔ B2 staff delegation stays within the ceiling, custom class scope and immediate revocation (454.810798ms)
✔ B2 transfers serialize capacity, handover removes the old teacher and rollover binds its preview (894.841966ms)
✔ B2 scoped guardian creation cannot acquire an unrelated family through relationship IDs (186.727284ms)
✔ B2/B5 uploads remain private until worker processing, leases serialize and local mail erases encrypted secrets (991.933881ms)
✔ B2 imports parse real CSV, bind stale previews, avoid name/phone merges and retain invalid rows safely (1954.989631ms)
✔ B2/B5 timetable import checks assignments and overlapping slots, creates only a draft and deduplicates retries (1196.806597ms)
✔ B2 imports update only verified codes, create class drafts and staff invitations with work profiles (4224.805093ms)
✔ B2 large import resumes after a lost chunk without duplicating applied rows and checks current school authority (2906.608506ms)
✔ B3 attendance starts unmarked, versions every source change and publishes immutable one-student projections (486.682187ms)
✔ B3 subject attendance requires its actual lesson and cannot borrow daily access from another class (217.614636ms)
✔ B3 a simultaneous attendance edit and publish has one winner and never publishes a mixed source version (144.287488ms)
✔ B3 rule sets require explicit points, immutable issuance and effective week application (279.432495ms)
✔ B3 conduct reviews preserve facts, lock READY projections and publish only the exact pinned source (665.786952ms)
✔ B3 conduct linked attendance detects stale sources and subject teachers see only their own lesson facts (543.509177ms)
✔ B3 approved adjustments retain old facts and atomically replace the current publication with a reviewed preview (446.03079ms)
✔ B3 a simultaneous conduct record and lock/publish has one source winner (208.745947ms)
✔ B3 attendance linkage deduplicates, excludes corrected drafts and leaves locked scores unchanged with explicit warnings (419.048471ms)
✔ B4 private parent links expose only published child projections, preserve staff cookies and bind the active tab context (829.261608ms)
✔ B4 section/download rights, reissue, relationship revocation and foreign UUIDs are checked on each new parent request (591.24301ms)
✔ B4 private documents stream only with both download rights, and teacher contact projections use shared work fields (550.991176ms)
✔ B4 expired links, suspended schools, CSRF and exchange throttles deny without creating a parent identity (474.940412ms)
✔ B1 delegated grants and invitation acceptance stay inside the current expiry ceiling; backdated assignments require a reason (225.955328ms)
✔ B2 shrinking class capacity checks planned future occupancy peaks, rather than only today (106.103005ms)
✔ B5 dated groups retain moves and same-day cancellations, require current class versions and end group-leader duties (454.004193ms)
✔ B5 position holders serialize and remain valid conduct sources; locked source history cannot be shortened (402.907103ms)
✔ B5 seating validates effective enrollment and unique seats, preserves dated revisions and denies subject-only reads (1737.165964ms)
✔ B2/B5 a transfer closes dated groups/positions and retains cancelled future plans atomically (1703.677642ms)
✔ B5 timetable materializes bounded future lessons, publishes child-only projections and preserves past/source history (602.359773ms)
✔ B5 timetable rejects teacher/room collisions and revoked assignments, skips holidays and revalidates source versions (781.334308ms)
✔ B5 duties publish only individual tasks, reject foreign enrollment and retain immutable publication/withdraw history (449.671453ms)
✔ B5 group duties expand the effective group at publication and retain the individual targets after later moves (605.3966ms)
✔ B5 activities count only explicit participants, preserve published states and require current source/review authority (829.704862ms)
✔ B5 approved activity results are explicit conduct sources and locked approved facts protect their source history (383.805011ms)
✔ B5 evidence stays private until review and publication; parent documents remain child-bound and filter file availability (1187.238576ms)
✔ B5 class announcements retain immutable publication across edits, bind one recipient and reject foreign class reads (1409.779611ms)
✔ B5 public school announcements sanitize content and keep draft/private replacements out of the public projection (923.629361ms)
✔ B5 scheduled announcements wait for their due time, publish once through a worker and safely replay after an acknowledgement loss (1079.811175ms)
✔ B5 scheduled publication rechecks the creator grant and reports a failed queue without exposing a parent snapshot (1138.666285ms)
✖ B5 announcement attachments remain private to one child, obey link download rights and disappear when archived or withdrawn (791.508362ms)
ℹ tests 57
ℹ suites 0
ℹ pass 56
ℹ fail 1
ℹ cancelled 0
ℹ skipped 0
ℹ todo 0
ℹ duration_ms 36369.709888

✖ failing tests:

test at tests/integration/foundation.test.mjs:1331:1
✖ B5 announcement attachments remain private to one child, obey link download rights and disappear when archived or withdrawn (791.508362ms)
  AssertionError [ERR_ASSERTION]: {"type":"urn:edumanage:problem:validation_error","title":"VALIDATION_ERROR","status":422,"code":"VALIDATION_ERROR","requestId":"6559064f-ac1a-43c8-8d3e-a472edf91af0","fieldErrors":[{"path":"allowDownload","code":"INVALID","message":"Quyền tải chỉ dùng khi được xem tài liệu"}]}
  
  422 !== 201
  
      at activityParent (file:///srv/api/tests/integration/foundation.test.mjs:1171:219)
      at process.processTicksAndRejections (node:internal/process/task_queues:104:5)
      at async TestContext.<anonymous> (file:///srv/api/tests/integration/foundation.test.mjs:1344:18)
      at async Test.run (node:internal/test_runner/test:1409:7)
      at async Test.processPendingSubtests (node:internal/test_runner/test:974:7) {
    generatedMessage: false,
    code: 'ERR_ASSERTION',
    actual: 422,
    expected: 201,
    operator: 'strictEqual',
    diff: 'simple'
  }

