✔ all operation IDs are unique (0.7441ms)
✔ login rejects spoofed role, school and unknown fields (2.5599ms)
✔ private user DTO rejects secrets and unknown properties (4.2202ms)
✔ announcement HTML retains paragraph/list formatting while dropping executable markup, URLs and tracking resources (3.3108ms)
✔ grant action and class scope stay together (0.7443ms)
✔ subject grants never authorize management without explicit subject policy (0.1304ms)
✔ end dates are exclusive and assignment is mandatory for default teacher grants (0.1159ms)
✔ a custom class grant authorizes only its delegated action and class (0.132ms)
✔ a delegated grant cannot outlive an expiring authority, including an unbounded target or future start (0.1579ms)
✔ decimal scoring preserves fractional sums, negative penalties, explicit base, clamps and threshold boundaries (2.7479ms)
✔ fixed deltas reject overrides and manual deltas require bounds (0.2995ms)
✔ XLSX parser bounds sparse dimensions and rejects formulas before workbook allocation (90.2596ms)
ℹ tests 12
ℹ suites 0
ℹ pass 12
ℹ fail 0
ℹ cancelled 0
ℹ skipped 0
ℹ todo 0
ℹ duration_ms 397.907
