 Container edumanage_backend_test-postgres-1 Running 
 Container edumanage_backend_test-postgres-1 Waiting 
 Container edumanage_backend_test-postgres-1 Healthy 
 Container edumanage_backend_test-runner-run-6c3f35080ed8 Creating 
 Container edumanage_backend_test-runner-run-6c3f35080ed8 Created 
✔ BE01 migration replay is a no-op, mismatch fails and metadata remains intact (391.3696ms)
✔ BE02 cross-school enrollment FK rejects write using the real runtime role (9.394887ms)
✔ BE03 no-tenant denies and SET LOCAL cannot leak across a reused connection (3.754606ms)
✔ BE04 bootstrap only exposes the authenticated user memberships without tenant (3.708097ms)
✔ BE05 HOMEROOM A plus SUBJECT B cannot authorize seating or guardians in B (102.752243ms)
✔ BE06 revoked membership is checked during an existing session and B stays independent (39.095732ms)
✔ BE08 CSRF, credential validation, cookie flags, session rotation and rate limiting (101.222738ms)
✔ BE10 concurrent profile patches serialize with a single version winner (346.549115ms)
✔ BE21 parent runtime role cannot select raw student rows (101.059325ms)
✔ B0 health ready checks actual migrations, database and private storage (13.821723ms)
✔ B2 class lists use SQL scope and cross-school details deny before serialization (119.385334ms)
✔ BE09 idempotent organization create/retry/concurrency performs one write (64.556607ms)
✔ B2 required idempotency, class capacity/reference validation and version conflicts (108.295727ms)
✔ B2 signed cursor rejects scope/filter modification and delivers distinct pages (65.685103ms)
✔ B2 subject student projection omits family/internal notes and denies guardians (125.960859ms)
✔ B2 guardian create does not merge matching phone, relationships start unverified (91.839435ms)
✔ BE07 existing identity invitation requires its session and preserves password/other school (166.502439ms)
✔ B1 password reset token is encrypted, single-use and revokes all prior sessions (142.846157ms)
✔ B2 staff delegation stays within the ceiling, custom class scope and immediate revocation (363.211405ms)
✔ B2 transfers serialize capacity, handover removes the old teacher and rollover binds its preview (687.574002ms)
✔ B2 scoped guardian creation cannot acquire an unrelated family through relationship IDs (141.323201ms)
✔ B2/B5 uploads remain private until worker processing, leases serialize and local mail erases encrypted secrets (698.889418ms)
✔ B2 imports parse real CSV, bind stale previews, avoid name/phone merges and retain invalid rows safely (847.032352ms)
✔ B2/B5 timetable import checks assignments and overlapping slots, creates only a draft and deduplicates retries (622.825977ms)
✔ B2 imports update only verified codes, create class drafts and staff invitations with work profiles (939.006528ms)
✔ B2 large import resumes after a lost chunk without duplicating applied rows and checks current school authority (1729.311706ms)
✔ B3 attendance starts unmarked, versions every source change and publishes immutable one-student projections (351.584436ms)
✔ B3 subject attendance requires its actual lesson and cannot borrow daily access from another class (137.959297ms)
✔ B3 a simultaneous attendance edit and publish has one winner and never publishes a mixed source version (118.756401ms)
ℹ tests 29
ℹ suites 0
ℹ pass 29
ℹ fail 0
ℹ cancelled 0
ℹ skipped 0
ℹ todo 0
ℹ duration_ms 9291.464783
