 Container edumanage_backend_test-runner-run-4062c2b99f36 Creating 
 Container edumanage_backend_test-runner-run-4062c2b99f36 Created 
TAP version 13
# Subtest: B6 announcement workspace atomic save publish immutable edit withdraw and retained real history preserve exact source
ok 1 - B6 announcement workspace atomic save publish immutable edit withdraw and retained real history preserve exact source
  ---
  duration_ms: 1326.814492
  type: 'test'
  ...
# Subtest: B6 announcement workspace schedule is a real outbox source and failed atomic publication leaves no draft or notification
not ok 2 - B6 announcement workspace schedule is a real outbox source and failed atomic publication leaves no draft or notification
  ---
  duration_ms: 389.053259
  type: 'test'
  location: '/srv/api/tests/integration/foundation.test.mjs:1272:1'
  failureType: 'testCodeFailure'
  error: |-
    Expected values to be strictly equal:
    
    422 !== 409
    
  code: 'ERR_ASSERTION'
  name: 'AssertionError'
  expected: 409
  actual: 422
  operator: 'strictEqual'
  stack: |-
    TestContext.<anonymous> (file:///srv/api/tests/integration/foundation.test.mjs:1275:9)
    process.processTicksAndRejections (node:internal/process/task_queues:104:5)
    async Test.run (node:internal/test_runner/test:1409:7)
    async Test.processPendingSubtests (node:internal/test_runner/test:974:7)
  ...
# Subtest: B6 announcement workspace independent class read manage publish current grant expiry and replay never borrow school or other class rights
ok 3 - B6 announcement workspace independent class read manage publish current grant expiry and replay never borrow school or other class rights
  ---
  duration_ms: 498.915594
  type: 'test'
  ...
1..3
# tests 3
# suites 0
# pass 2
# fail 1
# cancelled 0
# skipped 0
# todo 0
# duration_ms 3107.161726

EXIT_CODE=1
