 Container edumanage_backend_test-runner-run-dd0a283f2c18 Creating 
 Container edumanage_backend_test-runner-run-dd0a283f2c18 Created 
✔ staff preview context has a minimal context schema and independent school authority (24.055147ms)
✔ class workspace header has exact year routing and explicitly permits absent independent period metadata (30.299848ms)
✔ class workspace overview is exact-class staff read with nullable panels bounded previews and no private source objects (34.5702ms)
✔ native organization seating save requires the displayed revision and rejects actor or scope authority in its body (8.657944ms)
✔ one-pupil class attendance accepts valid empty public notes and excludes private source fields (15.069927ms)
✔ class roster purposes retain exact year scope and transfer requests accept only an optional displayed enrollment version (5.008321ms)
✔ native duty commands retain exact displayed source and publication versions without actor authority or silent group expansion (8.295391ms)
✔ all operation IDs are unique, including the explicit frontend workflow extensions (0.678426ms)
✔ atomic school roles require a displayed version and unique explicit role IDs without actor authority (14.645002ms)
✔ reviewed parent issuance requires every reviewed source version and rejects contact/token/actor fields (11.155486ms)
✔ parent staff metadata excludes bearer/private fields and history represents missing device/section explicitly (13.187046ms)
✔ school invite retains zero or multiple roles and the 1–30 day form without widening platform admin invitations (10.261911ms)
✔ login rejects spoofed role, school and unknown fields (1.881197ms)
✔ private user DTO rejects secrets and unknown properties (3.396921ms)
✔ platform first administrator supports server start time and rejects scope spoofing or excessive invitation lifetime (0.299736ms)
✔ school overview accepts explicit unavailable panels and rejects private directory fields (23.658997ms)
✔ directory represents invitations without fake memberships and keeps unavailable invitation KPI explicit (5.737435ms)
✔ member profile separates denied panels and exact native authority without exposing other school metadata (18.000846ms)
✔ invitation choices use invitation authority and never lend role metadata or contacts (2.099254ms)
✔ atomic guardian save requires displayed student and primary versions without verification or actor fields (12.45203ms)
✔ assignment preview is a CSRF-protected read-only POST and preserves explicit source versions without actor authority (2.31237ms)
✔ assignment matrix represents a real unconfigured year and empty cells without borrowing profiles, rosters or permissions (17.79803ms)
✔ role details retain exact native scopes and denied panels without exposing staff contacts or a fabricated editable system role (11.33643ms)
✔ handover receipts retain unknown legacy metadata and strict reviewed source fields without exposing the internal state (9.026825ms)
✔ student forms persist nullable gender and an atomic unverified guardian without accepting actor or result state (21.78337ms)
✔ student read models distinguish denied and unknown values and exclude reusable parent tokens (34.998454ms)
✔ guardian projections exclude student private profiles and audit snapshots and require explicit denied panels (14.522437ms)
✔ student-create options are a minimal write-purpose class projection without roster or borrowed catalogs (8.304222ms)
✔ parent context metadata distinguishes year, link and session bounds without child private fields (0.390934ms)
✔ parent attendance month preserves real session/holiday counts and rejects private fields or invented calendar states (4.275147ms)
✔ parent teacher directory requires explicit nullable work metadata and minimal unique weekdays without raw staff identity (2.721009ms)
✔ parent duty schedule exposes only concrete published tasks with explicit status and year/date metadata (7.566651ms)
✔ parent weekly timetable requires explicit published status, timezone and nullable pinned metadata without raw source fields (5.812021ms)
✔ parent document directory requires real independent capabilities and minimal report fields without storage keys (5.632931ms)
✔ parent shared content keeps pinned nullable metadata and independent attachments without raw sources or recipients (21.504145ms)
✔ parent conduct display exposes published own history and explicit absent metadata without staff rules or cohort identity (10.531717ms)
✔ parent published overview requires explicit section absence, DAILY week facts and bounded purpose previews without private source fields (23.907633ms)
✔ announcement HTML retains paragraph/list formatting while dropping executable markup, URLs and tracking resources (5.379641ms)
✔ operation evidence validates metadata values and omits secret-like values and unknown fields (2.128019ms)
✔ parent month keeps actual sessions, mixed days and unmarked outside the attendance denominator (14.056697ms)
✔ parent month infers neither Sunday holidays nor missing-day presence and preserves actual published holiday names (0.605604ms)
✔ parent month clips only to real exclusive year bounds and rejects malformed/outside-year selection (0.672464ms)
✔ parent month rejects missing calendar days, shifted date sources, unknown statuses and foreign date rows (0.788061ms)
✔ grant action and class scope stay together (1.783786ms)
✔ subject grants never authorize management without explicit subject policy (0.17393ms)
✔ end dates are exclusive and assignment is mandatory for default teacher grants (0.162107ms)
✔ a custom class grant authorizes only its delegated action and class (0.149252ms)
✔ a delegated grant cannot outlive an expiring authority, including an unbounded target or future start (0.381225ms)
✔ decimal scoring preserves fractional sums, negative penalties, explicit base, clamps and threshold boundaries (3.923319ms)
✔ fixed deltas reject overrides and manual deltas require bounds (0.673697ms)
✔ parent weekly timetable uses real Monday/calendar bounds and clips partial academic weeks (2.327631ms)
✔ parent weekly timetable rejects a source exceeding the total bound before response serialization (1.70369ms)
✔ XLSX parser bounds sparse dimensions and rejects formulas before workbook allocation (93.081499ms)
ℹ tests 53
ℹ suites 0
ℹ pass 53
ℹ fail 0
ℹ cancelled 0
ℹ skipped 0
ℹ todo 0
ℹ duration_ms 646.680556
EXIT_CODE=0
