 Container edumanage_backend_test-postgres-1 Running
 Container edumanage_backend_test-postgres-1 Waiting
 Container edumanage_backend_test-postgres-1 Healthy
 Container edumanage_backend_test-runner-run-d58be7a27c94 Creating
 Container edumanage_backend_test-runner-run-d58be7a27c94 Created
✔ B5 all 264 supplied operations and explicit frontend workflow extensions have registered real handlers (378.039644ms)
✔ BE01 migration replay is a no-op, mismatch fails and metadata remains intact (59.407197ms)
✔ BE02 cross-school enrollment FK rejects write using the real runtime role (8.639814ms)
✔ BE03 no-tenant denies and SET LOCAL cannot leak across a reused connection (3.644406ms)
✔ BE04 bootstrap only exposes the authenticated user memberships without tenant (5.361574ms)
✔ BE05 HOMEROOM A plus SUBJECT B cannot authorize seating or guardians in B (586.356936ms)
✔ BE06 revoked membership is checked during an existing session and B stays independent (42.653943ms)
✔ B6 self context carries only own current duties and separates self-profile from school contacts (784.26162ms)
✔ BE08 CSRF, credential validation, cookie flags, session rotation and rate limiting (107.558691ms)
✔ BE10 concurrent profile patches serialize with a single version winner (53.352193ms)
✔ B6 password/session commands use actual cookies, reject bad passwords and revoke every session after change (322.067263ms)
{"checkpoint":"parent-without-context","queryMs":5.686,"planExecutionMs":0.015,"planRows":0}
✔ BE21 parent runtime role cannot select raw student rows (15.970735ms)
✔ B0 health ready checks actual migrations, database and private storage (24.241135ms)
✔ B2 class lists use SQL scope and cross-school details deny before serialization (190.216346ms)
✔ BE09 idempotent organization create/retry/concurrency performs one write (73.361845ms)
✔ B2 required idempotency, class capacity/reference validation and version conflicts (125.39523ms)
✔ B2 signed cursor rejects scope/filter modification and delivers distinct pages (2187.451391ms)
✔ B2 subject student projection omits family/internal notes and denies guardians (295.963882ms)
✔ B2 guardian create does not merge matching phone, relationships start unverified (110.940801ms)
✔ BE07 existing identity invitation requires its session and preserves password/other school (520.400785ms)
✔ B1 password reset token is encrypted, single-use and revokes all prior sessions (135.486336ms)
✔ B2 staff delegation stays within the ceiling, custom class scope and immediate revocation (793.1785ms)
✔ B2 transfers serialize capacity, handover removes the old teacher and rollover binds its preview (1070.640079ms)
✔ B2 scoped guardian creation cannot acquire an unrelated family through relationship IDs (362.738061ms)
✔ B2/B5 uploads remain private until worker processing, leases serialize and local mail erases encrypted secrets (26070.1804ms)
✔ B2 imports parse real CSV, bind stale previews, avoid name/phone merges and retain invalid rows safely (4168.663416ms)
✔ B2/B5 timetable import checks assignments and overlapping slots, creates only a draft and deduplicates retries (2407.390308ms)
✔ B2 imports update only verified codes, create class drafts and staff invitations with work profiles (6584.700889ms)
✔ B2 large import resumes after a lost chunk without duplicating applied rows and checks current school authority (4512.317085ms)
✔ B3 attendance starts unmarked, versions every source change and publishes immutable one-student projections (480.240294ms)
✔ B3 subject attendance requires its actual lesson and cannot borrow daily access from another class (440.332488ms)
✔ B3 a simultaneous attendance edit and publish has one winner and never publishes a mixed source version (172.42978ms)
✔ B3 rule sets require explicit points, immutable issuance and effective week application (387.829703ms)
✔ B3 conduct reviews preserve facts, lock READY projections and publish only the exact pinned source (810.457901ms)
✔ B3 conduct linked attendance detects stale sources and subject teachers see only their own lesson facts (876.979058ms)
✔ B3 approved adjustments retain old facts and atomically replace the current publication with a reviewed preview (560.674952ms)
✔ B3 a simultaneous conduct record and lock/publish has one source winner (250.562205ms)
✔ B3 attendance linkage deduplicates, excludes corrected drafts and leaves locked scores unchanged with explicit warnings (501.959176ms)
✔ B4 private parent links expose only published child projections, preserve staff cookies and bind the active tab context (857.059016ms)
✔ B4 section/download rights, reissue, relationship revocation and foreign UUIDs are checked on each new parent request (515.876597ms)
✔ B4 private documents stream only with both download rights, and teacher contact projections use shared work fields (642.514736ms)
✔ B4 expired links, suspended schools, CSRF and exchange throttles deny without creating a parent identity (455.038898ms)
✔ B1 delegated grants and invitation acceptance stay inside the current expiry ceiling; backdated assignments require a reason (290.722061ms)
✔ B2 shrinking class capacity checks planned future occupancy peaks, rather than only today (123.063146ms)
✔ B5 dated groups retain moves and same-day cancellations, require current class versions and end group-leader duties (538.569029ms)
✔ B5 position holders serialize and remain valid conduct sources; locked source history cannot be shortened (454.290315ms)
✔ B5 seating validates effective enrollment and unique seats, preserves dated revisions and denies subject-only reads (600.164463ms)
✔ B2/B5 a transfer closes dated groups/positions and retains cancelled future plans atomically (371.481351ms)
✔ B5 timetable materializes bounded future lessons, publishes child-only projections and preserves past/source history (692.737526ms)
✔ B5 timetable rejects teacher/room collisions and revoked assignments, skips holidays and revalidates source versions (936.003154ms)
✔ B5 duties publish only individual tasks, reject foreign enrollment and retain immutable publication/withdraw history (442.079129ms)
✔ B5 group duties expand the effective group at publication and retain the individual targets after later moves (621.13587ms)
✔ B5 activities count only explicit participants, preserve published states and require current source/review authority (883.324255ms)
✔ B5 approved activity results are explicit conduct sources and locked approved facts protect their source history (395.702317ms)
✔ B5 evidence stays private until review and publication; parent documents remain child-bound and filter file availability (2928.511039ms)
✔ B5 class announcements retain immutable publication across edits, bind one recipient and reject foreign class reads (1890.071177ms)
✔ B5 public school announcements sanitize content and keep draft/private replacements out of the public projection (1787.601904ms)
✔ B5 scheduled announcements wait for their due time, publish once through a worker and safely replay after an acknowledgement loss (1248.427046ms)
✔ B5 scheduled publication rechecks the creator grant and reports a failed queue without exposing a parent snapshot (1348.591435ms)
✔ B5 announcement attachments remain private to one child, obey link download rights and disappear when archived or withdrawn (1372.57727ms)
✔ B5 school settings persist with version guards, affect only new link expiry and suppress work contacts without changing old link permissions (987.13159ms)
✔ B5 disabling homeroom publication takes effect inside existing sessions and restores only after an explicit setting change (708.591496ms)
✔ B3 configured second approval rejects self approval in API and SQL, while a different scoped approver permits atomic adjustment (589.142475ms)
✔ B5 personal notifications paginate across actual memberships, deduplicate publication events and deny foreign recipients and cross-user cursors (1022.796102ms)
✔ B5 withdrawn announcements redact retained staff notifications instead of exposing a stale published target (3748.090784ms)
✔ B5 dashboards count real scoped rows, keep homeroom and subject tasks separate and immediately recheck revocation (6495.333982ms)
✔ B5 teacher schedule is own dated teaching and announcement feed reads only current publications across draft edits (2009.409949ms)
✔ B5 dashboard attendance counters and publication tasks follow persisted marks, publish/withdraw and current school policy (877.352529ms)
✔ B2 platform creates only metadata drafts, bootstraps admin roles/invitations and requires an active administrator for activation (1125.509883ms)
✔ B5 platform settings and operation records persist actual state, redact artifacts and reauthorize command replays (1209.970024ms)
✔ B1 platform admin invitations obey operator expiry ceilings and acceptance rolls back after authority expires (115.501911ms)
✔ B5 support tickets persist both sides, preserve queue states and exact timestamp pagination, and deny other schools (299.86456ms)
✔ B1 support requests require independent current school consent, retain immutable scope and bind tickets/classes/actions/time (241.452448ms)
✔ B1 explicitly selected support grants authorize only scoped metadata GETs, audit the actual operator and force read-only SQL (225.763403ms)
✔ B1 school-wide support metadata never exposes import rows/downloads and expires without fallback to operator privileges (3489.916552ms)
✔ B1 an operator who also has school-admin rights still cannot self-approve or combine selected support scope with ordinary rights (175.693841ms)
✔ B5 signed native keysets cross a nullable sort boundary without dropping or repeating persisted schools (2765.757876ms)
✔ B5 report SQL uses real scoped counts and immutable CSV export content while live attendance changes (715.960108ms)
✔ B5 published report exports pin revisions across replacement and withdrawal without exposing drafts (792.460328ms)
✔ B5 export XLSX/PDF are actual files with literal formula text, Vietnamese font and private download authorization (867.986538ms)
✔ B5 subject reports remain own lesson attendance and scoped activities without school/family/conduct/export access (550.608134ms)
✔ B5 export workers and all file paths reauthorize revocation, expiry and cancellation, and replay completed work safely (742.385189ms)
✔ B5 conduct/activity/progress/link reports use actual pinned scores, explicit participant denominators and anonymous link use (865.243778ms)
✔ B6 organization display fields persist with versions and tenant-safe references instead of being silently ignored (345.655509ms)
✔ B6 year wizard creates bounded terms, weeks, published holidays and independent draft rules atomically and idempotently (505.298081ms)
✔ B6 class form assigns homeroom atomically, denies foreign/backdated inputs, requires handover and preserves archived history (734.817238ms)
✔ B6 organization projections scope counts in SQL and a year-only grant cannot copy or publish rules (4150.920548ms)
✔ B6 purpose-bound form pickers use current write authority, exclude contacts/roles/counts and deny normal directory access (329.671582ms)
✔ B6 rollover preview uses exact end-year enrollment, minimal workflow authority and immediate revocation (486.392639ms)
✔ B6 platform school wizard creates its optional admin invitation atomically and redacts form metadata (2404.636477ms)
✔ B6 platform school form readers never lend admin or read authority to a create-only operator (169.93943ms)
✔ B6 school overview keeps current scoped totals, actual setup and publication metadata without lending school-wide reads (5875.411883ms)
✔ B6 support choices/counts are scoped SQL metadata, ticket message/status save atomically and an operator only relinquishes its own grant (837.91778ms)
✔ B6 platform audit filters exact actors and whole local date boundaries before pagination and denies school-only staff (366.991979ms)
✔ B6 school support metadata does not borrow consent authority, counts in SQL and rechecks permission before replay (965.969755ms)
✔ B6 school audit uses the school timezone and exact SQL filters with tenant-safe history options (229.280919ms)
✔ B6 operational probes use worker-only cycle evidence, actual backup records and purpose-bound aggregate authority (817.291549ms)
✔ B6 atomic school-role replacement retains expiry/class scopes, detects independent grants and rolls back all failures (397.737683ms)
✔ B6 school-role replacement prevents self edits, last-admin removal, ceiling/expiry breaches and unauthorized cached replay (343.636879ms)
✔ B6 ending a membership revokes all current/future grants and assignments without deleting history or other schools (497.068216ms)
✔ B6 native school invitations persist all roles/profile, replay once and accept multiple or zero grants atomically (313.219962ms)
✔ B6 zero-role invitation still rechecks current inviter membership and mail authority before acceptance (230.155837ms)
✔ B6 expired staff invitations cannot be revoked as pending or delivered, and preserve their history (162.404199ms)
✔ B6 staff directory combines authorized pending invitations in SQL, searches folded work data and counts before keysets (467.518819ms)
✔ B6 directory read does not lend invitation, role catalog, assignment or export authority and revocation invalidates opaque scope cursors (334.20974ms)
✔ B6 Vietnamese composite keysets preserve given/full-name order, case/diacritic ties and nullable departments in both directions (553.174282ms)
✔ B6 locked identities keep their directory lifecycle but have no effective grants, and active KPI does not fabricate access (191.720475ms)
✔ B6 member details return real coarse other-school counts and work contacts without opening another tenant (291.945724ms)
✔ B6 member aggregate checks current school authority, target membership and SQL role before returning any count (255.834912ms)
✔ B6 member effective permissions and assignment history follow native grant time, membership, identity and assignment dates (590.616549ms)
✔ B6 member role choices respect action-specific delegation expiry without borrowing a role catalog (297.586126ms)
✔ B6 member history filters member, assignment and grant events before counting/keysets, with independent audit authority (481.649193ms)
✔ B6 personal notifications traverse more than 100 real own memberships without truncating global totals or opaque pages (5737.053074ms)
✔ B6 assignment preview is read-only, uses school-local instants and preserves displayed source versions before saving (500.795291ms)
✖ B6 assignment preview compares exact subject scopes, rejects overlapping windows and rechecks expired delegation on repeated POST (666.303159ms)
✔ B6 assignment preview detects source member changes, rejects malformed/foreign proposals and advertises future/configured publication timing (369.883479ms)
✖ B6 assignment matrix returns actual nullable cells and minimal work names under independent assignment-read authority (353.609138ms)
✔ B6 assignment matrix keeps an unconfigured year explicit and archived display reference separate from authority (301.444907ms)
ℹ tests 118
ℹ suites 0
ℹ pass 116
ℹ fail 2
ℹ cancelled 0
ℹ skipped 0
ℹ todo 0
ℹ duration_ms 138790.210321

✖ failing tests:

test at tests/integration/foundation.test.mjs:2321:1
✖ B6 assignment preview compares exact subject scopes, rejects overlapping windows and rechecks expired delegation on repeated POST (666.303159ms)
  AssertionError [ERR_ASSERTION]: valid fixture login must succeed

  401 !== 200

      at login (file:///srv/api/tests/integration/foundation.test.mjs:48:10)
      at process.processTicksAndRejections (node:internal/process/task_queues:104:5)
      at async TestContext.<anonymous> (file:///srv/api/tests/integration/foundation.test.mjs:2328:37)
      at async Test.run (node:internal/test_runner/test:1409:7)
      at async Test.processPendingSubtests (node:internal/test_runner/test:974:7) {
    generatedMessage: false,
    code: 'ERR_ASSERTION',
    actual: 401,
    expected: 200,
    operator: 'strictEqual',
    diff: 'simple'
  }

test at tests/integration/foundation.test.mjs:2341:1
✖ B6 assignment matrix returns actual nullable cells and minimal work names under independent assignment-read authority (353.609138ms)
  AssertionError [ERR_ASSERTION]: valid fixture login must succeed

  401 !== 200

      at login (file:///srv/api/tests/integration/foundation.test.mjs:48:10)
      at process.processTicksAndRejections (node:internal/process/task_queues:104:5)
      at async TestContext.<anonymous> (file:///srv/api/tests/integration/foundation.test.mjs:2344:140)
      at async Test.run (node:internal/test_runner/test:1409:7)
      at async Test.processPendingSubtests (node:internal/test_runner/test:974:7) {
    generatedMessage: false,
    code: 'ERR_ASSERTION',
    actual: 401,
    expected: 200,
    operator: 'strictEqual',
    diff: 'simple'
  }
