 Container edumanage_backend_test-postgres-1 Running
 Container edumanage_backend_test-postgres-1 Waiting
 Container edumanage_backend_test-postgres-1 Healthy
 Container edumanage_backend_test-runner-run-a6d616ae8109 Creating
 Container edumanage_backend_test-runner-run-a6d616ae8109 Created
✔ B5 all 264 supplied operations and explicit frontend workflow extensions have registered real handlers (416.848418ms)
✔ BE01 migration replay is a no-op, mismatch fails and metadata remains intact (57.276893ms)
✔ BE02 cross-school enrollment FK rejects write using the real runtime role (9.065073ms)
✔ BE03 no-tenant denies and SET LOCAL cannot leak across a reused connection (3.769095ms)
✔ BE04 bootstrap only exposes the authenticated user memberships without tenant (5.270771ms)
✔ BE05 HOMEROOM A plus SUBJECT B cannot authorize seating or guardians in B (807.78427ms)
✔ BE06 revoked membership is checked during an existing session and B stays independent (92.444023ms)
✔ B6 self context carries only own current duties and separates self-profile from school contacts (1235.397562ms)
✔ BE08 CSRF, credential validation, cookie flags, session rotation and rate limiting (103.102147ms)
✔ BE10 concurrent profile patches serialize with a single version winner (53.888597ms)
✔ B6 password/session commands use actual cookies, reject bad passwords and revoke every session after change (316.810261ms)
{"checkpoint":"parent-without-context","queryMs":5.306,"planExecutionMs":0.044,"planRows":0}
✔ BE21 parent runtime role cannot select raw student rows (14.734155ms)
✔ B0 health ready checks actual migrations, database and private storage (23.484259ms)
✔ B2 class lists use SQL scope and cross-school details deny before serialization (170.765727ms)
✔ BE09 idempotent organization create/retry/concurrency performs one write (72.553213ms)
✔ B2 required idempotency, class capacity/reference validation and version conflicts (124.136242ms)
✔ B2 signed cursor rejects scope/filter modification and delivers distinct pages (2334.326422ms)
✔ B2 subject student projection omits family/internal notes and denies guardians (283.391994ms)
✔ B2 guardian create does not merge matching phone, relationships start unverified (109.463531ms)
✔ BE07 existing identity invitation requires its session and preserves password/other school (600.944035ms)
✔ B1 password reset token is encrypted, single-use and revokes all prior sessions (139.560544ms)
✔ B2 staff delegation stays within the ceiling, custom class scope and immediate revocation (721.237995ms)
✔ B2 transfers serialize capacity, handover removes the old teacher and rollover binds its preview (1140.993458ms)
✔ B2 scoped guardian creation cannot acquire an unrelated family through relationship IDs (347.366968ms)
✔ B2/B5 uploads remain private until worker processing, leases serialize and local mail erases encrypted secrets (32277.594686ms)
✔ B2 imports parse real CSV, bind stale previews, avoid name/phone merges and retain invalid rows safely (4130.655576ms)
✔ B2/B5 timetable import checks assignments and overlapping slots, creates only a draft and deduplicates retries (2514.937048ms)
✔ B2 imports update only verified codes, create class drafts and staff invitations with work profiles (6125.97732ms)
✔ B2 large import resumes after a lost chunk without duplicating applied rows and checks current school authority (4579.778383ms)
✔ B3 attendance starts unmarked, versions every source change and publishes immutable one-student projections (481.637438ms)
✔ B3 subject attendance requires its actual lesson and cannot borrow daily access from another class (378.01131ms)
✔ B3 a simultaneous attendance edit and publish has one winner and never publishes a mixed source version (170.758394ms)
✔ B3 rule sets require explicit points, immutable issuance and effective week application (393.051342ms)
✔ B3 conduct reviews preserve facts, lock READY projections and publish only the exact pinned source (883.604537ms)
✔ B3 conduct linked attendance detects stale sources and subject teachers see only their own lesson facts (820.149506ms)
✔ B3 approved adjustments retain old facts and atomically replace the current publication with a reviewed preview (569.47281ms)
✔ B3 a simultaneous conduct record and lock/publish has one source winner (246.241454ms)
✔ B3 attendance linkage deduplicates, excludes corrected drafts and leaves locked scores unchanged with explicit warnings (449.354005ms)
✔ B4 private parent links expose only published child projections, preserve staff cookies and bind the active tab context (875.157561ms)
✔ B4 section/download rights, reissue, relationship revocation and foreign UUIDs are checked on each new parent request (485.756718ms)
✔ B4 private documents stream only with both download rights, and teacher contact projections use shared work fields (626.628366ms)
✔ B4 expired links, suspended schools, CSRF and exchange throttles deny without creating a parent identity (510.209562ms)
✔ B1 delegated grants and invitation acceptance stay inside the current expiry ceiling; backdated assignments require a reason (565.758899ms)
✔ B2 shrinking class capacity checks planned future occupancy peaks, rather than only today (274.250132ms)
✔ B5 dated groups retain moves and same-day cancellations, require current class versions and end group-leader duties (528.511911ms)
✔ B5 position holders serialize and remain valid conduct sources; locked source history cannot be shortened (449.74069ms)
✔ B5 seating validates effective enrollment and unique seats, preserves dated revisions and denies subject-only reads (590.106144ms)
✔ B2/B5 a transfer closes dated groups/positions and retains cancelled future plans atomically (371.126021ms)
✔ B5 timetable materializes bounded future lessons, publishes child-only projections and preserves past/source history (720.419384ms)
✔ B5 timetable rejects teacher/room collisions and revoked assignments, skips holidays and revalidates source versions (1015.255127ms)
✔ B5 duties publish only individual tasks, reject foreign enrollment and retain immutable publication/withdraw history (467.656077ms)
✔ B5 group duties expand the effective group at publication and retain the individual targets after later moves (685.232647ms)
✔ B5 activities count only explicit participants, preserve published states and require current source/review authority (936.918834ms)
✔ B5 approved activity results are explicit conduct sources and locked approved facts protect their source history (389.904303ms)
✔ B5 evidence stays private until review and publication; parent documents remain child-bound and filter file availability (3253.816589ms)
✔ B5 class announcements retain immutable publication across edits, bind one recipient and reject foreign class reads (1969.168837ms)
✔ B5 public school announcements sanitize content and keep draft/private replacements out of the public projection (1819.75214ms)
✔ B5 scheduled announcements wait for their due time, publish once through a worker and safely replay after an acknowledgement loss (1297.212206ms)
✔ B5 scheduled publication rechecks the creator grant and reports a failed queue without exposing a parent snapshot (1335.237171ms)
✔ B5 announcement attachments remain private to one child, obey link download rights and disappear when archived or withdrawn (1274.167407ms)
✔ B5 school settings persist with version guards, affect only new link expiry and suppress work contacts without changing old link permissions (841.675597ms)
✔ B5 disabling homeroom publication takes effect inside existing sessions and restores only after an explicit setting change (701.218649ms)
✔ B3 configured second approval rejects self approval in API and SQL, while a different scoped approver permits atomic adjustment (544.316118ms)
✔ B5 personal notifications paginate across actual memberships, deduplicate publication events and deny foreign recipients and cross-user cursors (1017.174085ms)
✔ B5 withdrawn announcements redact retained staff notifications instead of exposing a stale published target (4865.365113ms)
✔ B5 dashboards count real scoped rows, keep homeroom and subject tasks separate and immediately recheck revocation (6587.898364ms)
✔ B5 teacher schedule is own dated teaching and announcement feed reads only current publications across draft edits (1763.961248ms)
✔ B5 dashboard attendance counters and publication tasks follow persisted marks, publish/withdraw and current school policy (1072.189207ms)
✔ B2 platform creates only metadata drafts, bootstraps admin roles/invitations and requires an active administrator for activation (1466.459865ms)
✔ B5 platform settings and operation records persist actual state, redact artifacts and reauthorize command replays (1387.463675ms)
✔ B1 platform admin invitations obey operator expiry ceilings and acceptance rolls back after authority expires (116.262234ms)
✔ B5 support tickets persist both sides, preserve queue states and exact timestamp pagination, and deny other schools (308.615079ms)
✔ B1 support requests require independent current school consent, retain immutable scope and bind tickets/classes/actions/time (261.066806ms)
✔ B1 explicitly selected support grants authorize only scoped metadata GETs, audit the actual operator and force read-only SQL (218.777197ms)
✔ B1 school-wide support metadata never exposes import rows/downloads and expires without fallback to operator privileges (3458.338697ms)
✔ B1 an operator who also has school-admin rights still cannot self-approve or combine selected support scope with ordinary rights (174.856456ms)
✔ B5 signed native keysets cross a nullable sort boundary without dropping or repeating persisted schools (3673.652527ms)
✔ B5 report SQL uses real scoped counts and immutable CSV export content while live attendance changes (736.693186ms)
✔ B5 published report exports pin revisions across replacement and withdrawal without exposing drafts (801.119642ms)
✔ B5 export XLSX/PDF are actual files with literal formula text, Vietnamese font and private download authorization (902.460716ms)
✔ B5 subject reports remain own lesson attendance and scoped activities without school/family/conduct/export access (685.818479ms)
✔ B5 export workers and all file paths reauthorize revocation, expiry and cancellation, and replay completed work safely (952.13282ms)
✔ B5 conduct/activity/progress/link reports use actual pinned scores, explicit participant denominators and anonymous link use (1891.378497ms)
✔ B6 organization display fields persist with versions and tenant-safe references instead of being silently ignored (1032.70325ms)
✔ B6 year wizard creates bounded terms, weeks, published holidays and independent draft rules atomically and idempotently (755.631703ms)
✔ B6 class form assigns homeroom atomically, denies foreign/backdated inputs, requires handover and preserves archived history (783.929192ms)
✔ B6 organization projections scope counts in SQL and a year-only grant cannot copy or publish rules (4521.82984ms)
✔ B6 purpose-bound form pickers use current write authority, exclude contacts/roles/counts and deny normal directory access (353.777085ms)
✔ B6 rollover preview uses exact end-year enrollment, minimal workflow authority and immediate revocation (491.699467ms)
✔ B6 platform school wizard creates its optional admin invitation atomically and redacts form metadata (2946.011957ms)
✔ B6 platform school form readers never lend admin or read authority to a create-only operator (188.841378ms)
✔ B6 school overview keeps current scoped totals, actual setup and publication metadata without lending school-wide reads (6057.237224ms)
✔ B6 support choices/counts are scoped SQL metadata, ticket message/status save atomically and an operator only relinquishes its own grant (299.42583ms)
✔ B6 platform audit filters exact actors and whole local date boundaries before pagination and denies school-only staff (110.489358ms)
✔ B6 school support metadata does not borrow consent authority, counts in SQL and rechecks permission before replay (443.448917ms)
✔ B6 school audit uses the school timezone and exact SQL filters with tenant-safe history options (233.505263ms)
✔ B6 operational probes use worker-only cycle evidence, actual backup records and purpose-bound aggregate authority (1000.423048ms)
✔ B6 atomic school-role replacement retains expiry/class scopes, detects independent grants and rolls back all failures (415.158291ms)
✔ B6 school-role replacement prevents self edits, last-admin removal, ceiling/expiry breaches and unauthorized cached replay (347.91912ms)
✔ B6 ending a membership revokes all current/future grants and assignments without deleting history or other schools (472.570769ms)
✔ B6 native school invitations persist all roles/profile, replay once and accept multiple or zero grants atomically (325.13169ms)
✔ B6 zero-role invitation still rechecks current inviter membership and mail authority before acceptance (181.373366ms)
✔ B6 expired staff invitations cannot be revoked as pending or delivered, and preserve their history (159.021682ms)
✔ B6 staff directory combines authorized pending invitations in SQL, searches folded work data and counts before keysets (485.039546ms)
✔ B6 directory read does not lend invitation, role catalog, assignment or export authority and revocation invalidates opaque scope cursors (379.904342ms)
✔ B6 Vietnamese composite keysets preserve given/full-name order, case/diacritic ties and nullable departments in both directions (528.672343ms)
✔ B6 locked identities keep their directory lifecycle but have no effective grants, and active KPI does not fabricate access (234.352637ms)
✔ B6 member details return real coarse other-school counts and work contacts without opening another tenant (295.608001ms)
✔ B6 member aggregate checks current school authority, target membership and SQL role before returning any count (263.524688ms)
✔ B6 member effective permissions and assignment history follow native grant time, membership, identity and assignment dates (606.692219ms)
✔ B6 member role choices respect action-specific delegation expiry without borrowing a role catalog (317.533222ms)
✔ B6 member history filters member, assignment and grant events before counting/keysets, with independent audit authority (492.06327ms)
✔ B6 personal notifications traverse more than 100 real own memberships without truncating global totals or opaque pages (11496.839869ms)
✔ B6 assignment preview is read-only, uses school-local instants and preserves displayed source versions before saving (812.091511ms)
✔ B6 assignment preview compares exact subject scopes, rejects overlapping windows and rechecks expired delegation on repeated POST (1251.933866ms)
✔ B6 assignment preview detects source member changes, rejects malformed/foreign proposals and advertises future/configured publication timing (768.207763ms)
✔ B6 assignment matrix returns actual nullable cells and minimal work names under independent assignment-read authority (831.606424ms)
✔ B6 assignment matrix keeps an unconfigured year explicit and archived display reference separate from authority (327.406199ms)
ℹ tests 118
ℹ suites 0
ℹ pass 118
ℹ fail 0
ℹ cancelled 0
ℹ skipped 0
ℹ todo 0
ℹ duration_ms 159046.340857
