 Container edumanage_backend_test-runner-run-a5695a960e3b Creating 
 Container edumanage_backend_test-runner-run-a5695a960e3b Created 
✔ native attendance commands require displayed null or existing source versions and exclude private or subject rights overrides (8.065438ms)
✔ staff preview context has a minimal context schema and independent school authority (6.910767ms)
✔ class workspace header has exact year routing and explicitly permits absent independent period metadata (15.329512ms)
✔ class workspace overview is exact-class staff read with nullable panels bounded previews and no private source objects (17.220176ms)
✔ native organization seating save requires the displayed revision and rejects actor or scope authority in its body (6.952373ms)
✔ one-pupil class attendance accepts valid empty public notes and excludes private source fields (4.691938ms)
✔ class roster purposes retain exact year scope and transfer requests accept only an optional displayed enrollment version (3.214437ms)
✔ native duty commands retain exact displayed source and publication versions without actor authority or silent group expansion (6.344012ms)
✔ all operation IDs are unique, including the explicit frontend workflow extensions (0.524862ms)
✔ atomic school roles require a displayed version and unique explicit role IDs without actor authority (6.316333ms)
✔ reviewed parent issuance requires every reviewed source version and rejects contact/token/actor fields (10.604018ms)
✔ parent staff metadata excludes bearer/private fields and history represents missing device/section explicitly (15.175266ms)
✔ school invite retains zero or multiple roles and the 1–30 day form without widening platform admin invitations (6.914898ms)
✔ login rejects spoofed role, school and unknown fields (1.865261ms)
✔ private user DTO rejects secrets and unknown properties (3.702101ms)
✔ platform first administrator supports server start time and rejects scope spoofing or excessive invitation lifetime (0.562195ms)
✔ school overview accepts explicit unavailable panels and rejects private directory fields (49.899775ms)
✔ directory represents invitations without fake memberships and keeps unavailable invitation KPI explicit (5.723758ms)
✔ member profile separates denied panels and exact native authority without exposing other school metadata (14.632386ms)
✔ invitation choices use invitation authority and never lend role metadata or contacts (2.35695ms)
✔ atomic guardian save requires displayed student and primary versions without verification or actor fields (8.497723ms)
✔ assignment preview is a CSRF-protected read-only POST and preserves explicit source versions without actor authority (2.239967ms)
✔ assignment matrix represents a real unconfigured year and empty cells without borrowing profiles, rosters or permissions (15.855877ms)
✔ role details retain exact native scopes and denied panels without exposing staff contacts or a fabricated editable system role (10.906247ms)
✔ handover receipts retain unknown legacy metadata and strict reviewed source fields without exposing the internal state (7.693808ms)
✔ student forms persist nullable gender and an atomic unverified guardian without accepting actor or result state (20.050745ms)
✔ student read models distinguish denied and unknown values and exclude reusable parent tokens (36.428012ms)
✔ guardian projections exclude student private profiles and audit snapshots and require explicit denied panels (22.530568ms)
✔ student-create options are a minimal write-purpose class projection without roster or borrowed catalogs (3.817934ms)
✔ parent context metadata distinguishes year, link and session bounds without child private fields (0.482912ms)
✔ parent attendance month preserves real session/holiday counts and rejects private fields or invented calendar states (4.07527ms)
✔ parent teacher directory requires explicit nullable work metadata and minimal unique weekdays without raw staff identity (2.607488ms)
✔ parent duty schedule exposes only concrete published tasks with explicit status and year/date metadata (6.341427ms)
✔ parent weekly timetable requires explicit published status, timezone and nullable pinned metadata without raw source fields (5.319506ms)
✔ parent document directory requires real independent capabilities and minimal report fields without storage keys (5.44203ms)
✔ parent shared content keeps pinned nullable metadata and independent attachments without raw sources or recipients (21.785722ms)
✔ parent conduct display exposes published own history and explicit absent metadata without staff rules or cohort identity (8.311176ms)
✔ parent published overview requires explicit section absence, DAILY week facts and bounded purpose previews without private source fields (22.936368ms)
✔ announcement HTML retains paragraph/list formatting while dropping executable markup, URLs and tracking resources (3.847486ms)
✔ operation evidence validates metadata values and omits secret-like values and unknown fields (1.817409ms)
✔ parent month keeps actual sessions, mixed days and unmarked outside the attendance denominator (12.954191ms)
✔ parent month infers neither Sunday holidays nor missing-day presence and preserves actual published holiday names (0.603623ms)
✔ parent month clips only to real exclusive year bounds and rejects malformed/outside-year selection (0.757586ms)
✔ parent month rejects missing calendar days, shifted date sources, unknown statuses and foreign date rows (0.870031ms)
✔ grant action and class scope stay together (1.180113ms)
✔ subject grants never authorize management without explicit subject policy (0.218968ms)
✔ end dates are exclusive and assignment is mandatory for default teacher grants (0.206644ms)
✔ a custom class grant authorizes only its delegated action and class (0.230681ms)
✔ a delegated grant cannot outlive an expiring authority, including an unbounded target or future start (0.249647ms)
✔ decimal scoring preserves fractional sums, negative penalties, explicit base, clamps and threshold boundaries (4.204447ms)
✔ fixed deltas reject overrides and manual deltas require bounds (0.535462ms)
✔ parent weekly timetable uses real Monday/calendar bounds and clips partial academic weeks (2.280554ms)
✔ parent weekly timetable rejects a source exceeding the total bound before response serialization (2.155425ms)
✔ XLSX parser bounds sparse dimensions and rejects formulas before workbook allocation (90.246712ms)
ℹ tests 54
ℹ suites 0
ℹ pass 54
ℹ fail 0
ℹ cancelled 0
ℹ skipped 0
ℹ todo 0
ℹ duration_ms 572.147035
EXIT_CODE=0
