 Container edumanage_backend_test-postgres-1 Running
 Container edumanage_backend_test-postgres-1 Waiting
 Container edumanage_backend_test-postgres-1 Healthy
 Container edumanage_backend_test-runner-run-953ae2d50650 Creating
 Container edumanage_backend_test-runner-run-953ae2d50650 Created
✔ B5 all 264 supplied operations and explicit frontend workflow extensions have registered real handlers (381.991241ms)
✔ BE01 migration replay is a no-op, mismatch fails and metadata remains intact (58.45556ms)
✔ BE02 cross-school enrollment FK rejects write using the real runtime role (8.618817ms)
✔ BE03 no-tenant denies and SET LOCAL cannot leak across a reused connection (3.638181ms)
✔ BE04 bootstrap only exposes the authenticated user memberships without tenant (5.299922ms)
✔ BE05 HOMEROOM A plus SUBJECT B cannot authorize seating or guardians in B (623.415808ms)
✔ BE06 revoked membership is checked during an existing session and B stays independent (51.878974ms)
✔ B6 self context carries only own current duties and separates self-profile from school contacts (917.65614ms)
✔ BE08 CSRF, credential validation, cookie flags, session rotation and rate limiting (101.65035ms)
✔ BE10 concurrent profile patches serialize with a single version winner (53.709871ms)
✔ B6 password/session commands use actual cookies, reject bad passwords and revoke every session after change (321.212252ms)
{"checkpoint":"parent-without-context","queryMs":5.84,"planExecutionMs":0.032,"planRows":0}
✔ BE21 parent runtime role cannot select raw student rows (15.824046ms)
✔ B0 health ready checks actual migrations, database and private storage (25.21988ms)
✔ B2 class lists use SQL scope and cross-school details deny before serialization (168.727567ms)
✔ BE09 idempotent organization create/retry/concurrency performs one write (73.123843ms)
✔ B2 required idempotency, class capacity/reference validation and version conflicts (127.64688ms)
✔ B2 signed cursor rejects scope/filter modification and delivers distinct pages (2245.923281ms)
✔ B2 subject student projection omits family/internal notes and denies guardians (276.641521ms)
✔ B2 guardian create does not merge matching phone, relationships start unverified (110.038618ms)
✔ BE07 existing identity invitation requires its session and preserves password/other school (541.673123ms)
✔ B1 password reset token is encrypted, single-use and revokes all prior sessions (402.390934ms)
✔ B2 staff delegation stays within the ceiling, custom class scope and immediate revocation (1269.401014ms)
✔ B2 transfers serialize capacity, handover removes the old teacher and rollover binds its preview (2735.123373ms)
✔ B2 scoped guardian creation cannot acquire an unrelated family through relationship IDs (725.85673ms)
✔ B2/B5 uploads remain private until worker processing, leases serialize and local mail erases encrypted secrets (31857.231812ms)
✔ B2 imports parse real CSV, bind stale previews, avoid name/phone merges and retain invalid rows safely (4113.058024ms)
✔ B2/B5 timetable import checks assignments and overlapping slots, creates only a draft and deduplicates retries (2631.63846ms)
✔ B2 imports update only verified codes, create class drafts and staff invitations with work profiles (6001.218565ms)
✔ B2 large import resumes after a lost chunk without duplicating applied rows and checks current school authority (4565.717174ms)
✔ B3 attendance starts unmarked, versions every source change and publishes immutable one-student projections (468.442365ms)
✔ B3 subject attendance requires its actual lesson and cannot borrow daily access from another class (398.203943ms)
✔ B3 a simultaneous attendance edit and publish has one winner and never publishes a mixed source version (187.797741ms)
✔ B3 rule sets require explicit points, immutable issuance and effective week application (361.620103ms)
✔ B3 conduct reviews preserve facts, lock READY projections and publish only the exact pinned source (798.006388ms)
✔ B3 conduct linked attendance detects stale sources and subject teachers see only their own lesson facts (816.741108ms)
✔ B3 approved adjustments retain old facts and atomically replace the current publication with a reviewed preview (535.291515ms)
✔ B3 a simultaneous conduct record and lock/publish has one source winner (246.530202ms)
✔ B3 attendance linkage deduplicates, excludes corrected drafts and leaves locked scores unchanged with explicit warnings (441.890702ms)
✔ B4 private parent links expose only published child projections, preserve staff cookies and bind the active tab context (868.187369ms)
✔ B4 section/download rights, reissue, relationship revocation and foreign UUIDs are checked on each new parent request (484.740346ms)
✔ B4 private documents stream only with both download rights, and teacher contact projections use shared work fields (617.703319ms)
✔ B4 expired links, suspended schools, CSRF and exchange throttles deny without creating a parent identity (460.172278ms)
✔ B1 delegated grants and invitation acceptance stay inside the current expiry ceiling; backdated assignments require a reason (281.248293ms)
✔ B2 shrinking class capacity checks planned future occupancy peaks, rather than only today (114.376512ms)
✔ B5 dated groups retain moves and same-day cancellations, require current class versions and end group-leader duties (516.112047ms)
✔ B5 position holders serialize and remain valid conduct sources; locked source history cannot be shortened (447.695358ms)
✔ B5 seating validates effective enrollment and unique seats, preserves dated revisions and denies subject-only reads (603.296027ms)
✔ B2/B5 a transfer closes dated groups/positions and retains cancelled future plans atomically (414.868843ms)
✔ B5 timetable materializes bounded future lessons, publishes child-only projections and preserves past/source history (790.954234ms)
✔ B5 timetable rejects teacher/room collisions and revoked assignments, skips holidays and revalidates source versions (980.518272ms)
✔ B5 duties publish only individual tasks, reject foreign enrollment and retain immutable publication/withdraw history (451.573757ms)
✔ B5 group duties expand the effective group at publication and retain the individual targets after later moves (615.561907ms)
✔ B5 activities count only explicit participants, preserve published states and require current source/review authority (883.057875ms)
✔ B5 approved activity results are explicit conduct sources and locked approved facts protect their source history (396.628768ms)
✔ B5 evidence stays private until review and publication; parent documents remain child-bound and filter file availability (2975.279371ms)
✔ B5 class announcements retain immutable publication across edits, bind one recipient and reject foreign class reads (1881.378314ms)
✔ B5 public school announcements sanitize content and keep draft/private replacements out of the public projection (1878.566692ms)
✔ B5 scheduled announcements wait for their due time, publish once through a worker and safely replay after an acknowledgement loss (1251.892089ms)
✔ B5 scheduled publication rechecks the creator grant and reports a failed queue without exposing a parent snapshot (1352.135537ms)
✔ B5 announcement attachments remain private to one child, obey link download rights and disappear when archived or withdrawn (1284.5328ms)
✔ B5 school settings persist with version guards, affect only new link expiry and suppress work contacts without changing old link permissions (861.452679ms)
✔ B5 disabling homeroom publication takes effect inside existing sessions and restores only after an explicit setting change (702.464145ms)
✔ B3 configured second approval rejects self approval in API and SQL, while a different scoped approver permits atomic adjustment (551.100467ms)
✔ B5 personal notifications paginate across actual memberships, deduplicate publication events and deny foreign recipients and cross-user cursors (1012.219013ms)
✔ B5 withdrawn announcements redact retained staff notifications instead of exposing a stale published target (4416.860615ms)
✔ B5 dashboards count real scoped rows, keep homeroom and subject tasks separate and immediately recheck revocation (6403.97459ms)
✔ B5 teacher schedule is own dated teaching and announcement feed reads only current publications across draft edits (2056.589262ms)
✔ B5 dashboard attendance counters and publication tasks follow persisted marks, publish/withdraw and current school policy (889.192105ms)
✔ B2 platform creates only metadata drafts, bootstraps admin roles/invitations and requires an active administrator for activation (1196.417324ms)
✔ B5 platform settings and operation records persist actual state, redact artifacts and reauthorize command replays (1580.538312ms)
✔ B1 platform admin invitations obey operator expiry ceilings and acceptance rolls back after authority expires (115.575988ms)
✔ B5 support tickets persist both sides, preserve queue states and exact timestamp pagination, and deny other schools (311.872814ms)
✔ B1 support requests require independent current school consent, retain immutable scope and bind tickets/classes/actions/time (251.007989ms)
✔ B1 explicitly selected support grants authorize only scoped metadata GETs, audit the actual operator and force read-only SQL (219.507733ms)
✔ B1 school-wide support metadata never exposes import rows/downloads and expires without fallback to operator privileges (3469.273624ms)
✔ B1 an operator who also has school-admin rights still cannot self-approve or combine selected support scope with ordinary rights (178.184034ms)
✔ B5 signed native keysets cross a nullable sort boundary without dropping or repeating persisted schools (3298.065806ms)
✔ B5 report SQL uses real scoped counts and immutable CSV export content while live attendance changes (727.515727ms)
✔ B5 published report exports pin revisions across replacement and withdrawal without exposing drafts (792.417844ms)
✔ B5 export XLSX/PDF are actual files with literal formula text, Vietnamese font and private download authorization (900.998951ms)
✔ B5 subject reports remain own lesson attendance and scoped activities without school/family/conduct/export access (592.064055ms)
✔ B5 export workers and all file paths reauthorize revocation, expiry and cancellation, and replay completed work safely (734.740417ms)
✔ B5 conduct/activity/progress/link reports use actual pinned scores, explicit participant denominators and anonymous link use (781.854715ms)
✔ B6 organization display fields persist with versions and tenant-safe references instead of being silently ignored (348.186644ms)
✔ B6 year wizard creates bounded terms, weeks, published holidays and independent draft rules atomically and idempotently (506.241313ms)
✔ B6 class form assigns homeroom atomically, denies foreign/backdated inputs, requires handover and preserves archived history (1000.373131ms)
✔ B6 organization projections scope counts in SQL and a year-only grant cannot copy or publish rules (4519.536997ms)
✔ B6 purpose-bound form pickers use current write authority, exclude contacts/roles/counts and deny normal directory access (335.333428ms)
✔ B6 rollover preview uses exact end-year enrollment, minimal workflow authority and immediate revocation (502.624775ms)
✔ B6 platform school wizard creates its optional admin invitation atomically and redacts form metadata (2616.728671ms)
✔ B6 platform school form readers never lend admin or read authority to a create-only operator (164.26213ms)
✔ B6 school overview keeps current scoped totals, actual setup and publication metadata without lending school-wide reads (5765.895554ms)
✔ B6 support choices/counts are scoped SQL metadata, ticket message/status save atomically and an operator only relinquishes its own grant (287.972133ms)
✔ B6 platform audit filters exact actors and whole local date boundaries before pagination and denies school-only staff (110.169923ms)
✔ B6 school support metadata does not borrow consent authority, counts in SQL and rechecks permission before replay (435.99422ms)
✔ B6 school audit uses the school timezone and exact SQL filters with tenant-safe history options (233.660637ms)
✔ B6 operational probes use worker-only cycle evidence, actual backup records and purpose-bound aggregate authority (890.365155ms)
✔ B6 atomic school-role replacement retains expiry/class scopes, detects independent grants and rolls back all failures (410.091753ms)
✔ B6 school-role replacement prevents self edits, last-admin removal, ceiling/expiry breaches and unauthorized cached replay (350.309259ms)
✔ B6 ending a membership revokes all current/future grants and assignments without deleting history or other schools (471.738638ms)
✔ B6 native school invitations persist all roles/profile, replay once and accept multiple or zero grants atomically (323.167575ms)
✔ B6 zero-role invitation still rechecks current inviter membership and mail authority before acceptance (178.881214ms)
✔ B6 expired staff invitations cannot be revoked as pending or delivered, and preserve their history (156.847973ms)
✔ B6 staff directory combines authorized pending invitations in SQL, searches folded work data and counts before keysets (479.479276ms)
✔ B6 directory read does not lend invitation, role catalog, assignment or export authority and revocation invalidates opaque scope cursors (338.895877ms)
✔ B6 Vietnamese composite keysets preserve given/full-name order, case/diacritic ties and nullable departments in both directions (525.387588ms)
✔ B6 locked identities keep their directory lifecycle but have no effective grants, and active KPI does not fabricate access (181.093586ms)
✔ B6 member details return real coarse other-school counts and work contacts without opening another tenant (300.092306ms)
✔ B6 member aggregate checks current school authority, target membership and SQL role before returning any count (257.114706ms)
✔ B6 member effective permissions and assignment history follow native grant time, membership, identity and assignment dates (597.680952ms)
✔ B6 member role choices respect action-specific delegation expiry without borrowing a role catalog (302.691975ms)
✔ B6 member history filters member, assignment and grant events before counting/keysets, with independent audit authority (517.417844ms)
✔ B6 personal notifications traverse more than 100 real own memberships without truncating global totals or opaque pages (6621.10689ms)
✔ B6 assignment preview is read-only, uses school-local instants and preserves displayed source versions before saving (497.169325ms)
✔ B6 assignment preview compares exact subject scopes, rejects overlapping windows and rechecks expired delegation on repeated POST (702.965121ms)
✔ B6 assignment preview detects source member changes, rejects malformed/foreign proposals and advertises future/configured publication timing (354.450757ms)
✖ B6 assignment matrix returns actual nullable cells and minimal work names under independent assignment-read authority (390.133334ms)
✔ B6 assignment matrix keeps an unconfigured year explicit and archived display reference separate from authority (278.120534ms)
ℹ tests 118
ℹ suites 0
ℹ pass 117
ℹ fail 1
ℹ cancelled 0
ℹ skipped 0
ℹ todo 0
ℹ duration_ms 149016.741158

✖ failing tests:

test at tests/integration/foundation.test.mjs:2341:1
✖ B6 assignment matrix returns actual nullable cells and minimal work names under independent assignment-read authority (390.133334ms)
  AssertionError [ERR_ASSERTION]: /years

  404 !== 403

      at TestContext.<anonymous> (file:///srv/api/tests/integration/foundation.test.mjs:2347:96)
      at process.processTicksAndRejections (node:internal/process/task_queues:104:5)
      at async Test.run (node:internal/test_runner/test:1409:7)
      at async Test.processPendingSubtests (node:internal/test_runner/test:974:7) {
    generatedMessage: false,
    code: 'ERR_ASSERTION',
    actual: 404,
    expected: 403,
    operator: 'strictEqual',
    diff: 'simple'
  }
