
 RUN  v3.2.7 D:/Edu

 ✓ tests/unit/api-session.test.ts (9 tests) 48ms
 ✓ tests/unit/api-rollover-adapter.test.ts (8 tests) 37ms
stdout | tests/unit/seed.test.ts > demo seed invariants > prints sizes
{
  students: 155,
  att: 3732,
  conduct: 265,
  lessons: 120,
  bytes: 1430325
}

 ✓ tests/unit/seed.test.ts (7 tests) 48ms
 ✓ tests/unit/api-parent-issue-adapter.test.ts (8 tests) 41ms
 ✓ tests/unit/api-guardians-adapter.test.ts (21 tests) 51ms
 ✓ tests/unit/api-parent-timetable-adapter.test.ts (6 tests) 59ms
 ✓ tests/unit/api-parent-attendance-adapter.test.ts (6 tests) 78ms
 ✓ tests/unit/api-parent-shared-adapter.test.ts (9 tests) 81ms
 ✓ tests/unit/api-parent-overview-adapter.test.ts (10 tests) 79ms
 ✓ tests/unit/api-parent-conduct-adapter.test.ts (9 tests) 108ms
 ✓ tests/unit/api-parent-intake-adapter.test.ts (14 tests) 105ms
 ✓ tests/unit/api-platform-adapter.test.ts (13 tests) 50ms
 ✓ tests/unit/api-announcement-workspace.test.ts (6 tests) 57ms
 ✓ tests/unit/api-assignment-adapter.test.ts (8 tests) 41ms
 ✓ tests/unit/api-auth-adapter.test.ts (7 tests) 42ms
 ✓ tests/unit/api-query-boundary.test.ts (5 tests) 40ms
 ✓ tests/unit/api-staff-activation.test.ts (8 tests) 50ms
 ✓ tests/unit/api-class-organization-adapter.test.ts (8 tests) 56ms
 ✓ tests/unit/api-class-duties-adapter.test.ts (6 tests) 57ms
 ✓ tests/unit/api-support-adapter.test.ts (13 tests) 78ms
 ✓ tests/unit/api-session-adapter.test.ts (2 tests) 34ms
 ✓ tests/unit/api-students-adapter.test.ts (19 tests) 98ms
 ✓ tests/unit/api-staff-adapter.test.ts (9 tests) 62ms
 ✓ tests/unit/api-role-adapter.test.ts (5 tests) 74ms
 ✓ tests/unit/api-attendance-workspace.test.ts (6 tests) 69ms
 ✓ tests/unit/api-parent-duties-adapter.test.ts (6 tests) 46ms
 ✓ tests/unit/api-parent-access-adapter.test.ts (8 tests) 79ms
 ✓ tests/unit/api-school-adapter.test.ts (23 tests) 91ms
 ✓ tests/unit/api-class-roster-adapter.test.ts (6 tests) 53ms
 ✓ tests/unit/api-staff-directory.test.ts (6 tests) 36ms
 ✓ tests/unit/api-client.test.ts (15 tests) 54ms
 ✓ tests/unit/api-handover-adapter.test.ts (8 tests) 70ms
 ✓ tests/unit/api-parent-documents-adapter.test.ts (8 tests) 41ms
 ✓ tests/unit/api-parent-preview-scope.test.ts (4 tests) 35ms
 ✓ tests/unit/api-lists-fragments.test.ts (10 tests) 60ms
 ✓ tests/unit/api-teacher-classes-adapter.test.ts (6 tests) 31ms
 ✓ tests/unit/api-parent-teachers-adapter.test.ts (6 tests) 28ms
 ✓ tests/unit/api-parent-session.test.ts (8 tests) 16ms
 ✓ tests/unit/api-class-student-attendance.test.ts (4 tests) 21ms
 ✓ tests/unit/api-class-overview-adapter.test.ts (6 tests) 24ms
 ✓ tests/unit/api-member-details.test.ts (5 tests) 23ms
 ✓ tests/unit/api-class-header-adapter.test.ts (7 tests) 28ms
 ✓ tests/unit/api-parent-context.test.ts (5 tests) 14ms
 ✓ tests/unit/api-parent-credential.test.ts (3 tests) 8ms
 ✓ tests/unit/api-scope-guard.test.ts (5 tests) 10ms
 ✓ tests/unit/api-school-read-capability.test.ts (1 test) 4ms
 ✓ tests/unit/permissions.test.ts (9 tests) 8ms
 ✓ tests/unit/api-context.test.ts (1 test) 7ms
 ✓ tests/unit/api-file-byte-ownership.test.ts (4 tests) 12ms
 ✓ tests/unit/api-native-facade.test.ts (3 tests) 3035ms
   ✓ connected root boundary > has no runtime route dependency on fixtures, IndexedDB, legacy repositories or demo sessions  3022ms
 ✓ tests/unit/flows.test.ts (25 tests) 8438ms
   ✓ F02 / Q13 — one teacher, two different duties > adapter refuses guardian edit for a 10A2 student even when called directly  340ms
   ✓ NV-03 / Q17 — revoking an assignment blocks the next read/write > revoked homeroom cannot lock or record morning attendance  583ms
   ✓ F03 / F04 / F05 — record → review → lock ≠ publish → adjust > parent sees 97 only after publish, then 102 after an approved + published adjustment  2016ms
   ✓ F07 / Q21 — attendance-linked conduct is never double counted > late in attendance creates one record; manual late is refused; re-save does not duplicate  466ms
   ✓ F07 / Q21 — attendance-linked conduct is never double counted > Q20 — unmarked is never counted as present and blocks publishing  361ms
   ✓ F12 / NV-14 / Q40 — network error and conflicts > simulated network error saves nothing and a retry succeeds once  456ms
   ✓ F12 / NV-14 / Q40 — network error and conflicts > stale version is rejected instead of overwriting  322ms
   ✓ F09 / Q36 — import with errors never duplicates or overwrites > previews row errors, commits valid rows, re-import skips  341ms
   ✓ F04 — school B policy: only school leaders publish > homeroom at B can lock but not publish; principal publishes  640ms
   ✓ SC07 / NV-13 — new school year rollover > creates a year, enrols chosen students into new classes, leaves the old year untouched  661ms
   ✓ F11 / Q35 — lesson change with effective date and conflict detection > detects a teacher already teaching another class; publishing is blocked; past dates refused  470ms

 Test Files  51 passed (51)
      Tests  414 passed (414)
   Start at  04:23:26
   Duration  10.46s (transform 5.02s, setup 3.07s, collect 15.75s, tests 13.81s, environment 13ms, prepare 6.94s)

EXIT_CODE=0
