✔ native attendance commands require displayed null or existing source versions and exclude private or subject rights overrides (8.5504ms)
✔ staff preview context has a minimal context schema and independent school authority (7.3692ms)
✔ class workspace header has exact year routing and explicitly permits absent independent period metadata (14.0744ms)
✔ class workspace overview is exact-class staff read with nullable panels bounded previews and no private source objects (14.4215ms)
✔ native organization seating save requires the displayed revision and rejects actor or scope authority in its body (3.7086ms)
✔ one-pupil class attendance accepts valid empty public notes and excludes private source fields (4.9442ms)
✔ class roster purposes retain exact year scope and transfer requests accept only an optional displayed enrollment version (2.1956ms)
✔ native duty commands retain exact displayed source and publication versions without actor authority or silent group expansion (5.5716ms)
✔ all operation IDs are unique, including the explicit frontend workflow extensions (0.4795ms)
✔ atomic school roles require a displayed version and unique explicit role IDs without actor authority (5.8369ms)
✔ reviewed parent issuance requires every reviewed source version and rejects contact/token/actor fields (6.7362ms)
✔ parent staff metadata excludes bearer/private fields and history represents missing device/section explicitly (11.355ms)
✔ school invite retains zero or multiple roles and the 1–30 day form without widening platform admin invitations (4.155ms)
✔ login rejects spoofed role, school and unknown fields (1.3844ms)
✔ private user DTO rejects secrets and unknown properties (3.0601ms)
✔ platform first administrator supports server start time and rejects scope spoofing or excessive invitation lifetime (0.1841ms)
✔ school overview accepts explicit unavailable panels and rejects private directory fields (18.8021ms)
✔ directory represents invitations without fake memberships and keeps unavailable invitation KPI explicit (6.5315ms)
✔ member profile separates denied panels and exact native authority without exposing other school metadata (19.3174ms)
✔ invitation choices use invitation authority and never lend role metadata or contacts (3.3063ms)
✔ atomic guardian save requires displayed student and primary versions without verification or actor fields (15.2041ms)
✔ assignment preview is a CSRF-protected read-only POST and preserves explicit source versions without actor authority (2.9561ms)
✔ assignment matrix represents a real unconfigured year and empty cells without borrowing profiles, rosters or permissions (20.5921ms)
✔ role details retain exact native scopes and denied panels without exposing staff contacts or a fabricated editable system role (17.4864ms)
✔ handover receipts retain unknown legacy metadata and strict reviewed source fields without exposing the internal state (16.9835ms)
✔ student forms persist nullable gender and an atomic unverified guardian without accepting actor or result state (38.7506ms)
✔ student read models distinguish denied and unknown values and exclude reusable parent tokens (64.5934ms)
✔ guardian projections exclude student private profiles and audit snapshots and require explicit denied panels (26.8823ms)
✔ student-create options are a minimal write-purpose class projection without roster or borrowed catalogs (4.2774ms)
✔ parent context metadata distinguishes year, link and session bounds without child private fields (0.4702ms)
✔ parent attendance month preserves real session/holiday counts and rejects private fields or invented calendar states (4.94ms)
✔ parent teacher directory requires explicit nullable work metadata and minimal unique weekdays without raw staff identity (3.2669ms)
✔ parent duty schedule exposes only concrete published tasks with explicit status and year/date metadata (6.8448ms)
✔ parent weekly timetable requires explicit published status, timezone and nullable pinned metadata without raw source fields (6.4858ms)
✔ parent document directory requires real independent capabilities and minimal report fields without storage keys (4.8122ms)
✔ parent shared content keeps pinned nullable metadata and independent attachments without raw sources or recipients (19.5784ms)
✔ parent conduct display exposes published own history and explicit absent metadata without staff rules or cohort identity (6.743ms)
✔ parent published overview requires explicit section absence, DAILY week facts and bounded purpose previews without private source fields (18.142ms)
✔ native announcement semantic blocks round trip Vietnamese plaintext and line breaks without HTML execution (7.7352ms)
✔ native legacy HTML projection sanitizes executable tags and preserves real headings and list text only (1.3588ms)
✔ announcement HTML retains paragraph/list formatting while dropping executable markup, URLs and tracking resources (6.4561ms)
✔ operation evidence validates metadata values and omits secret-like values and unknown fields (2.1012ms)
✔ parent month keeps actual sessions, mixed days and unmarked outside the attendance denominator (17.9737ms)
✔ parent month infers neither Sunday holidays nor missing-day presence and preserves actual published holiday names (0.5858ms)
✔ parent month clips only to real exclusive year bounds and rejects malformed/outside-year selection (0.6945ms)
✔ parent month rejects missing calendar days, shifted date sources, unknown statuses and foreign date rows (0.7588ms)
✔ grant action and class scope stay together (1.1685ms)
✔ subject grants never authorize management without explicit subject policy (0.1922ms)
✔ end dates are exclusive and assignment is mandatory for default teacher grants (0.1679ms)
✔ a custom class grant authorizes only its delegated action and class (0.2033ms)
✔ a delegated grant cannot outlive an expiring authority, including an unbounded target or future start (0.2352ms)
✔ decimal scoring preserves fractional sums, negative penalties, explicit base, clamps and threshold boundaries (4.4747ms)
✔ fixed deltas reject overrides and manual deltas require bounds (0.5176ms)
✔ parent weekly timetable uses real Monday/calendar bounds and clips partial academic weeks (4.1416ms)
✔ parent weekly timetable rejects a source exceeding the total bound before response serialization (1.63ms)
✔ XLSX parser bounds sparse dimensions and rejects formulas before workbook allocation (148.2884ms)
ℹ tests 56
ℹ suites 0
ℹ pass 56
ℹ fail 0
ℹ cancelled 0
ℹ skipped 0
ℹ todo 0
ℹ duration_ms 649.1273
EXIT_CODE=0
