 Image edumanage_backend_test-runner Building 
#1 [internal] load local bake definitions
#1 reading from stdin 539B done
#1 DONE 0.0s

#2 [internal] load build definition from Dockerfile
#2 transferring dockerfile: 931B done
#2 DONE 0.0s

#3 resolve image config for docker-image://docker.io/docker/dockerfile:1
#3 DONE 1.6s

#4 docker-image://docker.io/docker/dockerfile:1@sha256:4edf897a3ffa55b89f906fc8cc78afdb3f1834cc9c7083565e611a8a7d5fe99e
#4 CACHED

#5 [internal] load metadata for docker.io/library/node:24.21.0-bookworm-slim
#5 DONE 2.3s

#6 [internal] load .dockerignore
#6 transferring context: 85B done
#6 DONE 0.0s

#7 [build 1/7] FROM docker.io/library/node:24.21.0-bookworm-slim@sha256:0e0ff40c39bc087845bfb27465a0df4ea419520094bc35842ff83dd8cbe6f9b6
#7 DONE 0.0s

#8 [internal] load build context
#8 transferring context: 3.24MB 0.1s done
#8 DONE 0.1s

#9 [build 2/7] WORKDIR /srv/api
#9 CACHED

#10 [build 3/7] COPY package.json package-lock.json ./
#10 DONE 0.1s

#11 [build 4/7] RUN npm ci --no-audit --no-fund
#11 1.939 npm warn deprecated rimraf@2.7.1: Rimraf versions prior to v4 are no longer supported
#11 2.465 npm warn deprecated lodash.isequal@4.5.0: This package is deprecated. Use require('node:util').isDeepStrictEqual instead.
#11 2.631 npm warn deprecated inflight@1.0.6: This module is not supported, and leaks memory. Do not use it. Check out lru-cache if you want a good and tested way to coalesce async requests by a key value, which is much more comprehensive and powerful.
#11 2.771 npm warn deprecated glob@7.2.3: Old versions of glob are not supported, and contain widely publicized security vulnerabilities, which have been fixed in the current version. Please update. Support for old versions may be purchased (at exorbitant rates) by contacting i@izs.me
#11 2.972 npm warn deprecated fstream@1.0.12: This package is no longer supported.
#11 8.802 
#11 8.802 added 357 packages in 9s
#11 8.803 npm warn install-scripts 1 package has install scripts not yet covered by allowScripts:
#11 8.803 npm warn install-scripts   argon2@0.45.1 (install: cross-env ZERO_AR_DATE=1 node-gyp-build)
#11 8.803 npm warn install-scripts
#11 8.803 npm warn install-scripts Run `npm install-scripts ls` to review, or `npm install-scripts approve <pkg>` to allow.
#11 8.805 npm notice
#11 8.805 npm notice New major version of npm available! 11.19.0 -> 12.2.0
#11 8.805 npm notice Changelog: https://github.com/npm/cli/releases/tag/v12.2.0
#11 8.805 npm notice To update run: npm install -g npm@12.2.0
#11 8.805 npm notice
#11 DONE 9.2s

#12 [build 5/7] COPY tsconfig.json ./
#12 DONE 0.0s

#13 [build 6/7] COPY src ./src
#13 DONE 0.1s

#14 [build 7/7] RUN npm run build
#14 0.288 
#14 0.288 > edumanage-backend@0.1.0 build
#14 0.288 > tsc -p tsconfig.json
#14 0.288 
#14 DONE 4.8s

#15 [test 1/3] COPY tests ./tests
#15 DONE 0.1s

#16 [test 2/3] COPY migrations ./migrations
#16 DONE 0.1s

#17 [test 3/3] COPY assets ./assets
#17 DONE 0.1s

#18 exporting to image
#18 exporting layers
#18 exporting layers 2.5s done
#18 writing image sha256:27e49dd778c383e9ea0adc7f2fea305e8b1ef789b1428227a7dd65a6dfae9e0c done
#18 naming to docker.io/library/edumanage_backend_test-runner done
#18 DONE 2.5s

#19 resolving provenance for metadata file
#19 DONE 0.0s
 Image edumanage_backend_test-runner Built 
EXIT_CODE=0
