✔ native attendance commands require displayed null or existing source versions and exclude private or subject rights overrides (11.6588ms)
✔ staff preview context has a minimal context schema and independent school authority (11.7775ms)
✔ class workspace header has exact year routing and explicitly permits absent independent period metadata (23.3503ms)
✔ class workspace overview is exact-class staff read with nullable panels bounded previews and no private source objects (30.6518ms)
✔ native organization seating save requires the displayed revision and rejects actor or scope authority in its body (5.4678ms)
✔ one-pupil class attendance accepts valid empty public notes and excludes private source fields (14.2013ms)
✔ class roster purposes retain exact year scope and transfer requests accept only an optional displayed enrollment version (3.0994ms)
✔ native duty commands retain exact displayed source and publication versions without actor authority or silent group expansion (11.4734ms)
✔ all operation IDs are unique, including the explicit frontend workflow extensions (0.8234ms)
✔ atomic school roles require a displayed version and unique explicit role IDs without actor authority (20.5056ms)
✔ reviewed parent issuance requires every reviewed source version and rejects contact/token/actor fields (15.7006ms)
✔ parent staff metadata excludes bearer/private fields and history represents missing device/section explicitly (18.7715ms)
✔ school invite retains zero or multiple roles and the 1–30 day form without widening platform admin invitations (5.4782ms)
✔ login rejects spoofed role, school and unknown fields (2.9545ms)
✔ private user DTO rejects secrets and unknown properties (8.2695ms)
✔ platform first administrator supports server start time and rejects scope spoofing or excessive invitation lifetime (0.366ms)
✔ school overview accepts explicit unavailable panels and rejects private directory fields (32.8831ms)
✔ directory represents invitations without fake memberships and keeps unavailable invitation KPI explicit (16.6349ms)
✔ member profile separates denied panels and exact native authority without exposing other school metadata (31.648ms)
✔ invitation choices use invitation authority and never lend role metadata or contacts (3.4933ms)
✔ atomic guardian save requires displayed student and primary versions without verification or actor fields (20.2118ms)
✔ assignment preview is a CSRF-protected read-only POST and preserves explicit source versions without actor authority (3.6762ms)
✔ assignment matrix represents a real unconfigured year and empty cells without borrowing profiles, rosters or permissions (25.1589ms)
✔ role details retain exact native scopes and denied panels without exposing staff contacts or a fabricated editable system role (27.9743ms)
✔ handover receipts retain unknown legacy metadata and strict reviewed source fields without exposing the internal state (22.3607ms)
✔ student forms persist nullable gender and an atomic unverified guardian without accepting actor or result state (46.7581ms)
✔ student read models distinguish denied and unknown values and exclude reusable parent tokens (97.7292ms)
✔ guardian projections exclude student private profiles and audit snapshots and require explicit denied panels (40.6845ms)
✔ student-create options are a minimal write-purpose class projection without roster or borrowed catalogs (7.2928ms)
✔ parent context metadata distinguishes year, link and session bounds without child private fields (0.7107ms)
✔ parent attendance month preserves real session/holiday counts and rejects private fields or invented calendar states (9.5656ms)
✔ parent teacher directory requires explicit nullable work metadata and minimal unique weekdays without raw staff identity (5.5025ms)
✔ parent duty schedule exposes only concrete published tasks with explicit status and year/date metadata (12.7167ms)
✔ parent weekly timetable requires explicit published status, timezone and nullable pinned metadata without raw source fields (12.0935ms)
✔ parent document directory requires real independent capabilities and minimal report fields without storage keys (8.6688ms)
✔ parent shared content keeps pinned nullable metadata and independent attachments without raw sources or recipients (31.7716ms)
✔ parent conduct display exposes published own history and explicit absent metadata without staff rules or cohort identity (9.1759ms)
✔ parent published overview requires explicit section absence, DAILY week facts and bounded purpose previews without private source fields (31.8653ms)
✔ native announcement semantic blocks round trip Vietnamese plaintext and line breaks without HTML execution (8.9329ms)
✔ native legacy HTML projection sanitizes executable tags and preserves real headings and list text only (1.5959ms)
✔ announcement HTML retains paragraph/list formatting while dropping executable markup, URLs and tracking resources (5.9231ms)
✔ operation evidence validates metadata values and omits secret-like values and unknown fields (1.9828ms)
✔ parent month keeps actual sessions, mixed days and unmarked outside the attendance denominator (22.7162ms)
✔ parent month infers neither Sunday holidays nor missing-day presence and preserves actual published holiday names (0.5896ms)
✔ parent month clips only to real exclusive year bounds and rejects malformed/outside-year selection (0.5727ms)
✔ parent month rejects missing calendar days, shifted date sources, unknown statuses and foreign date rows (0.6967ms)
✔ grant action and class scope stay together (1.3136ms)
✔ subject grants never authorize management without explicit subject policy (0.2412ms)
✔ end dates are exclusive and assignment is mandatory for default teacher grants (0.1964ms)
✔ a custom class grant authorizes only its delegated action and class (0.2087ms)
✔ a delegated grant cannot outlive an expiring authority, including an unbounded target or future start (0.2488ms)
✔ decimal scoring preserves fractional sums, negative penalties, explicit base, clamps and threshold boundaries (4.653ms)
✔ fixed deltas reject overrides and manual deltas require bounds (1.1951ms)
✔ parent weekly timetable uses real Monday/calendar bounds and clips partial academic weeks (3.871ms)
✔ parent weekly timetable rejects a source exceeding the total bound before response serialization (1.8793ms)
✔ XLSX parser bounds sparse dimensions and rejects formulas before workbook allocation (239.267ms)
ℹ tests 56
ℹ suites 0
ℹ pass 56
ℹ fail 0
ℹ cancelled 0
ℹ skipped 0
ℹ todo 0
ℹ duration_ms 955.0668
EXIT_CODE=0
