 Container edumanage_backend_test-runner-run-3f1b8ad59e25 Creating 
 Container edumanage_backend_test-runner-run-3f1b8ad59e25 Created 
✔ native attendance commands require displayed null or existing source versions and exclude private or subject rights overrides (9.840396ms)
✔ staff preview context has a minimal context schema and independent school authority (7.591566ms)
✔ class workspace header has exact year routing and explicitly permits absent independent period metadata (16.006632ms)
✔ class workspace overview is exact-class staff read with nullable panels bounded previews and no private source objects (18.468856ms)
✔ native organization seating save requires the displayed revision and rejects actor or scope authority in its body (4.298411ms)
✔ one-pupil class attendance accepts valid empty public notes and excludes private source fields (5.29598ms)
✔ class roster purposes retain exact year scope and transfer requests accept only an optional displayed enrollment version (1.6817ms)
✔ native duty commands retain exact displayed source and publication versions without actor authority or silent group expansion (4.934515ms)
✔ all operation IDs are unique, including the explicit frontend workflow extensions (0.556915ms)
✔ atomic school roles require a displayed version and unique explicit role IDs without actor authority (5.104247ms)
✔ reviewed parent issuance requires every reviewed source version and rejects contact/token/actor fields (7.186062ms)
✔ parent staff metadata excludes bearer/private fields and history represents missing device/section explicitly (8.614029ms)
✔ school invite retains zero or multiple roles and the 1–30 day form without widening platform admin invitations (3.955897ms)
✔ login rejects spoofed role, school and unknown fields (1.101927ms)
✔ private user DTO rejects secrets and unknown properties (1.820237ms)
✔ platform first administrator supports server start time and rejects scope spoofing or excessive invitation lifetime (0.173549ms)
✔ school overview accepts explicit unavailable panels and rejects private directory fields (20.044859ms)
✔ directory represents invitations without fake memberships and keeps unavailable invitation KPI explicit (8.542859ms)
✔ member profile separates denied panels and exact native authority without exposing other school metadata (19.188288ms)
✔ invitation choices use invitation authority and never lend role metadata or contacts (2.786081ms)
✔ atomic guardian save requires displayed student and primary versions without verification or actor fields (8.714229ms)
✔ assignment preview is a CSRF-protected read-only POST and preserves explicit source versions without actor authority (2.283403ms)
✔ assignment matrix represents a real unconfigured year and empty cells without borrowing profiles, rosters or permissions (13.311599ms)
✔ role details retain exact native scopes and denied panels without exposing staff contacts or a fabricated editable system role (12.044966ms)
✔ handover receipts retain unknown legacy metadata and strict reviewed source fields without exposing the internal state (7.500087ms)
✔ student forms persist nullable gender and an atomic unverified guardian without accepting actor or result state (20.470328ms)
✔ student read models distinguish denied and unknown values and exclude reusable parent tokens (35.551274ms)
✔ guardian projections exclude student private profiles and audit snapshots and require explicit denied panels (21.811858ms)
✔ student-create options are a minimal write-purpose class projection without roster or borrowed catalogs (4.29927ms)
✔ parent context metadata distinguishes year, link and session bounds without child private fields (0.490429ms)
✔ parent attendance month preserves real session/holiday counts and rejects private fields or invented calendar states (4.907499ms)
✔ parent teacher directory requires explicit nullable work metadata and minimal unique weekdays without raw staff identity (2.883086ms)
✔ parent duty schedule exposes only concrete published tasks with explicit status and year/date metadata (7.070841ms)
✔ parent weekly timetable requires explicit published status, timezone and nullable pinned metadata without raw source fields (5.058759ms)
✔ parent document directory requires real independent capabilities and minimal report fields without storage keys (5.241286ms)
✔ parent shared content keeps pinned nullable metadata and independent attachments without raw sources or recipients (20.07097ms)
✔ parent conduct display exposes published own history and explicit absent metadata without staff rules or cohort identity (9.003297ms)
✔ parent published overview requires explicit section absence, DAILY week facts and bounded purpose previews without private source fields (26.177775ms)
✔ announcement HTML retains paragraph/list formatting while dropping executable markup, URLs and tracking resources (5.522539ms)
✔ operation evidence validates metadata values and omits secret-like values and unknown fields (1.431751ms)
✔ parent month keeps actual sessions, mixed days and unmarked outside the attendance denominator (8.786639ms)
✔ parent month infers neither Sunday holidays nor missing-day presence and preserves actual published holiday names (0.389697ms)
✔ parent month clips only to real exclusive year bounds and rejects malformed/outside-year selection (0.386562ms)
✔ parent month rejects missing calendar days, shifted date sources, unknown statuses and foreign date rows (0.532509ms)
✔ grant action and class scope stay together (0.916626ms)
✔ subject grants never authorize management without explicit subject policy (0.146959ms)
✔ end dates are exclusive and assignment is mandatory for default teacher grants (0.168449ms)
✔ a custom class grant authorizes only its delegated action and class (0.13209ms)
✔ a delegated grant cannot outlive an expiring authority, including an unbounded target or future start (0.165784ms)
✔ decimal scoring preserves fractional sums, negative penalties, explicit base, clamps and threshold boundaries (4.11366ms)
✔ fixed deltas reject overrides and manual deltas require bounds (0.534232ms)
✔ parent weekly timetable uses real Monday/calendar bounds and clips partial academic weeks (1.785822ms)
✔ parent weekly timetable rejects a source exceeding the total bound before response serialization (2.016389ms)
✔ XLSX parser bounds sparse dimensions and rejects formulas before workbook allocation (86.978812ms)
ℹ tests 54
ℹ suites 0
ℹ pass 54
ℹ fail 0
ℹ cancelled 0
ℹ skipped 0
ℹ todo 0
ℹ duration_ms 540.500677
EXIT_CODE=0
