✔ native announcement acknowledgements have an actual HTTP200 response schema and independent manage/publication permissions (5.126ms)
✔ native attendance commands require displayed null or existing source versions and exclude private or subject rights overrides (5.8752ms)
✔ staff preview context has a minimal context schema and independent school authority (5.5856ms)
✔ class workspace header has exact year routing and explicitly permits absent independent period metadata (10.5643ms)
✔ class workspace overview is exact-class staff read with nullable panels bounded previews and no private source objects (14.8539ms)
✔ native organization seating save requires the displayed revision and rejects actor or scope authority in its body (2.9889ms)
✔ one-pupil class attendance accepts valid empty public notes and excludes private source fields (3.6027ms)
✔ class roster purposes retain exact year scope and transfer requests accept only an optional displayed enrollment version (1.5692ms)
✔ native duty commands retain exact displayed source and publication versions without actor authority or silent group expansion (4.8954ms)
✔ all operation IDs are unique, including the explicit frontend workflow extensions (0.4528ms)
✔ atomic school roles require a displayed version and unique explicit role IDs without actor authority (4.9889ms)
✔ reviewed parent issuance requires every reviewed source version and rejects contact/token/actor fields (5.6625ms)
✔ parent staff metadata excludes bearer/private fields and history represents missing device/section explicitly (9.8833ms)
✔ school invite retains zero or multiple roles and the 1–30 day form without widening platform admin invitations (3.8533ms)
✔ login rejects spoofed role, school and unknown fields (1.0471ms)
✔ private user DTO rejects secrets and unknown properties (2.6636ms)
✔ platform first administrator supports server start time and rejects scope spoofing or excessive invitation lifetime (0.1671ms)
✔ school overview accepts explicit unavailable panels and rejects private directory fields (16.5408ms)
✔ directory represents invitations without fake memberships and keeps unavailable invitation KPI explicit (4.8751ms)
✔ member profile separates denied panels and exact native authority without exposing other school metadata (14.2302ms)
✔ invitation choices use invitation authority and never lend role metadata or contacts (1.8077ms)
✔ atomic guardian save requires displayed student and primary versions without verification or actor fields (8.4459ms)
✔ assignment preview is a CSRF-protected read-only POST and preserves explicit source versions without actor authority (1.6423ms)
✔ assignment matrix represents a real unconfigured year and empty cells without borrowing profiles, rosters or permissions (13.9178ms)
✔ role details retain exact native scopes and denied panels without exposing staff contacts or a fabricated editable system role (12.692ms)
✔ handover receipts retain unknown legacy metadata and strict reviewed source fields without exposing the internal state (7.1932ms)
✔ student forms persist nullable gender and an atomic unverified guardian without accepting actor or result state (21.3435ms)
✔ student read models distinguish denied and unknown values and exclude reusable parent tokens (26.1846ms)
✔ guardian projections exclude student private profiles and audit snapshots and require explicit denied panels (17.276ms)
✔ student-create options are a minimal write-purpose class projection without roster or borrowed catalogs (3.7906ms)
✔ parent context metadata distinguishes year, link and session bounds without child private fields (0.3524ms)
✔ parent attendance month preserves real session/holiday counts and rejects private fields or invented calendar states (4.3498ms)
✔ parent teacher directory requires explicit nullable work metadata and minimal unique weekdays without raw staff identity (2.5966ms)
✔ parent duty schedule exposes only concrete published tasks with explicit status and year/date metadata (6.602ms)
✔ parent weekly timetable requires explicit published status, timezone and nullable pinned metadata without raw source fields (5.5874ms)
✔ parent document directory requires real independent capabilities and minimal report fields without storage keys (5.6119ms)
✔ parent shared content keeps pinned nullable metadata and independent attachments without raw sources or recipients (17.9057ms)
✔ parent conduct display exposes published own history and explicit absent metadata without staff rules or cohort identity (5.7769ms)
✔ parent published overview requires explicit section absence, DAILY week facts and bounded purpose previews without private source fields (19.5438ms)
✔ native announcement semantic blocks round trip Vietnamese plaintext and line breaks without HTML execution (7.5762ms)
✔ native legacy HTML projection sanitizes executable tags and preserves real headings and list text only (1.1727ms)
✔ announcement HTML retains paragraph/list formatting while dropping executable markup, URLs and tracking resources (5.0062ms)
✔ operation evidence validates metadata values and omits secret-like values and unknown fields (1.2678ms)
✔ parent month keeps actual sessions, mixed days and unmarked outside the attendance denominator (19.4615ms)
✔ parent month infers neither Sunday holidays nor missing-day presence and preserves actual published holiday names (0.5873ms)
✔ parent month clips only to real exclusive year bounds and rejects malformed/outside-year selection (0.6339ms)
✔ parent month rejects missing calendar days, shifted date sources, unknown statuses and foreign date rows (0.6822ms)
✔ grant action and class scope stay together (0.7544ms)
✔ subject grants never authorize management without explicit subject policy (0.1372ms)
✔ end dates are exclusive and assignment is mandatory for default teacher grants (0.121ms)
✔ a custom class grant authorizes only its delegated action and class (0.1253ms)
✔ a delegated grant cannot outlive an expiring authority, including an unbounded target or future start (0.1604ms)
✔ decimal scoring preserves fractional sums, negative penalties, explicit base, clamps and threshold boundaries (2.8611ms)
✔ fixed deltas reject overrides and manual deltas require bounds (0.3289ms)
✔ parent weekly timetable uses real Monday/calendar bounds and clips partial academic weeks (3.2371ms)
✔ parent weekly timetable rejects a source exceeding the total bound before response serialization (1.7493ms)
✔ XLSX parser bounds sparse dimensions and rejects formulas before workbook allocation (85.0275ms)
ℹ tests 57
ℹ suites 0
ℹ pass 57
ℹ fail 0
ℹ cancelled 0
ℹ skipped 0
ℹ todo 0
ℹ duration_ms 502.1508
EXIT_CODE=0
