 Container edumanage_backend_test-postgres-1 Running 
 Container edumanage_backend_test-postgres-1 Waiting 
 Container edumanage_backend_test-postgres-1 Healthy 
 Container edumanage_backend_test-runner-run-4b1798258877 Creating 
 Container edumanage_backend_test-runner-run-4b1798258877 Created 
✔ B5 all 264 supplied operation IDs have registered real handlers (389.953923ms)
✔ BE01 migration replay is a no-op, mismatch fails and metadata remains intact (59.552653ms)
✔ BE02 cross-school enrollment FK rejects write using the real runtime role (11.229545ms)
✔ BE03 no-tenant denies and SET LOCAL cannot leak across a reused connection (4.287526ms)
✔ BE04 bootstrap only exposes the authenticated user memberships without tenant (4.409309ms)
✔ BE05 HOMEROOM A plus SUBJECT B cannot authorize seating or guardians in B (232.857815ms)
✔ BE06 revoked membership is checked during an existing session and B stays independent (44.653753ms)
✔ B6 self context carries only own current duties and separates self-profile from school contacts (131.5296ms)
✔ BE08 CSRF, credential validation, cookie flags, session rotation and rate limiting (98.765347ms)
✔ BE10 concurrent profile patches serialize with a single version winner (59.324055ms)
✔ B6 password/session commands use actual cookies, reject bad passwords and revoke every session after change (344.826094ms)
✔ BE21 parent runtime role cannot select raw student rows (3187.181788ms)
✔ B0 health ready checks actual migrations, database and private storage (20.235438ms)
✔ B2 class lists use SQL scope and cross-school details deny before serialization (180.317717ms)
✔ BE09 idempotent organization create/retry/concurrency performs one write (72.624666ms)
✔ B2 required idempotency, class capacity/reference validation and version conflicts (145.979971ms)
✔ B2 signed cursor rejects scope/filter modification and delivers distinct pages (101.137799ms)
✔ B2 subject student projection omits family/internal notes and denies guardians (264.407369ms)
✔ B2 guardian create does not merge matching phone, relationships start unverified (116.85488ms)
✔ BE07 existing identity invitation requires its session and preserves password/other school (287.285676ms)
✔ B1 password reset token is encrypted, single-use and revokes all prior sessions (141.499128ms)
✔ B2 staff delegation stays within the ceiling, custom class scope and immediate revocation (597.695998ms)
✔ B2 transfers serialize capacity, handover removes the old teacher and rollover binds its preview (1029.991552ms)
✔ B2 scoped guardian creation cannot acquire an unrelated family through relationship IDs (307.205136ms)
✔ B2/B5 uploads remain private until worker processing, leases serialize and local mail erases encrypted secrets (4562.968528ms)
✔ B2 imports parse real CSV, bind stale previews, avoid name/phone merges and retain invalid rows safely (2863.131391ms)
✔ B2/B5 timetable import checks assignments and overlapping slots, creates only a draft and deduplicates retries (1944.68788ms)
✔ B2 imports update only verified codes, create class drafts and staff invitations with work profiles (4234.825605ms)
✔ B2 large import resumes after a lost chunk without duplicating applied rows and checks current school authority (3659.324027ms)
✔ B3 attendance starts unmarked, versions every source change and publishes immutable one-student projections (494.320861ms)
✔ B3 subject attendance requires its actual lesson and cannot borrow daily access from another class (450.976813ms)
✔ B3 a simultaneous attendance edit and publish has one winner and never publishes a mixed source version (153.441843ms)
✔ B3 rule sets require explicit points, immutable issuance and effective week application (354.336462ms)
✔ B3 conduct reviews preserve facts, lock READY projections and publish only the exact pinned source (786.078592ms)
✔ B3 conduct linked attendance detects stale sources and subject teachers see only their own lesson facts (761.849225ms)
✔ B3 approved adjustments retain old facts and atomically replace the current publication with a reviewed preview (498.445267ms)
✔ B3 a simultaneous conduct record and lock/publish has one source winner (237.20341ms)
✔ B3 attendance linkage deduplicates, excludes corrected drafts and leaves locked scores unchanged with explicit warnings (460.69158ms)
✔ B4 private parent links expose only published child projections, preserve staff cookies and bind the active tab context (966.875984ms)
✔ B4 section/download rights, reissue, relationship revocation and foreign UUIDs are checked on each new parent request (493.334ms)
✔ B4 private documents stream only with both download rights, and teacher contact projections use shared work fields (609.920086ms)
✔ B4 expired links, suspended schools, CSRF and exchange throttles deny without creating a parent identity (479.711957ms)
✔ B1 delegated grants and invitation acceptance stay inside the current expiry ceiling; backdated assignments require a reason (249.451545ms)
✔ B2 shrinking class capacity checks planned future occupancy peaks, rather than only today (114.372264ms)
✔ B5 dated groups retain moves and same-day cancellations, require current class versions and end group-leader duties (478.394983ms)
✔ B5 position holders serialize and remain valid conduct sources; locked source history cannot be shortened (426.34814ms)
✔ B5 seating validates effective enrollment and unique seats, preserves dated revisions and denies subject-only reads (552.555051ms)
✔ B2/B5 a transfer closes dated groups/positions and retains cancelled future plans atomically (353.036035ms)
✔ B5 timetable materializes bounded future lessons, publishes child-only projections and preserves past/source history (689.263355ms)
✔ B5 timetable rejects teacher/room collisions and revoked assignments, skips holidays and revalidates source versions (953.115711ms)
✔ B5 duties publish only individual tasks, reject foreign enrollment and retain immutable publication/withdraw history (525.280139ms)
✔ B5 group duties expand the effective group at publication and retain the individual targets after later moves (687.204072ms)
✔ B5 activities count only explicit participants, preserve published states and require current source/review authority (938.453821ms)
✔ B5 approved activity results are explicit conduct sources and locked approved facts protect their source history (372.748997ms)
✔ B5 evidence stays private until review and publication; parent documents remain child-bound and filter file availability (1355.680494ms)
✔ B5 class announcements retain immutable publication across edits, bind one recipient and reject foreign class reads (1682.489237ms)
✔ B5 public school announcements sanitize content and keep draft/private replacements out of the public projection (1262.263053ms)
✔ B5 scheduled announcements wait for their due time, publish once through a worker and safely replay after an acknowledgement loss (1424.015806ms)
✔ B5 scheduled publication rechecks the creator grant and reports a failed queue without exposing a parent snapshot (1270.575728ms)
✔ B5 announcement attachments remain private to one child, obey link download rights and disappear when archived or withdrawn (1342.134717ms)
✔ B5 school settings persist with version guards, affect only new link expiry and suppress work contacts without changing old link permissions (901.981563ms)
✔ B5 disabling homeroom publication takes effect inside existing sessions and restores only after an explicit setting change (659.0737ms)
✔ B3 configured second approval rejects self approval in API and SQL, while a different scoped approver permits atomic adjustment (548.509101ms)
✔ B5 personal notifications paginate across actual memberships, deduplicate publication events and deny foreign recipients and cross-user cursors (1041.132045ms)
✔ B5 withdrawn announcements redact retained staff notifications instead of exposing a stale published target (849.361809ms)
✔ B5 dashboards count real scoped rows, keep homeroom and subject tasks separate and immediately recheck revocation (2140.411907ms)
✔ B5 teacher schedule is own dated teaching and announcement feed reads only current publications across draft edits (1675.559998ms)
✔ B5 dashboard attendance counters and publication tasks follow persisted marks, publish/withdraw and current school policy (1489.61785ms)
✔ B2 platform creates only metadata drafts, bootstraps admin roles/invitations and requires an active administrator for activation (1878.384999ms)
✔ B5 platform settings and operation records persist actual state, redact artifacts and reauthorize command replays (862.049647ms)
✔ B1 platform admin invitations obey operator expiry ceilings and acceptance rolls back after authority expires (394.762349ms)
✔ B5 support tickets persist both sides, preserve queue states and exact timestamp pagination, and deny other schools (1259.610762ms)
✔ B1 support requests require independent current school consent, retain immutable scope and bind tickets/classes/actions/time (809.573348ms)
✔ B1 explicitly selected support grants authorize only scoped metadata GETs, audit the actual operator and force read-only SQL (756.767276ms)
✔ B1 school-wide support metadata never exposes import rows/downloads and expires without fallback to operator privileges (3990.91904ms)
✔ B1 an operator who also has school-admin rights still cannot self-approve or combine selected support scope with ordinary rights (532.98479ms)
✔ B5 signed native keysets cross a nullable sort boundary without dropping or repeating persisted schools (473.166478ms)
✔ B5 report SQL uses real scoped counts and immutable CSV export content while live attendance changes (767.847476ms)
✔ B5 published report exports pin revisions across replacement and withdrawal without exposing drafts (712.328898ms)
✔ B5 export XLSX/PDF are actual files with literal formula text, Vietnamese font and private download authorization (804.048378ms)
✔ B5 subject reports remain own lesson attendance and scoped activities without school/family/conduct/export access (202.056335ms)
✔ B5 export workers and all file paths reauthorize revocation, expiry and cancellation, and replay completed work safely (673.481947ms)
✔ B5 conduct/activity/progress/link reports use actual pinned scores, explicit participant denominators and anonymous link use (710.153487ms)
ℹ tests 83
ℹ suites 0
ℹ pass 83
ℹ fail 0
ℹ cancelled 0
ℹ skipped 0
ℹ todo 0
ℹ duration_ms 71473.219053
