
 RUN  v3.2.7 D:/Edu

 ✓ tests/unit/api-auth-adapter.test.ts (7 tests) 32ms
 ✓ tests/unit/api-session.test.ts (9 tests) 46ms
 ✓ tests/unit/api-rollover-adapter.test.ts (8 tests) 35ms
 ✓ tests/unit/api-school-adapter.test.ts (23 tests) 44ms
 ✓ tests/unit/api-parent-access-adapter.test.ts (8 tests) 42ms
 ✓ tests/unit/api-parent-issue-adapter.test.ts (8 tests) 47ms
 ✓ tests/unit/api-parent-timetable-adapter.test.ts (6 tests) 72ms
 ✓ tests/unit/api-parent-shared-adapter.test.ts (9 tests) 81ms
 ✓ tests/unit/api-parent-attendance-adapter.test.ts (6 tests) 85ms
 ✓ tests/unit/api-parent-overview-adapter.test.ts (10 tests) 76ms
 ✓ tests/unit/api-parent-conduct-adapter.test.ts (9 tests) 108ms
 ✓ tests/unit/api-parent-intake-adapter.test.ts (14 tests) 119ms
 ✓ tests/unit/api-support-adapter.test.ts (13 tests) 74ms
 ✓ tests/unit/api-lists-fragments.test.ts (10 tests) 44ms
 ✓ tests/unit/api-assignment-adapter.test.ts (8 tests) 47ms
 ✓ tests/unit/api-platform-adapter.test.ts (13 tests) 53ms
 ✓ tests/unit/api-guardians-adapter.test.ts (21 tests) 61ms
stdout | tests/unit/seed.test.ts > demo seed invariants > prints sizes
{
  students: 155,
  att: 3732,
  conduct: 265,
  lessons: 120,
  bytes: 1430325
}

 ✓ tests/unit/seed.test.ts (7 tests) 65ms
 ✓ tests/unit/api-students-adapter.test.ts (19 tests) 63ms
 ✓ tests/unit/api-parent-duties-adapter.test.ts (6 tests) 40ms
 ✓ tests/unit/api-role-adapter.test.ts (5 tests) 52ms
 ✓ tests/unit/api-staff-adapter.test.ts (9 tests) 75ms
 ✓ tests/unit/api-handover-adapter.test.ts (8 tests) 82ms
 ✓ tests/unit/api-staff-activation.test.ts (8 tests) 49ms
 ✓ tests/unit/api-query-boundary.test.ts (5 tests) 43ms
 ✓ tests/unit/api-client.test.ts (15 tests) 82ms
 ✓ tests/unit/api-staff-directory.test.ts (6 tests) 46ms
 ✓ tests/unit/api-session-adapter.test.ts (2 tests) 41ms
 ✓ tests/unit/api-parent-preview-scope.test.ts (4 tests) 41ms
 ✓ tests/unit/api-parent-documents-adapter.test.ts (8 tests) 43ms
 ✓ tests/unit/api-teacher-classes-adapter.test.ts (6 tests) 27ms
 ✓ tests/unit/api-parent-teachers-adapter.test.ts (6 tests) 30ms
 ✓ tests/unit/api-member-details.test.ts (5 tests) 22ms
 ✓ tests/unit/api-class-header-adapter.test.ts (6 tests) 24ms
 ✓ tests/unit/api-class-overview-adapter.test.ts (6 tests) 23ms
 ✓ tests/unit/api-parent-session.test.ts (8 tests) 21ms
 ✓ tests/unit/api-parent-context.test.ts (5 tests) 12ms
 ✓ tests/unit/api-scope-guard.test.ts (5 tests) 9ms
 ✓ tests/unit/api-parent-credential.test.ts (3 tests) 8ms
 ✓ tests/unit/api-school-read-capability.test.ts (1 test) 3ms
 ✓ tests/unit/api-context.test.ts (1 test) 5ms
 ✓ tests/unit/permissions.test.ts (9 tests) 6ms
 ✓ tests/unit/api-native-facade.test.ts (3 tests) 3018ms
   ✓ connected root boundary > has no runtime route dependency on fixtures, IndexedDB, legacy repositories or demo sessions  3006ms
 ✓ tests/unit/flows.test.ts (25 tests) 8164ms
   ✓ NV-03 / Q17 — revoking an assignment blocks the next read/write > revoked homeroom cannot lock or record morning attendance  465ms
   ✓ F03 / F04 / F05 — record → review → lock ≠ publish → adjust > parent sees 97 only after publish, then 102 after an approved + published adjustment  1993ms
   ✓ F07 / Q21 — attendance-linked conduct is never double counted > late in attendance creates one record; manual late is refused; re-save does not duplicate  480ms
   ✓ F07 / Q21 — attendance-linked conduct is never double counted > Q20 — unmarked is never counted as present and blocks publishing  348ms
   ✓ F12 / NV-14 / Q40 — network error and conflicts > simulated network error saves nothing and a retry succeeds once  444ms
   ✓ F12 / NV-14 / Q40 — network error and conflicts > stale version is rejected instead of overwriting  322ms
   ✓ F09 / Q36 — import with errors never duplicates or overwrites > previews row errors, commits valid rows, re-import skips  342ms
   ✓ F04 — school B policy: only school leaders publish > homeroom at B can lock but not publish; principal publishes  619ms
   ✓ SC07 / NV-13 — new school year rollover > creates a year, enrols chosen students into new classes, leaves the old year untouched  685ms
   ✓ F11 / Q35 — lesson change with effective date and conflict detection > detects a teacher already teaching another class; publishing is blocked; past dates refused  467ms

 Test Files  44 passed (44)
      Tests  373 passed (373)
   Start at  20:53:19
   Duration  10.30s (transform 3.85s, setup 2.56s, collect 12.29s, tests 13.16s, environment 11ms, prepare 5.37s)

EXIT_CODE=0
