 Container edumanage_backend_test-runner-run-8151253ea350 Creating 
 Container edumanage_backend_test-runner-run-8151253ea350 Created 
✖ B6 class roster returns exact dated pupils organization and SQL search without contacts and masks historical family facts (891.769416ms)
✖ B6 class roster separates subject pupil reads family link and organization authority and rechecks current revocation (339.501793ms)
✖ B6 class roster transfer choices preserve dated displayed enrollment versions and submit one idempotent request without moving pupils (217.32192ms)
ℹ tests 3
ℹ suites 0
ℹ pass 0
ℹ fail 3
ℹ cancelled 0
ℹ skipped 0
ℹ todo 0
ℹ duration_ms 2407.611249

✖ failing tests:

test at tests/integration/foundation.test.mjs:1225:1
✖ B6 class roster returns exact dated pupils organization and SQL search without contacts and masks historical family facts (891.769416ms)
  AssertionError [ERR_ASSERTION]: {"type":"urn:edumanage:problem:response_contract_error","title":"RESPONSE_CONTRACT_ERROR","status":500,"code":"RESPONSE_CONTRACT_ERROR","requestId":"9471dd5c-ead5-4241-89c9-aa53ebbb7b07"}
  
  500 !== 200
  
      at read (file:///srv/api/tests/integration/foundation.test.mjs:1229:92)
      at process.processTicksAndRejections (node:internal/process/task_queues:104:5)
      at async TestContext.<anonymous> (file:///srv/api/tests/integration/foundation.test.mjs:1230:8)
      at async Test.run (node:internal/test_runner/test:1409:7)
      at async startSubtestAfterBootstrap (node:internal/test_runner/harness:387:3) {
    generatedMessage: false,
    code: 'ERR_ASSERTION',
    actual: 500,
    expected: 200,
    operator: 'strictEqual',
    diff: 'simple'
  }

test at tests/integration/foundation.test.mjs:1238:1
✖ B6 class roster separates subject pupil reads family link and organization authority and rechecks current revocation (339.501793ms)
  AssertionError [ERR_ASSERTION]: {"type":"urn:edumanage:problem:response_contract_error","title":"RESPONSE_CONTRACT_ERROR","status":500,"code":"RESPONSE_CONTRACT_ERROR","requestId":"9654ff10-0d1f-40ba-bc03-41145d4163a4"}
  
  500 !== 200
  
      at TestContext.<anonymous> (file:///srv/api/tests/integration/foundation.test.mjs:1241:63)
      at process.processTicksAndRejections (node:internal/process/task_queues:104:5)
      at async Test.run (node:internal/test_runner/test:1409:7)
      at async Test.processPendingSubtests (node:internal/test_runner/test:974:7) {
    generatedMessage: false,
    code: 'ERR_ASSERTION',
    actual: 500,
    expected: 200,
    operator: 'strictEqual',
    diff: 'simple'
  }

test at tests/integration/foundation.test.mjs:1246:1
✖ B6 class roster transfer choices preserve dated displayed enrollment versions and submit one idempotent request without moving pupils (217.32192ms)
  AssertionError [ERR_ASSERTION]: Expected values to be strictly equal:
  
  45 !== null
  
      at TestContext.<anonymous> (file:///srv/api/tests/integration/foundation.test.mjs:1249:204)
      at process.processTicksAndRejections (node:internal/process/task_queues:104:5)
      at async Test.run (node:internal/test_runner/test:1409:7)
      at async Test.processPendingSubtests (node:internal/test_runner/test:974:7) {
    generatedMessage: true,
    code: 'ERR_ASSERTION',
    actual: 45,
    expected: null,
    operator: 'strictEqual',
    diff: 'simple'
  }

EXIT_CODE=1
