 Container edumanage_backend_test-runner-run-4c171360cb35 Creating 
 Container edumanage_backend_test-runner-run-4c171360cb35 Created 
✔ staff preview context has a minimal context schema and independent school authority (8.203074ms)
✔ class workspace header has exact year routing and explicitly permits absent independent period metadata (20.614641ms)
✔ class workspace overview is exact-class staff read with nullable panels bounded previews and no private source objects (28.513009ms)
✔ native organization seating save requires the displayed revision and rejects actor or scope authority in its body (4.398171ms)
✔ native duty commands retain exact displayed source and publication versions without actor authority or silent group expansion (8.698162ms)
✔ all operation IDs are unique, including the explicit frontend workflow extensions (1.148214ms)
✔ atomic school roles require a displayed version and unique explicit role IDs without actor authority (5.143776ms)
✔ reviewed parent issuance requires every reviewed source version and rejects contact/token/actor fields (6.255014ms)
✔ parent staff metadata excludes bearer/private fields and history represents missing device/section explicitly (8.595828ms)
✔ school invite retains zero or multiple roles and the 1–30 day form without widening platform admin invitations (5.103182ms)
✔ login rejects spoofed role, school and unknown fields (1.17755ms)
✔ private user DTO rejects secrets and unknown properties (2.131022ms)
✔ platform first administrator supports server start time and rejects scope spoofing or excessive invitation lifetime (0.221743ms)
✔ school overview accepts explicit unavailable panels and rejects private directory fields (17.058877ms)
✔ directory represents invitations without fake memberships and keeps unavailable invitation KPI explicit (5.008588ms)
✔ member profile separates denied panels and exact native authority without exposing other school metadata (16.644307ms)
✔ invitation choices use invitation authority and never lend role metadata or contacts (1.995763ms)
✔ atomic guardian save requires displayed student and primary versions without verification or actor fields (9.3074ms)
✔ assignment preview is a CSRF-protected read-only POST and preserves explicit source versions without actor authority (2.383433ms)
✔ assignment matrix represents a real unconfigured year and empty cells without borrowing profiles, rosters or permissions (13.685135ms)
✔ role details retain exact native scopes and denied panels without exposing staff contacts or a fabricated editable system role (12.383595ms)
✔ handover receipts retain unknown legacy metadata and strict reviewed source fields without exposing the internal state (9.12375ms)
✔ student forms persist nullable gender and an atomic unverified guardian without accepting actor or result state (20.884785ms)
✔ student read models distinguish denied and unknown values and exclude reusable parent tokens (28.770903ms)
✔ guardian projections exclude student private profiles and audit snapshots and require explicit denied panels (21.678953ms)
✔ student-create options are a minimal write-purpose class projection without roster or borrowed catalogs (3.676873ms)
✔ parent context metadata distinguishes year, link and session bounds without child private fields (0.437666ms)
✔ parent attendance month preserves real session/holiday counts and rejects private fields or invented calendar states (4.476823ms)
✔ parent teacher directory requires explicit nullable work metadata and minimal unique weekdays without raw staff identity (2.493924ms)
✔ parent duty schedule exposes only concrete published tasks with explicit status and year/date metadata (10.20774ms)
✔ parent weekly timetable requires explicit published status, timezone and nullable pinned metadata without raw source fields (6.405997ms)
✔ parent document directory requires real independent capabilities and minimal report fields without storage keys (6.696543ms)
✔ parent shared content keeps pinned nullable metadata and independent attachments without raw sources or recipients (31.570118ms)
✔ parent conduct display exposes published own history and explicit absent metadata without staff rules or cohort identity (9.29127ms)
✔ parent published overview requires explicit section absence, DAILY week facts and bounded purpose previews without private source fields (18.607436ms)
✔ announcement HTML retains paragraph/list formatting while dropping executable markup, URLs and tracking resources (3.655674ms)
✔ operation evidence validates metadata values and omits secret-like values and unknown fields (1.400065ms)
✔ parent month keeps actual sessions, mixed days and unmarked outside the attendance denominator (9.095335ms)
✔ parent month infers neither Sunday holidays nor missing-day presence and preserves actual published holiday names (0.34574ms)
✔ parent month clips only to real exclusive year bounds and rejects malformed/outside-year selection (0.37674ms)
✔ parent month rejects missing calendar days, shifted date sources, unknown statuses and foreign date rows (0.518821ms)
✔ grant action and class scope stay together (0.875052ms)
✔ subject grants never authorize management without explicit subject policy (0.15736ms)
✔ end dates are exclusive and assignment is mandatory for default teacher grants (0.202718ms)
✔ a custom class grant authorizes only its delegated action and class (0.215081ms)
✔ a delegated grant cannot outlive an expiring authority, including an unbounded target or future start (0.218878ms)
✔ decimal scoring preserves fractional sums, negative penalties, explicit base, clamps and threshold boundaries (4.246744ms)
✔ fixed deltas reject overrides and manual deltas require bounds (0.503993ms)
✔ parent weekly timetable uses real Monday/calendar bounds and clips partial academic weeks (2.54412ms)
✔ parent weekly timetable rejects a source exceeding the total bound before response serialization (1.944427ms)
✔ XLSX parser bounds sparse dimensions and rejects formulas before workbook allocation (88.308051ms)
ℹ tests 51
ℹ suites 0
ℹ pass 51
ℹ fail 0
ℹ cancelled 0
ℹ skipped 0
ℹ todo 0
ℹ duration_ms 544.585833
EXIT_CODE=0
