 Container edumanage_backend_test-runner-run-fb16d7f832b5 Creating 
 Container edumanage_backend_test-runner-run-fb16d7f832b5 Created 
✔ staff preview context has a minimal context schema and independent school authority (23.347832ms)
✔ class workspace header has exact year routing and explicitly permits absent independent period metadata (41.279391ms)
✔ class workspace overview is exact-class staff read with nullable panels bounded previews and no private source objects (31.101482ms)
✔ native organization seating save requires the displayed revision and rejects actor or scope authority in its body (15.293996ms)
✔ all operation IDs are unique, including the explicit frontend workflow extensions (0.867168ms)
✔ atomic school roles require a displayed version and unique explicit role IDs without actor authority (15.530451ms)
✔ reviewed parent issuance requires every reviewed source version and rejects contact/token/actor fields (18.09093ms)
✔ parent staff metadata excludes bearer/private fields and history represents missing device/section explicitly (13.040878ms)
✔ school invite retains zero or multiple roles and the 1–30 day form without widening platform admin invitations (7.092992ms)
✔ login rejects spoofed role, school and unknown fields (2.201677ms)
✔ private user DTO rejects secrets and unknown properties (3.518323ms)
✔ platform first administrator supports server start time and rejects scope spoofing or excessive invitation lifetime (0.373675ms)
✔ school overview accepts explicit unavailable panels and rejects private directory fields (20.740109ms)
✔ directory represents invitations without fake memberships and keeps unavailable invitation KPI explicit (7.362838ms)
✔ member profile separates denied panels and exact native authority without exposing other school metadata (17.081988ms)
✔ invitation choices use invitation authority and never lend role metadata or contacts (2.47053ms)
✔ atomic guardian save requires displayed student and primary versions without verification or actor fields (8.932898ms)
✔ assignment preview is a CSRF-protected read-only POST and preserves explicit source versions without actor authority (1.904319ms)
✔ assignment matrix represents a real unconfigured year and empty cells without borrowing profiles, rosters or permissions (18.842922ms)
✔ role details retain exact native scopes and denied panels without exposing staff contacts or a fabricated editable system role (12.661854ms)
✔ handover receipts retain unknown legacy metadata and strict reviewed source fields without exposing the internal state (10.037868ms)
✔ student forms persist nullable gender and an atomic unverified guardian without accepting actor or result state (38.345933ms)
✔ student read models distinguish denied and unknown values and exclude reusable parent tokens (38.587472ms)
✔ guardian projections exclude student private profiles and audit snapshots and require explicit denied panels (18.243378ms)
✔ student-create options are a minimal write-purpose class projection without roster or borrowed catalogs (5.05526ms)
✔ parent context metadata distinguishes year, link and session bounds without child private fields (0.534591ms)
✔ parent attendance month preserves real session/holiday counts and rejects private fields or invented calendar states (6.576006ms)
✔ parent teacher directory requires explicit nullable work metadata and minimal unique weekdays without raw staff identity (4.97858ms)
✔ parent duty schedule exposes only concrete published tasks with explicit status and year/date metadata (9.855553ms)
✔ parent weekly timetable requires explicit published status, timezone and nullable pinned metadata without raw source fields (5.274788ms)
✔ parent document directory requires real independent capabilities and minimal report fields without storage keys (4.932285ms)
✔ parent shared content keeps pinned nullable metadata and independent attachments without raw sources or recipients (20.533083ms)
✔ parent conduct display exposes published own history and explicit absent metadata without staff rules or cohort identity (7.799182ms)
✔ parent published overview requires explicit section absence, DAILY week facts and bounded purpose previews without private source fields (21.959879ms)
✔ announcement HTML retains paragraph/list formatting while dropping executable markup, URLs and tracking resources (6.18658ms)
✔ operation evidence validates metadata values and omits secret-like values and unknown fields (2.629989ms)
✔ parent month keeps actual sessions, mixed days and unmarked outside the attendance denominator (13.256278ms)
✔ parent month infers neither Sunday holidays nor missing-day presence and preserves actual published holiday names (0.589115ms)
✔ parent month clips only to real exclusive year bounds and rejects malformed/outside-year selection (0.555772ms)
✔ parent month rejects missing calendar days, shifted date sources, unknown statuses and foreign date rows (0.707658ms)
✔ grant action and class scope stay together (1.332061ms)
✔ subject grants never authorize management without explicit subject policy (0.219279ms)
✔ end dates are exclusive and assignment is mandatory for default teacher grants (0.224329ms)
✔ a custom class grant authorizes only its delegated action and class (0.175024ms)
✔ a delegated grant cannot outlive an expiring authority, including an unbounded target or future start (0.280957ms)
✔ decimal scoring preserves fractional sums, negative penalties, explicit base, clamps and threshold boundaries (3.370461ms)
✔ fixed deltas reject overrides and manual deltas require bounds (0.337915ms)
✔ parent weekly timetable uses real Monday/calendar bounds and clips partial academic weeks (3.120872ms)
✔ parent weekly timetable rejects a source exceeding the total bound before response serialization (2.859334ms)
✔ XLSX parser bounds sparse dimensions and rejects formulas before workbook allocation (107.524492ms)
ℹ tests 50
ℹ suites 0
ℹ pass 50
ℹ fail 0
ℹ cancelled 0
ℹ skipped 0
ℹ todo 0
ℹ duration_ms 680.976262
EXIT_CODE=0
