 Container edumanage_backend_test-runner-run-2ef0c8a5aba5 Creating 
 Container edumanage_backend_test-runner-run-2ef0c8a5aba5 Created 
✔ staff preview context has a minimal context schema and independent school authority (15.517752ms)
✔ class workspace header has exact year routing and explicitly permits absent independent period metadata (22.676849ms)
✔ class workspace overview is exact-class staff read with nullable panels bounded previews and no private source objects (18.379841ms)
✔ native organization seating save requires the displayed revision and rejects actor or scope authority in its body (3.848746ms)
✔ class roster purposes retain exact year scope and transfer requests accept only an optional displayed enrollment version (2.592952ms)
✔ native duty commands retain exact displayed source and publication versions without actor authority or silent group expansion (9.396039ms)
✔ all operation IDs are unique, including the explicit frontend workflow extensions (0.472187ms)
✔ atomic school roles require a displayed version and unique explicit role IDs without actor authority (5.239176ms)
✔ reviewed parent issuance requires every reviewed source version and rejects contact/token/actor fields (6.219266ms)
✔ parent staff metadata excludes bearer/private fields and history represents missing device/section explicitly (8.181681ms)
✔ school invite retains zero or multiple roles and the 1–30 day form without widening platform admin invitations (3.89814ms)
✔ login rejects spoofed role, school and unknown fields (0.972226ms)
✔ private user DTO rejects secrets and unknown properties (2.295729ms)
✔ platform first administrator supports server start time and rejects scope spoofing or excessive invitation lifetime (0.244203ms)
✔ school overview accepts explicit unavailable panels and rejects private directory fields (17.902415ms)
✔ directory represents invitations without fake memberships and keeps unavailable invitation KPI explicit (5.216132ms)
✔ member profile separates denied panels and exact native authority without exposing other school metadata (16.000776ms)
✔ invitation choices use invitation authority and never lend role metadata or contacts (1.957586ms)
✔ atomic guardian save requires displayed student and primary versions without verification or actor fields (9.703791ms)
✔ assignment preview is a CSRF-protected read-only POST and preserves explicit source versions without actor authority (2.034412ms)
✔ assignment matrix represents a real unconfigured year and empty cells without borrowing profiles, rosters or permissions (18.571182ms)
✔ role details retain exact native scopes and denied panels without exposing staff contacts or a fabricated editable system role (16.366303ms)
✔ handover receipts retain unknown legacy metadata and strict reviewed source fields without exposing the internal state (11.573077ms)
✔ student forms persist nullable gender and an atomic unverified guardian without accepting actor or result state (22.934948ms)
✔ student read models distinguish denied and unknown values and exclude reusable parent tokens (32.219616ms)
✔ guardian projections exclude student private profiles and audit snapshots and require explicit denied panels (13.607176ms)
✔ student-create options are a minimal write-purpose class projection without roster or borrowed catalogs (6.251428ms)
✔ parent context metadata distinguishes year, link and session bounds without child private fields (1.01154ms)
✔ parent attendance month preserves real session/holiday counts and rejects private fields or invented calendar states (9.217498ms)
✔ parent teacher directory requires explicit nullable work metadata and minimal unique weekdays without raw staff identity (3.372783ms)
✔ parent duty schedule exposes only concrete published tasks with explicit status and year/date metadata (6.503917ms)
✔ parent weekly timetable requires explicit published status, timezone and nullable pinned metadata without raw source fields (5.049225ms)
✔ parent document directory requires real independent capabilities and minimal report fields without storage keys (5.371869ms)
✔ parent shared content keeps pinned nullable metadata and independent attachments without raw sources or recipients (19.365663ms)
✔ parent conduct display exposes published own history and explicit absent metadata without staff rules or cohort identity (6.701221ms)
✔ parent published overview requires explicit section absence, DAILY week facts and bounded purpose previews without private source fields (27.277799ms)
✔ announcement HTML retains paragraph/list formatting while dropping executable markup, URLs and tracking resources (4.397588ms)
✔ operation evidence validates metadata values and omits secret-like values and unknown fields (2.251825ms)
✔ parent month keeps actual sessions, mixed days and unmarked outside the attendance denominator (10.581496ms)
✔ parent month infers neither Sunday holidays nor missing-day presence and preserves actual published holiday names (0.373438ms)
✔ parent month clips only to real exclusive year bounds and rejects malformed/outside-year selection (0.469821ms)
✔ parent month rejects missing calendar days, shifted date sources, unknown statuses and foreign date rows (0.493146ms)
✔ grant action and class scope stay together (0.842981ms)
✔ subject grants never authorize management without explicit subject policy (0.165935ms)
✔ end dates are exclusive and assignment is mandatory for default teacher grants (0.166065ms)
✔ a custom class grant authorizes only its delegated action and class (0.165845ms)
✔ a delegated grant cannot outlive an expiring authority, including an unbounded target or future start (0.212603ms)
✔ decimal scoring preserves fractional sums, negative penalties, explicit base, clamps and threshold boundaries (4.218519ms)
✔ fixed deltas reject overrides and manual deltas require bounds (0.467267ms)
✔ parent weekly timetable uses real Monday/calendar bounds and clips partial academic weeks (2.767744ms)
✔ parent weekly timetable rejects a source exceeding the total bound before response serialization (2.24932ms)
✔ XLSX parser bounds sparse dimensions and rejects formulas before workbook allocation (96.263484ms)
ℹ tests 52
ℹ suites 0
ℹ pass 52
ℹ fail 0
ℹ cancelled 0
ℹ skipped 0
ℹ todo 0
ℹ duration_ms 586.055543
EXIT_CODE=0
