✔ native rule schema accepts absent actual metadata and no previous revision without bypassing JSON response validation (50.2096ms)
✔ native rule commands require a displayed source and preserve independent manage issue apply rights with exact success statuses (25.0356ms)
✔ public workspaces expose exact published projections and no staff or parent authentication (54.7753ms)
✔ existing synchronous auth invitation position message and publication handlers have actual success schemas (1.8159ms)
✔ native duty and attendance acknowledgements declare their actual HTTP200 without changing explicit HTTP201 creation (0.46ms)
✔ teacher announcement reads require a displayed published source and actual HTTP200 receipts (18.6056ms)
✔ native announcement acknowledgements have an actual HTTP200 response schema and independent manage/publication permissions (4.1789ms)
✔ native attendance commands require displayed null or existing source versions and exclude private or subject rights overrides (7.1761ms)
✔ staff preview context has a minimal context schema and independent school authority (18.8462ms)
✔ class workspace header has exact year routing and explicitly permits absent independent period metadata (25.0151ms)
✔ class workspace overview is exact-class staff read with nullable panels bounded previews and no private source objects (43.5179ms)
✔ native organization seating save requires the displayed revision and rejects actor or scope authority in its body (16.7923ms)
✔ one-pupil class attendance accepts valid empty public notes and excludes private source fields (14.7471ms)
✔ class roster purposes retain exact year scope and transfer requests accept only an optional displayed enrollment version (3.6015ms)
✔ native duty commands retain exact displayed source and publication versions without actor authority or silent group expansion (10.1046ms)
✔ all operation IDs are unique, including the explicit frontend workflow extensions (0.5417ms)
✔ atomic school roles require a displayed version and unique explicit role IDs without actor authority (9.0473ms)
✔ reviewed parent issuance requires every reviewed source version and rejects contact/token/actor fields (14.4773ms)
✔ parent staff metadata excludes bearer/private fields and history represents missing device/section explicitly (15.5351ms)
✔ school invite retains zero or multiple roles and the 1–30 day form without widening platform admin invitations (6.8246ms)
✔ login rejects spoofed role, school and unknown fields (1.5279ms)
✔ private user DTO rejects secrets and unknown properties (5.3537ms)
✔ platform first administrator supports server start time and rejects scope spoofing or excessive invitation lifetime (0.3027ms)
✔ school overview accepts explicit unavailable panels and rejects private directory fields (65.9738ms)
✔ directory represents invitations without fake memberships and keeps unavailable invitation KPI explicit (11.1738ms)
✔ member profile separates denied panels and exact native authority without exposing other school metadata (30.8821ms)
✔ invitation choices use invitation authority and never lend role metadata or contacts (3.564ms)
✔ atomic guardian save requires displayed student and primary versions without verification or actor fields (31.2622ms)
✔ assignment preview is a CSRF-protected read-only POST and preserves explicit source versions without actor authority (3.219ms)
✔ assignment matrix represents a real unconfigured year and empty cells without borrowing profiles, rosters or permissions (29.5322ms)
✔ role details retain exact native scopes and denied panels without exposing staff contacts or a fabricated editable system role (27.9365ms)
✔ handover receipts retain unknown legacy metadata and strict reviewed source fields without exposing the internal state (15.8626ms)
✔ student forms persist nullable gender and an atomic unverified guardian without accepting actor or result state (42.1717ms)
✔ student read models distinguish denied and unknown values and exclude reusable parent tokens (50.0497ms)
✔ guardian projections exclude student private profiles and audit snapshots and require explicit denied panels (36.1209ms)
✔ student-create options are a minimal write-purpose class projection without roster or borrowed catalogs (5.73ms)
✔ parent context metadata distinguishes year, link and session bounds without child private fields (0.6105ms)
✔ parent attendance month preserves real session/holiday counts and rejects private fields or invented calendar states (8.4681ms)
✔ parent teacher directory requires explicit nullable work metadata and minimal unique weekdays without raw staff identity (4.6017ms)
✔ parent duty schedule exposes only concrete published tasks with explicit status and year/date metadata (11.7154ms)
✔ parent weekly timetable requires explicit published status, timezone and nullable pinned metadata without raw source fields (5.6753ms)
✔ parent document directory requires real independent capabilities and minimal report fields without storage keys (6.9643ms)
✔ parent shared content keeps pinned nullable metadata and independent attachments without raw sources or recipients (29.0879ms)
✔ parent conduct display exposes published own history and explicit absent metadata without staff rules or cohort identity (9.2029ms)
✔ parent published overview requires explicit section absence, DAILY week facts and bounded purpose previews without private source fields (27.6528ms)
✔ native announcement semantic blocks round trip Vietnamese plaintext and line breaks without HTML execution (7.7073ms)
✔ native legacy HTML projection sanitizes executable tags and preserves real headings and list text only (6.1707ms)
✔ announcement HTML retains paragraph/list formatting while dropping executable markup, URLs and tracking resources (6.5859ms)
✔ JSON acknowledgements validate their actual status and never send undeclared or private payloads (23.146ms)
✔ operation evidence validates metadata values and omits secret-like values and unknown fields (2.3152ms)
✔ parent month keeps actual sessions, mixed days and unmarked outside the attendance denominator (22.9954ms)
✔ parent month infers neither Sunday holidays nor missing-day presence and preserves actual published holiday names (0.5582ms)
✔ parent month clips only to real exclusive year bounds and rejects malformed/outside-year selection (0.7609ms)
✔ parent month rejects missing calendar days, shifted date sources, unknown statuses and foreign date rows (0.8265ms)
✔ grant action and class scope stay together (1.4269ms)
✔ subject grants never authorize management without explicit subject policy (0.4036ms)
✔ end dates are exclusive and assignment is mandatory for default teacher grants (0.1912ms)
✔ a custom class grant authorizes only its delegated action and class (0.2842ms)
✔ a delegated grant cannot outlive an expiring authority, including an unbounded target or future start (0.2629ms)
✔ decimal scoring preserves fractional sums, negative penalties, explicit base, clamps and threshold boundaries (20.6685ms)
✔ fixed deltas reject overrides and manual deltas require bounds (0.7452ms)
✔ parent weekly timetable uses real Monday/calendar bounds and clips partial academic weeks (3.2506ms)
✔ parent weekly timetable rejects a source exceeding the total bound before response serialization (2.2085ms)
✔ XLSX parser bounds sparse dimensions and rejects formulas before workbook allocation (166.289ms)
ℹ tests 64
ℹ suites 0
ℹ pass 64
ℹ fail 0
ℹ cancelled 0
ℹ skipped 0
ℹ todo 0
ℹ duration_ms 1086.8946
EXIT_CODE=0
