 Container edumanage_backend_test-postgres-1 Running 
 Container edumanage_backend_test-postgres-1 Waiting 
 Container edumanage_backend_test-postgres-1 Healthy 
 Container edumanage_backend_test-runner-run-e52ba6d7c9a8 Creating 
 Container edumanage_backend_test-runner-run-e52ba6d7c9a8 Created 
✔ B5 all 264 supplied operation IDs have registered real handlers (571.566782ms)
✔ BE01 migration replay is a no-op, mismatch fails and metadata remains intact (71.263873ms)
✔ BE02 cross-school enrollment FK rejects write using the real runtime role (11.769496ms)
✔ BE03 no-tenant denies and SET LOCAL cannot leak across a reused connection (4.660264ms)
✔ BE04 bootstrap only exposes the authenticated user memberships without tenant (4.140304ms)
✔ BE05 HOMEROOM A plus SUBJECT B cannot authorize seating or guardians in B (283.917507ms)
✔ BE06 revoked membership is checked during an existing session and B stays independent (248.0795ms)
✔ B6 self context carries only own current duties and separates self-profile from school contacts (484.616625ms)
✔ BE08 CSRF, credential validation, cookie flags, session rotation and rate limiting (567.912529ms)
✔ BE10 concurrent profile patches serialize with a single version winner (306.421744ms)
✔ BE21 parent runtime role cannot select raw student rows (2498.077636ms)
✔ B0 health ready checks actual migrations, database and private storage (19.265637ms)
✔ B2 class lists use SQL scope and cross-school details deny before serialization (400.437304ms)
✔ BE09 idempotent organization create/retry/concurrency performs one write (434.449487ms)
✔ B2 required idempotency, class capacity/reference validation and version conflicts (609.050214ms)
✔ B2 signed cursor rejects scope/filter modification and delivers distinct pages (532.189902ms)
✔ B2 subject student projection omits family/internal notes and denies guardians (778.175318ms)
✔ B2 guardian create does not merge matching phone, relationships start unverified (850.266767ms)
✔ BE07 existing identity invitation requires its session and preserves password/other school (973.876695ms)
✔ B1 password reset token is encrypted, single-use and revokes all prior sessions (265.192286ms)
✔ B2 staff delegation stays within the ceiling, custom class scope and immediate revocation (1063.893593ms)
✔ B2 transfers serialize capacity, handover removes the old teacher and rollover binds its preview (1762.079665ms)
✔ B2 scoped guardian creation cannot acquire an unrelated family through relationship IDs (269.536196ms)
✔ B2/B5 uploads remain private until worker processing, leases serialize and local mail erases encrypted secrets (3512.828051ms)
✔ B2 imports parse real CSV, bind stale previews, avoid name/phone merges and retain invalid rows safely (2682.77184ms)
✔ B2/B5 timetable import checks assignments and overlapping slots, creates only a draft and deduplicates retries (1770.169735ms)
✔ B2 imports update only verified codes, create class drafts and staff invitations with work profiles (4063.060325ms)
✔ B2 large import resumes after a lost chunk without duplicating applied rows and checks current school authority (3337.844138ms)
✔ B3 attendance starts unmarked, versions every source change and publishes immutable one-student projections (488.985602ms)
✔ B3 subject attendance requires its actual lesson and cannot borrow daily access from another class (324.885183ms)
✔ B3 a simultaneous attendance edit and publish has one winner and never publishes a mixed source version (152.526012ms)
✔ B3 rule sets require explicit points, immutable issuance and effective week application (398.099839ms)
✔ B3 conduct reviews preserve facts, lock READY projections and publish only the exact pinned source (694.379328ms)
✔ B3 conduct linked attendance detects stale sources and subject teachers see only their own lesson facts (704.722446ms)
✔ B3 approved adjustments retain old facts and atomically replace the current publication with a reviewed preview (475.019338ms)
✔ B3 a simultaneous conduct record and lock/publish has one source winner (234.357739ms)
✔ B3 attendance linkage deduplicates, excludes corrected drafts and leaves locked scores unchanged with explicit warnings (422.77352ms)
✔ B4 private parent links expose only published child projections, preserve staff cookies and bind the active tab context (851.216481ms)
✔ B4 section/download rights, reissue, relationship revocation and foreign UUIDs are checked on each new parent request (456.182277ms)
✔ B4 private documents stream only with both download rights, and teacher contact projections use shared work fields (618.454992ms)
✔ B4 expired links, suspended schools, CSRF and exchange throttles deny without creating a parent identity (442.686806ms)
✔ B1 delegated grants and invitation acceptance stay inside the current expiry ceiling; backdated assignments require a reason (238.73612ms)
✔ B2 shrinking class capacity checks planned future occupancy peaks, rather than only today (106.009381ms)
✔ B5 dated groups retain moves and same-day cancellations, require current class versions and end group-leader duties (468.057651ms)
✔ B5 position holders serialize and remain valid conduct sources; locked source history cannot be shortened (415.771327ms)
✔ B5 seating validates effective enrollment and unique seats, preserves dated revisions and denies subject-only reads (512.495997ms)
✔ B2/B5 a transfer closes dated groups/positions and retains cancelled future plans atomically (349.839949ms)
✔ B5 timetable materializes bounded future lessons, publishes child-only projections and preserves past/source history (839.141529ms)
✔ B5 timetable rejects teacher/room collisions and revoked assignments, skips holidays and revalidates source versions (2174.670627ms)
✔ B5 duties publish only individual tasks, reject foreign enrollment and retain immutable publication/withdraw history (1646.518656ms)
✔ B5 group duties expand the effective group at publication and retain the individual targets after later moves (1399.988039ms)
✔ B5 activities count only explicit participants, preserve published states and require current source/review authority (905.827943ms)
✔ B5 approved activity results are explicit conduct sources and locked approved facts protect their source history (452.302277ms)
✔ B5 evidence stays private until review and publication; parent documents remain child-bound and filter file availability (1234.944952ms)
✔ B5 class announcements retain immutable publication across edits, bind one recipient and reject foreign class reads (1625.756607ms)
✔ B5 public school announcements sanitize content and keep draft/private replacements out of the public projection (1205.062849ms)
✔ B5 scheduled announcements wait for their due time, publish once through a worker and safely replay after an acknowledgement loss (1167.808311ms)
✔ B5 scheduled publication rechecks the creator grant and reports a failed queue without exposing a parent snapshot (1322.567319ms)
✔ B5 announcement attachments remain private to one child, obey link download rights and disappear when archived or withdrawn (1220.502714ms)
✔ B5 school settings persist with version guards, affect only new link expiry and suppress work contacts without changing old link permissions (809.092027ms)
✔ B5 disabling homeroom publication takes effect inside existing sessions and restores only after an explicit setting change (625.133735ms)
✔ B3 configured second approval rejects self approval in API and SQL, while a different scoped approver permits atomic adjustment (603.472467ms)
✔ B5 personal notifications paginate across actual memberships, deduplicate publication events and deny foreign recipients and cross-user cursors (2538.075869ms)
✔ B5 withdrawn announcements redact retained staff notifications instead of exposing a stale published target (1381.273526ms)
✔ B5 dashboards count real scoped rows, keep homeroom and subject tasks separate and immediately recheck revocation (3887.308188ms)
✔ B5 teacher schedule is own dated teaching and announcement feed reads only current publications across draft edits (1420.518006ms)
✔ B5 dashboard attendance counters and publication tasks follow persisted marks, publish/withdraw and current school policy (808.980658ms)
✔ B2 platform creates only metadata drafts, bootstraps admin roles/invitations and requires an active administrator for activation (643.196759ms)
✔ B5 platform settings and operation records persist actual state, redact artifacts and reauthorize command replays (227.459433ms)
✔ B1 platform admin invitations obey operator expiry ceilings and acceptance rolls back after authority expires (133.246346ms)
✔ B5 support tickets persist both sides, preserve queue states and exact timestamp pagination, and deny other schools (324.016512ms)
✔ B1 support requests require independent current school consent, retain immutable scope and bind tickets/classes/actions/time (263.909426ms)
✔ B1 explicitly selected support grants authorize only scoped metadata GETs, audit the actual operator and force read-only SQL (242.267465ms)
✔ B1 school-wide support metadata never exposes import rows/downloads and expires without fallback to operator privileges (3446.01189ms)
✔ B1 an operator who also has school-admin rights still cannot self-approve or combine selected support scope with ordinary rights (195.588088ms)
✔ B5 signed native keysets cross a nullable sort boundary without dropping or repeating persisted schools (286.830969ms)
✔ B5 report SQL uses real scoped counts and immutable CSV export content while live attendance changes (629.925827ms)
✔ B5 published report exports pin revisions across replacement and withdrawal without exposing drafts (695.093107ms)
✔ B5 export XLSX/PDF are actual files with literal formula text, Vietnamese font and private download authorization (1129.972284ms)
✔ B5 subject reports remain own lesson attendance and scoped activities without school/family/conduct/export access (561.851014ms)
✔ B5 export workers and all file paths reauthorize revocation, expiry and cancellation, and replay completed work safely (672.1036ms)
✔ B5 conduct/activity/progress/link reports use actual pinned scores, explicit participant denominators and anonymous link use (692.488112ms)
ℹ tests 82
ℹ suites 0
ℹ pass 82
ℹ fail 0
ℹ cancelled 0
ℹ skipped 0
ℹ todo 0
ℹ duration_ms 75060.795172
