
Running 12 tests using 1 worker

(node:33108) Warning: The 'NO_COLOR' env is ignored due to the 'FORCE_COLOR' env being set.
(Use `node --trace-warnings ...` to show where the warning was created)
  ok  1 tests\native-ui-contract\class-header-contract.spec.ts:20:5 › class header keeps exact delegated CLASS without teacher self and nullable independent panels (888ms)
  ok  2 tests\native-ui-contract\class-header-contract.spec.ts:25:5 › class header fits mobile while denying absent roster denominator and invented period state (537ms)
  ok  3 tests\native-ui-contract\class-header-contract.spec.ts:28:5 › class header uses actual school authority without fetching a denied teacher directory (595ms)
  ok  4 tests\native-ui-contract\class-header-contract.spec.ts:31:5 › class header preserves teacher full cards and actual current contact counters and published status (582ms)
  ok  5 tests\native-ui-contract\class-header-contract.spec.ts:34:5 › class header errors remove private panels and outage retry confirms a fresh exact receipt (783ms)
  ok  6 tests\native-ui-contract\class-organization-contract.spec.ts:26:5 › organization groups create actual setup move pupils and assign or end configured positions with displayed versions (1.2s)
  ok  7 tests\native-ui-contract\class-organization-contract.spec.ts:32:5 › organization seating saves actual coordinates note and revision atomically then reloads the returned version (983ms)
  ok  8 tests\native-ui-contract\class-organization-contract.spec.ts:35:5 › organization seating keeps an unsaved change visible when the displayed revision conflicts (567ms)
  ok  9 tests\native-ui-contract\class-organization-contract.spec.ts:38:5 › organization source failures do not become an empty group or seating source and malformed or denied receipts remove all pupil controls (1.0s)
  ok 10 tests\native-ui-contract\class-organization-contract.spec.ts:41:5 › organization group and seating keep the existing layout readable at390px without page overflow (795ms)
  ok 11 tests\native-ui-contract\class-organization-contract.spec.ts:44:5 › organization position setup retries an uncertain write with the same configured code and idempotency key (10.0s)
  x  12 tests\native-ui-contract\class-organization-contract.spec.ts:47:5 › organization seating-only authority navigates directly to the permitted source and exposes no group or duty links (10.6s)


  1) tests\native-ui-contract\class-organization-contract.spec.ts:47:5 › organization seating-only authority navigates directly to the permitted source and exposes no group or duty links 

    Error: expect(locator).toBeVisible() failed

    Locator: getByText('Không có quyền xem tổ')
    Expected: visible
    Timeout: 10000ms
    Error: element(s) not found

    Call log:
      - Expect "toBeVisible" getByText('Không có quyền xem tổ') with timeout 10000ms
      - waiting for getByText('Không có quyền xem tổ')


      46 | });
      47 | test('organization seating-only authority navigates directly to the permitted source and exposes no group or duty links',async({page})=>{
    > 48 |  const s=state();s.seatOnly=true;await routes(page,s);await page.goto(base+'/seating');await expect(page.getByRole('button',{name:'Lưu phiên bản 2',exact:true})).toBeVisible();await expect(page.getByRole('link',{name:'Tổ & sơ đồ',exact:true}).first()).toHaveAttribute('href',base+'/seating');await expect(page.getByRole('link',{name:'Tổ & chức vụ',exact:true})).toHaveCount(0);await expect(page.getByRole('link',{name:'Trực nhật',exact:true})).toHaveCount(0);await expect(page.getByText('Không có quyền xem tổ',{exact:false})).toBeVisible();expect(s.requests.some(r=>r.path.endsWith('/group-workspace'))).toBe(false);expect(s.unexpected).toEqual([]);
         |                                                                                                                                                                                                                                                                                                                                                                                                                                                                                                                                                ^
      49 | });
      50 |
        at D:\Edu\tests\native-ui-contract\class-organization-contract.spec.ts:48:528

    attachment #1: screenshot (image/png) ──────────────────────────────────────────────────────────
    qa\backend\b6-class-organization-browser-artifacts-final\class-organization-contrac-f6d9b-oses-no-group-or-duty-links\test-failed-1.png
    ────────────────────────────────────────────────────────────────────────────────────────────────

    Error Context: qa\backend\b6-class-organization-browser-artifacts-final\class-organization-contrac-f6d9b-oses-no-group-or-duty-links\error-context.md

    attachment #3: trace (application/zip) ─────────────────────────────────────────────────────────
    qa\backend\b6-class-organization-browser-artifacts-final\class-organization-contrac-f6d9b-oses-no-group-or-duty-links\trace.zip
    Usage:

        npx playwright show-trace qa\backend\b6-class-organization-browser-artifacts-final\class-organization-contrac-f6d9b-oses-no-group-or-duty-links\trace.zip

    ────────────────────────────────────────────────────────────────────────────────────────────────

  1 failed
    tests\native-ui-contract\class-organization-contract.spec.ts:47:5 › organization seating-only authority navigates directly to the permitted source and exposes no group or duty links 
  11 passed (29.8s)
