 Container edumanage_backend_test-runner-run-03c53c21bb21 Creating
 Container edumanage_backend_test-runner-run-03c53c21bb21 Created
✔ B5 all 264 supplied operations and explicit frontend workflow extensions have registered real handlers (595.623158ms)
✔ BE01 migration replay is a no-op, mismatch fails and metadata remains intact (83.042279ms)
✔ BE02 cross-school enrollment FK rejects write using the real runtime role (11.348557ms)
✔ BE03 no-tenant denies and SET LOCAL cannot leak across a reused connection (4.396977ms)
✔ BE04 bootstrap only exposes the authenticated user memberships without tenant (16.730423ms)
✔ BE05 HOMEROOM A plus SUBJECT B cannot authorize seating or guardians in B (8765.600909ms)
✔ BE06 revoked membership is checked during an existing session and B stays independent (158.245345ms)
✔ B6 self context carries only own current duties and separates self-profile from school contacts (15970.177916ms)
✔ BE08 CSRF, credential validation, cookie flags, session rotation and rate limiting (122.426528ms)
✔ BE10 concurrent profile patches serialize with a single version winner (61.381378ms)
✔ B6 password/session commands use actual cookies, reject bad passwords and revoke every session after change (361.799198ms)
{"checkpoint":"parent-without-context","queryMs":6.128,"planExecutionMs":0.017,"planRows":0}
✔ BE21 parent runtime role cannot select raw student rows (18.50254ms)
✔ B0 health ready checks actual migrations, database and private storage (29.29255ms)
✔ B2 class lists use SQL scope and cross-school details deny before serialization (301.768069ms)
✔ BE09 idempotent organization create/retry/concurrency performs one write (93.224925ms)
✔ B2 required idempotency, class capacity/reference validation and version conflicts (144.655792ms)
✔ B2 signed cursor rejects scope/filter modification and delivers distinct pages (4038.852481ms)
✔ B2 subject student projection omits family/internal notes and denies guardians (449.911284ms)
✔ B2 guardian create does not merge matching phone, relationships start unverified (131.751519ms)
✔ BE07 existing identity invitation requires its session and preserves password/other school (7079.786012ms)
✔ B1 password reset token is encrypted, single-use and revokes all prior sessions (172.898105ms)
✔ B2 staff delegation stays within the ceiling, custom class scope and immediate revocation (1123.772337ms)
✔ B2 transfers serialize capacity, handover removes the old teacher and rollover binds its preview (2401.695773ms)
✔ B2 scoped guardian creation cannot acquire an unrelated family through relationship IDs (965.369426ms)
✔ B2/B5 uploads remain private until worker processing, leases serialize and local mail erases encrypted secrets (378522.916864ms)
✔ B2 imports parse real CSV, bind stale previews, avoid name/phone merges and retain invalid rows safely (12679.275944ms)
✔ B2/B5 timetable import checks assignments and overlapping slots, creates only a draft and deduplicates retries (9580.366398ms)
✔ B2 imports update only verified codes, create class drafts and staff invitations with work profiles (20138.445388ms)
✔ B2 large import resumes after a lost chunk without duplicating applied rows and checks current school authority (12873.301955ms)
✔ B3 attendance starts unmarked, versions every source change and publishes immutable one-student projections (594.316622ms)
✔ B3 subject attendance requires its actual lesson and cannot borrow daily access from another class (692.301954ms)
✔ B3 a simultaneous attendance edit and publish has one winner and never publishes a mixed source version (213.919026ms)
✔ B3 rule sets require explicit points, immutable issuance and effective week application (514.042974ms)
✔ B3 conduct reviews preserve facts, lock READY projections and publish only the exact pinned source (961.351349ms)
✔ B3 conduct linked attendance detects stale sources and subject teachers see only their own lesson facts (1195.237736ms)
✔ B3 approved adjustments retain old facts and atomically replace the current publication with a reviewed preview (571.377884ms)
✔ B3 a simultaneous conduct record and lock/publish has one source winner (294.97366ms)
✔ B3 attendance linkage deduplicates, excludes corrected drafts and leaves locked scores unchanged with explicit warnings (603.758822ms)
✔ B4 private parent links expose only published child projections, preserve staff cookies and bind the active tab context (1207.748267ms)
✔ B4 section/download rights, reissue, relationship revocation and foreign UUIDs are checked on each new parent request (599.825969ms)
✔ B4 private documents stream only with both download rights, and teacher contact projections use shared work fields (1005.487732ms)
✔ B4 expired links, suspended schools, CSRF and exchange throttles deny without creating a parent identity (496.377852ms)
✔ B1 delegated grants and invitation acceptance stay inside the current expiry ceiling; backdated assignments require a reason (363.086351ms)
✔ B2 shrinking class capacity checks planned future occupancy peaks, rather than only today (131.259428ms)
✔ B5 dated groups retain moves and same-day cancellations, require current class versions and end group-leader duties (606.549033ms)
✔ B5 position holders serialize and remain valid conduct sources; locked source history cannot be shortened (522.100249ms)
✔ B5 seating validates effective enrollment and unique seats, preserves dated revisions and denies subject-only reads (762.332504ms)
✔ B2/B5 a transfer closes dated groups/positions and retains cancelled future plans atomically (497.743573ms)
✔ B5 timetable materializes bounded future lessons, publishes child-only projections and preserves past/source history (880.830554ms)
✔ B5 timetable rejects teacher/room collisions and revoked assignments, skips holidays and revalidates source versions (1221.773894ms)
✔ B5 duties publish only individual tasks, reject foreign enrollment and retain immutable publication/withdraw history (511.667214ms)
✔ B5 group duties expand the effective group at publication and retain the individual targets after later moves (790.693901ms)
✔ B5 activities count only explicit participants, preserve published states and require current source/review authority (1274.721608ms)
✔ B5 approved activity results are explicit conduct sources and locked approved facts protect their source history (511.769729ms)
✔ B5 evidence stays private until review and publication; parent documents remain child-bound and filter file availability (31144.127495ms)
✔ B5 class announcements retain immutable publication across edits, bind one recipient and reject foreign class reads (2824.514857ms)
✔ B5 public school announcements sanitize content and keep draft/private replacements out of the public projection (3274.128341ms)
✔ B5 scheduled announcements wait for their due time, publish once through a worker and safely replay after an acknowledgement loss (1525.200031ms)
✔ B5 scheduled publication rechecks the creator grant and reports a failed queue without exposing a parent snapshot (1636.526886ms)
✔ B5 announcement attachments remain private to one child, obey link download rights and disappear when archived or withdrawn (1820.218061ms)
✔ B5 school settings persist with version guards, affect only new link expiry and suppress work contacts without changing old link permissions (1192.795828ms)
✔ B5 disabling homeroom publication takes effect inside existing sessions and restores only after an explicit setting change (856.845187ms)
✔ B3 configured second approval rejects self approval in API and SQL, while a different scoped approver permits atomic adjustment (670.70601ms)
✔ B5 personal notifications paginate across actual memberships, deduplicate publication events and deny foreign recipients and cross-user cursors (1241.370773ms)
✔ B5 withdrawn announcements redact retained staff notifications instead of exposing a stale published target (56673.766323ms)
✔ B6 TE02 own class cards separate home and subject authority, actual next lessons and ended self history (9514.214659ms)
✔ B6 TE02 current self authority rejects future expired revoked and suspended membership without borrowing assignment history (658.021293ms)
✔ B6 class workspace header isolates school year class subject fields and actual publication link counters (1717.371299ms)
✔ B6 class workspace header keeps custom CLASS and school-only authority independent of teacher self and hidden panels (924.44446ms)
✔ B6 class workspace header does not invent a period and rechecks future expiry revoked and ended assignments (738.532408ms)
✔ B5 dashboards count real scoped rows, keep homeroom and subject tasks separate and immediately recheck revocation (4555.809493ms)
✔ B5 teacher schedule is own dated teaching and announcement feed reads only current publications across draft edits (3720.863246ms)
✔ B5 dashboard attendance counters and publication tasks follow persisted marks, publish/withdraw and current school policy (1110.042789ms)
✔ B2 platform creates only metadata drafts, bootstraps admin roles/invitations and requires an active administrator for activation (5584.132874ms)
✔ B5 platform settings and operation records persist actual state, redact artifacts and reauthorize command replays (252.332342ms)
✔ B1 platform admin invitations obey operator expiry ceilings and acceptance rolls back after authority expires (141.446451ms)
✔ B5 support tickets persist both sides, preserve queue states and exact timestamp pagination, and deny other schools (363.993922ms)
✔ B1 support requests require independent current school consent, retain immutable scope and bind tickets/classes/actions/time (292.378523ms)
✔ B1 explicitly selected support grants authorize only scoped metadata GETs, audit the actual operator and force read-only SQL (248.83776ms)
✔ B1 school-wide support metadata never exposes import rows/downloads and expires without fallback to operator privileges (3533.619816ms)
✔ B1 an operator who also has school-admin rights still cannot self-approve or combine selected support scope with ordinary rights (213.802774ms)
✔ B5 signed native keysets cross a nullable sort boundary without dropping or repeating persisted schools (1245.531626ms)
✔ B5 report SQL uses real scoped counts and immutable CSV export content while live attendance changes (1232.040289ms)
✔ B5 published report exports pin revisions across replacement and withdrawal without exposing drafts (1181.64805ms)
✔ B5 export XLSX/PDF are actual files with literal formula text, Vietnamese font and private download authorization (1529.866769ms)
✔ B5 subject reports remain own lesson attendance and scoped activities without school/family/conduct/export access (8016.12082ms)
✔ B5 export workers and all file paths reauthorize revocation, expiry and cancellation, and replay completed work safely (1512.035676ms)
✔ B5 conduct/activity/progress/link reports use actual pinned scores, explicit participant denominators and anonymous link use (1323.46863ms)
✔ B6 organization display fields persist with versions and tenant-safe references instead of being silently ignored (418.641306ms)
✔ B6 year wizard creates bounded terms, weeks, published holidays and independent draft rules atomically and idempotently (670.430358ms)
✔ B6 class form assigns homeroom atomically, denies foreign/backdated inputs, requires handover and preserves archived history (1003.489767ms)
✔ B6 organization projections scope counts in SQL and a year-only grant cannot copy or publish rules (8372.739957ms)
✔ B6 purpose-bound form pickers use current write authority, exclude contacts/roles/counts and deny normal directory access (415.757814ms)
✔ B6 rollover preview uses exact end-year enrollment, minimal workflow authority and immediate revocation (620.245651ms)
✔ B6 minimal platform school sort counts equal the operational projection, restore tenant scope and deny non-operators (1867.917963ms)
✔ B6 platform school wizard creates its optional admin invitation atomically and redacts form metadata (943.951943ms)
✔ B6 platform school form readers never lend admin or read authority to a create-only operator (199.751858ms)
✔ B6 school overview keeps current scoped totals, actual setup and publication metadata without lending school-wide reads (3673.922959ms)
✔ B6 support choices/counts are scoped SQL metadata, ticket message/status save atomically and an operator only relinquishes its own grant (983.245267ms)
✔ B6 platform audit filters exact actors and whole local date boundaries before pagination and denies school-only staff (119.307523ms)
✔ B6 school support metadata does not borrow consent authority, counts in SQL and rechecks permission before replay (472.872903ms)
✔ B6 school audit uses the school timezone and exact SQL filters with tenant-safe history options (257.460644ms)
✔ B6 operational probes use worker-only cycle evidence, actual backup records and purpose-bound aggregate authority (5975.917202ms)
✔ B6 atomic school-role replacement retains expiry/class scopes, detects independent grants and rolls back all failures (549.582356ms)
✔ B6 school-role replacement prevents self edits, last-admin removal, ceiling/expiry breaches and unauthorized cached replay (383.484836ms)
✔ B6 ending a membership revokes all current/future grants and assignments without deleting history or other schools (531.716036ms)
✔ B6 native school invitations persist all roles/profile, replay once and accept multiple or zero grants atomically (389.594632ms)
✔ B6 zero-role invitation still rechecks current inviter membership and mail authority before acceptance (195.01883ms)
✔ B6 expired staff invitations cannot be revoked as pending or delivered, and preserve their history (171.802732ms)
✔ B6 staff directory combines authorized pending invitations in SQL, searches folded work data and counts before keysets (509.669664ms)
✔ B6 directory read does not lend invitation, role catalog, assignment or export authority and revocation invalidates opaque scope cursors (385.271497ms)
✔ B6 Vietnamese composite keysets preserve given/full-name order, case/diacritic ties and nullable departments in both directions (595.843872ms)
✔ B6 locked identities keep their directory lifecycle but have no effective grants, and active KPI does not fabricate access (213.363099ms)
✔ B6 member details return real coarse other-school counts and work contacts without opening another tenant (364.604001ms)
✔ B6 member aggregate checks current school authority, target membership and SQL role before returning any count (298.729446ms)
✔ B6 member effective permissions and assignment history follow native grant time, membership, identity and assignment dates (720.251225ms)
✔ B6 member role choices respect action-specific delegation expiry without borrowing a role catalog (362.318486ms)
✔ B6 member history filters member, assignment and grant events before counting/keysets, with independent audit authority (542.542469ms)
✔ B6 personal notifications traverse more than 100 real own memberships without truncating global totals or opaque pages (92495.679892ms)
✔ B6 assignment preview is read-only, uses school-local instants and preserves displayed source versions before saving (569.212658ms)
✔ B6 assignment preview compares exact subject scopes, rejects overlapping windows and rechecks expired delegation on repeated POST (852.679227ms)
✔ B6 assignment preview detects source member changes, rejects malformed/foreign proposals and advertises future/configured publication timing (423.329437ms)
✔ B6 assignment matrix returns actual nullable cells and minimal work names under independent assignment-read authority (535.623ms)
✔ B6 assignment matrix keeps an unconfigured year explicit and archived display reference separate from authority (341.303616ms)
✔ B6 role metadata keeps native scopes and real counts without lending member/audit access or treating custom class grants as assignments (551.814069ms)
✔ B6 role details show only independently authorized holders/history and save scoped deltas with a displayed version (16148.165711ms)
✔ B6 future held roles and immutable system templates cannot be edited by their holder (898.372535ms)
✔ B6 editing live roles cannot expand permissions beyond the current editor expiry ceiling (611.766687ms)
✔ B6 handover preview reads real current source/counts under purpose authority without member, family or role catalog access (517.068027ms)
✔ B6 handover applies exactly once with school-local cutoffs, durable receipts, own-actor recovery and preserved source authorship (1143.816196ms)
✔ B6 changed handover sources fail before submission or application and require an explicit review of the same pending receipt (1903.812728ms)
✔ B6 open-item changes invalidate handover review and linked source grants are never extended at the cutoff (1543.228108ms)
✔ B6 handover receipts remain actor/school bound, recheck delegation and deny immutable-source replacement (882.030893ms)
✔ B6 student creation allocates actual codes and atomically retains enrollment, gender and a separate unverified guardian (264.327434ms)
✔ B6 student form failures roll back every row and optional contacts require independent current authority on replay (396.413613ms)
✔ B6 student edits retain displayed versions and never replay internal notes after private profile authority is revoked (365.115438ms)
✔ B6 student unknown historic gender remains null and invalid gender/guardian state cannot be fabricated (178.358901ms)
✔ B6 real CSV gender mapping normalizes supported values, preserves unmapped sources and retains invalid rows (8908.391301ms)
✔ B6 native student directory applies Vietnamese keysets, exact SQL filters and minimal selected identifiers (605.471812ms)
✔ B6 native student projections separate school roster authority from family, note and link authority in the same session (459.251278ms)
✔ B6 archived student history uses an explicit included date and stored group, position and teacher sources (277.628291ms)
✔ B6 subject pupil projection remains minimal and class history cannot retain family access after enrollment ends (457.288398ms)
✔ B6 pupil link metadata reflects real events, bounded recent history and revocation without returning reusable secrets (315.825958ms)
✔ B6 an unconfigured school directory returns actual null year context without fabricated class or student data (157.628494ms)
✔ B6 verified family counters remain verified when receiving permission is explicitly disabled (219.697232ms)
✔ B6 atomic guardian save creates unverified contacts, replays one receipt and prevents duplicate new commands (340.773653ms)
✔ B6 atomic guardian save serializes competing displayed student versions (213.437773ms)
✔ B6 guardian form grants class family authority without student read or unscoped sibling data (382.185989ms)
✔ B6 atomic guardian edits preserve verified receiving choices and reject stale contact versions without partial priority changes (326.185888ms)
✔ B6 guardian save detects independently changed primary references and preserves every row on failure (313.098628ms)
✔ B6 guardian save rejects masked phones, foreign pairings and mutation of archived contacts (368.060946ms)
✔ B6 guardian form and cached saves recheck enrollment end and grant expiry in the same session (392.326943ms)
✔ B6 atomic guardian save rolls back contacts, relationships, primary changes, audit and receipt after a real SQL fault (267.657393ms)
✔ B6 school guardian directory uses SQL folded search, literal wildcards, signed keysets and independent link counters (487.003988ms)
✔ B6 class guardian reads exclude all unscoped sibling relationships and immediately lose access after enrollment or grant ends (360.105257ms)
✔ B6 shared guardian contact edits require management of every affected class and current read authority even for a replay (647.556284ms)
✔ B6 guardian profile exposes real verification and revocation metadata but removes link and audit panels when their separate rights end (453.949688ms)
✔ B6 partial student write acknowledgements redact unsubmitted protected fields including stored old receipts (257.176452ms)
✔ B6 bounded school class overview preserves query results, local JIT preference and the five-second runtime timeout (190.773442ms)
✔ B6 native invitation choices require current invitation authority, preserve delegation ceilings and never borrow a role catalog (406.790903ms)
✔ B6 native staff activity is SQL-bounded to staff targets, rechecks audit authority and keeps foreign and family records out (253.614648ms)
✔ B6 student-create choices use current class write authority without borrowing roster, year or class readers (397.685851ms)
✔ B6 parent-issue purpose readers paginate over 1000 pupils, keep current class/time authority and expose no contact or token (603.478735ms)
✔ B6 reviewed parent issuance rejects stale sources, rotates atomically, converts local dates and never replays secrets (589.962782ms)
✔ B6 parent metadata directory keeps manage scope, current capabilities, real counts and no borrowed contact/catalog data (769.313061ms)
✔ B6 parent metadata masks independently authorized contact, paginates anonymous history and tracks only actual replacement facts (1110.902992ms)
✔ B6 parent attendance month exposes only real child sessions and published scoped holiday labels without borrowing overview (1197.696643ms)
✔ B6 parent attendance calendar SQL function checks exact child/year/school/current session and cannot expose raw calendar tables (528.994776ms)
✔ B6 parent teacher directory uses own live class assignments, shared work fields and only current published schedule weekdays (951.43636ms)
✔ B6 parent teacher SQL denies foreign or missing context, honors current enrollment/grant/contact changes and never grants raw memberships (646.603107ms)
✔ B6 parent monthly denominator includes only actual own DAILY publications and keeps LESSON attendance separate (1033.477469ms)
✔ B6 parent published dated projections retain old enrollment history and exclude old-class plans from the transfer cutoff (841.02992ms)
✔ B6 parent duty schedule includes all published batch rows and current source statuses, denies other scopes and follows withdrawal (1148.413786ms)
✔ B6 parent timetable week keeps pinned published period/status/work labels, own holiday calendar and independent preview through replacement and withdrawal (2792.465763ms)
✔ B6 parent timetable week SQL denies foreign/current-section contexts and raw sources, clips the year and follows transfer or link revocation (828.132991ms)
✔ B6 parent documents complete directory and metadata use actual published reports, independent view/download rights and matching scoped previews (2158.390622ms)
✔ B6 parent file guards deny raw storage, foreign contexts, expiry and revocation committed between file open and final stream check (788.67846ms)
✔ B6 parent published activity directory and detail pin the own-child state and metadata until replacement or withdrawal (955.139783ms)
✔ B6 parent published announcements pin rich content and scope kinds while attachments retain current independent rights (1805.457904ms)
✔ B6 parent conduct display pins published own decimals and metadata and exposes only the same child revision history through adjustment and withdrawal (748.51962ms)
✔ B6 parent conduct metadata and history deny wrong school child year section session, raw sources and revoked relationships (558.2333ms)
{"checkpoint":"platform-school-page-real-cohort","schools":3036,"firstRows":1,"firstMs":7.7799469999736175}
✔ B6 platform school pagination counts its real base cohort without computing every school aggregate and preserves filters search metadata and current denial (124.696043ms)
✔ B6 parent published overview bounds each own shared panel, chooses actual publication time and follows withdrawal without borrowing sections (2249.716921ms)
✔ B6 parent overview counts every real DAILY slot beyond a mixed ten-row page, excludes LESSON future and draft facts and rechecks current section rights (1774.686445ms)
✔ B6 parent overview snapshot denies foreign school child year missing session and independent preview authority without raw-source grants (476.63431ms)
✔ B6 platform administrator search labels preserve current aggregate semantics and restore tenant context while denying other roles (499.813658ms)
✔ B6 staff preview context returns only current own safe metadata without overview panels or cookie adoption and expires every temporary session (442.212738ms)
✔ B6 staff preview context keeps current class year school and grant-time scope independent from issuance and public parent sessions (512.508944ms)
ℹ tests 188
ℹ suites 0
ℹ pass 188
ℹ fail 0
ℹ cancelled 0
ℹ skipped 0
ℹ todo 0
ℹ duration_ms 844103.972332
EXIT_CODE=0
