
 RUN  v3.2.7 D:/Edu

 ❯ tests/unit/api-class-overview-adapter.test.ts (6 tests | 1 failed) 20ms
   ✓ Native bounded class overview and independently authorized nullable sources > retains denied null panels and accepts truthful source versions nullable schedule metadata and actual local due date 3ms
   ✓ Native bounded class overview and independently authorized nullable sources > requests only the exact school year class purpose with a current staff receipt 4ms
   ✓ Native bounded class overview and independently authorized nullable sources > rejects foreign private and inconsistent permission counts source tasks and navigation rather than filtering or defaulting 2ms
   ✓ Native bounded class overview and independently authorized nullable sources > rejects missing-session fabricated presence duplicate or oversized sources and incomplete activity previews 1ms
   ✓ Native bounded class overview and independently authorized nullable sources > accepts actual holiday absence and archived sources while rejecting current tasks in an archived year 0ms
   × Native bounded class overview and independently authorized nullable sources > rejects delayed receipts after authority changes and propagates outages without borrowing cached mock facts 10ms
     → expected RepoError: Không kết nối được máy chủ để … { …(3) } to match object { code: 'NETWORK' }
(3 matching properties omitted from actual)

⎯⎯⎯⎯⎯⎯⎯ Failed Tests 1 ⎯⎯⎯⎯⎯⎯⎯

 FAIL  tests/unit/api-class-overview-adapter.test.ts > Native bounded class overview and independently authorized nullable sources > rejects delayed receipts after authority changes and propagates outages without borrowing cached mock facts
AssertionError: expected RepoError: Không kết nối được máy chủ để … { …(3) } to match object { code: 'NETWORK' }
(3 matching properties omitted from actual)

- Expected
+ Received

- {
-   "code": "NETWORK",
+ RepoError {
+   "code": "READ_ERROR",
  }

 ❯ tests/unit/api-class-overview-adapter.test.ts:27:72


⎯⎯⎯⎯⎯⎯⎯⎯⎯⎯⎯⎯⎯⎯⎯⎯⎯⎯⎯⎯⎯⎯⎯⎯[1/1]⎯


 Test Files  1 failed (1)
      Tests  1 failed | 5 passed (6)
   Start at  20:41:51
   Duration  488ms (transform 124ms, setup 36ms, collect 142ms, tests 20ms, environment 0ms, prepare 91ms)


EXIT_CODE=1
