
Running 6 tests using 1 worker

(node:47856) Warning: The 'NO_COLOR' env is ignored due to the 'FORCE_COLOR' env being set.
(Use `node --trace-warnings ...` to show where the warning was created)
  ok 1 tests\native-ui-contract\class-organization-contract.spec.ts:26:5 › organization groups create actual setup move pupils and assign or end configured positions with displayed versions (1.6s)
  ok 2 tests\native-ui-contract\class-organization-contract.spec.ts:32:5 › organization seating saves actual coordinates note and revision atomically then reloads the returned version (1.0s)
  ok 3 tests\native-ui-contract\class-organization-contract.spec.ts:35:5 › organization seating keeps an unsaved change visible when the displayed revision conflicts (637ms)
  x  4 tests\native-ui-contract\class-organization-contract.spec.ts:38:5 › organization source failures do not become an empty group or seating source and malformed or denied receipts remove all pupil controls (11.2s)
(node:40924) Warning: The 'NO_COLOR' env is ignored due to the 'FORCE_COLOR' env being set.
(Use `node --trace-warnings ...` to show where the warning was created)
  ok 5 tests\native-ui-contract\class-organization-contract.spec.ts:41:5 › organization group and seating keep the existing layout readable at390px without page overflow (1.1s)
  ok 6 tests\native-ui-contract\class-organization-contract.spec.ts:44:5 › organization position setup retries an uncertain write with the same configured code and idempotency key (10.0s)


  1) tests\native-ui-contract\class-organization-contract.spec.ts:38:5 › organization source failures do not become an empty group or seating source and malformed or denied receipts remove all pupil controls 

    Error: expect(locator).toBeVisible() failed

    Locator: getByText('Không tải được dữ liệu', { exact: true })
    Expected: visible
    Timeout: 10000ms
    Error: element(s) not found

    Call log:
      - Expect "toBeVisible" getByText('Không tải được dữ liệu', { exact: true }) with timeout 10000ms
      - waiting for getByText('Không tải được dữ liệu', { exact: true })


      37 | });
      38 | test('organization source failures do not become an empty group or seating source and malformed or denied receipts remove all pupil controls',async({page})=>{
    > 39 |  const s=state();s.mode='outage';await routes(page,s);await page.goto(base+'/seating');await expect(page.getByText('Không tải được dữ liệu',{exact:true})).toBeVisible();await expect(page.getByRole('button',{name:'Lưu phiên bản 1',exact:true})).toHaveCount(0);s.mode='ready';await page.getByRole('button',{name:'Thử lại',exact:true}).click();await expect(page.getByRole('button',{name:'Lưu phiên bản 2',exact:true})).toBeVisible();s.mode='malformed';await page.reload();await expect(page.getByText('Không tải được dữ liệu',{exact:true})).toBeVisible();await expect(page.getByText('Học sinh tổ chức API',{exact:true})).toHaveCount(0);s.mode='denied';await page.goto(base+'/groups');await expect(page.getByText('Không tải được dữ liệu',{exact:true})).toBeVisible();await expect(page.getByRole('button',{name:'Thêm tổ',exact:true})).toHaveCount(0);expect(s.unexpected).toEqual([]);
         |                                                                                                                                                                                                                                                                                                                                                                                                                                                                                                                                                                                                                                                                                                                                                                             ^
      40 | });
      41 | test('organization group and seating keep the existing layout readable at390px without page overflow',async({page})=>{
      42 |  await page.setViewportSize({width:390,height:844});const s=state();await routes(page,s);await page.goto(base+'/groups');await expect(page.getByText('Chức vụ nguồn API',{exact:true})).toBeVisible();expect(await page.evaluate(()=>document.documentElement.scrollWidth<=window.innerWidth)).toBe(true);await page.screenshot({path:`qa/backend/${prefix}-groups-mobile.png`,fullPage:true});await page.goto(base+'/seating');await expect(page.getByRole('button',{name:'Lưu phiên bản 2',exact:true})).toBeVisible();expect(await page.evaluate(()=>document.documentElement.scrollWidth<=window.innerWidth)).toBe(true);expect(s.unexpected).toEqual([]);await page.screenshot({path:`qa/backend/${prefix}-seating-mobile.png`,fullPage:true});
        at D:\Edu\tests\native-ui-contract\class-organization-contract.spec.ts:39:749

    attachment #1: screenshot (image/png) ──────────────────────────────────────────────────────────
    qa\backend\b6-class-organization-browser-artifacts-final\class-organization-contrac-051a6-s-remove-all-pupil-controls\test-failed-1.png
    ────────────────────────────────────────────────────────────────────────────────────────────────

    Error Context: qa\backend\b6-class-organization-browser-artifacts-final\class-organization-contrac-051a6-s-remove-all-pupil-controls\error-context.md

    attachment #3: trace (application/zip) ─────────────────────────────────────────────────────────
    qa\backend\b6-class-organization-browser-artifacts-final\class-organization-contrac-051a6-s-remove-all-pupil-controls\trace.zip
    Usage:

        npx playwright show-trace qa\backend\b6-class-organization-browser-artifacts-final\class-organization-contrac-051a6-s-remove-all-pupil-controls\trace.zip

    ────────────────────────────────────────────────────────────────────────────────────────────────

  1 failed
    tests\native-ui-contract\class-organization-contract.spec.ts:38:5 › organization source failures do not become an empty group or seating source and malformed or denied receipts remove all pupil controls 
  5 passed (27.8s)
