 Container edumanage_backend_test-postgres-1 Running 
 Container edumanage_backend_test-postgres-1 Waiting 
 Container edumanage_backend_test-postgres-1 Healthy 
 Container edumanage_backend_test-runner-run-531e9e8c0400 Creating 
 Container edumanage_backend_test-runner-run-531e9e8c0400 Created 
✔ B5 all 264 supplied operation IDs have registered real handlers (396.121289ms)
✔ BE01 migration replay is a no-op, mismatch fails and metadata remains intact (58.756544ms)
✔ BE02 cross-school enrollment FK rejects write using the real runtime role (11.071697ms)
✔ BE03 no-tenant denies and SET LOCAL cannot leak across a reused connection (4.135505ms)
✔ BE04 bootstrap only exposes the authenticated user memberships without tenant (4.18941ms)
✔ BE05 HOMEROOM A plus SUBJECT B cannot authorize seating or guardians in B (219.24886ms)
✔ BE06 revoked membership is checked during an existing session and B stays independent (45.562881ms)
✔ B6 self context carries only own current duties and separates self-profile from school contacts (118.11154ms)
✔ BE08 CSRF, credential validation, cookie flags, session rotation and rate limiting (105.413754ms)
✔ BE10 concurrent profile patches serialize with a single version winner (54.743067ms)
✔ BE21 parent runtime role cannot select raw student rows (2675.157316ms)
✔ B0 health ready checks actual migrations, database and private storage (20.981565ms)
✔ B2 class lists use SQL scope and cross-school details deny before serialization (149.839755ms)
✔ BE09 idempotent organization create/retry/concurrency performs one write (92.387636ms)
✔ B2 required idempotency, class capacity/reference validation and version conflicts (132.916138ms)
✔ B2 signed cursor rejects scope/filter modification and delivers distinct pages (99.41663ms)
✔ B2 subject student projection omits family/internal notes and denies guardians (242.124287ms)
✔ B2 guardian create does not merge matching phone, relationships start unverified (118.923989ms)
✔ BE07 existing identity invitation requires its session and preserves password/other school (219.173736ms)
✔ B1 password reset token is encrypted, single-use and revokes all prior sessions (204.226405ms)
✖ B2 staff delegation stays within the ceiling, custom class scope and immediate revocation (175.344ms)
✔ B2 transfers serialize capacity, handover removes the old teacher and rollover binds its preview (953.346621ms)
✔ B2 scoped guardian creation cannot acquire an unrelated family through relationship IDs (297.887035ms)
✔ B2/B5 uploads remain private until worker processing, leases serialize and local mail erases encrypted secrets (3825.211183ms)
✔ B2 imports parse real CSV, bind stale previews, avoid name/phone merges and retain invalid rows safely (2785.835721ms)
✔ B2/B5 timetable import checks assignments and overlapping slots, creates only a draft and deduplicates retries (1689.722113ms)
✔ B2 imports update only verified codes, create class drafts and staff invitations with work profiles (4320.680824ms)
✔ B2 large import resumes after a lost chunk without duplicating applied rows and checks current school authority (3432.458714ms)
✔ B3 attendance starts unmarked, versions every source change and publishes immutable one-student projections (475.671888ms)
✔ B3 subject attendance requires its actual lesson and cannot borrow daily access from another class (353.510171ms)
✔ B3 a simultaneous attendance edit and publish has one winner and never publishes a mixed source version (159.732727ms)
✔ B3 rule sets require explicit points, immutable issuance and effective week application (332.181489ms)
✔ B3 conduct reviews preserve facts, lock READY projections and publish only the exact pinned source (777.651044ms)
✔ B3 conduct linked attendance detects stale sources and subject teachers see only their own lesson facts (817.405493ms)
✔ B3 approved adjustments retain old facts and atomically replace the current publication with a reviewed preview (506.104953ms)
✔ B3 a simultaneous conduct record and lock/publish has one source winner (244.893643ms)
✔ B3 attendance linkage deduplicates, excludes corrected drafts and leaves locked scores unchanged with explicit warnings (451.542786ms)
✔ B4 private parent links expose only published child projections, preserve staff cookies and bind the active tab context (879.457191ms)
✔ B4 section/download rights, reissue, relationship revocation and foreign UUIDs are checked on each new parent request (493.154653ms)
✔ B4 private documents stream only with both download rights, and teacher contact projections use shared work fields (616.806995ms)
✔ B4 expired links, suspended schools, CSRF and exchange throttles deny without creating a parent identity (957.648342ms)
✖ B1 delegated grants and invitation acceptance stay inside the current expiry ceiling; backdated assignments require a reason (236.259267ms)
✔ B2 shrinking class capacity checks planned future occupancy peaks, rather than only today (307.4056ms)
✔ B5 dated groups retain moves and same-day cancellations, require current class versions and end group-leader duties (1330.722065ms)
✔ B5 position holders serialize and remain valid conduct sources; locked source history cannot be shortened (1295.821826ms)
✔ B5 seating validates effective enrollment and unique seats, preserves dated revisions and denies subject-only reads (1362.931618ms)
✔ B2/B5 a transfer closes dated groups/positions and retains cancelled future plans atomically (1395.516137ms)
✔ B5 timetable materializes bounded future lessons, publishes child-only projections and preserves past/source history (1991.307618ms)
✔ B5 timetable rejects teacher/room collisions and revoked assignments, skips holidays and revalidates source versions (2322.387398ms)
✔ B5 duties publish only individual tasks, reject foreign enrollment and retain immutable publication/withdraw history (1404.069233ms)
✔ B5 group duties expand the effective group at publication and retain the individual targets after later moves (1846.703869ms)
✔ B5 activities count only explicit participants, preserve published states and require current source/review authority (1060.106129ms)
✔ B5 approved activity results are explicit conduct sources and locked approved facts protect their source history (360.467152ms)
✔ B5 evidence stays private until review and publication; parent documents remain child-bound and filter file availability (1332.357135ms)
✔ B5 class announcements retain immutable publication across edits, bind one recipient and reject foreign class reads (1647.30213ms)
✔ B5 public school announcements sanitize content and keep draft/private replacements out of the public projection (1249.162288ms)
✔ B5 scheduled announcements wait for their due time, publish once through a worker and safely replay after an acknowledgement loss (1120.623639ms)
✖ B5 scheduled publication rechecks the creator grant and reports a failed queue without exposing a parent snapshot (421.303878ms)
✔ B5 announcement attachments remain private to one child, obey link download rights and disappear when archived or withdrawn (1189.483671ms)
✔ B5 school settings persist with version guards, affect only new link expiry and suppress work contacts without changing old link permissions (786.308925ms)
✔ B5 disabling homeroom publication takes effect inside existing sessions and restores only after an explicit setting change (620.100112ms)
✖ B3 configured second approval rejects self approval in API and SQL, while a different scoped approver permits atomic adjustment (408.671087ms)
✔ B5 personal notifications paginate across actual memberships, deduplicate publication events and deny foreign recipients and cross-user cursors (1045.612243ms)
✔ B5 withdrawn announcements redact retained staff notifications instead of exposing a stale published target (840.152134ms)
✔ B5 dashboards count real scoped rows, keep homeroom and subject tasks separate and immediately recheck revocation (1861.584633ms)
✔ B5 teacher schedule is own dated teaching and announcement feed reads only current publications across draft edits (1380.323108ms)
✔ B5 dashboard attendance counters and publication tasks follow persisted marks, publish/withdraw and current school policy (777.894696ms)
✔ B2 platform creates only metadata drafts, bootstraps admin roles/invitations and requires an active administrator for activation (579.280107ms)
✔ B5 platform settings and operation records persist actual state, redact artifacts and reauthorize command replays (213.845899ms)
✔ B1 platform admin invitations obey operator expiry ceilings and acceptance rolls back after authority expires (118.903255ms)
✔ B5 support tickets persist both sides, preserve queue states and exact timestamp pagination, and deny other schools (292.92704ms)
✔ B1 support requests require independent current school consent, retain immutable scope and bind tickets/classes/actions/time (248.341135ms)
✔ B1 explicitly selected support grants authorize only scoped metadata GETs, audit the actual operator and force read-only SQL (208.2771ms)
✔ B1 school-wide support metadata never exposes import rows/downloads and expires without fallback to operator privileges (3418.648233ms)
✔ B1 an operator who also has school-admin rights still cannot self-approve or combine selected support scope with ordinary rights (174.613145ms)
✔ B5 signed native keysets cross a nullable sort boundary without dropping or repeating persisted schools (206.695136ms)
✔ B5 report SQL uses real scoped counts and immutable CSV export content while live attendance changes (714.107738ms)
✔ B5 published report exports pin revisions across replacement and withdrawal without exposing drafts (752.19568ms)
✔ B5 export XLSX/PDF are actual files with literal formula text, Vietnamese font and private download authorization (859.072619ms)
✔ B5 subject reports remain own lesson attendance and scoped activities without school/family/conduct/export access (195.759825ms)
✔ B5 export workers and all file paths reauthorize revocation, expiry and cancellation, and replay completed work safely (649.497539ms)
✔ B5 conduct/activity/progress/link reports use actual pinned scores, explicit participant denominators and anonymous link use (715.651214ms)
ℹ tests 82
ℹ suites 0
ℹ pass 78
ℹ fail 4
ℹ cancelled 0
ℹ skipped 0
ℹ todo 0
ℹ duration_ms 69263.974501

✖ failing tests:

test at tests/integration/foundation.test.mjs:314:1
✖ B2 staff delegation stays within the ceiling, custom class scope and immediate revocation (175.344ms)
  AssertionError [ERR_ASSERTION]: Expected values to be strictly equal:
  
  500 !== 200
  
      at TestContext.<anonymous> (file:///srv/api/tests/integration/foundation.test.mjs:324:62)
      at process.processTicksAndRejections (node:internal/process/task_queues:104:5)
      at async Test.run (node:internal/test_runner/test:1409:7)
      at async Test.processPendingSubtests (node:internal/test_runner/test:974:7) {
    generatedMessage: true,
    code: 'ERR_ASSERTION',
    actual: 500,
    expected: 200,
    operator: 'strictEqual',
    diff: 'simple'
  }

test at tests/integration/foundation.test.mjs:999:1
✖ B1 delegated grants and invitation acceptance stay inside the current expiry ceiling; backdated assignments require a reason (236.259267ms)
  AssertionError [ERR_ASSERTION]: {"type":"urn:edumanage:problem:response_contract_error","title":"RESPONSE_CONTRACT_ERROR","status":500,"code":"RESPONSE_CONTRACT_ERROR","requestId":"a38e5a6c-5baf-446e-a2b5-01cda126ebe5"}
  
  500 !== 201
  
      at TestContext.<anonymous> (file:///srv/api/tests/integration/foundation.test.mjs:1007:105)
      at process.processTicksAndRejections (node:internal/process/task_queues:104:5)
      at async Test.run (node:internal/test_runner/test:1409:7)
      at async Test.processPendingSubtests (node:internal/test_runner/test:974:7) {
    generatedMessage: false,
    code: 'ERR_ASSERTION',
    actual: 500,
    expected: 201,
    operator: 'strictEqual',
    diff: 'simple'
  }

test at tests/integration/foundation.test.mjs:1346:1
✖ B5 scheduled publication rechecks the creator grant and reports a failed queue without exposing a parent snapshot (421.303878ms)
  AssertionError [ERR_ASSERTION]: {"type":"urn:edumanage:problem:response_contract_error","title":"RESPONSE_CONTRACT_ERROR","status":500,"code":"RESPONSE_CONTRACT_ERROR","requestId":"3e5f1d0c-5d79-4f98-acf1-04d4c34afe8c"}
  
  500 !== 201
  
      at TestContext.<anonymous> (file:///srv/api/tests/integration/foundation.test.mjs:1349:196)
      at process.processTicksAndRejections (node:internal/process/task_queues:104:5)
      at async Test.run (node:internal/test_runner/test:1409:7)
      at async Test.processPendingSubtests (node:internal/test_runner/test:974:7) {
    generatedMessage: false,
    code: 'ERR_ASSERTION',
    actual: 500,
    expected: 201,
    operator: 'strictEqual',
    diff: 'simple'
  }

test at tests/integration/foundation.test.mjs:1428:1
✖ B3 configured second approval rejects self approval in API and SQL, while a different scoped approver permits atomic adjustment (408.671087ms)
  AssertionError [ERR_ASSERTION]: {"type":"urn:edumanage:problem:response_contract_error","title":"RESPONSE_CONTRACT_ERROR","status":500,"code":"RESPONSE_CONTRACT_ERROR","requestId":"5bbf7b8d-dbb8-4e7c-a656-06b7853ff163"}
  
  500 !== 201
  
      at TestContext.<anonymous> (file:///srv/api/tests/integration/foundation.test.mjs:1439:200)
      at process.processTicksAndRejections (node:internal/process/task_queues:104:5)
      at async Test.run (node:internal/test_runner/test:1409:7)
      at async Test.processPendingSubtests (node:internal/test_runner/test:974:7) {
    generatedMessage: false,
    code: 'ERR_ASSERTION',
    actual: 500,
    expected: 201,
    operator: 'strictEqual',
    diff: 'simple'
  }

