
 RUN  v3.2.7 D:/Edu

 ✓ tests/unit/api-client.test.ts (15 tests) 40ms
 ✓ tests/unit/api-handover-adapter.test.ts (8 tests) 44ms
 ✓ tests/unit/api-staff-adapter.test.ts (9 tests) 47ms
stdout | tests/unit/seed.test.ts > demo seed invariants > prints sizes
{
  students: 155,
  att: 3732,
  conduct: 265,
  lessons: 120,
  bytes: 1430325
}

 ✓ tests/unit/api-students-adapter.test.ts (19 tests) 57ms
 ✓ tests/unit/api-guardians-adapter.test.ts (21 tests) 58ms
 ✓ tests/unit/seed.test.ts (7 tests) 64ms
 ✓ tests/unit/api-parent-attendance-adapter.test.ts (6 tests) 84ms
 ✓ tests/unit/api-parent-timetable-adapter.test.ts (6 tests) 85ms
 ✓ tests/unit/api-parent-shared-adapter.test.ts (9 tests) 98ms
 ✓ tests/unit/api-parent-overview-adapter.test.ts (10 tests) 80ms
 ✓ tests/unit/api-parent-conduct-adapter.test.ts (9 tests) 110ms
 ✓ tests/unit/api-parent-intake-adapter.test.ts (14 tests) 119ms
 ✓ tests/unit/api-support-adapter.test.ts (13 tests) 69ms
 ✓ tests/unit/api-staff-activation.test.ts (8 tests) 47ms
 ✓ tests/unit/api-school-adapter.test.ts (23 tests) 88ms
 ✓ tests/unit/api-session.test.ts (9 tests) 71ms
 ✓ tests/unit/api-auth-adapter.test.ts (7 tests) 72ms
 ✓ tests/unit/api-assignment-adapter.test.ts (8 tests) 61ms
 ✓ tests/unit/api-parent-access-adapter.test.ts (8 tests) 88ms
 ✓ tests/unit/api-parent-duties-adapter.test.ts (6 tests) 48ms
 ✓ tests/unit/api-lists-fragments.test.ts (10 tests) 69ms
 ✓ tests/unit/api-parent-issue-adapter.test.ts (8 tests) 74ms
 ✓ tests/unit/api-role-adapter.test.ts (5 tests) 51ms
 ✓ tests/unit/api-platform-adapter.test.ts (13 tests) 67ms
 ✓ tests/unit/api-rollover-adapter.test.ts (8 tests) 115ms
 ✓ tests/unit/api-query-boundary.test.ts (5 tests) 41ms
 ✓ tests/unit/api-parent-session.test.ts (8 tests) 18ms
 ✓ tests/unit/api-staff-directory.test.ts (6 tests) 38ms
 ✓ tests/unit/api-parent-documents-adapter.test.ts (8 tests) 37ms
 ✓ tests/unit/api-parent-preview-scope.test.ts (4 tests) 37ms
 ✓ tests/unit/api-session-adapter.test.ts (2 tests) 33ms
 ✓ tests/unit/api-parent-teachers-adapter.test.ts (6 tests) 32ms
 ✓ tests/unit/api-parent-context.test.ts (5 tests) 13ms
 ✓ tests/unit/api-member-details.test.ts (5 tests) 24ms
 ✓ tests/unit/api-scope-guard.test.ts (5 tests) 11ms
 ✓ tests/unit/api-teacher-classes-adapter.test.ts (6 tests) 29ms
 ✓ tests/unit/api-class-header-adapter.test.ts (6 tests) 25ms
 ✓ tests/unit/api-parent-credential.test.ts (3 tests) 9ms
 ✓ tests/unit/api-context.test.ts (1 test) 7ms
 ✓ tests/unit/api-school-read-capability.test.ts (1 test) 5ms
 ✓ tests/unit/permissions.test.ts (9 tests) 7ms
 ✓ tests/unit/api-native-facade.test.ts (3 tests) 3195ms
   ✓ connected root boundary > has no runtime route dependency on fixtures, IndexedDB, legacy repositories or demo sessions  3183ms
 ✓ tests/unit/flows.test.ts (25 tests) 8382ms
   ✓ NV-03 / Q17 — revoking an assignment blocks the next read/write > revoked homeroom cannot lock or record morning attendance  542ms
   ✓ F03 / F04 / F05 — record → review → lock ≠ publish → adjust > parent sees 97 only after publish, then 102 after an approved + published adjustment  1987ms
   ✓ F07 / Q21 — attendance-linked conduct is never double counted > late in attendance creates one record; manual late is refused; re-save does not duplicate  493ms
   ✓ F07 / Q21 — attendance-linked conduct is never double counted > Q20 — unmarked is never counted as present and blocks publishing  351ms
   ✓ F12 / NV-14 / Q40 — network error and conflicts > simulated network error saves nothing and a retry succeeds once  461ms
   ✓ F12 / NV-14 / Q40 — network error and conflicts > stale version is rejected instead of overwriting  320ms
   ✓ F09 / Q36 — import with errors never duplicates or overwrites > previews row errors, commits valid rows, re-import skips  357ms
   ✓ F04 — school B policy: only school leaders publish > homeroom at B can lock but not publish; principal publishes  609ms
   ✓ SC07 / NV-13 — new school year rollover > creates a year, enrols chosen students into new classes, leaves the old year untouched  680ms
   ✓ F11 / Q35 — lesson change with effective date and conflict detection > detects a teacher already teaching another class; publishing is blocked; past dates refused  488ms

 Test Files  43 passed (43)
      Tests  367 passed (367)
   Start at  20:11:38
   Duration  10.30s (transform 4.23s, setup 2.61s, collect 12.92s, tests 13.75s, environment 11ms, prepare 5.78s)

EXIT_CODE=0
