 Image edumanage_backend_test-runner Building 
#1 [internal] load local bake definitions
#1 reading from stdin 539B done
#1 DONE 0.0s

#2 [internal] load build definition from Dockerfile
#2 transferring dockerfile: 931B done
#2 DONE 0.1s

#3 resolve image config for docker-image://docker.io/docker/dockerfile:1
#3 DONE 0.6s

#4 docker-image://docker.io/docker/dockerfile:1@sha256:4edf897a3ffa55b89f906fc8cc78afdb3f1834cc9c7083565e611a8a7d5fe99e
#4 CACHED

#5 [internal] load metadata for docker.io/library/node:24.21.0-bookworm-slim
#5 DONE 0.5s

#6 [internal] load .dockerignore
#6 transferring context: 85B done
#6 DONE 0.2s

#7 [build 1/7] FROM docker.io/library/node:24.21.0-bookworm-slim@sha256:0e0ff40c39bc087845bfb27465a0df4ea419520094bc35842ff83dd8cbe6f9b6
#7 DONE 0.0s

#8 [internal] load build context
#8 transferring context: 733.58kB 0.0s done
#8 DONE 0.1s

#9 [build 3/7] COPY package.json package-lock.json ./
#9 CACHED

#10 [build 4/7] RUN npm ci --no-audit --no-fund
#10 CACHED

#11 [build 5/7] COPY tsconfig.json ./
#11 CACHED

#12 [build 2/7] WORKDIR /srv/api
#12 CACHED

#13 [build 6/7] COPY src ./src
#13 CACHED

#14 [build 7/7] RUN npm run build
#14 0.279 
#14 0.279 > edumanage-backend@0.1.0 build
#14 0.279 > tsc -p tsconfig.json
#14 0.279 
#14 5.085 src/modules/classroom/class-student-attendance.ts(35,117): error TS2532: Object is possibly 'undefined'.
#14 ERROR: process "/bin/sh -c npm run build" did not complete successfully: exit code: 2
------
 > [build 7/7] RUN npm run build:
0.279 
0.279 > edumanage-backend@0.1.0 build
0.279 > tsc -p tsconfig.json
0.279 
5.085 src/modules/classroom/class-student-attendance.ts(35,117): error TS2532: Object is possibly 'undefined'.
------
Dockerfile:9

--------------------

   7 |     COPY tsconfig.json ./

   8 |     COPY src ./src

   9 | >>> RUN npm run build

  10 |     FROM build AS test

  11 |     COPY tests ./tests

--------------------

failed to solve: process "/bin/sh -c npm run build" did not complete successfully: exit code: 2



View build details: docker-desktop://dashboard/build/default/default/ode1c99xpo6j34gwpshiq9kc6

EXIT_CODE=1
