
 RUN  v3.2.7 D:/Edu

 ❯ tests/unit/api-class-duties-adapter.test.ts (6 tests | 3 failed) 24ms
   ✓ Native duty board source and concrete command receipts > keeps selected group targets displayed versions independent denied preview and actual Sunday or clipped school weeks 5ms
   ✓ Native duty board source and concrete command receipts > rejects private fields foreign or duplicate scope malformed targets contradictory capability and unrelated preview pupils 2ms
   × Native duty board source and concrete command receipts > posts one atomic save with original displayed versions and publication pointer without a fresh source overwrite 8ms
     → Phiên đăng nhập đã hết hoặc bạn chưa đăng nhập.
   × Native duty board source and concrete command receipts > removes the exact displayed task and stops stale ownership before a write 1ms
     → Phiên đăng nhập đã hết hoặc bạn chưa đăng nhập.
   ✓ Native duty board source and concrete command receipts > does not turn an outage denial or wrong requested date into an empty successful board 2ms
   × Native duty board source and concrete command receipts > rejects a replaced owner receipt and a private or contradictory command result 5ms
     → expected RepoError: Phiên đăng nhập đã hết hoặc bạ… { …(3) } to match object { code: 'READ_ERROR' }
(3 matching properties omitted from actual)

⎯⎯⎯⎯⎯⎯⎯ Failed Tests 3 ⎯⎯⎯⎯⎯⎯⎯

 FAIL  tests/unit/api-class-duties-adapter.test.ts > Native duty board source and concrete command receipts > posts one atomic save with original displayed versions and publication pointer without a fresh source overwrite
RepoError: Phiên đăng nhập đã hết hoặc bạn chưa đăng nhập.
 ❯ sessionCsrf src/lib/api/client.ts:86:115
     84| async function sessionCsrf(){
     85|   if(staffCsrf)return staffCsrf;
     86|   const context=await http('getMyContext',{});const token=context.data…
       |                                                                                                                   ^
     87| }
     88| function urlFor<K extends OperationId>(id:K,options:ApiOptions<K>){
 ❯ send src/lib/api/client.ts:104:47
 ❯ http src/lib/api/client.ts:127:40
 ❯ saveDutyTask src/lib/repositories/connected/classroom-duties.ts:36:11
 ❯ Object.saveDuty src/lib/repositories/connected/common.ts:12:21
 ❯ tests/unit/api-class-duties-adapter.test.ts:24:11

⎯⎯⎯⎯⎯⎯⎯⎯⎯⎯⎯⎯⎯⎯⎯⎯⎯⎯⎯⎯⎯⎯⎯⎯[1/3]⎯

 FAIL  tests/unit/api-class-duties-adapter.test.ts > Native duty board source and concrete command receipts > removes the exact displayed task and stops stale ownership before a write
RepoError: Phiên đăng nhập đã hết hoặc bạn chưa đăng nhập.
 ❯ sessionCsrf src/lib/api/client.ts:86:115
     84| async function sessionCsrf(){
     85|   if(staffCsrf)return staffCsrf;
     86|   const context=await http('getMyContext',{});const token=context.data…
       |                                                                                                                   ^
     87| }
     88| function urlFor<K extends OperationId>(id:K,options:ApiOptions<K>){
 ❯ send src/lib/api/client.ts:104:47
 ❯ http src/lib/api/client.ts:127:40
 ❯ removeDutyTask src/lib/repositories/connected/classroom-duties.ts:41:11
 ❯ Object.deleteDuty src/lib/repositories/connected/common.ts:12:21
 ❯ tests/unit/api-class-duties-adapter.test.ts:27:203

⎯⎯⎯⎯⎯⎯⎯⎯⎯⎯⎯⎯⎯⎯⎯⎯⎯⎯⎯⎯⎯⎯⎯⎯[2/3]⎯

 FAIL  tests/unit/api-class-duties-adapter.test.ts > Native duty board source and concrete command receipts > rejects a replaced owner receipt and a private or contradictory command result
AssertionError: expected RepoError: Phiên đăng nhập đã hết hoặc bạ… { …(3) } to match object { code: 'READ_ERROR' }
(3 matching properties omitted from actual)

- Expected
+ Received

- {
-   "code": "READ_ERROR",
+ RepoError {
+   "code": "NO_SESSION",
  }

 ❯ tests/unit/api-class-duties-adapter.test.ts:37:171


⎯⎯⎯⎯⎯⎯⎯⎯⎯⎯⎯⎯⎯⎯⎯⎯⎯⎯⎯⎯⎯⎯⎯⎯[3/3]⎯


 Test Files  1 failed (1)
      Tests  3 failed | 3 passed (6)
   Start at  22:14:43
   Duration  534ms (transform 152ms, setup 33ms, collect 174ms, tests 24ms, environment 0ms, prepare 99ms)

EXIT_CODE=1
