✔ all operation IDs are unique (1.1836ms)
✔ login rejects spoofed role, school and unknown fields (3.7266ms)
✔ private user DTO rejects secrets and unknown properties (7.1881ms)
✔ announcement HTML retains paragraph/list formatting while dropping executable markup, URLs and tracking resources (4.1884ms)
✔ grant action and class scope stay together (0.8788ms)
✔ subject grants never authorize management without explicit subject policy (0.1327ms)
✔ end dates are exclusive and assignment is mandatory for default teacher grants (0.1083ms)
✔ a custom class grant authorizes only its delegated action and class (0.1228ms)
✔ a delegated grant cannot outlive an expiring authority, including an unbounded target or future start (0.166ms)
✔ decimal scoring preserves fractional sums, negative penalties, explicit base, clamps and threshold boundaries (4.342ms)
✔ fixed deltas reject overrides and manual deltas require bounds (0.5242ms)
✔ XLSX parser bounds sparse dimensions and rejects formulas before workbook allocation (94.0401ms)
ℹ tests 12
ℹ suites 0
ℹ pass 12
ℹ fail 0
ℹ cancelled 0
ℹ skipped 0
ℹ todo 0
ℹ duration_ms 470.5086
