 Container edumanage_backend_test-runner-run-eb2fca7d05b4 Creating 
 Container edumanage_backend_test-runner-run-eb2fca7d05b4 Created 
✔ B5 all 264 supplied operations and explicit frontend workflow extensions have registered real handlers (453.712857ms)
✔ BE01 migration replay is a no-op, mismatch fails and metadata remains intact (79.971575ms)
✔ BE02 cross-school enrollment FK rejects write using the real runtime role (9.831711ms)
✔ BE03 no-tenant denies and SET LOCAL cannot leak across a reused connection (3.774769ms)
✔ BE04 bootstrap only exposes the authenticated user memberships without tenant (10.960954ms)
✔ BE05 HOMEROOM A plus SUBJECT B cannot authorize seating or guardians in B (8565.047748ms)
✔ BE06 revoked membership is checked during an existing session and B stays independent (60.2342ms)
✔ B6 self context carries only own current duties and separates self-profile from school contacts (17682.283322ms)
✔ BE08 CSRF, credential validation, cookie flags, session rotation and rate limiting (121.657174ms)
✔ BE10 concurrent profile patches serialize with a single version winner (69.128803ms)
✔ B6 password/session commands use actual cookies, reject bad passwords and revoke every session after change (428.759337ms)
{"checkpoint":"parent-without-context","queryMs":7.954,"planExecutionMs":0.021,"planRows":0}
✔ BE21 parent runtime role cannot select raw student rows (21.865015ms)
✔ B0 health ready checks actual migrations, database and private storage (37.366872ms)
✔ B2 class lists use SQL scope and cross-school details deny before serialization (378.393009ms)
✔ BE09 idempotent organization create/retry/concurrency performs one write (117.754978ms)
✔ B2 required idempotency, class capacity/reference validation and version conflicts (179.498185ms)
✔ B2 signed cursor rejects scope/filter modification and delivers distinct pages (4569.083838ms)
✔ B2 subject student projection omits family/internal notes and denies guardians (466.034607ms)
✔ B2 guardian create does not merge matching phone, relationships start unverified (127.405554ms)
✔ BE07 existing identity invitation requires its session and preserves password/other school (7740.488559ms)
✔ B1 password reset token is encrypted, single-use and revokes all prior sessions (144.897831ms)
✔ B2 staff delegation stays within the ceiling, custom class scope and immediate revocation (948.799421ms)
✔ B2 transfers serialize capacity, handover removes the old teacher and rollover binds its preview (1668.549331ms)
✔ B2 scoped guardian creation cannot acquire an unrelated family through relationship IDs (651.754052ms)
✔ B2/B5 uploads remain private until worker processing, leases serialize and local mail erases encrypted secrets (2267.832838ms)
✔ B2 imports parse real CSV, bind stale previews, avoid name/phone merges and retain invalid rows safely (11769.663315ms)
✔ B2/B5 timetable import checks assignments and overlapping slots, creates only a draft and deduplicates retries (7791.664957ms)
✔ B2 imports update only verified codes, create class drafts and staff invitations with work profiles (17746.343071ms)
✔ B2 large import resumes after a lost chunk without duplicating applied rows and checks current school authority (10399.538279ms)
✔ B3 attendance starts unmarked, versions every source change and publishes immutable one-student projections (544.282676ms)
✔ B3 subject attendance requires its actual lesson and cannot borrow daily access from another class (693.719965ms)
✔ B3 a simultaneous attendance edit and publish has one winner and never publishes a mixed source version (279.578433ms)
✔ B3 rule sets require explicit points, immutable issuance and effective week application (531.329458ms)
✔ B3 conduct reviews preserve facts, lock READY projections and publish only the exact pinned source (992.655597ms)
✔ B3 conduct linked attendance detects stale sources and subject teachers see only their own lesson facts (1259.567566ms)
✔ B3 approved adjustments retain old facts and atomically replace the current publication with a reviewed preview (631.475668ms)
✔ B3 a simultaneous conduct record and lock/publish has one source winner (428.397413ms)
✔ B3 attendance linkage deduplicates, excludes corrected drafts and leaves locked scores unchanged with explicit warnings (609.961371ms)
✔ B4 private parent links expose only published child projections, preserve staff cookies and bind the active tab context (1247.622809ms)
✔ B4 section/download rights, reissue, relationship revocation and foreign UUIDs are checked on each new parent request (585.511294ms)
✔ B4 private documents stream only with both download rights, and teacher contact projections use shared work fields (1003.032595ms)
✔ B4 expired links, suspended schools, CSRF and exchange throttles deny without creating a parent identity (488.59272ms)
✔ B1 delegated grants and invitation acceptance stay inside the current expiry ceiling; backdated assignments require a reason (380.522478ms)
✔ B2 shrinking class capacity checks planned future occupancy peaks, rather than only today (129.781072ms)
✔ B5 dated groups retain moves and same-day cancellations, require current class versions and end group-leader duties (582.483682ms)
✔ B5 position holders serialize and remain valid conduct sources; locked source history cannot be shortened (511.982643ms)
✔ B5 seating validates effective enrollment and unique seats, preserves dated revisions and denies subject-only reads (808.46928ms)
✔ B2/B5 a transfer closes dated groups/positions and retains cancelled future plans atomically (436.516023ms)
✔ B5 timetable materializes bounded future lessons, publishes child-only projections and preserves past/source history (866.758203ms)
✔ B5 timetable rejects teacher/room collisions and revoked assignments, skips holidays and revalidates source versions (1191.5681ms)
✔ B6 class student attendance counts only exact enrolled morning sources and follows actual publication withdrawal without private notes (445.030538ms)
✔ B6 class student attendance and shared profile enforce fresh independent subject class and dated homeroom authority (700.088572ms)
✔ B6 public school news paginate more than 100 actual PUBLIC publications without private draft or cross-school identities (5381.175507ms)
✔ B6 platform overview aggregate returns actual school counts restores tenant context and denies school parent worker or revoked operators (272.119086ms)
✔ B6 public news retain the immutable visible revision until republication and block new reads immediately on withdrawal (287.53862ms)
✔ B6 public school identity allows official contact for suspended and archived schools but never draft identity or inactive news (256.140172ms)
✔ B6 public attachments stream only actual ready current publication bytes and deny private expired archived foreign or stale files (9905.667878ms)
✔ B6 teacher announcement feed persists own publication reads across sessions and immutable edits while newer publications become unread (757.826512ms)
✔ B6 teacher announcement bulk read is atomic and rejects stale sources foreign schools future expired and revoked grants even on replay (479.881601ms)
✔ B6 teacher announcement subject scope sees staff targets but conceals family content and another class (463.632184ms)
✔ B6 teacher announcement student targets require enrollment valid today and never inherit former class access (402.214687ms)
✔ B6 announcement workspace atomic save publish immutable edit withdraw and retained real history preserve exact source (571.631673ms)
✔ B6 announcement workspace schedule is a real outbox source and failed atomic publication leaves no draft or notification (365.439587ms)
✔ B6 announcement workspace independent class read manage publish current grant expiry and replay never borrow school or other class rights (441.719546ms)
✔ B6 announcement workspace school directory estimate public scope and mixed native targets keep independent current parent links (487.338035ms)
✔ B6 attendance workspace saves selected pupils only, preserves UNMARKED and exposes real versioned own history without internal facts (414.052338ms)
✔ B6 attendance workspace concurrent create and replay enforce source roster record versions and fresh revocation (653.17628ms)
✔ B6 attendance workspace edits published sources atomically with reason immutable replacements and rollback on incomplete rows (570.969035ms)
✔ B6 attendance workspace weekly uses dated membership saved morning only and masks holiday future or other granularities (457.812709ms)
✔ B6 attendance workspace subject reads and records only own live lesson while daily rights and fresh assignment revocation remain independent (452.82987ms)
✔ B6 class roster returns exact dated pupils organization and SQL search without contacts and masks historical family facts (357.78727ms)
✔ B6 class roster separates subject pupil reads family link and organization authority and rechecks current revocation (352.725118ms)
✔ B6 class roster transfer choices preserve dated displayed enrollment versions and submit one idempotent request without moving pupils (389.312503ms)
✔ B6 class duty board retains selected group targets edits dated published tasks atomically and follows parent withdrawal (1197.264963ms)
✔ B6 class duty board separates read manage publish and preview and denies revoked foreign or archived scope (462.730023ms)
✔ B6 class duty atomic publication race and idempotent replay create one source and reject stale displayed targets (310.005784ms)
✔ B6 class duty selected targets use the canonical group publication flow and reject duplicate or foreign database targets (486.798981ms)
✔ B5 duties publish only individual tasks, reject foreign enrollment and retain immutable publication/withdraw history (488.091411ms)
✔ B5 group duties expand the effective group at publication and retain the individual targets after later moves (729.739472ms)
✔ B5 activities count only explicit participants, preserve published states and require current source/review authority (1096.558191ms)
✔ B5 approved activity results are explicit conduct sources and locked approved facts protect their source history (452.986741ms)
✔ B5 evidence stays private until review and publication; parent documents remain child-bound and filter file availability (36458.632809ms)
✔ B5 class announcements retain immutable publication across edits, bind one recipient and reject foreign class reads (2561.51925ms)
✔ B5 public school announcements sanitize content and keep draft/private replacements out of the public projection (6367.794859ms)
✔ B5 scheduled announcements wait for their due time, publish once through a worker and safely replay after an acknowledgement loss (1487.44595ms)
✔ B5 scheduled publication rechecks the creator grant and reports a failed queue without exposing a parent snapshot (1667.453289ms)
✔ B5 announcement attachments remain private to one child, obey link download rights and disappear when archived or withdrawn (1856.768805ms)
✔ B5 school settings persist with version guards, affect only new link expiry and suppress work contacts without changing old link permissions (1124.659944ms)
✔ B5 disabling homeroom publication takes effect inside existing sessions and restores only after an explicit setting change (827.75262ms)
✔ B3 configured second approval rejects self approval in API and SQL, while a different scoped approver permits atomic adjustment (673.921099ms)
✔ B5 personal notifications paginate across actual memberships, deduplicate publication events and deny foreign recipients and cross-user cursors (1187.257408ms)
✔ B5 withdrawn announcements redact retained staff notifications instead of exposing a stale published target (68087.435965ms)
✔ B6 TE02 own class cards separate home and subject authority, actual next lessons and ended self history (8161.188312ms)
✔ B6 TE02 current self authority rejects future expired revoked and suspended membership without borrowing assignment history (617.106461ms)
✔ B6 class workspace header isolates school year class subject fields and actual publication link counters (1688.252585ms)
✔ B6 class workspace header keeps custom CLASS and school-only authority independent of teacher self and hidden panels (779.723825ms)
✔ B6 class workspace header does not invent a period and rechecks future expiry revoked and ended assignments (660.684938ms)
✔ B6 class workspace overview keeps custom CLASS school-only foreign scope and current grant-time authority independent of panel readers (379.13267ms)
✔ B6 class workspace overview uses exact DAILY morning marks source publication withdrawal and distinct afternoon lesson denominators (1014.236903ms)
✔ B6 class workspace overview separates home and own subject lessons groups and bounded activity progress with current revoke (2545.900789ms)
✔ B6 class workspace overview respects actual holiday absence and archived or future year sources without inferred current tasks (291.331024ms)
✔ B6 class workspace overview follows actual conduct review lock and adjustment transitions without exposing their private sources (1016.713042ms)
✔ B6 class workspace overview accepts complete100-row panels and rejects larger sources before returning a partial success (380.194223ms)
✔ B6 class organization workspaces keep exact dated group holders and immutable seating revisions without family contacts (527.049982ms)
✔ B6 class organization workspaces keep custom group and seating rights separate and immediately deny revoked class scope (450.833165ms)
✔ B6 class organization atomic seating saves activate once reject stale revisions and preserve prior layouts on invalid future writes (327.365366ms)
✔ B5 dashboards count real scoped rows, keep homeroom and subject tasks separate and immediately recheck revocation (4578.525202ms)
✔ B5 teacher schedule is own dated teaching and announcement feed reads only current publications across draft edits (3796.410525ms)
✔ B5 dashboard attendance counters and publication tasks follow persisted marks, publish/withdraw and current school policy (1042.687894ms)
✔ B2 platform creates only metadata drafts, bootstraps admin roles/invitations and requires an active administrator for activation (795.565166ms)
✔ B5 platform settings and operation records persist actual state, redact artifacts and reauthorize command replays (227.85709ms)
✔ B1 platform admin invitations obey operator expiry ceilings and acceptance rolls back after authority expires (124.460984ms)
✔ B5 support tickets persist both sides, preserve queue states and exact timestamp pagination, and deny other schools (333.322187ms)
✔ B1 support requests require independent current school consent, retain immutable scope and bind tickets/classes/actions/time (269.702988ms)
✔ B1 explicitly selected support grants authorize only scoped metadata GETs, audit the actual operator and force read-only SQL (239.766292ms)
✔ B1 school-wide support metadata never exposes import rows/downloads and expires without fallback to operator privileges (3547.313545ms)
✔ B1 an operator who also has school-admin rights still cannot self-approve or combine selected support scope with ordinary rights (192.06643ms)
✔ B5 signed native keysets cross a nullable sort boundary without dropping or repeating persisted schools (1264.50097ms)
✔ B5 report SQL uses real scoped counts and immutable CSV export content while live attendance changes (1178.11241ms)
✔ B5 published report exports pin revisions across replacement and withdrawal without exposing drafts (1217.962912ms)
✔ B5 export XLSX/PDF are actual files with literal formula text, Vietnamese font and private download authorization (1516.155747ms)
✔ B5 subject reports remain own lesson attendance and scoped activities without school/family/conduct/export access (8885.347892ms)
✔ B5 export workers and all file paths reauthorize revocation, expiry and cancellation, and replay completed work safely (1255.344135ms)
✔ B5 conduct/activity/progress/link reports use actual pinned scores, explicit participant denominators and anonymous link use (926.061531ms)
✔ B6 organization display fields persist with versions and tenant-safe references instead of being silently ignored (376.536615ms)
✔ B6 year wizard creates bounded terms, weeks, published holidays and independent draft rules atomically and idempotently (596.63684ms)
✔ B6 class form assigns homeroom atomically, denies foreign/backdated inputs, requires handover and preserves archived history (851.648803ms)
✔ B6 organization projections scope counts in SQL and a year-only grant cannot copy or publish rules (6916.492514ms)
✔ B6 purpose-bound form pickers use current write authority, exclude contacts/roles/counts and deny normal directory access (421.566426ms)
✔ B6 rollover preview uses exact end-year enrollment, minimal workflow authority and immediate revocation (655.732044ms)
✔ B6 minimal platform school sort counts equal the operational projection, restore tenant scope and deny non-operators (2283.965756ms)
✔ B6 platform school wizard creates its optional admin invitation atomically and redacts form metadata (1368.375538ms)
✔ B6 platform school form readers never lend admin or read authority to a create-only operator (726.297607ms)
✔ B6 school overview keeps current scoped totals, actual setup and publication metadata without lending school-wide reads (4075.389322ms)
✔ B6 support choices/counts are scoped SQL metadata, ticket message/status save atomically and an operator only relinquishes its own grant (1208.174871ms)
✔ B6 platform audit filters exact actors and whole local date boundaries before pagination and denies school-only staff (408.760253ms)
✔ B6 school support metadata does not borrow consent authority, counts in SQL and rechecks permission before replay (577.876494ms)
✔ B6 school audit uses the school timezone and exact SQL filters with tenant-safe history options (257.882416ms)
✔ B6 operational probes use worker-only cycle evidence, actual backup records and purpose-bound aggregate authority (7322.370736ms)
✔ B6 atomic school-role replacement retains expiry/class scopes, detects independent grants and rolls back all failures (503.736771ms)
✔ B6 school-role replacement prevents self edits, last-admin removal, ceiling/expiry breaches and unauthorized cached replay (421.848826ms)
✔ B6 ending a membership revokes all current/future grants and assignments without deleting history or other schools (570.417087ms)
✔ B6 native school invitations persist all roles/profile, replay once and accept multiple or zero grants atomically (343.039752ms)
✔ B6 zero-role invitation still rechecks current inviter membership and mail authority before acceptance (185.634744ms)
✔ B6 expired staff invitations cannot be revoked as pending or delivered, and preserve their history (162.950962ms)
✔ B6 staff directory combines authorized pending invitations in SQL, searches folded work data and counts before keysets (512.784649ms)
✔ B6 directory read does not lend invitation, role catalog, assignment or export authority and revocation invalidates opaque scope cursors (356.248087ms)
✔ B6 Vietnamese composite keysets preserve given/full-name order, case/diacritic ties and nullable departments in both directions (543.078675ms)
✔ B6 locked identities keep their directory lifecycle but have no effective grants, and active KPI does not fabricate access (189.45253ms)
✔ B6 member details return real coarse other-school counts and work contacts without opening another tenant (355.083666ms)
✔ B6 member aggregate checks current school authority, target membership and SQL role before returning any count (295.035593ms)
✔ B6 member effective permissions and assignment history follow native grant time, membership, identity and assignment dates (758.118795ms)
✔ B6 member role choices respect action-specific delegation expiry without borrowing a role catalog (356.826746ms)
✔ B6 member history filters member, assignment and grant events before counting/keysets, with independent audit authority (543.92853ms)
✔ B6 personal notifications traverse more than 100 real own memberships without truncating global totals or opaque pages (106306.973809ms)
✔ B6 assignment preview is read-only, uses school-local instants and preserves displayed source versions before saving (512.028948ms)
✔ B6 assignment preview compares exact subject scopes, rejects overlapping windows and rechecks expired delegation on repeated POST (727.927467ms)
✔ B6 assignment preview detects source member changes, rejects malformed/foreign proposals and advertises future/configured publication timing (364.700899ms)
✔ B6 assignment matrix returns actual nullable cells and minimal work names under independent assignment-read authority (439.418378ms)
✔ B6 assignment matrix keeps an unconfigured year explicit and archived display reference separate from authority (323.779253ms)
✔ B6 role metadata keeps native scopes and real counts without lending member/audit access or treating custom class grants as assignments (473.948794ms)
✔ B6 role details show only independently authorized holders/history and save scoped deltas with a displayed version (18702.655477ms)
✔ B6 future held roles and immutable system templates cannot be edited by their holder (290.930313ms)
✔ B6 editing live roles cannot expand permissions beyond the current editor expiry ceiling (304.70377ms)
✔ B6 handover preview reads real current source/counts under purpose authority without member, family or role catalog access (481.673311ms)
✔ B6 handover applies exactly once with school-local cutoffs, durable receipts, own-actor recovery and preserved source authorship (1419.079226ms)
✔ B6 changed handover sources fail before submission or application and require an explicit review of the same pending receipt (2658.637256ms)
✔ B6 open-item changes invalidate handover review and linked source grants are never extended at the cutoff (2051.947545ms)
✔ B6 handover receipts remain actor/school bound, recheck delegation and deny immutable-source replacement (1573.111234ms)
✔ B6 student creation allocates actual codes and atomically retains enrollment, gender and a separate unverified guardian (620.654409ms)
✔ B6 student form failures roll back every row and optional contacts require independent current authority on replay (1243.714198ms)
✔ B6 student edits retain displayed versions and never replay internal notes after private profile authority is revoked (1076.682581ms)
✔ B6 student unknown historic gender remains null and invalid gender/guardian state cannot be fabricated (574.942692ms)
✔ B6 real CSV gender mapping normalizes supported values, preserves unmapped sources and retains invalid rows (9853.046125ms)
✔ B6 native student directory applies Vietnamese keysets, exact SQL filters and minimal selected identifiers (505.624108ms)
✔ B6 native student projections separate school roster authority from family, note and link authority in the same session (458.001975ms)
✔ B6 archived student history uses an explicit included date and stored group, position and teacher sources (241.755265ms)
✔ B6 subject pupil projection remains minimal and class history cannot retain family access after enrollment ends (382.882026ms)
✔ B6 pupil link metadata reflects real events, bounded recent history and revocation without returning reusable secrets (292.142328ms)
✔ B6 an unconfigured school directory returns actual null year context without fabricated class or student data (155.394249ms)
✔ B6 verified family counters remain verified when receiving permission is explicitly disabled (208.55368ms)
✔ B6 atomic guardian save creates unverified contacts, replays one receipt and prevents duplicate new commands (271.227858ms)
✔ B6 atomic guardian save serializes competing displayed student versions (209.768478ms)
✔ B6 guardian form grants class family authority without student read or unscoped sibling data (401.506372ms)
✔ B6 atomic guardian edits preserve verified receiving choices and reject stale contact versions without partial priority changes (306.21437ms)
✔ B6 guardian save detects independently changed primary references and preserves every row on failure (299.148185ms)
✔ B6 guardian save rejects masked phones, foreign pairings and mutation of archived contacts (295.4481ms)
✔ B6 guardian form and cached saves recheck enrollment end and grant expiry in the same session (364.780259ms)
✔ B6 atomic guardian save rolls back contacts, relationships, primary changes, audit and receipt after a real SQL fault (240.64713ms)
✔ B6 school guardian directory uses SQL folded search, literal wildcards, signed keysets and independent link counters (435.64827ms)
✔ B6 class guardian reads exclude all unscoped sibling relationships and immediately lose access after enrollment or grant ends (310.44304ms)
✔ B6 shared guardian contact edits require management of every affected class and current read authority even for a replay (621.509441ms)
✔ B6 guardian profile exposes real verification and revocation metadata but removes link and audit panels when their separate rights end (488.753633ms)
✔ B6 partial student write acknowledgements redact unsubmitted protected fields including stored old receipts (253.74746ms)
✔ B6 bounded school class overview preserves query results, local JIT preference and the five-second runtime timeout (176.946363ms)
✔ B6 native invitation choices require current invitation authority, preserve delegation ceilings and never borrow a role catalog (381.352551ms)
✔ B6 native staff activity is SQL-bounded to staff targets, rechecks audit authority and keeps foreign and family records out (258.174646ms)
✔ B6 student-create choices use current class write authority without borrowing roster, year or class readers (401.155747ms)
✔ B6 parent-issue purpose readers paginate over 1000 pupils, keep current class/time authority and expose no contact or token (586.541061ms)
✔ B6 reviewed parent issuance rejects stale sources, rotates atomically, converts local dates and never replays secrets (602.15269ms)
✔ B6 parent metadata directory keeps manage scope, current capabilities, real counts and no borrowed contact/catalog data (783.376285ms)
✔ B6 parent metadata masks independently authorized contact, paginates anonymous history and tracks only actual replacement facts (1204.263744ms)
✔ B6 parent attendance month exposes only real child sessions and published scoped holiday labels without borrowing overview (1195.999664ms)
✔ B6 parent attendance calendar SQL function checks exact child/year/school/current session and cannot expose raw calendar tables (548.828191ms)
✔ B6 parent teacher directory uses own live class assignments, shared work fields and only current published schedule weekdays (934.718917ms)
✔ B6 parent teacher SQL denies foreign or missing context, honors current enrollment/grant/contact changes and never grants raw memberships (532.211087ms)
✔ B6 parent monthly denominator includes only actual own DAILY publications and keeps LESSON attendance separate (963.488316ms)
✔ B6 parent published dated projections retain old enrollment history and exclude old-class plans from the transfer cutoff (759.329012ms)
✔ B6 parent duty schedule includes all published batch rows and current source statuses, denies other scopes and follows withdrawal (1666.512287ms)
✔ B6 parent timetable week keeps pinned published period/status/work labels, own holiday calendar and independent preview through replacement and withdrawal (2876.193474ms)
✔ B6 parent timetable week SQL denies foreign/current-section contexts and raw sources, clips the year and follows transfer or link revocation (926.75335ms)
✔ B6 parent documents complete directory and metadata use actual published reports, independent view/download rights and matching scoped previews (2263.334482ms)
✔ B6 parent file guards deny raw storage, foreign contexts, expiry and revocation committed between file open and final stream check (705.855415ms)
✔ B6 parent published activity directory and detail pin the own-child state and metadata until replacement or withdrawal (1006.944003ms)
✔ B6 parent published announcements pin rich content and scope kinds while attachments retain current independent rights (1892.941334ms)
✔ B6 parent conduct display pins published own decimals and metadata and exposes only the same child revision history through adjustment and withdrawal (820.396535ms)
✔ B6 parent conduct metadata and history deny wrong school child year section session, raw sources and revoked relationships (579.805859ms)
{"checkpoint":"platform-school-page-real-cohort","schools":3633,"firstRows":1,"firstMs":7.085548999952152}
✔ B6 platform school pagination counts its real base cohort without computing every school aggregate and preserves filters search metadata and current denial (118.299038ms)
✔ B6 parent published overview bounds each own shared panel, chooses actual publication time and follows withdrawal without borrowing sections (2557.300857ms)
✔ B6 parent overview counts every real DAILY slot beyond a mixed ten-row page, excludes LESSON future and draft facts and rechecks current section rights (1859.490253ms)
✔ B6 parent overview snapshot denies foreign school child year missing session and independent preview authority without raw-source grants (438.743562ms)
✔ B6 platform administrator search labels preserve current aggregate semantics and restore tenant context while denying other roles (416.200556ms)
✔ B6 staff preview context returns only current own safe metadata without overview panels or cookie adoption and expires every temporary session (424.361354ms)
✔ B6 staff preview context keeps current class year school and grant-time scope independent from issuance and public parent sessions (366.853319ms)
✔ B6 native rule workspace persists real editor fields issues all current classes and freezes private-detail projections (526.85688ms)
✔ B6 native rule workspace separates management issuance and current dated class readers and rejects source races (651.026894ms)
✔ B6 native rule workspace validates week boundaries atomically and refuses to replace an initialized future period (357.888974ms)
✔ B6 native rule entry deadline is enforced by actual school date even on canonical record commands (314.197177ms)
ℹ tests 228
ℹ suites 0
ℹ pass 228
ℹ fail 0
ℹ cancelled 0
ℹ skipped 0
ℹ todo 0
ℹ duration_ms 533132.142812
EXIT_CODE=0
