✔ native rule schema accepts absent actual metadata and no previous revision without bypassing JSON response validation (86.7328ms)
✔ native rule commands require a displayed source and preserve independent manage issue apply rights with exact success statuses (17.7179ms)
✔ public workspaces expose exact published projections and no staff or parent authentication (44.8715ms)
✔ existing synchronous auth invitation position message and publication handlers have actual success schemas (31.4794ms)
✔ native duty and attendance acknowledgements declare their actual HTTP200 without changing explicit HTTP201 creation (0.6449ms)
✔ teacher announcement reads require a displayed published source and actual HTTP200 receipts (26.7676ms)
✔ native announcement acknowledgements have an actual HTTP200 response schema and independent manage/publication permissions (5.6412ms)
✔ native attendance commands require displayed null or existing source versions and exclude private or subject rights overrides (8.5181ms)
✔ staff preview context has a minimal context schema and independent school authority (9.2798ms)
✔ class workspace header has exact year routing and explicitly permits absent independent period metadata (24.184ms)
✔ class workspace overview is exact-class staff read with nullable panels bounded previews and no private source objects (72.3672ms)
✔ native organization seating save requires the displayed revision and rejects actor or scope authority in its body (5.4317ms)
✔ one-pupil class attendance accepts valid empty public notes and excludes private source fields (7.7664ms)
✔ class roster purposes retain exact year scope and transfer requests accept only an optional displayed enrollment version (5.3673ms)
✔ native duty commands retain exact displayed source and publication versions without actor authority or silent group expansion (14.0065ms)
✔ all operation IDs are unique, including the explicit frontend workflow extensions (0.8009ms)
✔ atomic school roles require a displayed version and unique explicit role IDs without actor authority (12.6571ms)
✔ reviewed parent issuance requires every reviewed source version and rejects contact/token/actor fields (35.9352ms)
✔ parent staff metadata excludes bearer/private fields and history represents missing device/section explicitly (19.1165ms)
✔ school invite retains zero or multiple roles and the 1–30 day form without widening platform admin invitations (6.1894ms)
✔ login rejects spoofed role, school and unknown fields (2.0816ms)
✔ private user DTO rejects secrets and unknown properties (7.3246ms)
✔ platform first administrator supports server start time and rejects scope spoofing or excessive invitation lifetime (0.314ms)
✔ school overview accepts explicit unavailable panels and rejects private directory fields (36.7387ms)
✔ directory represents invitations without fake memberships and keeps unavailable invitation KPI explicit (10.242ms)
✔ member profile separates denied panels and exact native authority without exposing other school metadata (53.5964ms)
✔ invitation choices use invitation authority and never lend role metadata or contacts (3.4157ms)
✔ atomic guardian save requires displayed student and primary versions without verification or actor fields (41.7265ms)
✔ assignment preview is a CSRF-protected read-only POST and preserves explicit source versions without actor authority (4.7313ms)
✔ assignment matrix represents a real unconfigured year and empty cells without borrowing profiles, rosters or permissions (50.5799ms)
✔ role details retain exact native scopes and denied panels without exposing staff contacts or a fabricated editable system role (25.3033ms)
✔ handover receipts retain unknown legacy metadata and strict reviewed source fields without exposing the internal state (16.667ms)
✔ student forms persist nullable gender and an atomic unverified guardian without accepting actor or result state (43.1759ms)
✔ student read models distinguish denied and unknown values and exclude reusable parent tokens (64.6751ms)
✔ guardian projections exclude student private profiles and audit snapshots and require explicit denied panels (29.8044ms)
✔ student-create options are a minimal write-purpose class projection without roster or borrowed catalogs (8.978ms)
✔ parent context metadata distinguishes year, link and session bounds without child private fields (0.7853ms)
✔ parent attendance month preserves real session/holiday counts and rejects private fields or invented calendar states (8.7272ms)
✔ parent teacher directory requires explicit nullable work metadata and minimal unique weekdays without raw staff identity (3.6246ms)
✔ parent duty schedule exposes only concrete published tasks with explicit status and year/date metadata (13.8267ms)
✔ parent weekly timetable requires explicit published status, timezone and nullable pinned metadata without raw source fields (8.3423ms)
✔ parent document directory requires real independent capabilities and minimal report fields without storage keys (6.6181ms)
✔ parent shared content keeps pinned nullable metadata and independent attachments without raw sources or recipients (23.5474ms)
✔ parent conduct display exposes published own history and explicit absent metadata without staff rules or cohort identity (8.2153ms)
✔ parent published overview requires explicit section absence, DAILY week facts and bounded purpose previews without private source fields (21.2303ms)
✔ native announcement semantic blocks round trip Vietnamese plaintext and line breaks without HTML execution (41.1215ms)
✔ native legacy HTML projection sanitizes executable tags and preserves real headings and list text only (1.865ms)
✔ announcement HTML retains paragraph/list formatting while dropping executable markup, URLs and tracking resources (9.5349ms)
✔ JSON acknowledgements validate their actual status and never send undeclared or private payloads (23.1002ms)
✔ operation evidence validates metadata values and omits secret-like values and unknown fields (2.3878ms)
✔ parent month keeps actual sessions, mixed days and unmarked outside the attendance denominator (44.1399ms)
✔ parent month infers neither Sunday holidays nor missing-day presence and preserves actual published holiday names (0.6829ms)
✔ parent month clips only to real exclusive year bounds and rejects malformed/outside-year selection (0.721ms)
✔ parent month rejects missing calendar days, shifted date sources, unknown statuses and foreign date rows (0.8408ms)
✔ grant action and class scope stay together (1.1209ms)
✔ subject grants never authorize management without explicit subject policy (0.1995ms)
✔ end dates are exclusive and assignment is mandatory for default teacher grants (0.1521ms)
✔ a custom class grant authorizes only its delegated action and class (0.206ms)
✔ a delegated grant cannot outlive an expiring authority, including an unbounded target or future start (0.2301ms)
✔ decimal scoring preserves fractional sums, negative penalties, explicit base, clamps and threshold boundaries (4.0101ms)
✔ fixed deltas reject overrides and manual deltas require bounds (0.5607ms)
✔ parent weekly timetable uses real Monday/calendar bounds and clips partial academic weeks (8.6725ms)
✔ parent weekly timetable rejects a source exceeding the total bound before response serialization (2.4025ms)
✔ XLSX parser bounds sparse dimensions and rejects formulas before workbook allocation (121.6992ms)
ℹ tests 64
ℹ suites 0
ℹ pass 64
ℹ fail 0
ℹ cancelled 0
ℹ skipped 0
ℹ todo 0
ℹ duration_ms 1384.8745
EXIT_CODE=0
