
 RUN  v3.2.7 D:/Edu

 ✓ tests/unit/api-auth-adapter.test.ts (7 tests) 43ms
 ✓ tests/unit/api-session.test.ts (9 tests) 55ms
 ✓ tests/unit/api-rollover-adapter.test.ts (8 tests) 55ms
 ✓ tests/unit/api-school-adapter.test.ts (23 tests) 60ms
 ✓ tests/unit/api-students-adapter.test.ts (19 tests) 58ms
 ✓ tests/unit/api-guardians-adapter.test.ts (21 tests) 58ms
 ✓ tests/unit/api-parent-attendance-adapter.test.ts (6 tests) 78ms
 ✓ tests/unit/api-parent-timetable-adapter.test.ts (6 tests) 83ms
 ✓ tests/unit/api-parent-shared-adapter.test.ts (9 tests) 97ms
 ✓ tests/unit/api-parent-overview-adapter.test.ts (10 tests) 92ms
 ✓ tests/unit/api-parent-conduct-adapter.test.ts (9 tests) 122ms
 ✓ tests/unit/api-parent-intake-adapter.test.ts (14 tests) 120ms
 ✓ tests/unit/api-platform-adapter.test.ts (13 tests) 53ms
 ✓ tests/unit/api-parent-issue-adapter.test.ts (8 tests) 49ms
stdout | tests/unit/seed.test.ts > demo seed invariants > prints sizes
{
  students: 155,
  att: 3732,
  conduct: 265,
  lessons: 120,
  bytes: 1430325
}

 ✓ tests/unit/api-staff-activation.test.ts (8 tests) 39ms
 ✓ tests/unit/seed.test.ts (7 tests) 56ms
 ✓ tests/unit/api-client.test.ts (15 tests) 64ms
 ✓ tests/unit/api-parent-access-adapter.test.ts (8 tests) 64ms
 ✓ tests/unit/api-staff-adapter.test.ts (9 tests) 45ms
 ✓ tests/unit/api-lists-fragments.test.ts (10 tests) 47ms
 ✓ tests/unit/api-support-adapter.test.ts (13 tests) 61ms
 ✓ tests/unit/api-query-boundary.test.ts (5 tests) 43ms
 ✓ tests/unit/api-handover-adapter.test.ts (8 tests) 60ms
 ✓ tests/unit/api-role-adapter.test.ts (5 tests) 41ms
 ✓ tests/unit/api-parent-duties-adapter.test.ts (6 tests) 46ms
 ✓ tests/unit/api-assignment-adapter.test.ts (8 tests) 54ms
 ✓ tests/unit/api-class-organization-adapter.test.ts (8 tests) 54ms
 ✓ tests/unit/api-staff-directory.test.ts (6 tests) 37ms
 ✓ tests/unit/api-parent-documents-adapter.test.ts (8 tests) 44ms
 ✓ tests/unit/api-session-adapter.test.ts (2 tests) 43ms
 ✓ tests/unit/api-teacher-classes-adapter.test.ts (6 tests) 29ms
 ✓ tests/unit/api-parent-preview-scope.test.ts (4 tests) 33ms
 ✓ tests/unit/api-parent-teachers-adapter.test.ts (6 tests) 31ms
 ✓ tests/unit/api-class-duties-adapter.test.ts (6 tests) 67ms
 ✓ tests/unit/api-class-header-adapter.test.ts (7 tests) 27ms
 ✓ tests/unit/api-parent-session.test.ts (8 tests) 17ms
 ✓ tests/unit/api-member-details.test.ts (5 tests) 23ms
 ✓ tests/unit/api-class-overview-adapter.test.ts (6 tests) 23ms
 ✓ tests/unit/api-parent-context.test.ts (5 tests) 12ms
 ✓ tests/unit/api-scope-guard.test.ts (5 tests) 10ms
 ✓ tests/unit/api-parent-credential.test.ts (3 tests) 8ms
 ✓ tests/unit/permissions.test.ts (9 tests) 6ms
 ✓ tests/unit/api-school-read-capability.test.ts (1 test) 3ms
 ✓ tests/unit/api-context.test.ts (1 test) 6ms
 ✓ tests/unit/api-native-facade.test.ts (3 tests) 3317ms
   ✓ connected root boundary > has no runtime route dependency on fixtures, IndexedDB, legacy repositories or demo sessions  3304ms
 ✓ tests/unit/flows.test.ts (25 tests) 8253ms
   ✓ NV-03 / Q17 — revoking an assignment blocks the next read/write > revoked homeroom cannot lock or record morning attendance  549ms
   ✓ F03 / F04 / F05 — record → review → lock ≠ publish → adjust > parent sees 97 only after publish, then 102 after an approved + published adjustment  1964ms
   ✓ F07 / Q21 — attendance-linked conduct is never double counted > late in attendance creates one record; manual late is refused; re-save does not duplicate  477ms
   ✓ F07 / Q21 — attendance-linked conduct is never double counted > Q20 — unmarked is never counted as present and blocks publishing  331ms
   ✓ F12 / NV-14 / Q40 — network error and conflicts > simulated network error saves nothing and a retry succeeds once  454ms
   ✓ F12 / NV-14 / Q40 — network error and conflicts > stale version is rejected instead of overwriting  308ms
   ✓ F09 / Q36 — import with errors never duplicates or overwrites > previews row errors, commits valid rows, re-import skips  342ms
   ✓ F04 — school B policy: only school leaders publish > homeroom at B can lock but not publish; principal publishes  604ms
   ✓ SC07 / NV-13 — new school year rollover > creates a year, enrols chosen students into new classes, leaves the old year untouched  670ms
   ✓ F11 / Q35 — lesson change with effective date and conflict detection > detects a teacher already teaching another class; publishing is blocked; past dates refused  484ms

 Test Files  46 passed (46)
      Tests  388 passed (388)
   Start at  22:22:02
   Duration  10.19s (transform 3.83s, setup 2.90s, collect 12.68s, tests 13.69s, environment 11ms, prepare 6.40s)

EXIT_CODE=0
