 Container edumanage_backend_test-runner-run-016f9c1ea070 Creating 
 Container edumanage_backend_test-runner-run-016f9c1ea070 Created 
✔ staff preview context has a minimal context schema and independent school authority (15.524364ms)
✔ class workspace header has exact year routing and explicitly permits absent independent period metadata (18.98331ms)
✔ class workspace overview is exact-class staff read with nullable panels bounded previews and no private source objects (27.411215ms)
✔ native organization seating save requires the displayed revision and rejects actor or scope authority in its body (5.931277ms)
✔ one-pupil class attendance accepts valid empty public notes and excludes private source fields (8.928405ms)
✔ class roster purposes retain exact year scope and transfer requests accept only an optional displayed enrollment version (3.533187ms)
✔ native duty commands retain exact displayed source and publication versions without actor authority or silent group expansion (6.546086ms)
✔ all operation IDs are unique, including the explicit frontend workflow extensions (0.441088ms)
✔ atomic school roles require a displayed version and unique explicit role IDs without actor authority (5.31769ms)
✔ reviewed parent issuance requires every reviewed source version and rejects contact/token/actor fields (6.825887ms)
✔ parent staff metadata excludes bearer/private fields and history represents missing device/section explicitly (8.69395ms)
✔ school invite retains zero or multiple roles and the 1–30 day form without widening platform admin invitations (3.901769ms)
✔ login rejects spoofed role, school and unknown fields (1.42473ms)
✔ private user DTO rejects secrets and unknown properties (2.248765ms)
✔ platform first administrator supports server start time and rejects scope spoofing or excessive invitation lifetime (0.222192ms)
✔ school overview accepts explicit unavailable panels and rejects private directory fields (19.064286ms)
✔ directory represents invitations without fake memberships and keeps unavailable invitation KPI explicit (5.480971ms)
✔ member profile separates denied panels and exact native authority without exposing other school metadata (16.292406ms)
✔ invitation choices use invitation authority and never lend role metadata or contacts (2.253885ms)
✔ atomic guardian save requires displayed student and primary versions without verification or actor fields (9.46482ms)
✔ assignment preview is a CSRF-protected read-only POST and preserves explicit source versions without actor authority (1.673867ms)
✔ assignment matrix represents a real unconfigured year and empty cells without borrowing profiles, rosters or permissions (18.02016ms)
✔ role details retain exact native scopes and denied panels without exposing staff contacts or a fabricated editable system role (11.590506ms)
✔ handover receipts retain unknown legacy metadata and strict reviewed source fields without exposing the internal state (8.905853ms)
✔ student forms persist nullable gender and an atomic unverified guardian without accepting actor or result state (19.347324ms)
✔ student read models distinguish denied and unknown values and exclude reusable parent tokens (28.130402ms)
✔ guardian projections exclude student private profiles and audit snapshots and require explicit denied panels (18.04695ms)
✔ student-create options are a minimal write-purpose class projection without roster or borrowed catalogs (6.512222ms)
✔ parent context metadata distinguishes year, link and session bounds without child private fields (0.375544ms)
✔ parent attendance month preserves real session/holiday counts and rejects private fields or invented calendar states (4.624762ms)
✔ parent teacher directory requires explicit nullable work metadata and minimal unique weekdays without raw staff identity (2.617788ms)
✔ parent duty schedule exposes only concrete published tasks with explicit status and year/date metadata (6.171212ms)
✔ parent weekly timetable requires explicit published status, timezone and nullable pinned metadata without raw source fields (4.879076ms)
✔ parent document directory requires real independent capabilities and minimal report fields without storage keys (4.6235ms)
✔ parent shared content keeps pinned nullable metadata and independent attachments without raw sources or recipients (19.766771ms)
✔ parent conduct display exposes published own history and explicit absent metadata without staff rules or cohort identity (6.303605ms)
✔ parent published overview requires explicit section absence, DAILY week facts and bounded purpose previews without private source fields (20.974617ms)
✔ announcement HTML retains paragraph/list formatting while dropping executable markup, URLs and tracking resources (3.456851ms)
✔ operation evidence validates metadata values and omits secret-like values and unknown fields (1.355317ms)
✔ parent month keeps actual sessions, mixed days and unmarked outside the attendance denominator (9.63562ms)
✔ parent month infers neither Sunday holidays nor missing-day presence and preserves actual published holiday names (1.148804ms)
✔ parent month clips only to real exclusive year bounds and rejects malformed/outside-year selection (0.658522ms)
✔ parent month rejects missing calendar days, shifted date sources, unknown statuses and foreign date rows (1.748844ms)
✔ grant action and class scope stay together (0.903257ms)
✔ subject grants never authorize management without explicit subject policy (0.153182ms)
✔ end dates are exclusive and assignment is mandatory for default teacher grants (0.182867ms)
✔ a custom class grant authorizes only its delegated action and class (0.143843ms)
✔ a delegated grant cannot outlive an expiring authority, including an unbounded target or future start (0.167138ms)
✔ decimal scoring preserves fractional sums, negative penalties, explicit base, clamps and threshold boundaries (2.672802ms)
✔ fixed deltas reject overrides and manual deltas require bounds (0.37914ms)
✔ parent weekly timetable uses real Monday/calendar bounds and clips partial academic weeks (1.915682ms)
✔ parent weekly timetable rejects a source exceeding the total bound before response serialization (4.464187ms)
✔ XLSX parser bounds sparse dimensions and rejects formulas before workbook allocation (87.538596ms)
ℹ tests 53
ℹ suites 0
ℹ pass 53
ℹ fail 0
ℹ cancelled 0
ℹ skipped 0
ℹ todo 0
ℹ duration_ms 550.553036
EXIT_CODE=0
