 Container edumanage_backend_test-runner-run-03126cb00023 Creating
 Container edumanage_backend_test-runner-run-03126cb00023 Created
✔ staff preview context has a minimal context schema and independent school authority (21.28766ms)
✔ class workspace header has exact year routing and explicitly permits absent independent period metadata (44.998267ms)
✔ all operation IDs are unique, including the explicit frontend workflow extensions (1.165233ms)
✔ atomic school roles require a displayed version and unique explicit role IDs without actor authority (33.728734ms)
✔ reviewed parent issuance requires every reviewed source version and rejects contact/token/actor fields (33.504273ms)
✔ parent staff metadata excludes bearer/private fields and history represents missing device/section explicitly (28.096901ms)
✔ school invite retains zero or multiple roles and the 1–30 day form without widening platform admin invitations (9.882284ms)
✔ login rejects spoofed role, school and unknown fields (5.201801ms)
✔ private user DTO rejects secrets and unknown properties (3.923506ms)
✔ platform first administrator supports server start time and rejects scope spoofing or excessive invitation lifetime (0.546299ms)
✔ school overview accepts explicit unavailable panels and rejects private directory fields (30.740101ms)
✔ directory represents invitations without fake memberships and keeps unavailable invitation KPI explicit (6.019897ms)
✔ member profile separates denied panels and exact native authority without exposing other school metadata (21.074819ms)
✔ invitation choices use invitation authority and never lend role metadata or contacts (5.067684ms)
✔ atomic guardian save requires displayed student and primary versions without verification or actor fields (12.108095ms)
✔ assignment preview is a CSRF-protected read-only POST and preserves explicit source versions without actor authority (3.405529ms)
✔ assignment matrix represents a real unconfigured year and empty cells without borrowing profiles, rosters or permissions (14.527057ms)
✔ role details retain exact native scopes and denied panels without exposing staff contacts or a fabricated editable system role (13.372142ms)
✔ handover receipts retain unknown legacy metadata and strict reviewed source fields without exposing the internal state (10.771573ms)
✔ student forms persist nullable gender and an atomic unverified guardian without accepting actor or result state (37.283926ms)
✔ student read models distinguish denied and unknown values and exclude reusable parent tokens (37.528897ms)
✔ guardian projections exclude student private profiles and audit snapshots and require explicit denied panels (20.916477ms)
✔ student-create options are a minimal write-purpose class projection without roster or borrowed catalogs (5.09448ms)
✔ parent context metadata distinguishes year, link and session bounds without child private fields (0.680076ms)
✔ parent attendance month preserves real session/holiday counts and rejects private fields or invented calendar states (5.786466ms)
✔ parent teacher directory requires explicit nullable work metadata and minimal unique weekdays without raw staff identity (4.651279ms)
✔ parent duty schedule exposes only concrete published tasks with explicit status and year/date metadata (14.667852ms)
✔ parent weekly timetable requires explicit published status, timezone and nullable pinned metadata without raw source fields (8.05426ms)
✔ parent document directory requires real independent capabilities and minimal report fields without storage keys (4.525106ms)
✔ parent shared content keeps pinned nullable metadata and independent attachments without raw sources or recipients (23.722636ms)
✔ parent conduct display exposes published own history and explicit absent metadata without staff rules or cohort identity (8.783065ms)
✔ parent published overview requires explicit section absence, DAILY week facts and bounded purpose previews without private source fields (20.329045ms)
✔ announcement HTML retains paragraph/list formatting while dropping executable markup, URLs and tracking resources (6.402765ms)
✔ operation evidence validates metadata values and omits secret-like values and unknown fields (2.399341ms)
✔ parent month keeps actual sessions, mixed days and unmarked outside the attendance denominator (11.521426ms)
✔ parent month infers neither Sunday holidays nor missing-day presence and preserves actual published holiday names (0.747ms)
✔ parent month clips only to real exclusive year bounds and rejects malformed/outside-year selection (0.608885ms)
✔ parent month rejects missing calendar days, shifted date sources, unknown statuses and foreign date rows (0.714489ms)
✔ grant action and class scope stay together (1.406568ms)
✔ subject grants never authorize management without explicit subject policy (0.270429ms)
✔ end dates are exclusive and assignment is mandatory for default teacher grants (0.203616ms)
✔ a custom class grant authorizes only its delegated action and class (0.185924ms)
✔ a delegated grant cannot outlive an expiring authority, including an unbounded target or future start (0.239282ms)
✔ decimal scoring preserves fractional sums, negative penalties, explicit base, clamps and threshold boundaries (4.575949ms)
✔ fixed deltas reject overrides and manual deltas require bounds (2.059885ms)
✔ parent weekly timetable uses real Monday/calendar bounds and clips partial academic weeks (2.680504ms)
✔ parent weekly timetable rejects a source exceeding the total bound before response serialization (1.836051ms)
✔ XLSX parser bounds sparse dimensions and rejects formulas before workbook allocation (116.101461ms)
ℹ tests 48
ℹ suites 0
ℹ pass 48
ℹ fail 0
ℹ cancelled 0
ℹ skipped 0
ℹ todo 0
ℹ duration_ms 711.922324
