 Container edumanage_backend_test-postgres-1 Running 
 Container edumanage_backend_test-postgres-1 Waiting 
 Container edumanage_backend_test-postgres-1 Healthy 
 Container edumanage_backend_test-runner-run-a4e6828a3c0e Creating 
 Container edumanage_backend_test-runner-run-a4e6828a3c0e Created 
✔ B5 all 264 supplied operation IDs have registered real handlers (517.025862ms)
✔ BE01 migration replay is a no-op, mismatch fails and metadata remains intact (57.379917ms)
✔ BE02 cross-school enrollment FK rejects write using the real runtime role (10.029122ms)
✔ BE03 no-tenant denies and SET LOCAL cannot leak across a reused connection (3.947272ms)
✔ BE04 bootstrap only exposes the authenticated user memberships without tenant (3.709607ms)
✔ BE05 HOMEROOM A plus SUBJECT B cannot authorize seating or guardians in B (280.968226ms)
✔ BE06 revoked membership is checked during an existing session and B stays independent (137.711549ms)
✔ B6 self context carries only own current duties and separates self-profile from school contacts (387.416716ms)
✔ BE08 CSRF, credential validation, cookie flags, session rotation and rate limiting (396.652661ms)
✔ BE10 concurrent profile patches serialize with a single version winner (153.134801ms)
✔ BE21 parent runtime role cannot select raw student rows (2952.731041ms)
✔ B0 health ready checks actual migrations, database and private storage (20.379528ms)
✔ B2 class lists use SQL scope and cross-school details deny before serialization (321.716211ms)
✔ BE09 idempotent organization create/retry/concurrency performs one write (304.400605ms)
✔ B2 required idempotency, class capacity/reference validation and version conflicts (409.3479ms)
✔ B2 signed cursor rejects scope/filter modification and delivers distinct pages (223.965207ms)
✔ B2 subject student projection omits family/internal notes and denies guardians (470.544902ms)
✔ B2 guardian create does not merge matching phone, relationships start unverified (283.361361ms)
✔ BE07 existing identity invitation requires its session and preserves password/other school (611.889647ms)
✔ B1 password reset token is encrypted, single-use and revokes all prior sessions (367.912394ms)
✔ B2 staff delegation stays within the ceiling, custom class scope and immediate revocation (1463.250638ms)
✔ B2 transfers serialize capacity, handover removes the old teacher and rollover binds its preview (2764.8501ms)
✔ B2 scoped guardian creation cannot acquire an unrelated family through relationship IDs (810.337736ms)
✔ B2/B5 uploads remain private until worker processing, leases serialize and local mail erases encrypted secrets (4880.59911ms)
✔ B2 imports parse real CSV, bind stale previews, avoid name/phone merges and retain invalid rows safely (2865.123516ms)
✔ B2/B5 timetable import checks assignments and overlapping slots, creates only a draft and deduplicates retries (1808.043517ms)
✔ B2 imports update only verified codes, create class drafts and staff invitations with work profiles (4122.349012ms)
✔ B2 large import resumes after a lost chunk without duplicating applied rows and checks current school authority (3618.795211ms)
✔ B3 attendance starts unmarked, versions every source change and publishes immutable one-student projections (472.513668ms)
✔ B3 subject attendance requires its actual lesson and cannot borrow daily access from another class (362.42996ms)
✔ B3 a simultaneous attendance edit and publish has one winner and never publishes a mixed source version (155.46463ms)
✔ B3 rule sets require explicit points, immutable issuance and effective week application (357.62594ms)
✔ B3 conduct reviews preserve facts, lock READY projections and publish only the exact pinned source (770.541015ms)
✔ B3 conduct linked attendance detects stale sources and subject teachers see only their own lesson facts (782.816794ms)
✔ B3 approved adjustments retain old facts and atomically replace the current publication with a reviewed preview (507.88975ms)
✔ B3 a simultaneous conduct record and lock/publish has one source winner (250.145254ms)
✔ B3 attendance linkage deduplicates, excludes corrected drafts and leaves locked scores unchanged with explicit warnings (411.115566ms)
✔ B4 private parent links expose only published child projections, preserve staff cookies and bind the active tab context (883.469765ms)
✔ B4 section/download rights, reissue, relationship revocation and foreign UUIDs are checked on each new parent request (533.125544ms)
✔ B4 private documents stream only with both download rights, and teacher contact projections use shared work fields (668.395501ms)
✔ B4 expired links, suspended schools, CSRF and exchange throttles deny without creating a parent identity (499.247584ms)
✔ B1 delegated grants and invitation acceptance stay inside the current expiry ceiling; backdated assignments require a reason (296.555778ms)
✔ B2 shrinking class capacity checks planned future occupancy peaks, rather than only today (118.396587ms)
✔ B5 dated groups retain moves and same-day cancellations, require current class versions and end group-leader duties (476.167824ms)
✔ B5 position holders serialize and remain valid conduct sources; locked source history cannot be shortened (1058.698139ms)
✔ B5 seating validates effective enrollment and unique seats, preserves dated revisions and denies subject-only reads (762.238005ms)
✔ B2/B5 a transfer closes dated groups/positions and retains cancelled future plans atomically (354.192127ms)
✔ B5 timetable materializes bounded future lessons, publishes child-only projections and preserves past/source history (669.318887ms)
✔ B5 timetable rejects teacher/room collisions and revoked assignments, skips holidays and revalidates source versions (870.195168ms)
✔ B5 duties publish only individual tasks, reject foreign enrollment and retain immutable publication/withdraw history (433.040618ms)
✔ B5 group duties expand the effective group at publication and retain the individual targets after later moves (593.424698ms)
✔ B5 activities count only explicit participants, preserve published states and require current source/review authority (853.269761ms)
✔ B5 approved activity results are explicit conduct sources and locked approved facts protect their source history (370.70037ms)
✔ B5 evidence stays private until review and publication; parent documents remain child-bound and filter file availability (1257.214025ms)
✔ B5 class announcements retain immutable publication across edits, bind one recipient and reject foreign class reads (1717.34522ms)
✔ B5 public school announcements sanitize content and keep draft/private replacements out of the public projection (1263.246575ms)
✔ B5 scheduled announcements wait for their due time, publish once through a worker and safely replay after an acknowledgement loss (1218.234336ms)
✔ B5 scheduled publication rechecks the creator grant and reports a failed queue without exposing a parent snapshot (1233.103743ms)
✔ B5 announcement attachments remain private to one child, obey link download rights and disappear when archived or withdrawn (1255.906373ms)
✔ B5 school settings persist with version guards, affect only new link expiry and suppress work contacts without changing old link permissions (797.261476ms)
✔ B5 disabling homeroom publication takes effect inside existing sessions and restores only after an explicit setting change (650.111109ms)
✔ B3 configured second approval rejects self approval in API and SQL, while a different scoped approver permits atomic adjustment (519.947767ms)
✔ B5 personal notifications paginate across actual memberships, deduplicate publication events and deny foreign recipients and cross-user cursors (897.102969ms)
✔ B5 withdrawn announcements redact retained staff notifications instead of exposing a stale published target (752.992398ms)
✔ B5 dashboards count real scoped rows, keep homeroom and subject tasks separate and immediately recheck revocation (1864.810895ms)
✔ B5 teacher schedule is own dated teaching and announcement feed reads only current publications across draft edits (1441.863591ms)
✔ B5 dashboard attendance counters and publication tasks follow persisted marks, publish/withdraw and current school policy (1377.163636ms)
✔ B2 platform creates only metadata drafts, bootstraps admin roles/invitations and requires an active administrator for activation (580.024693ms)
✔ B5 platform settings and operation records persist actual state, redact artifacts and reauthorize command replays (214.931345ms)
✔ B1 platform admin invitations obey operator expiry ceilings and acceptance rolls back after authority expires (121.405996ms)
✔ B5 support tickets persist both sides, preserve queue states and exact timestamp pagination, and deny other schools (305.970265ms)
✔ B1 support requests require independent current school consent, retain immutable scope and bind tickets/classes/actions/time (247.721049ms)
✔ B1 explicitly selected support grants authorize only scoped metadata GETs, audit the actual operator and force read-only SQL (215.753784ms)
✔ B1 school-wide support metadata never exposes import rows/downloads and expires without fallback to operator privileges (3419.967603ms)
✔ B1 an operator who also has school-admin rights still cannot self-approve or combine selected support scope with ordinary rights (191.831972ms)
✔ B5 signed native keysets cross a nullable sort boundary without dropping or repeating persisted schools (209.300991ms)
✔ B5 report SQL uses real scoped counts and immutable CSV export content while live attendance changes (666.319251ms)
✔ B5 published report exports pin revisions across replacement and withdrawal without exposing drafts (736.365859ms)
✔ B5 export XLSX/PDF are actual files with literal formula text, Vietnamese font and private download authorization (858.990858ms)
✔ B5 subject reports remain own lesson attendance and scoped activities without school/family/conduct/export access (207.157565ms)
✔ B5 export workers and all file paths reauthorize revocation, expiry and cancellation, and replay completed work safely (772.973741ms)
✔ B5 conduct/activity/progress/link reports use actual pinned scores, explicit participant denominators and anonymous link use (737.906948ms)
ℹ tests 82
ℹ suites 0
ℹ pass 82
ℹ fail 0
ℹ cancelled 0
ℹ skipped 0
ℹ todo 0
ℹ duration_ms 70318.801277
