 Container edumanage_backend_test-runner-run-625f6a9acd4a Creating 
 Container edumanage_backend_test-runner-run-625f6a9acd4a Created 
✔ staff preview context has a minimal context schema and independent school authority (9.139741ms)
✔ class workspace header has exact year routing and explicitly permits absent independent period metadata (18.544958ms)
✔ class workspace overview is exact-class staff read with nullable panels bounded previews and no private source objects (19.725496ms)
✖ native organization seating save requires the displayed revision and rejects actor or scope authority in its body (3.552628ms)
✔ all operation IDs are unique, including the explicit frontend workflow extensions (2.111357ms)
✔ atomic school roles require a displayed version and unique explicit role IDs without actor authority (9.599727ms)
✔ reviewed parent issuance requires every reviewed source version and rejects contact/token/actor fields (7.722033ms)
✔ parent staff metadata excludes bearer/private fields and history represents missing device/section explicitly (7.696174ms)
✔ school invite retains zero or multiple roles and the 1–30 day form without widening platform admin invitations (3.613603ms)
✔ login rejects spoofed role, school and unknown fields (0.98418ms)
✔ private user DTO rejects secrets and unknown properties (2.157341ms)
✔ platform first administrator supports server start time and rejects scope spoofing or excessive invitation lifetime (0.250689ms)
✔ school overview accepts explicit unavailable panels and rejects private directory fields (21.393357ms)
✔ directory represents invitations without fake memberships and keeps unavailable invitation KPI explicit (6.198928ms)
✔ member profile separates denied panels and exact native authority without exposing other school metadata (17.375956ms)
✔ invitation choices use invitation authority and never lend role metadata or contacts (2.73097ms)
✔ atomic guardian save requires displayed student and primary versions without verification or actor fields (17.314822ms)
✔ assignment preview is a CSRF-protected read-only POST and preserves explicit source versions without actor authority (3.158434ms)
✔ assignment matrix represents a real unconfigured year and empty cells without borrowing profiles, rosters or permissions (21.076547ms)
✔ role details retain exact native scopes and denied panels without exposing staff contacts or a fabricated editable system role (17.154639ms)
✔ handover receipts retain unknown legacy metadata and strict reviewed source fields without exposing the internal state (8.729509ms)
✔ student forms persist nullable gender and an atomic unverified guardian without accepting actor or result state (22.56989ms)
✔ student read models distinguish denied and unknown values and exclude reusable parent tokens (33.731883ms)
✔ guardian projections exclude student private profiles and audit snapshots and require explicit denied panels (20.082423ms)
✔ student-create options are a minimal write-purpose class projection without roster or borrowed catalogs (9.195017ms)
✔ parent context metadata distinguishes year, link and session bounds without child private fields (0.707532ms)
✔ parent attendance month preserves real session/holiday counts and rejects private fields or invented calendar states (9.647838ms)
✔ parent teacher directory requires explicit nullable work metadata and minimal unique weekdays without raw staff identity (3.417569ms)
✔ parent duty schedule exposes only concrete published tasks with explicit status and year/date metadata (10.444819ms)
✔ parent weekly timetable requires explicit published status, timezone and nullable pinned metadata without raw source fields (4.938515ms)
✔ parent document directory requires real independent capabilities and minimal report fields without storage keys (5.78469ms)
✔ parent shared content keeps pinned nullable metadata and independent attachments without raw sources or recipients (18.797715ms)
✔ parent conduct display exposes published own history and explicit absent metadata without staff rules or cohort identity (5.908638ms)
✔ parent published overview requires explicit section absence, DAILY week facts and bounded purpose previews without private source fields (18.5303ms)
✔ announcement HTML retains paragraph/list formatting while dropping executable markup, URLs and tracking resources (6.218349ms)
✔ operation evidence validates metadata values and omits secret-like values and unknown fields (1.669019ms)
✔ parent month keeps actual sessions, mixed days and unmarked outside the attendance denominator (48.241368ms)
✔ parent month infers neither Sunday holidays nor missing-day presence and preserves actual published holiday names (0.76247ms)
✔ parent month clips only to real exclusive year bounds and rejects malformed/outside-year selection (0.987863ms)
✔ parent month rejects missing calendar days, shifted date sources, unknown statuses and foreign date rows (1.172594ms)
✔ grant action and class scope stay together (1.242484ms)
✔ subject grants never authorize management without explicit subject policy (0.168873ms)
✔ end dates are exclusive and assignment is mandatory for default teacher grants (0.155036ms)
✔ a custom class grant authorizes only its delegated action and class (0.138014ms)
✔ a delegated grant cannot outlive an expiring authority, including an unbounded target or future start (0.162ms)
✔ decimal scoring preserves fractional sums, negative penalties, explicit base, clamps and threshold boundaries (3.99408ms)
✔ fixed deltas reject overrides and manual deltas require bounds (0.603333ms)
✔ parent weekly timetable uses real Monday/calendar bounds and clips partial academic weeks (7.246925ms)
✔ parent weekly timetable rejects a source exceeding the total bound before response serialization (8.683779ms)
✔ XLSX parser bounds sparse dimensions and rejects formulas before workbook allocation (101.606048ms)
ℹ tests 50
ℹ suites 0
ℹ pass 49
ℹ fail 1
ℹ cancelled 0
ℹ skipped 0
ℹ todo 0
ℹ duration_ms 620.933019

✖ failing tests:

test at tests/contract/schemas.test.mjs:22:1
✖ native organization seating save requires the displayed revision and rejects actor or scope authority in its body (3.552628ms)
  Error: VALIDATION_ERROR
      at validateSchema (/srv/api/dist/common/contract.js:31:11)
      at TestContext.<anonymous> (file:///srv/api/tests/contract/schemas.test.mjs:23:169)
      at Test.runInAsyncScope (node:async_hooks:227:14)
      at Test.run (node:internal/test_runner/test:1402:25)
      at Test.processPendingSubtests (node:internal/test_runner/test:974:18)
      at Test.postRun (node:internal/test_runner/test:1542:19)
      at Test.run (node:internal/test_runner/test:1467:12)
      at async Test.processPendingSubtests (node:internal/test_runner/test:974:7) {
    status: 422,
    code: 'VALIDATION_ERROR',
    fieldErrors: [ { path: '/', code: 'required', message: 'Dữ liệu không hợp lệ' }, { path: '/', code: 'additionalProperties', message: 'Dữ liệu không hợp lệ' } ],
    currentVersion: undefined,
    resultId: undefined
  }

EXIT_CODE=1
