 Container edumanage_backend_test-postgres-1 Running
 Container edumanage_backend_test-postgres-1 Waiting
 Container edumanage_backend_test-postgres-1 Healthy
 Container edumanage_backend_test-runner-run-ea71392aebaa Creating
 Container edumanage_backend_test-runner-run-ea71392aebaa Created
✔ B5 all 264 supplied operations and explicit frontend workflow extensions have registered real handlers (461.306041ms)
✔ BE01 migration replay is a no-op, mismatch fails and metadata remains intact (56.563598ms)
✔ BE02 cross-school enrollment FK rejects write using the real runtime role (8.500117ms)
✔ BE03 no-tenant denies and SET LOCAL cannot leak across a reused connection (3.518193ms)
✔ BE04 bootstrap only exposes the authenticated user memberships without tenant (4.776131ms)
✔ BE05 HOMEROOM A plus SUBJECT B cannot authorize seating or guardians in B (286.025416ms)
✔ BE06 revoked membership is checked during an existing session and B stays independent (52.667876ms)
✔ B6 self context carries only own current duties and separates self-profile from school contacts (268.101501ms)
✔ BE08 CSRF, credential validation, cookie flags, session rotation and rate limiting (106.805001ms)
✔ BE10 concurrent profile patches serialize with a single version winner (52.608695ms)
✔ B6 password/session commands use actual cookies, reject bad passwords and revoke every session after change (325.999489ms)
{"checkpoint":"parent-without-context","queryMs":5.372,"planExecutionMs":0.016,"planRows":0}
✔ BE21 parent runtime role cannot select raw student rows (15.485868ms)
✔ B0 health ready checks actual migrations, database and private storage (23.610633ms)
✔ B2 class lists use SQL scope and cross-school details deny before serialization (181.535383ms)
✔ BE09 idempotent organization create/retry/concurrency performs one write (75.680035ms)
✔ B2 required idempotency, class capacity/reference validation and version conflicts (126.197901ms)
✔ B2 signed cursor rejects scope/filter modification and delivers distinct pages (1831.806786ms)
✔ B2 subject student projection omits family/internal notes and denies guardians (273.136724ms)
✔ B2 guardian create does not merge matching phone, relationships start unverified (141.396294ms)
✔ BE07 existing identity invitation requires its session and preserves password/other school (299.607924ms)
✔ B1 password reset token is encrypted, single-use and revokes all prior sessions (144.421884ms)
✔ B2 staff delegation stays within the ceiling, custom class scope and immediate revocation (678.986885ms)
✔ B2 transfers serialize capacity, handover removes the old teacher and rollover binds its preview (1745.530599ms)
✔ B2 scoped guardian creation cannot acquire an unrelated family through relationship IDs (451.062153ms)
✔ B2/B5 uploads remain private until worker processing, leases serialize and local mail erases encrypted secrets (15697.903098ms)
✔ B2 imports parse real CSV, bind stale previews, avoid name/phone merges and retain invalid rows safely (3885.186253ms)
✔ B2/B5 timetable import checks assignments and overlapping slots, creates only a draft and deduplicates retries (2249.265722ms)
✔ B2 imports update only verified codes, create class drafts and staff invitations with work profiles (5557.024999ms)
✔ B2 large import resumes after a lost chunk without duplicating applied rows and checks current school authority (4150.419057ms)
✔ B3 attendance starts unmarked, versions every source change and publishes immutable one-student projections (470.115907ms)
✔ B3 subject attendance requires its actual lesson and cannot borrow daily access from another class (410.693016ms)
✔ B3 a simultaneous attendance edit and publish has one winner and never publishes a mixed source version (168.89828ms)
✔ B3 rule sets require explicit points, immutable issuance and effective week application (367.404236ms)
✔ B3 conduct reviews preserve facts, lock READY projections and publish only the exact pinned source (840.432756ms)
✔ B3 conduct linked attendance detects stale sources and subject teachers see only their own lesson facts (840.809985ms)
✔ B3 approved adjustments retain old facts and atomically replace the current publication with a reviewed preview (534.262567ms)
✔ B3 a simultaneous conduct record and lock/publish has one source winner (246.807212ms)
✔ B3 attendance linkage deduplicates, excludes corrected drafts and leaves locked scores unchanged with explicit warnings (447.842169ms)
✔ B4 private parent links expose only published child projections, preserve staff cookies and bind the active tab context (944.757981ms)
✔ B4 section/download rights, reissue, relationship revocation and foreign UUIDs are checked on each new parent request (524.691277ms)
✔ B4 private documents stream only with both download rights, and teacher contact projections use shared work fields (623.933086ms)
✔ B4 expired links, suspended schools, CSRF and exchange throttles deny without creating a parent identity (476.21757ms)
✔ B1 delegated grants and invitation acceptance stay inside the current expiry ceiling; backdated assignments require a reason (272.457778ms)
✔ B2 shrinking class capacity checks planned future occupancy peaks, rather than only today (124.055899ms)
✔ B5 dated groups retain moves and same-day cancellations, require current class versions and end group-leader duties (528.378827ms)
✔ B5 position holders serialize and remain valid conduct sources; locked source history cannot be shortened (443.242444ms)
✔ B5 seating validates effective enrollment and unique seats, preserves dated revisions and denies subject-only reads (599.720585ms)
✔ B2/B5 a transfer closes dated groups/positions and retains cancelled future plans atomically (368.504625ms)
✔ B5 timetable materializes bounded future lessons, publishes child-only projections and preserves past/source history (681.508844ms)
✔ B5 timetable rejects teacher/room collisions and revoked assignments, skips holidays and revalidates source versions (936.993309ms)
✔ B5 duties publish only individual tasks, reject foreign enrollment and retain immutable publication/withdraw history (428.294936ms)
✔ B5 group duties expand the effective group at publication and retain the individual targets after later moves (624.815015ms)
✔ B5 activities count only explicit participants, preserve published states and require current source/review authority (877.614195ms)
✔ B5 approved activity results are explicit conduct sources and locked approved facts protect their source history (378.165775ms)
✔ B5 evidence stays private until review and publication; parent documents remain child-bound and filter file availability (1784.53607ms)
✔ B5 class announcements retain immutable publication across edits, bind one recipient and reject foreign class reads (1939.498522ms)
✔ B5 public school announcements sanitize content and keep draft/private replacements out of the public projection (1693.538444ms)
✔ B5 scheduled announcements wait for their due time, publish once through a worker and safely replay after an acknowledgement loss (1249.785661ms)
✔ B5 scheduled publication rechecks the creator grant and reports a failed queue without exposing a parent snapshot (1349.743553ms)
✔ B5 announcement attachments remain private to one child, obey link download rights and disappear when archived or withdrawn (1252.538725ms)
✔ B5 school settings persist with version guards, affect only new link expiry and suppress work contacts without changing old link permissions (853.65241ms)
✔ B5 disabling homeroom publication takes effect inside existing sessions and restores only after an explicit setting change (698.282793ms)
✔ B3 configured second approval rejects self approval in API and SQL, while a different scoped approver permits atomic adjustment (573.611486ms)
✔ B5 personal notifications paginate across actual memberships, deduplicate publication events and deny foreign recipients and cross-user cursors (1079.908433ms)
✔ B5 withdrawn announcements redact retained staff notifications instead of exposing a stale published target (1801.44163ms)
✔ B5 dashboards count real scoped rows, keep homeroom and subject tasks separate and immediately recheck revocation (6002.924715ms)
✔ B5 teacher schedule is own dated teaching and announcement feed reads only current publications across draft edits (1870.89926ms)
✔ B5 dashboard attendance counters and publication tasks follow persisted marks, publish/withdraw and current school policy (928.922411ms)
✔ B2 platform creates only metadata drafts, bootstraps admin roles/invitations and requires an active administrator for activation (937.918109ms)
✔ B5 platform settings and operation records persist actual state, redact artifacts and reauthorize command replays (826.984915ms)
✔ B1 platform admin invitations obey operator expiry ceilings and acceptance rolls back after authority expires (117.401192ms)
✔ B5 support tickets persist both sides, preserve queue states and exact timestamp pagination, and deny other schools (289.448052ms)
✔ B1 support requests require independent current school consent, retain immutable scope and bind tickets/classes/actions/time (249.49515ms)
✔ B1 explicitly selected support grants authorize only scoped metadata GETs, audit the actual operator and force read-only SQL (213.998908ms)
✔ B1 school-wide support metadata never exposes import rows/downloads and expires without fallback to operator privileges (3458.832062ms)
✔ B1 an operator who also has school-admin rights still cannot self-approve or combine selected support scope with ordinary rights (176.663378ms)
✔ B5 signed native keysets cross a nullable sort boundary without dropping or repeating persisted schools (1768.269881ms)
✔ B5 report SQL uses real scoped counts and immutable CSV export content while live attendance changes (749.814392ms)
✔ B5 published report exports pin revisions across replacement and withdrawal without exposing drafts (845.401598ms)
✔ B5 export XLSX/PDF are actual files with literal formula text, Vietnamese font and private download authorization (893.358011ms)
✔ B5 subject reports remain own lesson attendance and scoped activities without school/family/conduct/export access (299.650631ms)
✔ B5 export workers and all file paths reauthorize revocation, expiry and cancellation, and replay completed work safely (737.611987ms)
✔ B5 conduct/activity/progress/link reports use actual pinned scores, explicit participant denominators and anonymous link use (778.909272ms)
✔ B6 organization display fields persist with versions and tenant-safe references instead of being silently ignored (347.789109ms)
✔ B6 year wizard creates bounded terms, weeks, published holidays and independent draft rules atomically and idempotently (501.413207ms)
✔ B6 class form assigns homeroom atomically, denies foreign/backdated inputs, requires handover and preserves archived history (1033.854405ms)
✔ B6 organization projections scope counts in SQL and a year-only grant cannot copy or publish rules (3895.074106ms)
✔ B6 purpose-bound form pickers use current write authority, exclude contacts/roles/counts and deny normal directory access (362.315091ms)
✔ B6 rollover preview uses exact end-year enrollment, minimal workflow authority and immediate revocation (547.725851ms)
✔ B6 platform school wizard creates its optional admin invitation atomically and redacts form metadata (1688.675474ms)
✔ B6 platform school form readers never lend admin or read authority to a create-only operator (162.697599ms)
✔ B6 school overview keeps current scoped totals, actual setup and publication metadata without lending school-wide reads (5328.726889ms)
✔ B6 support choices/counts are scoped SQL metadata, ticket message/status save atomically and an operator only relinquishes its own grant (1013.54707ms)
✔ B6 platform audit filters exact actors and whole local date boundaries before pagination and denies school-only staff (330.0038ms)
✔ B6 school support metadata does not borrow consent authority, counts in SQL and rechecks permission before replay (1601.671454ms)
✔ B6 school audit uses the school timezone and exact SQL filters with tenant-safe history options (863.778666ms)
✔ B6 operational probes use worker-only cycle evidence, actual backup records and purpose-bound aggregate authority (1395.35679ms)
✔ B6 atomic school-role replacement retains expiry/class scopes, detects independent grants and rolls back all failures (1283.865908ms)
✔ B6 school-role replacement prevents self edits, last-admin removal, ceiling/expiry breaches and unauthorized cached replay (1108.268295ms)
✔ B6 ending a membership revokes all current/future grants and assignments without deleting history or other schools (1150.496828ms)
✔ B6 native school invitations persist all roles/profile, replay once and accept multiple or zero grants atomically (1250.181628ms)
✔ B6 zero-role invitation still rechecks current inviter membership and mail authority before acceptance (672.751763ms)
✔ B6 expired staff invitations cannot be revoked as pending or delivered, and preserve their history (553.809756ms)
✔ B6 staff directory combines authorized pending invitations in SQL, searches folded work data and counts before keysets (1026.817872ms)
✔ B6 directory read does not lend invitation, role catalog, assignment or export authority and revocation invalidates opaque scope cursors (801.591138ms)
✔ B6 Vietnamese composite keysets preserve given/full-name order, case/diacritic ties and nullable departments in both directions (1168.89681ms)
✔ B6 locked identities keep their directory lifecycle but have no effective grants, and active KPI does not fabricate access (510.226304ms)
ℹ tests 107
ℹ suites 0
ℹ pass 107
ℹ fail 0
ℹ cancelled 0
ℹ skipped 0
ℹ todo 0
ℹ duration_ms 117070.649174
