 Container edumanage_backend_test-postgres-1 Running 
 Container edumanage_backend_test-postgres-1 Waiting 
 Container edumanage_backend_test-postgres-1 Healthy 
 Container edumanage_backend_test-runner-run-7cd44e8b9d0a Creating 
 Container edumanage_backend_test-runner-run-7cd44e8b9d0a Created 
✔ B5 all 264 supplied operation IDs have registered real handlers (467.034307ms)
✔ BE01 migration replay is a no-op, mismatch fails and metadata remains intact (63.541862ms)
✔ BE02 cross-school enrollment FK rejects write using the real runtime role (10.450726ms)
✔ BE03 no-tenant denies and SET LOCAL cannot leak across a reused connection (4.06058ms)
✔ BE04 bootstrap only exposes the authenticated user memberships without tenant (4.15907ms)
✔ BE05 HOMEROOM A plus SUBJECT B cannot authorize seating or guardians in B (281.371318ms)
✔ BE06 revoked membership is checked during an existing session and B stays independent (153.976697ms)
✔ B6 self context carries only own current duties and separates self-profile from school contacts (275.309252ms)
✔ BE08 CSRF, credential validation, cookie flags, session rotation and rate limiting (91.576293ms)
✔ BE10 concurrent profile patches serialize with a single version winner (54.976178ms)
✔ B6 password/session commands use actual cookies, reject bad passwords and revoke every session after change (330.318063ms)
{"checkpoint":"parent-without-context","queryMs":5.479,"planExecutionMs":0.02,"planRows":0}
✔ BE21 parent runtime role cannot select raw student rows (15.804493ms)
✔ B0 health ready checks actual migrations, database and private storage (19.531269ms)
✔ B2 class lists use SQL scope and cross-school details deny before serialization (190.232541ms)
✔ BE09 idempotent organization create/retry/concurrency performs one write (75.616632ms)
✔ B2 required idempotency, class capacity/reference validation and version conflicts (126.779521ms)
✔ B2 signed cursor rejects scope/filter modification and delivers distinct pages (1409.575837ms)
✔ B2 subject student projection omits family/internal notes and denies guardians (305.732129ms)
✔ B2 guardian create does not merge matching phone, relationships start unverified (121.299257ms)
✔ BE07 existing identity invitation requires its session and preserves password/other school (234.927729ms)
✔ B1 password reset token is encrypted, single-use and revokes all prior sessions (135.680129ms)
✔ B2 staff delegation stays within the ceiling, custom class scope and immediate revocation (680.994228ms)
✔ B2 transfers serialize capacity, handover removes the old teacher and rollover binds its preview (982.95994ms)
✔ B2 scoped guardian creation cannot acquire an unrelated family through relationship IDs (357.628302ms)
✔ B2/B5 uploads remain private until worker processing, leases serialize and local mail erases encrypted secrets (6878.102185ms)
✔ B2 imports parse real CSV, bind stale previews, avoid name/phone merges and retain invalid rows safely (3149.974622ms)
✔ B2/B5 timetable import checks assignments and overlapping slots, creates only a draft and deduplicates retries (1954.034365ms)
✔ B2 imports update only verified codes, create class drafts and staff invitations with work profiles (4546.041922ms)
✔ B2 large import resumes after a lost chunk without duplicating applied rows and checks current school authority (3654.330841ms)
✔ B3 attendance starts unmarked, versions every source change and publishes immutable one-student projections (468.790273ms)
✔ B3 subject attendance requires its actual lesson and cannot borrow daily access from another class (446.182861ms)
✔ B3 a simultaneous attendance edit and publish has one winner and never publishes a mixed source version (154.899854ms)
✔ B3 rule sets require explicit points, immutable issuance and effective week application (353.0742ms)
✔ B3 conduct reviews preserve facts, lock READY projections and publish only the exact pinned source (766.957162ms)
✔ B3 conduct linked attendance detects stale sources and subject teachers see only their own lesson facts (865.711297ms)
✔ B3 approved adjustments retain old facts and atomically replace the current publication with a reviewed preview (464.330667ms)
✔ B3 a simultaneous conduct record and lock/publish has one source winner (258.807788ms)
✔ B3 attendance linkage deduplicates, excludes corrected drafts and leaves locked scores unchanged with explicit warnings (458.223048ms)
✔ B4 private parent links expose only published child projections, preserve staff cookies and bind the active tab context (845.22609ms)
✔ B4 section/download rights, reissue, relationship revocation and foreign UUIDs are checked on each new parent request (483.593852ms)
✔ B4 private documents stream only with both download rights, and teacher contact projections use shared work fields (598.559237ms)
✔ B4 expired links, suspended schools, CSRF and exchange throttles deny without creating a parent identity (910.390637ms)
✔ B1 delegated grants and invitation acceptance stay inside the current expiry ceiling; backdated assignments require a reason (519.406091ms)
✔ B2 shrinking class capacity checks planned future occupancy peaks, rather than only today (262.097021ms)
✔ B5 dated groups retain moves and same-day cancellations, require current class versions and end group-leader duties (1388.202384ms)
✔ B5 position holders serialize and remain valid conduct sources; locked source history cannot be shortened (1159.798748ms)
✔ B5 seating validates effective enrollment and unique seats, preserves dated revisions and denies subject-only reads (1371.38955ms)
✔ B2/B5 a transfer closes dated groups/positions and retains cancelled future plans atomically (1240.27765ms)
✔ B5 timetable materializes bounded future lessons, publishes child-only projections and preserves past/source history (1999.323181ms)
✔ B5 timetable rejects teacher/room collisions and revoked assignments, skips holidays and revalidates source versions (903.141906ms)
✔ B5 duties publish only individual tasks, reject foreign enrollment and retain immutable publication/withdraw history (408.350494ms)
✔ B5 group duties expand the effective group at publication and retain the individual targets after later moves (616.672703ms)
✔ B5 activities count only explicit participants, preserve published states and require current source/review authority (847.526715ms)
✔ B5 approved activity results are explicit conduct sources and locked approved facts protect their source history (365.829793ms)
✔ B5 evidence stays private until review and publication; parent documents remain child-bound and filter file availability (1344.096009ms)
✔ B5 class announcements retain immutable publication across edits, bind one recipient and reject foreign class reads (1757.572124ms)
✔ B5 public school announcements sanitize content and keep draft/private replacements out of the public projection (1531.54949ms)
✔ B5 scheduled announcements wait for their due time, publish once through a worker and safely replay after an acknowledgement loss (1158.3739ms)
✔ B5 scheduled publication rechecks the creator grant and reports a failed queue without exposing a parent snapshot (1341.544068ms)
✔ B5 announcement attachments remain private to one child, obey link download rights and disappear when archived or withdrawn (1203.508731ms)
✔ B5 school settings persist with version guards, affect only new link expiry and suppress work contacts without changing old link permissions (836.663707ms)
✔ B5 disabling homeroom publication takes effect inside existing sessions and restores only after an explicit setting change (652.686028ms)
✔ B3 configured second approval rejects self approval in API and SQL, while a different scoped approver permits atomic adjustment (523.995754ms)
✔ B5 personal notifications paginate across actual memberships, deduplicate publication events and deny foreign recipients and cross-user cursors (954.236702ms)
✔ B5 withdrawn announcements redact retained staff notifications instead of exposing a stale published target (950.2633ms)
✔ B5 dashboards count real scoped rows, keep homeroom and subject tasks separate and immediately recheck revocation (1401.709904ms)
✔ B5 teacher schedule is own dated teaching and announcement feed reads only current publications across draft edits (1791.932296ms)
✔ B5 dashboard attendance counters and publication tasks follow persisted marks, publish/withdraw and current school policy (1430.966846ms)
✔ B2 platform creates only metadata drafts, bootstraps admin roles/invitations and requires an active administrator for activation (1615.400353ms)
✔ B5 platform settings and operation records persist actual state, redact artifacts and reauthorize command replays (417.153064ms)
✔ B1 platform admin invitations obey operator expiry ceilings and acceptance rolls back after authority expires (114.615612ms)
✔ B5 support tickets persist both sides, preserve queue states and exact timestamp pagination, and deny other schools (293.466115ms)
✔ B1 support requests require independent current school consent, retain immutable scope and bind tickets/classes/actions/time (246.560806ms)
✔ B1 explicitly selected support grants authorize only scoped metadata GETs, audit the actual operator and force read-only SQL (213.064996ms)
✔ B1 school-wide support metadata never exposes import rows/downloads and expires without fallback to operator privileges (3432.569073ms)
✔ B1 an operator who also has school-admin rights still cannot self-approve or combine selected support scope with ordinary rights (170.735033ms)
✔ B5 signed native keysets cross a nullable sort boundary without dropping or repeating persisted schools (235.90238ms)
✔ B5 report SQL uses real scoped counts and immutable CSV export content while live attendance changes (686.026711ms)
✔ B5 published report exports pin revisions across replacement and withdrawal without exposing drafts (819.623636ms)
✔ B5 export XLSX/PDF are actual files with literal formula text, Vietnamese font and private download authorization (868.17041ms)
✔ B5 subject reports remain own lesson attendance and scoped activities without school/family/conduct/export access (244.275279ms)
✔ B5 export workers and all file paths reauthorize revocation, expiry and cancellation, and replay completed work safely (679.742804ms)
✔ B5 conduct/activity/progress/link reports use actual pinned scores, explicit participant denominators and anonymous link use (729.858274ms)
✔ B6 organization display fields persist with versions and tenant-safe references instead of being silently ignored (335.354924ms)
✔ B6 year wizard creates bounded terms, weeks, published holidays and independent draft rules atomically and idempotently (454.049981ms)
✔ B6 class form assigns homeroom atomically, denies foreign/backdated inputs, requires handover and preserves archived history (654.707676ms)
✔ B6 organization projections scope counts in SQL and a year-only grant cannot copy or publish rules (3795.05927ms)
✔ B6 purpose-bound form pickers use current write authority, exclude contacts/roles/counts and deny normal directory access (1064.807947ms)
ℹ tests 88
ℹ suites 0
ℹ pass 88
ℹ fail 0
ℹ cancelled 0
ℹ skipped 0
ℹ todo 0
ℹ duration_ms 79428.090636
