 Container edumanage_backend_test-postgres-1 Running 
 Container edumanage_backend_test-postgres-1 Waiting 
 Container edumanage_backend_test-postgres-1 Healthy 
 Container edumanage_backend_test-runner-run-cf72a2a158dc Creating 
 Container edumanage_backend_test-runner-run-cf72a2a158dc Created 
✔ B5 all 264 supplied operation IDs have registered real handlers (382.894192ms)
✔ BE01 migration replay is a no-op, mismatch fails and metadata remains intact (70.043222ms)
✔ BE02 cross-school enrollment FK rejects write using the real runtime role (9.581475ms)
✔ BE03 no-tenant denies and SET LOCAL cannot leak across a reused connection (3.801751ms)
✔ BE04 bootstrap only exposes the authenticated user memberships without tenant (3.647174ms)
✔ BE05 HOMEROOM A plus SUBJECT B cannot authorize seating or guardians in B (256.268796ms)
✔ BE06 revoked membership is checked during an existing session and B stays independent (53.129137ms)
✔ B6 self context carries only own current duties and separates self-profile from school contacts (134.818818ms)
✔ BE08 CSRF, credential validation, cookie flags, session rotation and rate limiting (91.716073ms)
✔ BE10 concurrent profile patches serialize with a single version winner (89.695669ms)
✔ B6 password/session commands use actual cookies, reject bad passwords and revoke every session after change (376.349965ms)
{"checkpoint":"parent-without-context","queryMs":5.659,"planExecutionMs":0.019,"planRows":0}
✔ BE21 parent runtime role cannot select raw student rows (15.957799ms)
✔ B0 health ready checks actual migrations, database and private storage (19.249248ms)
✔ B2 class lists use SQL scope and cross-school details deny before serialization (188.786313ms)
✔ BE09 idempotent organization create/retry/concurrency performs one write (72.880418ms)
✔ B2 required idempotency, class capacity/reference validation and version conflicts (131.229079ms)
✔ B2 signed cursor rejects scope/filter modification and delivers distinct pages (1397.878799ms)
✔ B2 subject student projection omits family/internal notes and denies guardians (304.831212ms)
✔ B2 guardian create does not merge matching phone, relationships start unverified (107.49198ms)
✔ BE07 existing identity invitation requires its session and preserves password/other school (225.638782ms)
✔ B1 password reset token is encrypted, single-use and revokes all prior sessions (135.849342ms)
✔ B2 staff delegation stays within the ceiling, custom class scope and immediate revocation (666.144891ms)
✔ B2 transfers serialize capacity, handover removes the old teacher and rollover binds its preview (999.506492ms)
✔ B2 scoped guardian creation cannot acquire an unrelated family through relationship IDs (365.186803ms)
✔ B2/B5 uploads remain private until worker processing, leases serialize and local mail erases encrypted secrets (7254.074078ms)
✔ B2 imports parse real CSV, bind stale previews, avoid name/phone merges and retain invalid rows safely (3200.644438ms)
✔ B2/B5 timetable import checks assignments and overlapping slots, creates only a draft and deduplicates retries (1976.02273ms)
✔ B2 imports update only verified codes, create class drafts and staff invitations with work profiles (4516.251378ms)
✔ B2 large import resumes after a lost chunk without duplicating applied rows and checks current school authority (3809.983871ms)
✔ B3 attendance starts unmarked, versions every source change and publishes immutable one-student projections (485.124917ms)
✔ B3 subject attendance requires its actual lesson and cannot borrow daily access from another class (493.199874ms)
✔ B3 a simultaneous attendance edit and publish has one winner and never publishes a mixed source version (168.136762ms)
✔ B3 rule sets require explicit points, immutable issuance and effective week application (368.160077ms)
✔ B3 conduct reviews preserve facts, lock READY projections and publish only the exact pinned source (709.733443ms)
✔ B3 conduct linked attendance detects stale sources and subject teachers see only their own lesson facts (802.03585ms)
✔ B3 approved adjustments retain old facts and atomically replace the current publication with a reviewed preview (469.895055ms)
✔ B3 a simultaneous conduct record and lock/publish has one source winner (233.507982ms)
✔ B3 attendance linkage deduplicates, excludes corrected drafts and leaves locked scores unchanged with explicit warnings (426.726009ms)
✔ B4 private parent links expose only published child projections, preserve staff cookies and bind the active tab context (844.858981ms)
✔ B4 section/download rights, reissue, relationship revocation and foreign UUIDs are checked on each new parent request (537.463771ms)
✔ B4 private documents stream only with both download rights, and teacher contact projections use shared work fields (662.70686ms)
✔ B4 expired links, suspended schools, CSRF and exchange throttles deny without creating a parent identity (459.261203ms)
✔ B1 delegated grants and invitation acceptance stay inside the current expiry ceiling; backdated assignments require a reason (265.381619ms)
✔ B2 shrinking class capacity checks planned future occupancy peaks, rather than only today (111.280272ms)
✔ B5 dated groups retain moves and same-day cancellations, require current class versions and end group-leader duties (502.793439ms)
✔ B5 position holders serialize and remain valid conduct sources; locked source history cannot be shortened (427.476603ms)
✔ B5 seating validates effective enrollment and unique seats, preserves dated revisions and denies subject-only reads (626.877006ms)
✔ B2/B5 a transfer closes dated groups/positions and retains cancelled future plans atomically (353.921832ms)
✔ B5 timetable materializes bounded future lessons, publishes child-only projections and preserves past/source history (721.806051ms)
✔ B5 timetable rejects teacher/room collisions and revoked assignments, skips holidays and revalidates source versions (911.688679ms)
✔ B5 duties publish only individual tasks, reject foreign enrollment and retain immutable publication/withdraw history (452.992187ms)
✔ B5 group duties expand the effective group at publication and retain the individual targets after later moves (619.406345ms)
✔ B5 activities count only explicit participants, preserve published states and require current source/review authority (877.934487ms)
✔ B5 approved activity results are explicit conduct sources and locked approved facts protect their source history (366.968185ms)
✔ B5 evidence stays private until review and publication; parent documents remain child-bound and filter file availability (1314.266048ms)
✔ B5 class announcements retain immutable publication across edits, bind one recipient and reject foreign class reads (1786.59472ms)
✔ B5 public school announcements sanitize content and keep draft/private replacements out of the public projection (1456.331084ms)
✔ B5 scheduled announcements wait for their due time, publish once through a worker and safely replay after an acknowledgement loss (1195.184646ms)
✔ B5 scheduled publication rechecks the creator grant and reports a failed queue without exposing a parent snapshot (1366.610173ms)
✔ B5 announcement attachments remain private to one child, obey link download rights and disappear when archived or withdrawn (1230.19176ms)
✔ B5 school settings persist with version guards, affect only new link expiry and suppress work contacts without changing old link permissions (868.253949ms)
✔ B5 disabling homeroom publication takes effect inside existing sessions and restores only after an explicit setting change (661.332544ms)
✔ B3 configured second approval rejects self approval in API and SQL, while a different scoped approver permits atomic adjustment (544.316023ms)
✔ B5 personal notifications paginate across actual memberships, deduplicate publication events and deny foreign recipients and cross-user cursors (948.330476ms)
✔ B5 withdrawn announcements redact retained staff notifications instead of exposing a stale published target (978.291829ms)
✔ B5 dashboards count real scoped rows, keep homeroom and subject tasks separate and immediately recheck revocation (1335.073771ms)
✔ B5 teacher schedule is own dated teaching and announcement feed reads only current publications across draft edits (1751.777382ms)
✔ B5 dashboard attendance counters and publication tasks follow persisted marks, publish/withdraw and current school policy (846.654199ms)
✔ B2 platform creates only metadata drafts, bootstraps admin roles/invitations and requires an active administrator for activation (704.805248ms)
✔ B5 platform settings and operation records persist actual state, redact artifacts and reauthorize command replays (205.650295ms)
✔ B1 platform admin invitations obey operator expiry ceilings and acceptance rolls back after authority expires (117.215835ms)
✔ B5 support tickets persist both sides, preserve queue states and exact timestamp pagination, and deny other schools (586.105488ms)
✔ B1 support requests require independent current school consent, retain immutable scope and bind tickets/classes/actions/time (615.674862ms)
✔ B1 explicitly selected support grants authorize only scoped metadata GETs, audit the actual operator and force read-only SQL (252.719568ms)
✔ B1 school-wide support metadata never exposes import rows/downloads and expires without fallback to operator privileges (3453.451326ms)
✔ B1 an operator who also has school-admin rights still cannot self-approve or combine selected support scope with ordinary rights (173.626543ms)
✔ B5 signed native keysets cross a nullable sort boundary without dropping or repeating persisted schools (199.653013ms)
✔ B5 report SQL uses real scoped counts and immutable CSV export content while live attendance changes (674.806774ms)
✔ B5 published report exports pin revisions across replacement and withdrawal without exposing drafts (733.05474ms)
✔ B5 export XLSX/PDF are actual files with literal formula text, Vietnamese font and private download authorization (839.882083ms)
✔ B5 subject reports remain own lesson attendance and scoped activities without school/family/conduct/export access (244.344182ms)
✔ B5 export workers and all file paths reauthorize revocation, expiry and cancellation, and replay completed work safely (729.093123ms)
✔ B5 conduct/activity/progress/link reports use actual pinned scores, explicit participant denominators and anonymous link use (747.786853ms)
✔ B6 organization display fields persist with versions and tenant-safe references instead of being silently ignored (392.64875ms)
✔ B6 year wizard creates bounded terms, weeks, published holidays and independent draft rules atomically and idempotently (478.036643ms)
✔ B6 class form assigns homeroom atomically, denies foreign/backdated inputs, requires handover and preserves archived history (693.441791ms)
✔ B6 organization projections scope counts in SQL and a year-only grant cannot copy or publish rules (3476.481066ms)
✔ B6 purpose-bound form pickers use current write authority, exclude contacts/roles/counts and deny normal directory access (659.43189ms)
ℹ tests 88
ℹ suites 0
ℹ pass 88
ℹ fail 0
ℹ cancelled 0
ℹ skipped 0
ℹ todo 0
ℹ duration_ms 72762.497036
