✔ all operation IDs are unique, including the explicit frontend workflow extensions (1.1845ms)
✔ atomic school roles require a displayed version and unique explicit role IDs without actor authority (8.3202ms)
✔ school invite retains zero or multiple roles and the 1–30 day form without widening platform admin invitations (4.5814ms)
✔ login rejects spoofed role, school and unknown fields (1.1312ms)
✔ private user DTO rejects secrets and unknown properties (3.6175ms)
✔ platform first administrator supports server start time and rejects scope spoofing or excessive invitation lifetime (0.2329ms)
✔ school overview accepts explicit unavailable panels and rejects private directory fields (21.9474ms)
✔ directory represents invitations without fake memberships and keeps unavailable invitation KPI explicit (8.988ms)
✔ member profile separates denied panels and exact native authority without exposing other school metadata (27.5297ms)
✔ atomic guardian save requires displayed student and primary versions without verification or actor fields (11.5132ms)
✔ assignment preview is a CSRF-protected read-only POST and preserves explicit source versions without actor authority (2.3807ms)
✔ assignment matrix represents a real unconfigured year and empty cells without borrowing profiles, rosters or permissions (14.1863ms)
✔ role details retain exact native scopes and denied panels without exposing staff contacts or a fabricated editable system role (15.8683ms)
✔ handover receipts retain unknown legacy metadata and strict reviewed source fields without exposing the internal state (10.6842ms)
✔ student forms persist nullable gender and an atomic unverified guardian without accepting actor or result state (28.5166ms)
✔ student read models distinguish denied and unknown values and exclude reusable parent tokens (32.5625ms)
✔ guardian projections exclude student private profiles and audit snapshots and require explicit denied panels (19.7285ms)
✔ announcement HTML retains paragraph/list formatting while dropping executable markup, URLs and tracking resources (3.6635ms)
✔ operation evidence validates metadata values and omits secret-like values and unknown fields (1.6327ms)
✔ grant action and class scope stay together (0.802ms)
✔ subject grants never authorize management without explicit subject policy (0.1398ms)
✔ end dates are exclusive and assignment is mandatory for default teacher grants (0.1146ms)
✔ a custom class grant authorizes only its delegated action and class (0.1273ms)
✔ a delegated grant cannot outlive an expiring authority, including an unbounded target or future start (0.1616ms)
✔ decimal scoring preserves fractional sums, negative penalties, explicit base, clamps and threshold boundaries (3.0754ms)
✔ fixed deltas reject overrides and manual deltas require bounds (0.3453ms)
✔ XLSX parser bounds sparse dimensions and rejects formulas before workbook allocation (92.7513ms)
ℹ tests 27
ℹ suites 0
ℹ pass 27
ℹ fail 0
ℹ cancelled 0
ℹ skipped 0
ℹ todo 0
ℹ duration_ms 457.0512
