
 RUN  v3.2.7 D:/Edu

 ✓ tests/unit/api-client.test.ts (11 tests) 35ms
 ✓ tests/unit/api-lists-fragments.test.ts (10 tests) 36ms
 ✓ tests/unit/api-support-adapter.test.ts (5 tests) 38ms
 ✓ tests/unit/api-session.test.ts (9 tests) 53ms
 ✓ tests/unit/api-query-boundary.test.ts (5 tests) 41ms
 ✓ tests/unit/api-guardians-adapter.test.ts (10 tests) 50ms
 ✓ tests/unit/api-rollover-adapter.test.ts (8 tests) 66ms
 ✓ tests/unit/api-school-adapter.test.ts (16 tests) 57ms
 ✓ tests/unit/api-platform-adapter.test.ts (12 tests) 58ms
 ✓ tests/unit/api-students-adapter.test.ts (11 tests) 61ms
 ✓ tests/unit/api-staff-directory.test.ts (6 tests) 36ms
 ✓ tests/unit/api-role-adapter.test.ts (5 tests) 37ms
 ✓ tests/unit/api-assignment-adapter.test.ts (8 tests) 45ms
 ✓ tests/unit/api-staff-adapter.test.ts (9 tests) 50ms
 ✓ tests/unit/api-handover-adapter.test.ts (8 tests) 57ms
 ✓ tests/unit/api-scope-guard.test.ts (5 tests) 6ms
 ✓ tests/unit/api-context.test.ts (1 test) 4ms
 ✓ tests/unit/api-member-details.test.ts (5 tests) 13ms
 ✓ tests/unit/api-session-adapter.test.ts (2 tests) 20ms

 Test Files  19 passed (19)
      Tests  146 passed (146)
   Start at  07:59:24
   Duration  1.18s (transform 1.44s, setup 1.04s, collect 3.77s, tests 765ms, environment 4ms, prepare 2.64s)
