 Container edumanage_backend_test-postgres-1 Running
 Container edumanage_backend_test-postgres-1 Waiting
 Container edumanage_backend_test-postgres-1 Healthy
 Container edumanage_backend_test-runner-run-d78e9af402bf Creating
 Container edumanage_backend_test-runner-run-d78e9af402bf Created
✔ B5 all 264 supplied operations and explicit frontend workflow extensions have registered real handlers (558.637465ms)
✔ BE01 migration replay is a no-op, mismatch fails and metadata remains intact (79.426833ms)
✔ BE02 cross-school enrollment FK rejects write using the real runtime role (12.410249ms)
✔ BE03 no-tenant denies and SET LOCAL cannot leak across a reused connection (4.359957ms)
✔ BE04 bootstrap only exposes the authenticated user memberships without tenant (7.145871ms)
✔ BE05 HOMEROOM A plus SUBJECT B cannot authorize seating or guardians in B (2259.757328ms)
✔ BE06 revoked membership is checked during an existing session and B stays independent (41.104441ms)
✔ B6 self context carries only own current duties and separates self-profile from school contacts (4358.211854ms)
✔ BE08 CSRF, credential validation, cookie flags, session rotation and rate limiting (116.630485ms)
✔ BE10 concurrent profile patches serialize with a single version winner (64.658181ms)
✔ B6 password/session commands use actual cookies, reject bad passwords and revoke every session after change (392.541301ms)
{"checkpoint":"parent-without-context","queryMs":6.601,"planExecutionMs":0.017,"planRows":0}
✔ BE21 parent runtime role cannot select raw student rows (17.262452ms)
✔ B0 health ready checks actual migrations, database and private storage (28.77482ms)
✔ B2 class lists use SQL scope and cross-school details deny before serialization (293.636382ms)
✔ BE09 idempotent organization create/retry/concurrency performs one write (92.313052ms)
✔ B2 required idempotency, class capacity/reference validation and version conflicts (149.901293ms)
✔ B2 signed cursor rejects scope/filter modification and delivers distinct pages (3064.176943ms)
✔ B2 subject student projection omits family/internal notes and denies guardians (595.431976ms)
✔ B2 guardian create does not merge matching phone, relationships start unverified (343.296273ms)
✔ BE07 existing identity invitation requires its session and preserves password/other school (2471.298199ms)
✔ B1 password reset token is encrypted, single-use and revokes all prior sessions (459.514037ms)
✔ B2 staff delegation stays within the ceiling, custom class scope and immediate revocation (1601.465205ms)
✔ B2 transfers serialize capacity, handover removes the old teacher and rollover binds its preview (3087.617206ms)
✔ B2 scoped guardian creation cannot acquire an unrelated family through relationship IDs (684.204231ms)
✔ B2/B5 uploads remain private until worker processing, leases serialize and local mail erases encrypted secrets (77882.868884ms)
✔ B2 imports parse real CSV, bind stale previews, avoid name/phone merges and retain invalid rows safely (4827.932803ms)
✔ B2/B5 timetable import checks assignments and overlapping slots, creates only a draft and deduplicates retries (3108.221008ms)
✔ B2 imports update only verified codes, create class drafts and staff invitations with work profiles (7295.62535ms)
✔ B2 large import resumes after a lost chunk without duplicating applied rows and checks current school authority (5378.151422ms)
✔ B3 attendance starts unmarked, versions every source change and publishes immutable one-student projections (525.659515ms)
✔ B3 subject attendance requires its actual lesson and cannot borrow daily access from another class (550.056938ms)
✔ B3 a simultaneous attendance edit and publish has one winner and never publishes a mixed source version (203.160317ms)
✔ B3 rule sets require explicit points, immutable issuance and effective week application (470.091192ms)
✔ B3 conduct reviews preserve facts, lock READY projections and publish only the exact pinned source (935.593562ms)
✔ B3 conduct linked attendance detects stale sources and subject teachers see only their own lesson facts (977.567078ms)
✔ B3 approved adjustments retain old facts and atomically replace the current publication with a reviewed preview (632.989654ms)
✔ B3 a simultaneous conduct record and lock/publish has one source winner (320.631839ms)
✔ B3 attendance linkage deduplicates, excludes corrected drafts and leaves locked scores unchanged with explicit warnings (583.343793ms)
✔ B4 private parent links expose only published child projections, preserve staff cookies and bind the active tab context (998.612443ms)
✔ B4 section/download rights, reissue, relationship revocation and foreign UUIDs are checked on each new parent request (539.668427ms)
✔ B4 private documents stream only with both download rights, and teacher contact projections use shared work fields (728.019112ms)
✔ B4 expired links, suspended schools, CSRF and exchange throttles deny without creating a parent identity (1087.145922ms)
✔ B1 delegated grants and invitation acceptance stay inside the current expiry ceiling; backdated assignments require a reason (619.843117ms)
✔ B2 shrinking class capacity checks planned future occupancy peaks, rather than only today (497.893943ms)
✔ B5 dated groups retain moves and same-day cancellations, require current class versions and end group-leader duties (632.461293ms)
✔ B5 position holders serialize and remain valid conduct sources; locked source history cannot be shortened (514.446211ms)
✔ B5 seating validates effective enrollment and unique seats, preserves dated revisions and denies subject-only reads (724.066939ms)
✔ B2/B5 a transfer closes dated groups/positions and retains cancelled future plans atomically (410.476319ms)
✔ B5 timetable materializes bounded future lessons, publishes child-only projections and preserves past/source history (981.604683ms)
✔ B5 timetable rejects teacher/room collisions and revoked assignments, skips holidays and revalidates source versions (1070.671389ms)
✔ B5 duties publish only individual tasks, reject foreign enrollment and retain immutable publication/withdraw history (450.96748ms)
✔ B5 group duties expand the effective group at publication and retain the individual targets after later moves (668.299763ms)
✔ B5 activities count only explicit participants, preserve published states and require current source/review authority (957.300953ms)
✔ B5 approved activity results are explicit conduct sources and locked approved facts protect their source history (433.058412ms)
✔ B5 evidence stays private until review and publication; parent documents remain child-bound and filter file availability (9288.371878ms)
✔ B5 class announcements retain immutable publication across edits, bind one recipient and reject foreign class reads (2171.559468ms)
✔ B5 public school announcements sanitize content and keep draft/private replacements out of the public projection (2084.085969ms)
✔ B5 scheduled announcements wait for their due time, publish once through a worker and safely replay after an acknowledgement loss (1315.066248ms)
✔ B5 scheduled publication rechecks the creator grant and reports a failed queue without exposing a parent snapshot (1423.695043ms)
✔ B5 announcement attachments remain private to one child, obey link download rights and disappear when archived or withdrawn (1399.648092ms)
✔ B5 school settings persist with version guards, affect only new link expiry and suppress work contacts without changing old link permissions (932.642209ms)
✔ B5 disabling homeroom publication takes effect inside existing sessions and restores only after an explicit setting change (787.324291ms)
✔ B3 configured second approval rejects self approval in API and SQL, while a different scoped approver permits atomic adjustment (571.062521ms)
✔ B5 personal notifications paginate across actual memberships, deduplicate publication events and deny foreign recipients and cross-user cursors (1179.960518ms)
✔ B5 withdrawn announcements redact retained staff notifications instead of exposing a stale published target (15572.626954ms)
✔ B5 dashboards count real scoped rows, keep homeroom and subject tasks separate and immediately recheck revocation (3347.522456ms)
✔ B5 teacher schedule is own dated teaching and announcement feed reads only current publications across draft edits (2774.165626ms)
✔ B5 dashboard attendance counters and publication tasks follow persisted marks, publish/withdraw and current school policy (941.262815ms)
✔ B2 platform creates only metadata drafts, bootstraps admin roles/invitations and requires an active administrator for activation (2211.482594ms)
✔ B5 platform settings and operation records persist actual state, redact artifacts and reauthorize command replays (3238.832963ms)
✔ B1 platform admin invitations obey operator expiry ceilings and acceptance rolls back after authority expires (119.944317ms)
✔ B5 support tickets persist both sides, preserve queue states and exact timestamp pagination, and deny other schools (310.091039ms)
✔ B1 support requests require independent current school consent, retain immutable scope and bind tickets/classes/actions/time (251.661244ms)
✔ B1 explicitly selected support grants authorize only scoped metadata GETs, audit the actual operator and force read-only SQL (230.229706ms)
✔ B1 school-wide support metadata never exposes import rows/downloads and expires without fallback to operator privileges (3582.428018ms)
✔ B1 an operator who also has school-admin rights still cannot self-approve or combine selected support scope with ordinary rights (186.828233ms)
✔ B5 signed native keysets cross a nullable sort boundary without dropping or repeating persisted schools (9501.990881ms)
✔ B5 report SQL uses real scoped counts and immutable CSV export content while live attendance changes (822.102158ms)
✔ B5 published report exports pin revisions across replacement and withdrawal without exposing drafts (887.396961ms)
✔ B5 export XLSX/PDF are actual files with literal formula text, Vietnamese font and private download authorization (997.390621ms)
✔ B5 subject reports remain own lesson attendance and scoped activities without school/family/conduct/export access (2101.861832ms)
✔ B5 export workers and all file paths reauthorize revocation, expiry and cancellation, and replay completed work safely (871.091941ms)
✔ B5 conduct/activity/progress/link reports use actual pinned scores, explicit participant denominators and anonymous link use (865.709902ms)
✔ B6 organization display fields persist with versions and tenant-safe references instead of being silently ignored (436.009568ms)
✔ B6 year wizard creates bounded terms, weeks, published holidays and independent draft rules atomically and idempotently (644.119321ms)
✔ B6 class form assigns homeroom atomically, denies foreign/backdated inputs, requires handover and preserves archived history (787.84906ms)
✔ B6 organization projections scope counts in SQL and a year-only grant cannot copy or publish rules (5570.041429ms)
✔ B6 purpose-bound form pickers use current write authority, exclude contacts/roles/counts and deny normal directory access (1023.45914ms)
✔ B6 rollover preview uses exact end-year enrollment, minimal workflow authority and immediate revocation (1473.536864ms)
✔ B6 platform school wizard creates its optional admin invitation atomically and redacts form metadata (6886.921085ms)
✔ B6 platform school form readers never lend admin or read authority to a create-only operator (180.728798ms)
✔ B6 school overview keeps current scoped totals, actual setup and publication metadata without lending school-wide reads (2453.567782ms)
✔ B6 support choices/counts are scoped SQL metadata, ticket message/status save atomically and an operator only relinquishes its own grant (315.974846ms)
✔ B6 platform audit filters exact actors and whole local date boundaries before pagination and denies school-only staff (115.764118ms)
✔ B6 school support metadata does not borrow consent authority, counts in SQL and rechecks permission before replay (476.65501ms)
✔ B6 school audit uses the school timezone and exact SQL filters with tenant-safe history options (361.933852ms)
✔ B6 operational probes use worker-only cycle evidence, actual backup records and purpose-bound aggregate authority (2439.354447ms)
✔ B6 atomic school-role replacement retains expiry/class scopes, detects independent grants and rolls back all failures (1090.43935ms)
✔ B6 school-role replacement prevents self edits, last-admin removal, ceiling/expiry breaches and unauthorized cached replay (998.731309ms)
✔ B6 ending a membership revokes all current/future grants and assignments without deleting history or other schools (931.576384ms)
✔ B6 native school invitations persist all roles/profile, replay once and accept multiple or zero grants atomically (762.173104ms)
✔ B6 zero-role invitation still rechecks current inviter membership and mail authority before acceptance (434.123302ms)
✔ B6 expired staff invitations cannot be revoked as pending or delivered, and preserve their history (498.265089ms)
✔ B6 staff directory combines authorized pending invitations in SQL, searches folded work data and counts before keysets (1010.83283ms)
✔ B6 directory read does not lend invitation, role catalog, assignment or export authority and revocation invalidates opaque scope cursors (1129.507514ms)
✔ B6 Vietnamese composite keysets preserve given/full-name order, case/diacritic ties and nullable departments in both directions (1118.934393ms)
✔ B6 locked identities keep their directory lifecycle but have no effective grants, and active KPI does not fabricate access (492.054107ms)
✔ B6 member details return real coarse other-school counts and work contacts without opening another tenant (938.313327ms)
✔ B6 member aggregate checks current school authority, target membership and SQL role before returning any count (762.562928ms)
✔ B6 member effective permissions and assignment history follow native grant time, membership, identity and assignment dates (1117.280263ms)
✔ B6 member role choices respect action-specific delegation expiry without borrowing a role catalog (925.708153ms)
✔ B6 member history filters member, assignment and grant events before counting/keysets, with independent audit authority (1052.282794ms)
✔ B6 personal notifications traverse more than 100 real own memberships without truncating global totals or opaque pages (25096.075081ms)
✔ B6 assignment preview is read-only, uses school-local instants and preserves displayed source versions before saving (538.986068ms)
✔ B6 assignment preview compares exact subject scopes, rejects overlapping windows and rechecks expired delegation on repeated POST (842.23807ms)
✔ B6 assignment preview detects source member changes, rejects malformed/foreign proposals and advertises future/configured publication timing (382.20169ms)
✔ B6 assignment matrix returns actual nullable cells and minimal work names under independent assignment-read authority (445.662004ms)
✔ B6 assignment matrix keeps an unconfigured year explicit and archived display reference separate from authority (283.441091ms)
✔ B6 role metadata keeps native scopes and real counts without lending member/audit access or treating custom class grants as assignments (504.280649ms)
✔ B6 role details show only independently authorized holders/history and save scoped deltas with a displayed version (4822.193551ms)
✔ B6 future held roles and immutable system templates cannot be edited by their holder (290.067309ms)
✔ B6 editing live roles cannot expand permissions beyond the current editor expiry ceiling (299.657074ms)
✔ B6 handover preview reads real current source/counts under purpose authority without member, family or role catalog access (450.924881ms)
✔ B6 handover applies exactly once with school-local cutoffs, durable receipts, own-actor recovery and preserved source authorship (1180.649661ms)
✔ B6 changed handover sources fail before submission or application and require an explicit review of the same pending receipt (1916.203372ms)
✔ B6 open-item changes invalidate handover review and linked source grants are never extended at the cutoff (1613.906236ms)
✔ B6 handover receipts remain actor/school bound, recheck delegation and deny immutable-source replacement (850.674632ms)
✔ B6 student creation allocates actual codes and atomically retains enrollment, gender and a separate unverified guardian (250.048942ms)
✔ B6 student form failures roll back every row and optional contacts require independent current authority on replay (379.50838ms)
✔ B6 student edits retain displayed versions and never replay internal notes after private profile authority is revoked (321.993439ms)
✔ B6 student unknown historic gender remains null and invalid gender/guardian state cannot be fabricated (160.991758ms)
✔ B6 real CSV gender mapping normalizes supported values, preserves unmapped sources and retains invalid rows (3955.870569ms)
✔ B6 native student directory applies Vietnamese keysets, exact SQL filters and minimal selected identifiers (503.234892ms)
✔ B6 native student projections separate school roster authority from family, note and link authority in the same session (408.216617ms)
✔ B6 archived student history uses an explicit included date and stored group, position and teacher sources (263.40102ms)
✔ B6 subject pupil projection remains minimal and class history cannot retain family access after enrollment ends (416.726446ms)
✔ B6 pupil link metadata reflects real events, bounded recent history and revocation without returning reusable secrets (298.678502ms)
✔ B6 an unconfigured school directory returns actual null year context without fabricated class or student data (151.201301ms)
✔ B6 verified family counters remain verified when receiving permission is explicitly disabled (205.456874ms)
✔ B6 school guardian directory uses SQL folded search, literal wildcards, signed keysets and independent link counters (408.514738ms)
✔ B6 class guardian reads exclude all unscoped sibling relationships and immediately lose access after enrollment or grant ends (308.037206ms)
✔ B6 shared guardian contact edits require management of every affected class and current read authority even for a replay (1480.478502ms)
✔ B6 guardian profile exposes real verification and revocation metadata but removes link and audit panels when their separate rights end (1191.662165ms)
✔ B6 partial student write acknowledgements redact unsubmitted protected fields including stored old receipts (571.562647ms)
✔ B6 bounded school class overview preserves query results, local JIT preference and the five-second runtime timeout (369.979435ms)
ℹ tests 145
ℹ suites 0
ℹ pass 145
ℹ fail 0
ℹ cancelled 0
ℹ skipped 0
ℹ todo 0
ℹ duration_ms 294248.600116
