 Container edumanage_backend_test-postgres-1 Running
 Container edumanage_backend_test-postgres-1 Waiting
 Container edumanage_backend_test-postgres-1 Healthy
 Container edumanage_backend_test-runner-run-0dd42d0917d0 Creating
 Container edumanage_backend_test-runner-run-0dd42d0917d0 Created
✔ B5 all 264 supplied operations and explicit frontend workflow extensions have registered real handlers (462.585906ms)
✔ BE01 migration replay is a no-op, mismatch fails and metadata remains intact (74.980977ms)
✔ BE02 cross-school enrollment FK rejects write using the real runtime role (15.513457ms)
✔ BE03 no-tenant denies and SET LOCAL cannot leak across a reused connection (6.642185ms)
✔ BE04 bootstrap only exposes the authenticated user memberships without tenant (12.815306ms)
✔ BE05 HOMEROOM A plus SUBJECT B cannot authorize seating or guardians in B (2386.575846ms)
✔ BE06 revoked membership is checked during an existing session and B stays independent (46.029773ms)
✔ B6 self context carries only own current duties and separates self-profile from school contacts (4375.420489ms)
✔ BE08 CSRF, credential validation, cookie flags, session rotation and rate limiting (136.611354ms)
✔ BE10 concurrent profile patches serialize with a single version winner (58.001728ms)
✔ B6 password/session commands use actual cookies, reject bad passwords and revoke every session after change (354.369878ms)
{"checkpoint":"parent-without-context","queryMs":6.112,"planExecutionMs":0.016,"planRows":0}
✔ BE21 parent runtime role cannot select raw student rows (16.401239ms)
✔ B0 health ready checks actual migrations, database and private storage (31.151717ms)
✔ B2 class lists use SQL scope and cross-school details deny before serialization (277.333514ms)
✔ BE09 idempotent organization create/retry/concurrency performs one write (87.590472ms)
✔ B2 required idempotency, class capacity/reference validation and version conflicts (154.20027ms)
✔ B2 signed cursor rejects scope/filter modification and delivers distinct pages (3420.668278ms)
✔ B2 subject student projection omits family/internal notes and denies guardians (422.792657ms)
✔ B2 guardian create does not merge matching phone, relationships start unverified (135.963618ms)
✔ BE07 existing identity invitation requires its session and preserves password/other school (2052.479639ms)
✔ B1 password reset token is encrypted, single-use and revokes all prior sessions (141.297137ms)
✔ B2 staff delegation stays within the ceiling, custom class scope and immediate revocation (1091.298885ms)
✔ B2 transfers serialize capacity, handover removes the old teacher and rollover binds its preview (1716.417871ms)
✔ B2 scoped guardian creation cannot acquire an unrelated family through relationship IDs (444.713253ms)
✔ B2/B5 uploads remain private until worker processing, leases serialize and local mail erases encrypted secrets (82736.180447ms)
✔ B2 imports parse real CSV, bind stale previews, avoid name/phone merges and retain invalid rows safely (4823.605401ms)
✔ B2/B5 timetable import checks assignments and overlapping slots, creates only a draft and deduplicates retries (3153.105392ms)
✔ B2 imports update only verified codes, create class drafts and staff invitations with work profiles (7500.120706ms)
✔ B2 large import resumes after a lost chunk without duplicating applied rows and checks current school authority (5792.016426ms)
✔ B3 attendance starts unmarked, versions every source change and publishes immutable one-student projections (574.765534ms)
✔ B3 subject attendance requires its actual lesson and cannot borrow daily access from another class (559.973448ms)
✔ B3 a simultaneous attendance edit and publish has one winner and never publishes a mixed source version (189.771826ms)
✔ B3 rule sets require explicit points, immutable issuance and effective week application (454.971415ms)
✔ B3 conduct reviews preserve facts, lock READY projections and publish only the exact pinned source (963.565771ms)
✔ B3 conduct linked attendance detects stale sources and subject teachers see only their own lesson facts (1350.110189ms)
✔ B3 approved adjustments retain old facts and atomically replace the current publication with a reviewed preview (830.144927ms)
✔ B3 a simultaneous conduct record and lock/publish has one source winner (487.401717ms)
✔ B3 attendance linkage deduplicates, excludes corrected drafts and leaves locked scores unchanged with explicit warnings (1232.980938ms)
✔ B4 private parent links expose only published child projections, preserve staff cookies and bind the active tab context (3218.052726ms)
✔ B4 section/download rights, reissue, relationship revocation and foreign UUIDs are checked on each new parent request (2018.693485ms)
✔ B4 private documents stream only with both download rights, and teacher contact projections use shared work fields (2827.905274ms)
✔ B4 expired links, suspended schools, CSRF and exchange throttles deny without creating a parent identity (4329.351319ms)
✔ B1 delegated grants and invitation acceptance stay inside the current expiry ceiling; backdated assignments require a reason (832.603128ms)
✔ B2 shrinking class capacity checks planned future occupancy peaks, rather than only today (148.698132ms)
✔ B5 dated groups retain moves and same-day cancellations, require current class versions and end group-leader duties (629.266315ms)
✔ B5 position holders serialize and remain valid conduct sources; locked source history cannot be shortened (521.991506ms)
✔ B5 seating validates effective enrollment and unique seats, preserves dated revisions and denies subject-only reads (720.28279ms)
✔ B2/B5 a transfer closes dated groups/positions and retains cancelled future plans atomically (429.654884ms)
✔ B5 timetable materializes bounded future lessons, publishes child-only projections and preserves past/source history (795.247514ms)
✔ B5 timetable rejects teacher/room collisions and revoked assignments, skips holidays and revalidates source versions (1073.079606ms)
✔ B5 duties publish only individual tasks, reject foreign enrollment and retain immutable publication/withdraw history (468.31765ms)
✔ B5 group duties expand the effective group at publication and retain the individual targets after later moves (805.495079ms)
✔ B5 activities count only explicit participants, preserve published states and require current source/review authority (1003.227566ms)
✔ B5 approved activity results are explicit conduct sources and locked approved facts protect their source history (451.666728ms)
✔ B5 evidence stays private until review and publication; parent documents remain child-bound and filter file availability (13172.710111ms)
✔ B5 class announcements retain immutable publication across edits, bind one recipient and reject foreign class reads (2478.43284ms)
✔ B5 public school announcements sanitize content and keep draft/private replacements out of the public projection (2272.417929ms)
✔ B5 scheduled announcements wait for their due time, publish once through a worker and safely replay after an acknowledgement loss (1419.474758ms)
✔ B5 scheduled publication rechecks the creator grant and reports a failed queue without exposing a parent snapshot (1547.266266ms)
✔ B5 announcement attachments remain private to one child, obey link download rights and disappear when archived or withdrawn (1531.469097ms)
✔ B5 school settings persist with version guards, affect only new link expiry and suppress work contacts without changing old link permissions (971.066337ms)
✔ B5 disabling homeroom publication takes effect inside existing sessions and restores only after an explicit setting change (808.44035ms)
✔ B3 configured second approval rejects self approval in API and SQL, while a different scoped approver permits atomic adjustment (631.358739ms)
✔ B5 personal notifications paginate across actual memberships, deduplicate publication events and deny foreign recipients and cross-user cursors (1326.010745ms)
✔ B5 withdrawn announcements redact retained staff notifications instead of exposing a stale published target (18557.460721ms)
✔ B5 dashboards count real scoped rows, keep homeroom and subject tasks separate and immediately recheck revocation (4006.328823ms)
✔ B5 teacher schedule is own dated teaching and announcement feed reads only current publications across draft edits (2663.966195ms)
✔ B5 dashboard attendance counters and publication tasks follow persisted marks, publish/withdraw and current school policy (1023.312314ms)
✔ B2 platform creates only metadata drafts, bootstraps admin roles/invitations and requires an active administrator for activation (2271.494634ms)
✔ B5 platform settings and operation records persist actual state, redact artifacts and reauthorize command replays (3647.573256ms)
✔ B1 platform admin invitations obey operator expiry ceilings and acceptance rolls back after authority expires (156.093489ms)
✔ B5 support tickets persist both sides, preserve queue states and exact timestamp pagination, and deny other schools (390.171545ms)
✔ B1 support requests require independent current school consent, retain immutable scope and bind tickets/classes/actions/time (383.363203ms)
✔ B1 explicitly selected support grants authorize only scoped metadata GETs, audit the actual operator and force read-only SQL (270.120639ms)
✔ B1 school-wide support metadata never exposes import rows/downloads and expires without fallback to operator privileges (3560.696783ms)
✔ B1 an operator who also has school-admin rights still cannot self-approve or combine selected support scope with ordinary rights (203.611663ms)
✔ B5 signed native keysets cross a nullable sort boundary without dropping or repeating persisted schools (9526.935677ms)
✔ B5 report SQL uses real scoped counts and immutable CSV export content while live attendance changes (1528.495348ms)
✔ B5 published report exports pin revisions across replacement and withdrawal without exposing drafts (1876.376363ms)
✔ B5 export XLSX/PDF are actual files with literal formula text, Vietnamese font and private download authorization (1392.421965ms)
✔ B5 subject reports remain own lesson attendance and scoped activities without school/family/conduct/export access (2464.080867ms)
✔ B5 export workers and all file paths reauthorize revocation, expiry and cancellation, and replay completed work safely (1067.549011ms)
✔ B5 conduct/activity/progress/link reports use actual pinned scores, explicit participant denominators and anonymous link use (1155.233076ms)
✔ B6 organization display fields persist with versions and tenant-safe references instead of being silently ignored (449.222873ms)
✔ B6 year wizard creates bounded terms, weeks, published holidays and independent draft rules atomically and idempotently (656.905985ms)
✔ B6 class form assigns homeroom atomically, denies foreign/backdated inputs, requires handover and preserves archived history (916.463412ms)
✔ B6 organization projections scope counts in SQL and a year-only grant cannot copy or publish rules (5737.108349ms)
✔ B6 purpose-bound form pickers use current write authority, exclude contacts/roles/counts and deny normal directory access (437.634414ms)
✔ B6 rollover preview uses exact end-year enrollment, minimal workflow authority and immediate revocation (651.264789ms)
✔ B6 platform school wizard creates its optional admin invitation atomically and redacts form metadata (7508.507186ms)
✔ B6 platform school form readers never lend admin or read authority to a create-only operator (176.486418ms)
✔ B6 school overview keeps current scoped totals, actual setup and publication metadata without lending school-wide reads (2606.107426ms)
✔ B6 support choices/counts are scoped SQL metadata, ticket message/status save atomically and an operator only relinquishes its own grant (332.811572ms)
✔ B6 platform audit filters exact actors and whole local date boundaries before pagination and denies school-only staff (158.237604ms)
✔ B6 school support metadata does not borrow consent authority, counts in SQL and rechecks permission before replay (534.715612ms)
✔ B6 school audit uses the school timezone and exact SQL filters with tenant-safe history options (259.829114ms)
✔ B6 operational probes use worker-only cycle evidence, actual backup records and purpose-bound aggregate authority (2382.794476ms)
✔ B6 atomic school-role replacement retains expiry/class scopes, detects independent grants and rolls back all failures (475.6126ms)
✔ B6 school-role replacement prevents self edits, last-admin removal, ceiling/expiry breaches and unauthorized cached replay (484.825978ms)
✔ B6 ending a membership revokes all current/future grants and assignments without deleting history or other schools (561.224222ms)
✔ B6 native school invitations persist all roles/profile, replay once and accept multiple or zero grants atomically (385.557583ms)
✔ B6 zero-role invitation still rechecks current inviter membership and mail authority before acceptance (232.256354ms)
✔ B6 expired staff invitations cannot be revoked as pending or delivered, and preserve their history (179.826957ms)
✔ B6 staff directory combines authorized pending invitations in SQL, searches folded work data and counts before keysets (543.933278ms)
✔ B6 directory read does not lend invitation, role catalog, assignment or export authority and revocation invalidates opaque scope cursors (420.166141ms)
✔ B6 Vietnamese composite keysets preserve given/full-name order, case/diacritic ties and nullable departments in both directions (582.210644ms)
✔ B6 locked identities keep their directory lifecycle but have no effective grants, and active KPI does not fabricate access (204.648471ms)
✔ B6 member details return real coarse other-school counts and work contacts without opening another tenant (332.07467ms)
✔ B6 member aggregate checks current school authority, target membership and SQL role before returning any count (288.412706ms)
✔ B6 member effective permissions and assignment history follow native grant time, membership, identity and assignment dates (671.356612ms)
✔ B6 member role choices respect action-specific delegation expiry without borrowing a role catalog (351.031366ms)
✔ B6 member history filters member, assignment and grant events before counting/keysets, with independent audit authority (533.002962ms)
✔ B6 personal notifications traverse more than 100 real own memberships without truncating global totals or opaque pages (32172.263559ms)
✔ B6 assignment preview is read-only, uses school-local instants and preserves displayed source versions before saving (642.740371ms)
✔ B6 assignment preview compares exact subject scopes, rejects overlapping windows and rechecks expired delegation on repeated POST (932.532783ms)
✔ B6 assignment preview detects source member changes, rejects malformed/foreign proposals and advertises future/configured publication timing (487.768068ms)
✔ B6 assignment matrix returns actual nullable cells and minimal work names under independent assignment-read authority (1243.061452ms)
✔ B6 assignment matrix keeps an unconfigured year explicit and archived display reference separate from authority (374.619735ms)
✔ B6 role metadata keeps native scopes and real counts without lending member/audit access or treating custom class grants as assignments (638.426485ms)
✔ B6 role details show only independently authorized holders/history and save scoped deltas with a displayed version (5563.19379ms)
✔ B6 future held roles and immutable system templates cannot be edited by their holder (307.394172ms)
✔ B6 editing live roles cannot expand permissions beyond the current editor expiry ceiling (323.257047ms)
✔ B6 handover preview reads real current source/counts under purpose authority without member, family or role catalog access (583.155037ms)
✔ B6 handover applies exactly once with school-local cutoffs, durable receipts, own-actor recovery and preserved source authorship (1745.06667ms)
✔ B6 changed handover sources fail before submission or application and require an explicit review of the same pending receipt (2582.74355ms)
✔ B6 open-item changes invalidate handover review and linked source grants are never extended at the cutoff (2252.989099ms)
✔ B6 handover receipts remain actor/school bound, recheck delegation and deny immutable-source replacement (1680.775142ms)
✔ B6 student creation allocates actual codes and atomically retains enrollment, gender and a separate unverified guardian (559.017978ms)
✔ B6 student form failures roll back every row and optional contacts require independent current authority on replay (803.886708ms)
✔ B6 student edits retain displayed versions and never replay internal notes after private profile authority is revoked (1025.183931ms)
✔ B6 student unknown historic gender remains null and invalid gender/guardian state cannot be fabricated (378.073785ms)
✔ B6 real CSV gender mapping normalizes supported values, preserves unmapped sources and retains invalid rows (4527.304054ms)
✔ B6 native student directory applies Vietnamese keysets, exact SQL filters and minimal selected identifiers (567.132931ms)
✔ B6 native student projections separate school roster authority from family, note and link authority in the same session (460.384021ms)
✔ B6 archived student history uses an explicit included date and stored group, position and teacher sources (302.395084ms)
✔ B6 subject pupil projection remains minimal and class history cannot retain family access after enrollment ends (427.186819ms)
✔ B6 pupil link metadata reflects real events, bounded recent history and revocation without returning reusable secrets (348.850496ms)
✔ B6 an unconfigured school directory returns actual null year context without fabricated class or student data (172.284457ms)
✔ B6 verified family counters remain verified when receiving permission is explicitly disabled (231.791168ms)
✔ B6 atomic guardian save creates unverified contacts, replays one receipt and prevents duplicate new commands (408.223403ms)
✔ B6 atomic guardian save serializes competing displayed student versions (222.356583ms)
✔ B6 guardian form grants class family authority without student read or unscoped sibling data (379.933793ms)
✔ B6 atomic guardian edits preserve verified receiving choices and reject stale contact versions without partial priority changes (329.784618ms)
✔ B6 guardian save detects independently changed primary references and preserves every row on failure (329.244871ms)
✔ B6 guardian save rejects masked phones, foreign pairings and mutation of archived contacts (338.73947ms)
✔ B6 school guardian directory uses SQL folded search, literal wildcards, signed keysets and independent link counters (504.344286ms)
✔ B6 class guardian reads exclude all unscoped sibling relationships and immediately lose access after enrollment or grant ends (332.898039ms)
✔ B6 shared guardian contact edits require management of every affected class and current read authority even for a replay (645.068148ms)
✔ B6 guardian profile exposes real verification and revocation metadata but removes link and audit panels when their separate rights end (519.46845ms)
✔ B6 partial student write acknowledgements redact unsubmitted protected fields including stored old receipts (254.82508ms)
✔ B6 bounded school class overview preserves query results, local JIT preference and the five-second runtime timeout (180.823467ms)
ℹ tests 151
ℹ suites 0
ℹ pass 151
ℹ fail 0
ℹ cancelled 0
ℹ skipped 0
ℹ todo 0
ℹ duration_ms 326839.623389
