
 RUN  v3.2.7 D:/Edu

 ✓ tests/unit/api-client.test.ts (11 tests) 35ms
 ✓ tests/unit/api-lists-fragments.test.ts (10 tests) 35ms
 ✓ tests/unit/api-query-boundary.test.ts (5 tests) 31ms
 ✓ tests/unit/api-support-adapter.test.ts (5 tests) 36ms
 ✓ tests/unit/api-session.test.ts (9 tests) 51ms
 ✓ tests/unit/api-rollover-adapter.test.ts (8 tests) 44ms
 ✓ tests/unit/api-school-adapter.test.ts (16 tests) 46ms
 ✓ tests/unit/api-platform-adapter.test.ts (12 tests) 46ms
 ✓ tests/unit/api-students-adapter.test.ts (11 tests) 43ms
 ✓ tests/unit/api-guardians-adapter.test.ts (17 tests) 43ms
 ✓ tests/unit/api-staff-directory.test.ts (6 tests) 33ms
 ✓ tests/unit/api-role-adapter.test.ts (5 tests) 34ms
 ✓ tests/unit/api-handover-adapter.test.ts (8 tests) 47ms
 ✓ tests/unit/api-assignment-adapter.test.ts (8 tests) 41ms
 ✓ tests/unit/api-staff-adapter.test.ts (9 tests) 45ms
 ✓ tests/unit/api-scope-guard.test.ts (5 tests) 6ms
 ✓ tests/unit/api-context.test.ts (1 test) 4ms
 ✓ tests/unit/api-member-details.test.ts (5 tests) 13ms
 ✓ tests/unit/api-session-adapter.test.ts (2 tests) 18ms

 Test Files  19 passed (19)
      Tests  153 passed (153)
   Start at  08:37:05
   Duration  1.10s (transform 1.17s, setup 958ms, collect 3.68s, tests 651ms, environment 4ms, prepare 2.46s)
