 Container edumanage_backend_test-postgres-1 Running
 Container edumanage_backend_test-postgres-1 Waiting
 Container edumanage_backend_test-postgres-1 Healthy
 Container edumanage_backend_test-runner-run-8cd2495bae75 Creating
 Container edumanage_backend_test-runner-run-8cd2495bae75 Created
✔ B5 all 264 supplied operations and explicit frontend workflow extensions have registered real handlers (472.74181ms)
✔ BE01 migration replay is a no-op, mismatch fails and metadata remains intact (59.725073ms)
✔ BE02 cross-school enrollment FK rejects write using the real runtime role (10.107518ms)
✔ BE03 no-tenant denies and SET LOCAL cannot leak across a reused connection (3.699396ms)
✔ BE04 bootstrap only exposes the authenticated user memberships without tenant (7.169322ms)
✔ BE05 HOMEROOM A plus SUBJECT B cannot authorize seating or guardians in B (1968.299603ms)
✔ BE06 revoked membership is checked during an existing session and B stays independent (152.774421ms)
✔ B6 self context carries only own current duties and separates self-profile from school contacts (3887.912469ms)
✔ BE08 CSRF, credential validation, cookie flags, session rotation and rate limiting (404.648912ms)
✔ BE10 concurrent profile patches serialize with a single version winner (176.317254ms)
✔ B6 password/session commands use actual cookies, reject bad passwords and revoke every session after change (966.032655ms)
{"checkpoint":"parent-without-context","queryMs":7.241,"planExecutionMs":0.023,"planRows":0}
✔ BE21 parent runtime role cannot select raw student rows (47.246211ms)
✔ B0 health ready checks actual migrations, database and private storage (29.827904ms)
✔ B2 class lists use SQL scope and cross-school details deny before serialization (485.325799ms)
✔ BE09 idempotent organization create/retry/concurrency performs one write (276.849538ms)
✔ B2 required idempotency, class capacity/reference validation and version conflicts (483.335851ms)
✔ B2 signed cursor rejects scope/filter modification and delivers distinct pages (3452.478553ms)
✔ B2 subject student projection omits family/internal notes and denies guardians (402.340817ms)
✔ B2 guardian create does not merge matching phone, relationships start unverified (137.901655ms)
✔ BE07 existing identity invitation requires its session and preserves password/other school (1932.782043ms)
✔ B1 password reset token is encrypted, single-use and revokes all prior sessions (184.331327ms)
✔ B2 staff delegation stays within the ceiling, custom class scope and immediate revocation (974.83386ms)
✔ B2 transfers serialize capacity, handover removes the old teacher and rollover binds its preview (1666.990662ms)
✔ B2 scoped guardian creation cannot acquire an unrelated family through relationship IDs (359.660103ms)
✔ B2/B5 uploads remain private until worker processing, leases serialize and local mail erases encrypted secrets (74011.786716ms)
✔ B2 imports parse real CSV, bind stale previews, avoid name/phone merges and retain invalid rows safely (5436.64631ms)
✔ B2/B5 timetable import checks assignments and overlapping slots, creates only a draft and deduplicates retries (3297.267391ms)
✔ B2 imports update only verified codes, create class drafts and staff invitations with work profiles (9306.222573ms)
✔ B2 large import resumes after a lost chunk without duplicating applied rows and checks current school authority (6190.214603ms)
✔ B3 attendance starts unmarked, versions every source change and publishes immutable one-student projections (584.610755ms)
✔ B3 subject attendance requires its actual lesson and cannot borrow daily access from another class (562.217073ms)
✔ B3 a simultaneous attendance edit and publish has one winner and never publishes a mixed source version (190.039327ms)
✔ B3 rule sets require explicit points, immutable issuance and effective week application (398.207867ms)
✔ B3 conduct reviews preserve facts, lock READY projections and publish only the exact pinned source (903.4055ms)
✔ B3 conduct linked attendance detects stale sources and subject teachers see only their own lesson facts (922.137584ms)
✔ B3 approved adjustments retain old facts and atomically replace the current publication with a reviewed preview (712.005328ms)
✔ B3 a simultaneous conduct record and lock/publish has one source winner (348.88777ms)
✔ B3 attendance linkage deduplicates, excludes corrected drafts and leaves locked scores unchanged with explicit warnings (571.820512ms)
✔ B4 private parent links expose only published child projections, preserve staff cookies and bind the active tab context (955.933208ms)
✔ B4 section/download rights, reissue, relationship revocation and foreign UUIDs are checked on each new parent request (518.118908ms)
✔ B4 private documents stream only with both download rights, and teacher contact projections use shared work fields (737.37093ms)
✔ B4 expired links, suspended schools, CSRF and exchange throttles deny without creating a parent identity (475.392202ms)
✔ B1 delegated grants and invitation acceptance stay inside the current expiry ceiling; backdated assignments require a reason (301.644109ms)
✔ B2 shrinking class capacity checks planned future occupancy peaks, rather than only today (117.571311ms)
✔ B5 dated groups retain moves and same-day cancellations, require current class versions and end group-leader duties (588.114979ms)
✔ B5 position holders serialize and remain valid conduct sources; locked source history cannot be shortened (517.245613ms)
✔ B5 seating validates effective enrollment and unique seats, preserves dated revisions and denies subject-only reads (644.776344ms)
✔ B2/B5 a transfer closes dated groups/positions and retains cancelled future plans atomically (387.020584ms)
✔ B5 timetable materializes bounded future lessons, publishes child-only projections and preserves past/source history (753.021836ms)
✔ B5 timetable rejects teacher/room collisions and revoked assignments, skips holidays and revalidates source versions (990.530088ms)
✔ B5 duties publish only individual tasks, reject foreign enrollment and retain immutable publication/withdraw history (430.322693ms)
✔ B5 group duties expand the effective group at publication and retain the individual targets after later moves (731.688386ms)
✔ B5 activities count only explicit participants, preserve published states and require current source/review authority (937.087195ms)
✔ B5 approved activity results are explicit conduct sources and locked approved facts protect their source history (396.336934ms)
✔ B5 evidence stays private until review and publication; parent documents remain child-bound and filter file availability (8043.791938ms)
✔ B5 class announcements retain immutable publication across edits, bind one recipient and reject foreign class reads (2243.704638ms)
✔ B5 public school announcements sanitize content and keep draft/private replacements out of the public projection (2264.034636ms)
✔ B5 scheduled announcements wait for their due time, publish once through a worker and safely replay after an acknowledgement loss (1306.459676ms)
✔ B5 scheduled publication rechecks the creator grant and reports a failed queue without exposing a parent snapshot (1592.313109ms)
✔ B5 announcement attachments remain private to one child, obey link download rights and disappear when archived or withdrawn (1546.405206ms)
✔ B5 school settings persist with version guards, affect only new link expiry and suppress work contacts without changing old link permissions (1081.872154ms)
✔ B5 disabling homeroom publication takes effect inside existing sessions and restores only after an explicit setting change (877.702182ms)
✔ B3 configured second approval rejects self approval in API and SQL, while a different scoped approver permits atomic adjustment (740.513126ms)
✔ B5 personal notifications paginate across actual memberships, deduplicate publication events and deny foreign recipients and cross-user cursors (1313.897809ms)
✔ B5 withdrawn announcements redact retained staff notifications instead of exposing a stale published target (14565.024473ms)
✔ B5 dashboards count real scoped rows, keep homeroom and subject tasks separate and immediately recheck revocation (7449.135739ms)
✔ B5 teacher schedule is own dated teaching and announcement feed reads only current publications across draft edits (2775.502861ms)
✔ B5 dashboard attendance counters and publication tasks follow persisted marks, publish/withdraw and current school policy (934.338008ms)
✔ B2 platform creates only metadata drafts, bootstraps admin roles/invitations and requires an active administrator for activation (1994.756811ms)
✔ B5 platform settings and operation records persist actual state, redact artifacts and reauthorize command replays (2894.993302ms)
✔ B1 platform admin invitations obey operator expiry ceilings and acceptance rolls back after authority expires (117.964766ms)
✔ B5 support tickets persist both sides, preserve queue states and exact timestamp pagination, and deny other schools (302.367157ms)
✔ B1 support requests require independent current school consent, retain immutable scope and bind tickets/classes/actions/time (318.973289ms)
✔ B1 explicitly selected support grants authorize only scoped metadata GETs, audit the actual operator and force read-only SQL (222.201364ms)
✔ B1 school-wide support metadata never exposes import rows/downloads and expires without fallback to operator privileges (3484.753707ms)
✔ B1 an operator who also has school-admin rights still cannot self-approve or combine selected support scope with ordinary rights (198.805576ms)
✔ B5 signed native keysets cross a nullable sort boundary without dropping or repeating persisted schools (8190.473887ms)
✔ B5 report SQL uses real scoped counts and immutable CSV export content while live attendance changes (835.75263ms)
✔ B5 published report exports pin revisions across replacement and withdrawal without exposing drafts (891.930727ms)
✔ B5 export XLSX/PDF are actual files with literal formula text, Vietnamese font and private download authorization (983.278242ms)
✔ B5 subject reports remain own lesson attendance and scoped activities without school/family/conduct/export access (1817.43864ms)
✔ B5 export workers and all file paths reauthorize revocation, expiry and cancellation, and replay completed work safely (822.422624ms)
✔ B5 conduct/activity/progress/link reports use actual pinned scores, explicit participant denominators and anonymous link use (840.460789ms)
✔ B6 organization display fields persist with versions and tenant-safe references instead of being silently ignored (409.044751ms)
✔ B6 year wizard creates bounded terms, weeks, published holidays and independent draft rules atomically and idempotently (581.877079ms)
✔ B6 class form assigns homeroom atomically, denies foreign/backdated inputs, requires handover and preserves archived history (860.303799ms)
✔ B6 organization projections scope counts in SQL and a year-only grant cannot copy or publish rules (5234.604916ms)
✔ B6 purpose-bound form pickers use current write authority, exclude contacts/roles/counts and deny normal directory access (757.027824ms)
✔ B6 rollover preview uses exact end-year enrollment, minimal workflow authority and immediate revocation (1359.24486ms)
✔ B6 platform school wizard creates its optional admin invitation atomically and redacts form metadata (6418.088851ms)
✔ B6 platform school form readers never lend admin or read authority to a create-only operator (185.270922ms)
✖ B6 school overview keeps current scoped totals, actual setup and publication metadata without lending school-wide reads (6438.530096ms)
✔ B6 support choices/counts are scoped SQL metadata, ticket message/status save atomically and an operator only relinquishes its own grant (324.600525ms)
✔ B6 platform audit filters exact actors and whole local date boundaries before pagination and denies school-only staff (108.691015ms)
✔ B6 school support metadata does not borrow consent authority, counts in SQL and rechecks permission before replay (477.497943ms)
✔ B6 school audit uses the school timezone and exact SQL filters with tenant-safe history options (309.163617ms)
✔ B6 operational probes use worker-only cycle evidence, actual backup records and purpose-bound aggregate authority (1956.010063ms)
✔ B6 atomic school-role replacement retains expiry/class scopes, detects independent grants and rolls back all failures (519.649207ms)
✔ B6 school-role replacement prevents self edits, last-admin removal, ceiling/expiry breaches and unauthorized cached replay (385.927868ms)
✔ B6 ending a membership revokes all current/future grants and assignments without deleting history or other schools (496.433004ms)
✔ B6 native school invitations persist all roles/profile, replay once and accept multiple or zero grants atomically (340.194927ms)
✔ B6 zero-role invitation still rechecks current inviter membership and mail authority before acceptance (186.304781ms)
✔ B6 expired staff invitations cannot be revoked as pending or delivered, and preserve their history (162.347092ms)
✔ B6 staff directory combines authorized pending invitations in SQL, searches folded work data and counts before keysets (505.057371ms)
✔ B6 directory read does not lend invitation, role catalog, assignment or export authority and revocation invalidates opaque scope cursors (368.46309ms)
✔ B6 Vietnamese composite keysets preserve given/full-name order, case/diacritic ties and nullable departments in both directions (525.181282ms)
✔ B6 locked identities keep their directory lifecycle but have no effective grants, and active KPI does not fabricate access (191.760572ms)
✔ B6 member details return real coarse other-school counts and work contacts without opening another tenant (312.779209ms)
✔ B6 member aggregate checks current school authority, target membership and SQL role before returning any count (280.36638ms)
✔ B6 member effective permissions and assignment history follow native grant time, membership, identity and assignment dates (694.252131ms)
✔ B6 member role choices respect action-specific delegation expiry without borrowing a role catalog (328.300821ms)
✔ B6 member history filters member, assignment and grant events before counting/keysets, with independent audit authority (528.535945ms)
✔ B6 personal notifications traverse more than 100 real own memberships without truncating global totals or opaque pages (22199.010056ms)
✔ B6 assignment preview is read-only, uses school-local instants and preserves displayed source versions before saving (586.97895ms)
✔ B6 assignment preview compares exact subject scopes, rejects overlapping windows and rechecks expired delegation on repeated POST (754.432807ms)
✔ B6 assignment preview detects source member changes, rejects malformed/foreign proposals and advertises future/configured publication timing (398.949777ms)
✔ B6 assignment matrix returns actual nullable cells and minimal work names under independent assignment-read authority (464.087369ms)
✔ B6 assignment matrix keeps an unconfigured year explicit and archived display reference separate from authority (292.838554ms)
✔ B6 role metadata keeps native scopes and real counts without lending member/audit access or treating custom class grants as assignments (511.56428ms)
✔ B6 role details show only independently authorized holders/history and save scoped deltas with a displayed version (4388.516454ms)
✔ B6 future held roles and immutable system templates cannot be edited by their holder (413.615814ms)
✔ B6 editing live roles cannot expand permissions beyond the current editor expiry ceiling (454.27837ms)
✔ B6 handover preview reads real current source/counts under purpose authority without member, family or role catalog access (485.464278ms)
✔ B6 handover applies exactly once with school-local cutoffs, durable receipts, own-actor recovery and preserved source authorship (1229.155902ms)
✔ B6 changed handover sources fail before submission or application and require an explicit review of the same pending receipt (2122.187957ms)
✔ B6 open-item changes invalidate handover review and linked source grants are never extended at the cutoff (2247.363453ms)
✔ B6 handover receipts remain actor/school bound, recheck delegation and deny immutable-source replacement (1932.869951ms)
✔ B6 student creation allocates actual codes and atomically retains enrollment, gender and a separate unverified guardian (547.660629ms)
✔ B6 student form failures roll back every row and optional contacts require independent current authority on replay (1095.867589ms)
✔ B6 student edits retain displayed versions and never replay internal notes after private profile authority is revoked (1067.470736ms)
✔ B6 student unknown historic gender remains null and invalid gender/guardian state cannot be fabricated (382.905982ms)
✔ B6 real CSV gender mapping normalizes supported values, preserves unmapped sources and retains invalid rows (4653.811155ms)
✔ B6 native student directory applies Vietnamese keysets, exact SQL filters and minimal selected identifiers (525.3785ms)
✔ B6 native student projections separate school roster authority from family, note and link authority in the same session (410.027999ms)
✔ B6 archived student history uses an explicit included date and stored group, position and teacher sources (243.18809ms)
✔ B6 subject pupil projection remains minimal and class history cannot retain family access after enrollment ends (389.812777ms)
✔ B6 pupil link metadata reflects real events, bounded recent history and revocation without returning reusable secrets (325.207608ms)
✔ B6 an unconfigured school directory returns actual null year context without fabricated class or student data (203.915794ms)
✔ B6 verified family counters remain verified when receiving permission is explicitly disabled (215.966453ms)
✔ B6 school guardian directory uses SQL folded search, literal wildcards, signed keysets and independent link counters (453.288605ms)
✔ B6 class guardian reads exclude all unscoped sibling relationships and immediately lose access after enrollment or grant ends (355.085182ms)
✔ B6 shared guardian contact edits require management of every affected class and current read authority even for a replay (582.394451ms)
✔ B6 guardian profile exposes real verification and revocation metadata but removes link and audit panels when their separate rights end (524.555897ms)
✔ B6 partial student write acknowledgements redact unsubmitted protected fields including stored old receipts (299.441573ms)
ℹ tests 144
ℹ suites 0
ℹ pass 143
ℹ fail 1
ℹ cancelled 0
ℹ skipped 0
ℹ todo 0
ℹ duration_ms 284869.734056

✖ failing tests:

test at tests/integration/foundation.test.mjs:1964:1
✖ B6 school overview keeps current scoped totals, actual setup and publication metadata without lending school-wide reads (6438.530096ms)
  AssertionError [ERR_ASSERTION]: {"type":"urn:edumanage:problem:internal_error","title":"INTERNAL_ERROR","status":500,"code":"INTERNAL_ERROR","requestId":"97b2eaa7-4021-45d5-a7c7-2b0e8f0783b2"}

  500 !== 200

      at TestContext.<anonymous> (file:///srv/api/tests/integration/foundation.test.mjs:1966:78)
      at process.processTicksAndRejections (node:internal/process/task_queues:104:5)
      at async Test.run (node:internal/test_runner/test:1409:7)
      at async Test.processPendingSubtests (node:internal/test_runner/test:974:7) {
    generatedMessage: false,
    code: 'ERR_ASSERTION',
    actual: 500,
    expected: 200,
    operator: 'strictEqual',
    diff: 'simple'
  }
