 Container edumanage_backend_test-postgres-1 Running
 Container edumanage_backend_test-postgres-1 Waiting
 Container edumanage_backend_test-postgres-1 Healthy
 Container edumanage_backend_test-runner-run-f6ba318526a5 Creating
 Container edumanage_backend_test-runner-run-f6ba318526a5 Created
✖ B5 support tickets persist both sides, preserve queue states and exact timestamp pagination, and deny other schools (806.12653ms)
ℹ tests 1
ℹ suites 0
ℹ pass 0
ℹ fail 1
ℹ cancelled 0
ℹ skipped 0
ℹ todo 0
ℹ duration_ms 1656.373947

✖ failing tests:

test at tests/integration/foundation.test.mjs:1625:1
✖ B5 support tickets persist both sides, preserve queue states and exact timestamp pagination, and deny other schools (806.12653ms)
  AssertionError [ERR_ASSERTION]: valid fixture login must succeed

  401 !== 200

      at login (file:///srv/api/tests/integration/foundation.test.mjs:53:10)
      at process.processTicksAndRejections (node:internal/process/task_queues:104:5)
      at async TestContext.<anonymous> (file:///srv/api/tests/integration/foundation.test.mjs:1632:27)
      at async Test.run (node:internal/test_runner/test:1409:7)
      at async startSubtestAfterBootstrap (node:internal/test_runner/harness:387:3) {
    generatedMessage: false,
    code: 'ERR_ASSERTION',
    actual: 401,
    expected: 200,
    operator: 'strictEqual',
    diff: 'simple'
  }
