 Container edumanage_backend_test-postgres-1 Running
 Container edumanage_backend_test-postgres-1 Waiting
 Container edumanage_backend_test-postgres-1 Healthy
 Container edumanage_backend_test-runner-run-bba5ed715b5f Creating
 Container edumanage_backend_test-runner-run-bba5ed715b5f Created
✔ B5 all 264 supplied operations and explicit frontend workflow extensions have registered real handlers (401.623958ms)
✔ BE01 migration replay is a no-op, mismatch fails and metadata remains intact (58.731802ms)
✔ BE02 cross-school enrollment FK rejects write using the real runtime role (9.115397ms)
✔ BE03 no-tenant denies and SET LOCAL cannot leak across a reused connection (3.83958ms)
✔ BE04 bootstrap only exposes the authenticated user memberships without tenant (5.837837ms)
✔ BE05 HOMEROOM A plus SUBJECT B cannot authorize seating or guardians in B (1026.94946ms)
✔ BE06 revoked membership is checked during an existing session and B stays independent (91.650125ms)
✔ B6 self context carries only own current duties and separates self-profile from school contacts (1848.190331ms)
✔ BE08 CSRF, credential validation, cookie flags, session rotation and rate limiting (398.00876ms)
✔ BE10 concurrent profile patches serialize with a single version winner (184.47818ms)
✔ B6 password/session commands use actual cookies, reject bad passwords and revoke every session after change (990.210835ms)
{"checkpoint":"parent-without-context","queryMs":5.421,"planExecutionMs":0.014,"planRows":0}
✔ BE21 parent runtime role cannot select raw student rows (34.504923ms)
✔ B0 health ready checks actual migrations, database and private storage (24.936415ms)
✔ B2 class lists use SQL scope and cross-school details deny before serialization (444.985638ms)
✔ BE09 idempotent organization create/retry/concurrency performs one write (177.918689ms)
✔ B2 required idempotency, class capacity/reference validation and version conflicts (258.928567ms)
✔ B2 signed cursor rejects scope/filter modification and delivers distinct pages (2615.485043ms)
✔ B2 subject student projection omits family/internal notes and denies guardians (525.809017ms)
✔ B2 guardian create does not merge matching phone, relationships start unverified (369.574327ms)
✔ BE07 existing identity invitation requires its session and preserves password/other school (1524.060922ms)
✔ B1 password reset token is encrypted, single-use and revokes all prior sessions (398.208996ms)
✔ B2 staff delegation stays within the ceiling, custom class scope and immediate revocation (1366.612285ms)
✔ B2 transfers serialize capacity, handover removes the old teacher and rollover binds its preview (2783.318925ms)
✔ B2 scoped guardian creation cannot acquire an unrelated family through relationship IDs (708.394467ms)
✔ B2/B5 uploads remain private until worker processing, leases serialize and local mail erases encrypted secrets (41798.9173ms)
✔ B2 imports parse real CSV, bind stale previews, avoid name/phone merges and retain invalid rows safely (4280.736505ms)
✔ B2/B5 timetable import checks assignments and overlapping slots, creates only a draft and deduplicates retries (2748.390665ms)
✔ B2 imports update only verified codes, create class drafts and staff invitations with work profiles (6485.204794ms)
✔ B2 large import resumes after a lost chunk without duplicating applied rows and checks current school authority (4943.416396ms)
✔ B3 attendance starts unmarked, versions every source change and publishes immutable one-student projections (506.554417ms)
✔ B3 subject attendance requires its actual lesson and cannot borrow daily access from another class (404.140643ms)
✔ B3 a simultaneous attendance edit and publish has one winner and never publishes a mixed source version (193.518157ms)
✔ B3 rule sets require explicit points, immutable issuance and effective week application (396.344389ms)
✔ B3 conduct reviews preserve facts, lock READY projections and publish only the exact pinned source (876.909682ms)
✔ B3 conduct linked attendance detects stale sources and subject teachers see only their own lesson facts (852.707625ms)
✔ B3 approved adjustments retain old facts and atomically replace the current publication with a reviewed preview (511.845214ms)
✔ B3 a simultaneous conduct record and lock/publish has one source winner (258.541668ms)
✔ B3 attendance linkage deduplicates, excludes corrected drafts and leaves locked scores unchanged with explicit warnings (467.293275ms)
✔ B4 private parent links expose only published child projections, preserve staff cookies and bind the active tab context (911.823034ms)
✔ B4 section/download rights, reissue, relationship revocation and foreign UUIDs are checked on each new parent request (519.139846ms)
✔ B4 private documents stream only with both download rights, and teacher contact projections use shared work fields (669.865749ms)
✔ B4 expired links, suspended schools, CSRF and exchange throttles deny without creating a parent identity (470.27311ms)
✔ B1 delegated grants and invitation acceptance stay inside the current expiry ceiling; backdated assignments require a reason (301.662617ms)
✔ B2 shrinking class capacity checks planned future occupancy peaks, rather than only today (197.331795ms)
✔ B5 dated groups retain moves and same-day cancellations, require current class versions and end group-leader duties (826.239711ms)
✔ B5 position holders serialize and remain valid conduct sources; locked source history cannot be shortened (473.568687ms)
✔ B5 seating validates effective enrollment and unique seats, preserves dated revisions and denies subject-only reads (641.100771ms)
✔ B2/B5 a transfer closes dated groups/positions and retains cancelled future plans atomically (386.05073ms)
✔ B5 timetable materializes bounded future lessons, publishes child-only projections and preserves past/source history (915.876135ms)
✔ B5 timetable rejects teacher/room collisions and revoked assignments, skips holidays and revalidates source versions (1025.455991ms)
✔ B5 duties publish only individual tasks, reject foreign enrollment and retain immutable publication/withdraw history (459.318889ms)
✔ B5 group duties expand the effective group at publication and retain the individual targets after later moves (673.17791ms)
✔ B5 activities count only explicit participants, preserve published states and require current source/review authority (933.049402ms)
✔ B5 approved activity results are explicit conduct sources and locked approved facts protect their source history (404.128653ms)
✔ B5 evidence stays private until review and publication; parent documents remain child-bound and filter file availability (5933.366371ms)
✔ B5 class announcements retain immutable publication across edits, bind one recipient and reject foreign class reads (2497.888276ms)
✔ B5 public school announcements sanitize content and keep draft/private replacements out of the public projection (2244.015867ms)
✔ B5 scheduled announcements wait for their due time, publish once through a worker and safely replay after an acknowledgement loss (1346.64474ms)
✔ B5 scheduled publication rechecks the creator grant and reports a failed queue without exposing a parent snapshot (1443.71889ms)
✔ B5 announcement attachments remain private to one child, obey link download rights and disappear when archived or withdrawn (1412.306824ms)
✔ B5 school settings persist with version guards, affect only new link expiry and suppress work contacts without changing old link permissions (1030.464669ms)
✔ B5 disabling homeroom publication takes effect inside existing sessions and restores only after an explicit setting change (907.650834ms)
✔ B3 configured second approval rejects self approval in API and SQL, while a different scoped approver permits atomic adjustment (739.539725ms)
✔ B5 personal notifications paginate across actual memberships, deduplicate publication events and deny foreign recipients and cross-user cursors (1280.745607ms)
✔ B5 withdrawn announcements redact retained staff notifications instead of exposing a stale published target (8085.066773ms)
✔ B5 dashboards count real scoped rows, keep homeroom and subject tasks separate and immediately recheck revocation (7006.674018ms)
✔ B5 teacher schedule is own dated teaching and announcement feed reads only current publications across draft edits (2157.572854ms)
✔ B5 dashboard attendance counters and publication tasks follow persisted marks, publish/withdraw and current school policy (945.811321ms)
✔ B2 platform creates only metadata drafts, bootstraps admin roles/invitations and requires an active administrator for activation (1473.381186ms)
✔ B5 platform settings and operation records persist actual state, redact artifacts and reauthorize command replays (1829.132863ms)
✔ B1 platform admin invitations obey operator expiry ceilings and acceptance rolls back after authority expires (119.203738ms)
✔ B5 support tickets persist both sides, preserve queue states and exact timestamp pagination, and deny other schools (303.011822ms)
✔ B1 support requests require independent current school consent, retain immutable scope and bind tickets/classes/actions/time (269.189919ms)
✔ B1 explicitly selected support grants authorize only scoped metadata GETs, audit the actual operator and force read-only SQL (230.048288ms)
✔ B1 school-wide support metadata never exposes import rows/downloads and expires without fallback to operator privileges (3469.653117ms)
✔ B1 an operator who also has school-admin rights still cannot self-approve or combine selected support scope with ordinary rights (196.508153ms)
✔ B5 signed native keysets cross a nullable sort boundary without dropping or repeating persisted schools (4817.873883ms)
✔ B5 report SQL uses real scoped counts and immutable CSV export content while live attendance changes (797.29206ms)
✔ B5 published report exports pin revisions across replacement and withdrawal without exposing drafts (848.300976ms)
✔ B5 export XLSX/PDF are actual files with literal formula text, Vietnamese font and private download authorization (949.910329ms)
✔ B5 subject reports remain own lesson attendance and scoped activities without school/family/conduct/export access (1086.340038ms)
✔ B5 export workers and all file paths reauthorize revocation, expiry and cancellation, and replay completed work safely (796.844079ms)
✔ B5 conduct/activity/progress/link reports use actual pinned scores, explicit participant denominators and anonymous link use (859.075144ms)
✔ B6 organization display fields persist with versions and tenant-safe references instead of being silently ignored (350.660365ms)
✔ B6 year wizard creates bounded terms, weeks, published holidays and independent draft rules atomically and idempotently (519.765775ms)
✔ B6 class form assigns homeroom atomically, denies foreign/backdated inputs, requires handover and preserves archived history (771.426936ms)
✔ B6 organization projections scope counts in SQL and a year-only grant cannot copy or publish rules (4686.728914ms)
✔ B6 purpose-bound form pickers use current write authority, exclude contacts/roles/counts and deny normal directory access (766.628638ms)
✔ B6 rollover preview uses exact end-year enrollment, minimal workflow authority and immediate revocation (1404.081428ms)
✔ B6 platform school wizard creates its optional admin invitation atomically and redacts form metadata (3836.717747ms)
✔ B6 platform school form readers never lend admin or read authority to a create-only operator (167.784135ms)
✔ B6 school overview keeps current scoped totals, actual setup and publication metadata without lending school-wide reads (6201.195511ms)
✔ B6 support choices/counts are scoped SQL metadata, ticket message/status save atomically and an operator only relinquishes its own grant (308.952051ms)
✔ B6 platform audit filters exact actors and whole local date boundaries before pagination and denies school-only staff (116.197924ms)
✔ B6 school support metadata does not borrow consent authority, counts in SQL and rechecks permission before replay (462.368638ms)
✔ B6 school audit uses the school timezone and exact SQL filters with tenant-safe history options (254.975712ms)
✔ B6 operational probes use worker-only cycle evidence, actual backup records and purpose-bound aggregate authority (1289.993509ms)
✔ B6 atomic school-role replacement retains expiry/class scopes, detects independent grants and rolls back all failures (430.272571ms)
✔ B6 school-role replacement prevents self edits, last-admin removal, ceiling/expiry breaches and unauthorized cached replay (365.275461ms)
✔ B6 ending a membership revokes all current/future grants and assignments without deleting history or other schools (474.44261ms)
✔ B6 native school invitations persist all roles/profile, replay once and accept multiple or zero grants atomically (338.859493ms)
✔ B6 zero-role invitation still rechecks current inviter membership and mail authority before acceptance (194.454959ms)
✔ B6 expired staff invitations cannot be revoked as pending or delivered, and preserve their history (160.890218ms)
✔ B6 staff directory combines authorized pending invitations in SQL, searches folded work data and counts before keysets (475.792274ms)
✔ B6 directory read does not lend invitation, role catalog, assignment or export authority and revocation invalidates opaque scope cursors (345.187563ms)
✔ B6 Vietnamese composite keysets preserve given/full-name order, case/diacritic ties and nullable departments in both directions (518.724457ms)
✔ B6 locked identities keep their directory lifecycle but have no effective grants, and active KPI does not fabricate access (193.659872ms)
✔ B6 member details return real coarse other-school counts and work contacts without opening another tenant (300.29128ms)
✔ B6 member aggregate checks current school authority, target membership and SQL role before returning any count (267.835454ms)
✔ B6 member effective permissions and assignment history follow native grant time, membership, identity and assignment dates (622.097401ms)
✔ B6 member role choices respect action-specific delegation expiry without borrowing a role catalog (330.034898ms)
✔ B6 member history filters member, assignment and grant events before counting/keysets, with independent audit authority (537.541991ms)
✔ B6 personal notifications traverse more than 100 real own memberships without truncating global totals or opaque pages (17357.778874ms)
✔ B6 assignment preview is read-only, uses school-local instants and preserves displayed source versions before saving (721.602673ms)
✔ B6 assignment preview compares exact subject scopes, rejects overlapping windows and rechecks expired delegation on repeated POST (723.02771ms)
✔ B6 assignment preview detects source member changes, rejects malformed/foreign proposals and advertises future/configured publication timing (377.306664ms)
✔ B6 assignment matrix returns actual nullable cells and minimal work names under independent assignment-read authority (441.61876ms)
✔ B6 assignment matrix keeps an unconfigured year explicit and archived display reference separate from authority (293.059176ms)
✔ B6 role metadata keeps native scopes and real counts without lending member/audit access or treating custom class grants as assignments (468.785696ms)
✔ B6 role details show only independently authorized holders/history and save scoped deltas with a displayed version (2457.074934ms)
✔ B6 future held roles and immutable system templates cannot be edited by their holder (318.977957ms)
✔ B6 editing live roles cannot expand permissions beyond the current editor expiry ceiling (321.31644ms)
✔ B6 handover preview reads real current source/counts under purpose authority without member, family or role catalog access (430.599818ms)
✔ B6 handover applies exactly once with school-local cutoffs, durable receipts, own-actor recovery and preserved source authorship (1154.00561ms)
✔ B6 changed handover sources fail before submission or application and require an explicit review of the same pending receipt (1835.74902ms)
✔ B6 open-item changes invalidate handover review and linked source grants are never extended at the cutoff (1485.795349ms)
✔ B6 handover receipts remain actor/school bound, recheck delegation and deny immutable-source replacement (833.59336ms)
ℹ tests 127
ℹ suites 0
ℹ pass 127
ℹ fail 0
ℹ cancelled 0
ℹ skipped 0
ℹ todo 0
ℹ duration_ms 202508.784051
