✔ all operation IDs are unique, including the explicit frontend workflow extensions (1.1295ms)
✔ atomic school roles require a displayed version and unique explicit role IDs without actor authority (9.4007ms)
✔ school invite retains zero or multiple roles and the 1–30 day form without widening platform admin invitations (4.618ms)
✔ login rejects spoofed role, school and unknown fields (1.1864ms)
✔ private user DTO rejects secrets and unknown properties (3.5573ms)
✔ platform first administrator supports server start time and rejects scope spoofing or excessive invitation lifetime (0.2307ms)
✔ school overview accepts explicit unavailable panels and rejects private directory fields (20.3627ms)
✔ directory represents invitations without fake memberships and keeps unavailable invitation KPI explicit (7.003ms)
✔ member profile separates denied panels and exact native authority without exposing other school metadata (16.2336ms)
✔ assignment preview is a CSRF-protected read-only POST and preserves explicit source versions without actor authority (1.883ms)
✔ assignment matrix represents a real unconfigured year and empty cells without borrowing profiles, rosters or permissions (15.1504ms)
✔ role details retain exact native scopes and denied panels without exposing staff contacts or a fabricated editable system role (12.3244ms)
✔ handover receipts retain unknown legacy metadata and strict reviewed source fields without exposing the internal state (8.3395ms)
✔ announcement HTML retains paragraph/list formatting while dropping executable markup, URLs and tracking resources (3.4972ms)
✔ operation evidence validates metadata values and omits secret-like values and unknown fields (1.375ms)
✔ grant action and class scope stay together (0.8148ms)
✔ subject grants never authorize management without explicit subject policy (0.5364ms)
✔ end dates are exclusive and assignment is mandatory for default teacher grants (0.457ms)
✔ a custom class grant authorizes only its delegated action and class (0.5364ms)
✔ a delegated grant cannot outlive an expiring authority, including an unbounded target or future start (0.8023ms)
✔ decimal scoring preserves fractional sums, negative penalties, explicit base, clamps and threshold boundaries (2.691ms)
✔ fixed deltas reject overrides and manual deltas require bounds (0.2931ms)
✔ XLSX parser bounds sparse dimensions and rejects formulas before workbook allocation (88.3756ms)
ℹ tests 23
ℹ suites 0
ℹ pass 23
ℹ fail 0
ℹ cancelled 0
ℹ skipped 0
ℹ todo 0
ℹ duration_ms 1094.835
