
 RUN  v3.2.7 D:/Edu

 ✓ tests/unit/api-client.test.ts (11 tests) 34ms
 ✓ tests/unit/api-lists-fragments.test.ts (10 tests) 33ms
 ✓ tests/unit/api-support-adapter.test.ts (5 tests) 29ms
 ✓ tests/unit/api-query-boundary.test.ts (5 tests) 30ms
 ✓ tests/unit/api-session-adapter.test.ts (2 tests) 21ms
 ✓ tests/unit/api-session.test.ts (9 tests) 46ms
 ✓ tests/unit/api-platform-adapter.test.ts (12 tests) 42ms
 ✓ tests/unit/api-rollover-adapter.test.ts (8 tests) 44ms
 ✓ tests/unit/api-staff-directory.test.ts (6 tests) 27ms
 ✓ tests/unit/api-role-adapter.test.ts (5 tests) 31ms
 ✓ tests/unit/api-school-adapter.test.ts (16 tests) 46ms
 ✓ tests/unit/api-staff-adapter.test.ts (9 tests) 39ms
 ✓ tests/unit/api-assignment-adapter.test.ts (8 tests) 33ms
 ✓ tests/unit/api-member-details.test.ts (5 tests) 20ms
 ✓ tests/unit/api-handover-adapter.test.ts (7 tests) 40ms
 ✓ tests/unit/api-context.test.ts (1 test) 4ms
 ✓ tests/unit/api-scope-guard.test.ts (5 tests) 5ms

 Test Files  17 passed (17)
      Tests  124 passed (124)
   Start at  06:13:44
   Duration  1.02s (transform 1.19s, setup 907ms, collect 3.53s, tests 524ms, environment 4ms, prepare 2.14s)
