 Container edumanage_backend_test-postgres-1 Starting
 Container edumanage_backend_test-postgres-1 Started
 Container edumanage_backend_test-postgres-1 Waiting
 Container edumanage_backend_test-postgres-1 Healthy
 Container edumanage_backend_test-runner-run-54e58b3b5a00 Creating
 Container edumanage_backend_test-runner-run-54e58b3b5a00 Created
✔ B5 all 264 supplied operations and explicit frontend workflow extensions have registered real handlers (2385.204374ms)
✔ BE01 migration replay is a no-op, mismatch fails and metadata remains intact (107.934588ms)
✔ BE02 cross-school enrollment FK rejects write using the real runtime role (14.331935ms)
✔ BE03 no-tenant denies and SET LOCAL cannot leak across a reused connection (5.52811ms)
✔ BE04 bootstrap only exposes the authenticated user memberships without tenant (7.365932ms)
✔ BE05 HOMEROOM A plus SUBJECT B cannot authorize seating or guardians in B (910.217853ms)
✔ BE06 revoked membership is checked during an existing session and B stays independent (43.941225ms)
✔ B6 self context carries only own current duties and separates self-profile from school contacts (1346.792325ms)
✔ BE08 CSRF, credential validation, cookie flags, session rotation and rate limiting (89.520099ms)
✔ BE10 concurrent profile patches serialize with a single version winner (52.892348ms)
✔ B6 password/session commands use actual cookies, reject bad passwords and revoke every session after change (338.516788ms)
{"checkpoint":"parent-without-context","queryMs":9.372,"planExecutionMs":0.016,"planRows":0}
✔ BE21 parent runtime role cannot select raw student rows (22.60646ms)
✔ B0 health ready checks actual migrations, database and private storage (31.319174ms)
✔ B2 class lists use SQL scope and cross-school details deny before serialization (230.799453ms)
✔ BE09 idempotent organization create/retry/concurrency performs one write (81.87246ms)
✔ B2 required idempotency, class capacity/reference validation and version conflicts (145.339624ms)
✔ B2 signed cursor rejects scope/filter modification and delivers distinct pages (2654.165227ms)
✔ B2 subject student projection omits family/internal notes and denies guardians (287.920066ms)
✔ B2 guardian create does not merge matching phone, relationships start unverified (117.104272ms)
✔ BE07 existing identity invitation requires its session and preserves password/other school (741.939623ms)
✔ B1 password reset token is encrypted, single-use and revokes all prior sessions (143.861448ms)
✔ B2 staff delegation stays within the ceiling, custom class scope and immediate revocation (734.572959ms)
✔ B2 transfers serialize capacity, handover removes the old teacher and rollover binds its preview (1537.81401ms)
✔ B2 scoped guardian creation cannot acquire an unrelated family through relationship IDs (313.183519ms)
✔ B2/B5 uploads remain private until worker processing, leases serialize and local mail erases encrypted secrets (36733.371398ms)
✔ B2 imports parse real CSV, bind stale previews, avoid name/phone merges and retain invalid rows safely (4157.308142ms)
✔ B2/B5 timetable import checks assignments and overlapping slots, creates only a draft and deduplicates retries (2552.45227ms)
✔ B2 imports update only verified codes, create class drafts and staff invitations with work profiles (6339.163495ms)
✔ B2 large import resumes after a lost chunk without duplicating applied rows and checks current school authority (4823.013241ms)
✔ B3 attendance starts unmarked, versions every source change and publishes immutable one-student projections (533.7183ms)
✔ B3 subject attendance requires its actual lesson and cannot borrow daily access from another class (389.612167ms)
✔ B3 a simultaneous attendance edit and publish has one winner and never publishes a mixed source version (171.123547ms)
✔ B3 rule sets require explicit points, immutable issuance and effective week application (373.471725ms)
✔ B3 conduct reviews preserve facts, lock READY projections and publish only the exact pinned source (850.793548ms)
✔ B3 conduct linked attendance detects stale sources and subject teachers see only their own lesson facts (808.953643ms)
✔ B3 approved adjustments retain old facts and atomically replace the current publication with a reviewed preview (498.882672ms)
✔ B3 a simultaneous conduct record and lock/publish has one source winner (249.612702ms)
✔ B3 attendance linkage deduplicates, excludes corrected drafts and leaves locked scores unchanged with explicit warnings (453.459851ms)
✔ B4 private parent links expose only published child projections, preserve staff cookies and bind the active tab context (888.563728ms)
✔ B4 section/download rights, reissue, relationship revocation and foreign UUIDs are checked on each new parent request (498.819891ms)
✔ B4 private documents stream only with both download rights, and teacher contact projections use shared work fields (634.689406ms)
✔ B4 expired links, suspended schools, CSRF and exchange throttles deny without creating a parent identity (466.635033ms)
✔ B1 delegated grants and invitation acceptance stay inside the current expiry ceiling; backdated assignments require a reason (290.325856ms)
✔ B2 shrinking class capacity checks planned future occupancy peaks, rather than only today (115.15822ms)
✔ B5 dated groups retain moves and same-day cancellations, require current class versions and end group-leader duties (542.38532ms)
✔ B5 position holders serialize and remain valid conduct sources; locked source history cannot be shortened (450.110432ms)
✔ B5 seating validates effective enrollment and unique seats, preserves dated revisions and denies subject-only reads (642.784497ms)
✔ B2/B5 a transfer closes dated groups/positions and retains cancelled future plans atomically (374.672069ms)
✔ B5 timetable materializes bounded future lessons, publishes child-only projections and preserves past/source history (735.075609ms)
✔ B5 timetable rejects teacher/room collisions and revoked assignments, skips holidays and revalidates source versions (984.787142ms)
✔ B5 duties publish only individual tasks, reject foreign enrollment and retain immutable publication/withdraw history (430.491224ms)
✔ B5 group duties expand the effective group at publication and retain the individual targets after later moves (665.108478ms)
✔ B5 activities count only explicit participants, preserve published states and require current source/review authority (886.113547ms)
✔ B5 approved activity results are explicit conduct sources and locked approved facts protect their source history (393.572142ms)
✔ B5 evidence stays private until review and publication; parent documents remain child-bound and filter file availability (3947.130435ms)
✔ B5 class announcements retain immutable publication across edits, bind one recipient and reject foreign class reads (1940.360477ms)
✔ B5 public school announcements sanitize content and keep draft/private replacements out of the public projection (1985.535605ms)
✔ B5 scheduled announcements wait for their due time, publish once through a worker and safely replay after an acknowledgement loss (1279.811311ms)
✔ B5 scheduled publication rechecks the creator grant and reports a failed queue without exposing a parent snapshot (1364.379939ms)
✔ B5 announcement attachments remain private to one child, obey link download rights and disappear when archived or withdrawn (1293.486183ms)
✔ B5 school settings persist with version guards, affect only new link expiry and suppress work contacts without changing old link permissions (1051.250134ms)
✔ B5 disabling homeroom publication takes effect inside existing sessions and restores only after an explicit setting change (733.706316ms)
✔ B3 configured second approval rejects self approval in API and SQL, while a different scoped approver permits atomic adjustment (551.144826ms)
✔ B5 personal notifications paginate across actual memberships, deduplicate publication events and deny foreign recipients and cross-user cursors (1089.276205ms)
✔ B5 withdrawn announcements redact retained staff notifications instead of exposing a stale published target (5968.856859ms)
✔ B5 dashboards count real scoped rows, keep homeroom and subject tasks separate and immediately recheck revocation (6762.724357ms)
✔ B5 teacher schedule is own dated teaching and announcement feed reads only current publications across draft edits (2509.916614ms)
✔ B5 dashboard attendance counters and publication tasks follow persisted marks, publish/withdraw and current school policy (929.617174ms)
✔ B2 platform creates only metadata drafts, bootstraps admin roles/invitations and requires an active administrator for activation (1475.784751ms)
✔ B5 platform settings and operation records persist actual state, redact artifacts and reauthorize command replays (1627.546721ms)
✔ B1 platform admin invitations obey operator expiry ceilings and acceptance rolls back after authority expires (116.611502ms)
✔ B5 support tickets persist both sides, preserve queue states and exact timestamp pagination, and deny other schools (309.610952ms)
✔ B1 support requests require independent current school consent, retain immutable scope and bind tickets/classes/actions/time (274.620197ms)
✔ B1 explicitly selected support grants authorize only scoped metadata GETs, audit the actual operator and force read-only SQL (243.014462ms)
✔ B1 school-wide support metadata never exposes import rows/downloads and expires without fallback to operator privileges (3501.241888ms)
✔ B1 an operator who also has school-admin rights still cannot self-approve or combine selected support scope with ordinary rights (181.374977ms)
✔ B5 signed native keysets cross a nullable sort boundary without dropping or repeating persisted schools (4181.614309ms)
✔ B5 report SQL uses real scoped counts and immutable CSV export content while live attendance changes (799.745134ms)
✔ B5 published report exports pin revisions across replacement and withdrawal without exposing drafts (805.780385ms)
✔ B5 export XLSX/PDF are actual files with literal formula text, Vietnamese font and private download authorization (933.033748ms)
✔ B5 subject reports remain own lesson attendance and scoped activities without school/family/conduct/export access (872.635691ms)
✔ B5 export workers and all file paths reauthorize revocation, expiry and cancellation, and replay completed work safely (1109.34824ms)
✔ B5 conduct/activity/progress/link reports use actual pinned scores, explicit participant denominators and anonymous link use (1800.458873ms)
✔ B6 organization display fields persist with versions and tenant-safe references instead of being silently ignored (708.613085ms)
✔ B6 year wizard creates bounded terms, weeks, published holidays and independent draft rules atomically and idempotently (529.995988ms)
✔ B6 class form assigns homeroom atomically, denies foreign/backdated inputs, requires handover and preserves archived history (873.330301ms)
✔ B6 organization projections scope counts in SQL and a year-only grant cannot copy or publish rules (4430.920114ms)
✔ B6 purpose-bound form pickers use current write authority, exclude contacts/roles/counts and deny normal directory access (336.636115ms)
✔ B6 rollover preview uses exact end-year enrollment, minimal workflow authority and immediate revocation (566.79679ms)
✔ B6 platform school wizard creates its optional admin invitation atomically and redacts form metadata (3244.832815ms)
✔ B6 platform school form readers never lend admin or read authority to a create-only operator (163.532701ms)
✔ B6 school overview keeps current scoped totals, actual setup and publication metadata without lending school-wide reads (6664.37552ms)
✔ B6 support choices/counts are scoped SQL metadata, ticket message/status save atomically and an operator only relinquishes its own grant (1031.356229ms)
✔ B6 platform audit filters exact actors and whole local date boundaries before pagination and denies school-only staff (445.153825ms)
✔ B6 school support metadata does not borrow consent authority, counts in SQL and rechecks permission before replay (1447.524852ms)
✔ B6 school audit uses the school timezone and exact SQL filters with tenant-safe history options (362.848365ms)
✔ B6 operational probes use worker-only cycle evidence, actual backup records and purpose-bound aggregate authority (1971.085845ms)
✔ B6 atomic school-role replacement retains expiry/class scopes, detects independent grants and rolls back all failures (1002.819903ms)
✔ B6 school-role replacement prevents self edits, last-admin removal, ceiling/expiry breaches and unauthorized cached replay (1020.75313ms)
✔ B6 ending a membership revokes all current/future grants and assignments without deleting history or other schools (1159.160404ms)
✔ B6 native school invitations persist all roles/profile, replay once and accept multiple or zero grants atomically (862.70581ms)
✔ B6 zero-role invitation still rechecks current inviter membership and mail authority before acceptance (580.270515ms)
✔ B6 expired staff invitations cannot be revoked as pending or delivered, and preserve their history (408.44434ms)
✔ B6 staff directory combines authorized pending invitations in SQL, searches folded work data and counts before keysets (917.351525ms)
✔ B6 directory read does not lend invitation, role catalog, assignment or export authority and revocation invalidates opaque scope cursors (876.811404ms)
✔ B6 Vietnamese composite keysets preserve given/full-name order, case/diacritic ties and nullable departments in both directions (963.695027ms)
✔ B6 locked identities keep their directory lifecycle but have no effective grants, and active KPI does not fabricate access (417.588589ms)
✔ B6 member details return real coarse other-school counts and work contacts without opening another tenant (717.597922ms)
✔ B6 member aggregate checks current school authority, target membership and SQL role before returning any count (615.037899ms)
✔ B6 member effective permissions and assignment history follow native grant time, membership, identity and assignment dates (1083.871191ms)
✔ B6 member role choices respect action-specific delegation expiry without borrowing a role catalog (825.845101ms)
✔ B6 member history filters member, assignment and grant events before counting/keysets, with independent audit authority (1053.551635ms)
✔ B6 personal notifications traverse more than 100 real own memberships without truncating global totals or opaque pages (9715.235918ms)
✔ B6 assignment preview is read-only, uses school-local instants and preserves displayed source versions before saving (508.796019ms)
✔ B6 assignment preview compares exact subject scopes, rejects overlapping windows and rechecks expired delegation on repeated POST (774.074522ms)
✔ B6 assignment preview detects source member changes, rejects malformed/foreign proposals and advertises future/configured publication timing (373.662875ms)
✔ B6 assignment matrix returns actual nullable cells and minimal work names under independent assignment-read authority (528.225858ms)
✔ B6 assignment matrix keeps an unconfigured year explicit and archived display reference separate from authority (282.563808ms)
✔ B6 role metadata keeps native scopes and real counts without lending member/audit access or treating custom class grants as assignments (462.368352ms)
✔ B6 role details show only independently authorized holders/history and save scoped deltas with a displayed version (1952.54354ms)
✔ B6 future held roles and immutable system templates cannot be edited by their holder (282.373509ms)
✔ B6 editing live roles cannot expand permissions beyond the current editor expiry ceiling (297.025892ms)
✔ B6 handover preview reads real current source/counts under purpose authority without member, family or role catalog access (434.192844ms)
✔ B6 handover applies exactly once with school-local cutoffs, durable receipts, own-actor recovery and preserved source authorship (1111.02406ms)
✔ B6 changed handover sources fail before submission or application and require an explicit review of the same pending receipt (1814.900543ms)
✔ B6 open-item changes invalidate handover review and linked source grants are never extended at the cutoff (1507.743216ms)
✖ B6 handover receipts remain actor/school bound, recheck delegation and deny immutable-source replacement (840.946779ms)
ℹ tests 127
ℹ suites 0
ℹ pass 126
ℹ fail 1
ℹ cancelled 0
ℹ skipped 0
ℹ todo 0
ℹ duration_ms 187518.832221

✖ failing tests:

test at tests/integration/foundation.test.mjs:2452:1
✖ B6 handover receipts remain actor/school bound, recheck delegation and deny immutable-source replacement (840.946779ms)
  AssertionError [ERR_ASSERTION]: Expected values to be strictly equal:

  404 !== 403

      at TestContext.<anonymous> (file:///srv/api/tests/integration/foundation.test.mjs:2454:213)
      at process.processTicksAndRejections (node:internal/process/task_queues:104:5)
      at async Test.run (node:internal/test_runner/test:1409:7)
      at async Test.processPendingSubtests (node:internal/test_runner/test:974:7) {
    generatedMessage: true,
    code: 'ERR_ASSERTION',
    actual: 404,
    expected: 403,
    operator: 'strictEqual',
    diff: 'simple'
  }
