 Container edumanage_backend_test-postgres-1 Running
 Container edumanage_backend_test-postgres-1 Waiting
 Container edumanage_backend_test-postgres-1 Healthy
 Container edumanage_backend_test-runner-run-ee12c990f469 Creating
 Container edumanage_backend_test-runner-run-ee12c990f469 Created
✔ B5 all 264 supplied operations and explicit frontend workflow extensions have registered real handlers (400.406615ms)
✔ BE01 migration replay is a no-op, mismatch fails and metadata remains intact (58.381306ms)
✔ BE02 cross-school enrollment FK rejects write using the real runtime role (8.826545ms)
✔ BE03 no-tenant denies and SET LOCAL cannot leak across a reused connection (3.542693ms)
✔ BE04 bootstrap only exposes the authenticated user memberships without tenant (5.364787ms)
✔ BE05 HOMEROOM A plus SUBJECT B cannot authorize seating or guardians in B (524.324662ms)
✔ BE06 revoked membership is checked during an existing session and B stays independent (50.538112ms)
✔ B6 self context carries only own current duties and separates self-profile from school contacts (693.22498ms)
✔ BE08 CSRF, credential validation, cookie flags, session rotation and rate limiting (93.824856ms)
✔ BE10 concurrent profile patches serialize with a single version winner (52.869373ms)
✔ B6 password/session commands use actual cookies, reject bad passwords and revoke every session after change (323.71025ms)
{"checkpoint":"parent-without-context","queryMs":5.372,"planExecutionMs":0.015,"planRows":0}
✔ BE21 parent runtime role cannot select raw student rows (15.283105ms)
✔ B0 health ready checks actual migrations, database and private storage (23.159552ms)
✔ B2 class lists use SQL scope and cross-school details deny before serialization (185.965559ms)
✔ BE09 idempotent organization create/retry/concurrency performs one write (77.187429ms)
✔ B2 required idempotency, class capacity/reference validation and version conflicts (135.68174ms)
✔ B2 signed cursor rejects scope/filter modification and delivers distinct pages (2144.324952ms)
✔ B2 subject student projection omits family/internal notes and denies guardians (308.292582ms)
✔ B2 guardian create does not merge matching phone, relationships start unverified (108.336471ms)
✔ BE07 existing identity invitation requires its session and preserves password/other school (440.449716ms)
✔ B1 password reset token is encrypted, single-use and revokes all prior sessions (139.22269ms)
✔ B2 staff delegation stays within the ceiling, custom class scope and immediate revocation (750.547442ms)
✔ B2 transfers serialize capacity, handover removes the old teacher and rollover binds its preview (1619.981875ms)
✔ B2 scoped guardian creation cannot acquire an unrelated family through relationship IDs (624.902626ms)
✔ B2/B5 uploads remain private until worker processing, leases serialize and local mail erases encrypted secrets (24399.014232ms)
✔ B2 imports parse real CSV, bind stale previews, avoid name/phone merges and retain invalid rows safely (4098.977557ms)
✔ B2/B5 timetable import checks assignments and overlapping slots, creates only a draft and deduplicates retries (2418.728794ms)
✔ B2 imports update only verified codes, create class drafts and staff invitations with work profiles (5857.052617ms)
✔ B2 large import resumes after a lost chunk without duplicating applied rows and checks current school authority (4402.89348ms)
✔ B3 attendance starts unmarked, versions every source change and publishes immutable one-student projections (499.034455ms)
✔ B3 subject attendance requires its actual lesson and cannot borrow daily access from another class (457.736736ms)
✔ B3 a simultaneous attendance edit and publish has one winner and never publishes a mixed source version (168.503359ms)
✔ B3 rule sets require explicit points, immutable issuance and effective week application (380.498022ms)
✔ B3 conduct reviews preserve facts, lock READY projections and publish only the exact pinned source (796.773778ms)
✔ B3 conduct linked attendance detects stale sources and subject teachers see only their own lesson facts (861.71154ms)
✔ B3 approved adjustments retain old facts and atomically replace the current publication with a reviewed preview (524.051839ms)
✔ B3 a simultaneous conduct record and lock/publish has one source winner (256.564952ms)
✔ B3 attendance linkage deduplicates, excludes corrected drafts and leaves locked scores unchanged with explicit warnings (457.258519ms)
✔ B4 private parent links expose only published child projections, preserve staff cookies and bind the active tab context (952.436809ms)
✔ B4 section/download rights, reissue, relationship revocation and foreign UUIDs are checked on each new parent request (490.147744ms)
✔ B4 private documents stream only with both download rights, and teacher contact projections use shared work fields (657.561146ms)
✔ B4 expired links, suspended schools, CSRF and exchange throttles deny without creating a parent identity (450.399441ms)
✔ B1 delegated grants and invitation acceptance stay inside the current expiry ceiling; backdated assignments require a reason (275.719843ms)
✔ B2 shrinking class capacity checks planned future occupancy peaks, rather than only today (122.226603ms)
✔ B5 dated groups retain moves and same-day cancellations, require current class versions and end group-leader duties (523.252852ms)
✔ B5 position holders serialize and remain valid conduct sources; locked source history cannot be shortened (460.107616ms)
✔ B5 seating validates effective enrollment and unique seats, preserves dated revisions and denies subject-only reads (601.485211ms)
✔ B2/B5 a transfer closes dated groups/positions and retains cancelled future plans atomically (368.360115ms)
✔ B5 timetable materializes bounded future lessons, publishes child-only projections and preserves past/source history (694.960167ms)
✔ B5 timetable rejects teacher/room collisions and revoked assignments, skips holidays and revalidates source versions (932.493717ms)
✔ B5 duties publish only individual tasks, reject foreign enrollment and retain immutable publication/withdraw history (425.866807ms)
✔ B5 group duties expand the effective group at publication and retain the individual targets after later moves (618.644739ms)
✔ B5 activities count only explicit participants, preserve published states and require current source/review authority (885.600097ms)
✔ B5 approved activity results are explicit conduct sources and locked approved facts protect their source history (383.633956ms)
✔ B5 evidence stays private until review and publication; parent documents remain child-bound and filter file availability (2667.957203ms)
✔ B5 class announcements retain immutable publication across edits, bind one recipient and reject foreign class reads (1888.988089ms)
✔ B5 public school announcements sanitize content and keep draft/private replacements out of the public projection (1807.776851ms)
✔ B5 scheduled announcements wait for their due time, publish once through a worker and safely replay after an acknowledgement loss (1241.910684ms)
✔ B5 scheduled publication rechecks the creator grant and reports a failed queue without exposing a parent snapshot (1359.509661ms)
✔ B5 announcement attachments remain private to one child, obey link download rights and disappear when archived or withdrawn (1272.007615ms)
✔ B5 school settings persist with version guards, affect only new link expiry and suppress work contacts without changing old link permissions (899.259768ms)
✔ B5 disabling homeroom publication takes effect inside existing sessions and restores only after an explicit setting change (777.102233ms)
✔ B3 configured second approval rejects self approval in API and SQL, while a different scoped approver permits atomic adjustment (558.959232ms)
✔ B5 personal notifications paginate across actual memberships, deduplicate publication events and deny foreign recipients and cross-user cursors (1058.437443ms)
✔ B5 withdrawn announcements redact retained staff notifications instead of exposing a stale published target (3407.423881ms)
✔ B5 dashboards count real scoped rows, keep homeroom and subject tasks separate and immediately recheck revocation (6443.28679ms)
✔ B5 teacher schedule is own dated teaching and announcement feed reads only current publications across draft edits (1883.374655ms)
✔ B5 dashboard attendance counters and publication tasks follow persisted marks, publish/withdraw and current school policy (873.296155ms)
✔ B2 platform creates only metadata drafts, bootstraps admin roles/invitations and requires an active administrator for activation (1126.255152ms)
✔ B5 platform settings and operation records persist actual state, redact artifacts and reauthorize command replays (1134.433714ms)
✔ B1 platform admin invitations obey operator expiry ceilings and acceptance rolls back after authority expires (114.22363ms)
✔ B5 support tickets persist both sides, preserve queue states and exact timestamp pagination, and deny other schools (302.992341ms)
✔ B1 support requests require independent current school consent, retain immutable scope and bind tickets/classes/actions/time (243.834484ms)
✔ B1 explicitly selected support grants authorize only scoped metadata GETs, audit the actual operator and force read-only SQL (219.074492ms)
✔ B1 school-wide support metadata never exposes import rows/downloads and expires without fallback to operator privileges (3462.805047ms)
✔ B1 an operator who also has school-admin rights still cannot self-approve or combine selected support scope with ordinary rights (193.28651ms)
✔ B5 signed native keysets cross a nullable sort boundary without dropping or repeating persisted schools (2766.560815ms)
✔ B5 report SQL uses real scoped counts and immutable CSV export content while live attendance changes (722.514101ms)
✔ B5 published report exports pin revisions across replacement and withdrawal without exposing drafts (791.909059ms)
✔ B5 export XLSX/PDF are actual files with literal formula text, Vietnamese font and private download authorization (880.914137ms)
✔ B5 subject reports remain own lesson attendance and scoped activities without school/family/conduct/export access (503.662239ms)
✔ B5 export workers and all file paths reauthorize revocation, expiry and cancellation, and replay completed work safely (747.82149ms)
✔ B5 conduct/activity/progress/link reports use actual pinned scores, explicit participant denominators and anonymous link use (793.717045ms)
✔ B6 organization display fields persist with versions and tenant-safe references instead of being silently ignored (907.253188ms)
✔ B6 year wizard creates bounded terms, weeks, published holidays and independent draft rules atomically and idempotently (568.533282ms)
✔ B6 class form assigns homeroom atomically, denies foreign/backdated inputs, requires handover and preserves archived history (1059.22782ms)
✔ B6 organization projections scope counts in SQL and a year-only grant cannot copy or publish rules (4007.125201ms)
✔ B6 purpose-bound form pickers use current write authority, exclude contacts/roles/counts and deny normal directory access (348.688683ms)
✔ B6 rollover preview uses exact end-year enrollment, minimal workflow authority and immediate revocation (501.273072ms)
✔ B6 platform school wizard creates its optional admin invitation atomically and redacts form metadata (2260.302629ms)
✔ B6 platform school form readers never lend admin or read authority to a create-only operator (163.236921ms)
✔ B6 school overview keeps current scoped totals, actual setup and publication metadata without lending school-wide reads (5925.159616ms)
✔ B6 support choices/counts are scoped SQL metadata, ticket message/status save atomically and an operator only relinquishes its own grant (1160.641815ms)
✔ B6 platform audit filters exact actors and whole local date boundaries before pagination and denies school-only staff (417.173491ms)
✔ B6 school support metadata does not borrow consent authority, counts in SQL and rechecks permission before replay (1339.914752ms)
✔ B6 school audit uses the school timezone and exact SQL filters with tenant-safe history options (708.438521ms)
✔ B6 operational probes use worker-only cycle evidence, actual backup records and purpose-bound aggregate authority (1512.090104ms)
✔ B6 atomic school-role replacement retains expiry/class scopes, detects independent grants and rolls back all failures (545.208593ms)
✔ B6 school-role replacement prevents self edits, last-admin removal, ceiling/expiry breaches and unauthorized cached replay (401.514273ms)
✔ B6 ending a membership revokes all current/future grants and assignments without deleting history or other schools (467.189267ms)
✔ B6 native school invitations persist all roles/profile, replay once and accept multiple or zero grants atomically (323.72062ms)
✔ B6 zero-role invitation still rechecks current inviter membership and mail authority before acceptance (192.920789ms)
✔ B6 expired staff invitations cannot be revoked as pending or delivered, and preserve their history (166.933472ms)
✔ B6 staff directory combines authorized pending invitations in SQL, searches folded work data and counts before keysets (479.685694ms)
✔ B6 directory read does not lend invitation, role catalog, assignment or export authority and revocation invalidates opaque scope cursors (340.862902ms)
✔ B6 Vietnamese composite keysets preserve given/full-name order, case/diacritic ties and nullable departments in both directions (518.662124ms)
✔ B6 locked identities keep their directory lifecycle but have no effective grants, and active KPI does not fabricate access (186.070402ms)
✔ B6 member details return real coarse other-school counts and work contacts without opening another tenant (299.635243ms)
✔ B6 member aggregate checks current school authority, target membership and SQL role before returning any count (258.636819ms)
✔ B6 member effective permissions and assignment history follow native grant time, membership, identity and assignment dates (595.413692ms)
✔ B6 member role choices respect action-specific delegation expiry without borrowing a role catalog (297.291729ms)
✔ B6 member history filters member, assignment and grant events before counting/keysets, with independent audit authority (481.277048ms)
✔ B6 personal notifications traverse more than 100 real own memberships without truncating global totals or opaque pages (5322.325432ms)
ℹ tests 113
ℹ suites 0
ℹ pass 113
ℹ fail 0
ℹ cancelled 0
ℹ skipped 0
ℹ todo 0
ℹ duration_ms 135858.793478
