✔ all operation IDs are unique, including the explicit frontend workflow extensions (2.0414ms)
✔ atomic school roles require a displayed version and unique explicit role IDs without actor authority (7.6029ms)
✔ school invite retains zero or multiple roles and the 1–30 day form without widening platform admin invitations (4.1179ms)
✔ login rejects spoofed role, school and unknown fields (1.0374ms)
✔ private user DTO rejects secrets and unknown properties (3.3376ms)
✔ platform first administrator supports server start time and rejects scope spoofing or excessive invitation lifetime (0.2066ms)
✔ school overview accepts explicit unavailable panels and rejects private directory fields (17.5783ms)
✔ directory represents invitations without fake memberships and keeps unavailable invitation KPI explicit (5.7611ms)
✔ member profile separates denied panels and exact native authority without exposing other school metadata (14.221ms)
✔ announcement HTML retains paragraph/list formatting while dropping executable markup, URLs and tracking resources (3.2076ms)
✔ operation evidence validates metadata values and omits secret-like values and unknown fields (1.2433ms)
✔ grant action and class scope stay together (0.7306ms)
✔ subject grants never authorize management without explicit subject policy (0.1198ms)
✔ end dates are exclusive and assignment is mandatory for default teacher grants (0.1048ms)
✔ a custom class grant authorizes only its delegated action and class (0.1213ms)
✔ a delegated grant cannot outlive an expiring authority, including an unbounded target or future start (0.1521ms)
✔ decimal scoring preserves fractional sums, negative penalties, explicit base, clamps and threshold boundaries (2.699ms)
✔ fixed deltas reject overrides and manual deltas require bounds (0.2981ms)
✔ XLSX parser bounds sparse dimensions and rejects formulas before workbook allocation (80.4858ms)
ℹ tests 19
ℹ suites 0
ℹ pass 19
ℹ fail 0
ℹ cancelled 0
ℹ skipped 0
ℹ todo 0
ℹ duration_ms 391.8311
