 Container edumanage_backend_test-postgres-1 Running
 Container edumanage_backend_test-postgres-1 Waiting
 Container edumanage_backend_test-postgres-1 Healthy
 Container edumanage_backend_test-runner-run-63a4d220a9be Creating
 Container edumanage_backend_test-runner-run-63a4d220a9be Created
✔ B5 all 264 supplied operations and explicit frontend workflow extensions have registered real handlers (400.854727ms)
✔ BE01 migration replay is a no-op, mismatch fails and metadata remains intact (61.684576ms)
✔ BE02 cross-school enrollment FK rejects write using the real runtime role (8.972156ms)
✔ BE03 no-tenant denies and SET LOCAL cannot leak across a reused connection (3.548207ms)
✔ BE04 bootstrap only exposes the authenticated user memberships without tenant (5.011237ms)
✔ BE05 HOMEROOM A plus SUBJECT B cannot authorize seating or guardians in B (429.157612ms)
✔ BE06 revoked membership is checked during an existing session and B stays independent (51.937236ms)
✔ B6 self context carries only own current duties and separates self-profile from school contacts (587.008914ms)
✔ BE08 CSRF, credential validation, cookie flags, session rotation and rate limiting (92.768468ms)
✔ BE10 concurrent profile patches serialize with a single version winner (53.265194ms)
✔ B6 password/session commands use actual cookies, reject bad passwords and revoke every session after change (325.405934ms)
{"checkpoint":"parent-without-context","queryMs":5.226,"planExecutionMs":0.016,"planRows":0}
✔ BE21 parent runtime role cannot select raw student rows (15.237287ms)
✔ B0 health ready checks actual migrations, database and private storage (29.275466ms)
✔ B2 class lists use SQL scope and cross-school details deny before serialization (181.398062ms)
✔ BE09 idempotent organization create/retry/concurrency performs one write (77.146141ms)
✔ B2 required idempotency, class capacity/reference validation and version conflicts (130.4735ms)
✔ B2 signed cursor rejects scope/filter modification and delivers distinct pages (2044.20354ms)
✔ B2 subject student projection omits family/internal notes and denies guardians (275.882908ms)
✔ B2 guardian create does not merge matching phone, relationships start unverified (126.653769ms)
✔ BE07 existing identity invitation requires its session and preserves password/other school (362.552243ms)
✔ B1 password reset token is encrypted, single-use and revokes all prior sessions (139.689883ms)
✔ B2 staff delegation stays within the ceiling, custom class scope and immediate revocation (703.813387ms)
✔ B2 transfers serialize capacity, handover removes the old teacher and rollover binds its preview (1054.483593ms)
✔ B2 scoped guardian creation cannot acquire an unrelated family through relationship IDs (373.977263ms)
✔ B2/B5 uploads remain private until worker processing, leases serialize and local mail erases encrypted secrets (21330.809265ms)
✔ B2 imports parse real CSV, bind stale previews, avoid name/phone merges and retain invalid rows safely (3968.437324ms)
✔ B2/B5 timetable import checks assignments and overlapping slots, creates only a draft and deduplicates retries (2351.489957ms)
✔ B2 imports update only verified codes, create class drafts and staff invitations with work profiles (5993.21276ms)
✔ B2 large import resumes after a lost chunk without duplicating applied rows and checks current school authority (4331.679541ms)
✔ B3 attendance starts unmarked, versions every source change and publishes immutable one-student projections (486.209413ms)
✔ B3 subject attendance requires its actual lesson and cannot borrow daily access from another class (422.370861ms)
✔ B3 a simultaneous attendance edit and publish has one winner and never publishes a mixed source version (171.121793ms)
✔ B3 rule sets require explicit points, immutable issuance and effective week application (382.283013ms)
✔ B3 conduct reviews preserve facts, lock READY projections and publish only the exact pinned source (845.358525ms)
✔ B3 conduct linked attendance detects stale sources and subject teachers see only their own lesson facts (936.757621ms)
✔ B3 approved adjustments retain old facts and atomically replace the current publication with a reviewed preview (531.822099ms)
✔ B3 a simultaneous conduct record and lock/publish has one source winner (260.198386ms)
✔ B3 attendance linkage deduplicates, excludes corrected drafts and leaves locked scores unchanged with explicit warnings (469.355487ms)
✔ B4 private parent links expose only published child projections, preserve staff cookies and bind the active tab context (871.395791ms)
✔ B4 section/download rights, reissue, relationship revocation and foreign UUIDs are checked on each new parent request (494.285121ms)
✔ B4 private documents stream only with both download rights, and teacher contact projections use shared work fields (634.004021ms)
✔ B4 expired links, suspended schools, CSRF and exchange throttles deny without creating a parent identity (452.734234ms)
✔ B1 delegated grants and invitation acceptance stay inside the current expiry ceiling; backdated assignments require a reason (275.265909ms)
✔ B2 shrinking class capacity checks planned future occupancy peaks, rather than only today (114.484983ms)
✔ B5 dated groups retain moves and same-day cancellations, require current class versions and end group-leader duties (528.66557ms)
✔ B5 position holders serialize and remain valid conduct sources; locked source history cannot be shortened (442.26886ms)
✔ B5 seating validates effective enrollment and unique seats, preserves dated revisions and denies subject-only reads (592.765501ms)
✔ B2/B5 a transfer closes dated groups/positions and retains cancelled future plans atomically (378.842951ms)
✔ B5 timetable materializes bounded future lessons, publishes child-only projections and preserves past/source history (690.179849ms)
✔ B5 timetable rejects teacher/room collisions and revoked assignments, skips holidays and revalidates source versions (937.472642ms)
✔ B5 duties publish only individual tasks, reject foreign enrollment and retain immutable publication/withdraw history (428.551409ms)
✔ B5 group duties expand the effective group at publication and retain the individual targets after later moves (647.228975ms)
✔ B5 activities count only explicit participants, preserve published states and require current source/review authority (948.873586ms)
✔ B5 approved activity results are explicit conduct sources and locked approved facts protect their source history (385.61569ms)
✖ B5 evidence stays private until review and publication; parent documents remain child-bound and filter file availability (421.787416ms)
✔ B5 class announcements retain immutable publication across edits, bind one recipient and reject foreign class reads (1906.114504ms)
✔ B5 public school announcements sanitize content and keep draft/private replacements out of the public projection (1745.036338ms)
✔ B5 scheduled announcements wait for their due time, publish once through a worker and safely replay after an acknowledgement loss (1249.074235ms)
✔ B5 scheduled publication rechecks the creator grant and reports a failed queue without exposing a parent snapshot (1357.71351ms)
✔ B5 announcement attachments remain private to one child, obey link download rights and disappear when archived or withdrawn (1272.52112ms)
✔ B5 school settings persist with version guards, affect only new link expiry and suppress work contacts without changing old link permissions (903.826951ms)
✔ B5 disabling homeroom publication takes effect inside existing sessions and restores only after an explicit setting change (751.088193ms)
✔ B3 configured second approval rejects self approval in API and SQL, while a different scoped approver permits atomic adjustment (562.711284ms)
✔ B5 personal notifications paginate across actual memberships, deduplicate publication events and deny foreign recipients and cross-user cursors (1050.321944ms)
✖ B5 withdrawn announcements redact retained staff notifications instead of exposing a stale published target (521.179824ms)
✔ B5 dashboards count real scoped rows, keep homeroom and subject tasks separate and immediately recheck revocation (6236.898461ms)
✔ B5 teacher schedule is own dated teaching and announcement feed reads only current publications across draft edits (1961.126445ms)
✔ B5 dashboard attendance counters and publication tasks follow persisted marks, publish/withdraw and current school policy (911.961321ms)
✔ B2 platform creates only metadata drafts, bootstraps admin roles/invitations and requires an active administrator for activation (1027.679129ms)
✔ B5 platform settings and operation records persist actual state, redact artifacts and reauthorize command replays (1011.423301ms)
✔ B1 platform admin invitations obey operator expiry ceilings and acceptance rolls back after authority expires (117.689046ms)
✔ B5 support tickets persist both sides, preserve queue states and exact timestamp pagination, and deny other schools (304.734145ms)
✔ B1 support requests require independent current school consent, retain immutable scope and bind tickets/classes/actions/time (254.803577ms)
✔ B1 explicitly selected support grants authorize only scoped metadata GETs, audit the actual operator and force read-only SQL (221.493236ms)
✔ B1 school-wide support metadata never exposes import rows/downloads and expires without fallback to operator privileges (3461.85124ms)
✔ B1 an operator who also has school-admin rights still cannot self-approve or combine selected support scope with ordinary rights (177.519912ms)
✔ B5 signed native keysets cross a nullable sort boundary without dropping or repeating persisted schools (2439.725224ms)
✔ B5 report SQL uses real scoped counts and immutable CSV export content while live attendance changes (726.316249ms)
✔ B5 published report exports pin revisions across replacement and withdrawal without exposing drafts (810.864978ms)
✔ B5 export XLSX/PDF are actual files with literal formula text, Vietnamese font and private download authorization (873.677862ms)
✔ B5 subject reports remain own lesson attendance and scoped activities without school/family/conduct/export access (414.919201ms)
✔ B5 export workers and all file paths reauthorize revocation, expiry and cancellation, and replay completed work safely (739.100551ms)
✔ B5 conduct/activity/progress/link reports use actual pinned scores, explicit participant denominators and anonymous link use (794.231624ms)
✔ B6 organization display fields persist with versions and tenant-safe references instead of being silently ignored (350.738589ms)
✔ B6 year wizard creates bounded terms, weeks, published holidays and independent draft rules atomically and idempotently (503.047817ms)
✔ B6 class form assigns homeroom atomically, denies foreign/backdated inputs, requires handover and preserves archived history (721.513579ms)
✔ B6 organization projections scope counts in SQL and a year-only grant cannot copy or publish rules (4115.988007ms)
✔ B6 purpose-bound form pickers use current write authority, exclude contacts/roles/counts and deny normal directory access (333.804847ms)
✔ B6 rollover preview uses exact end-year enrollment, minimal workflow authority and immediate revocation (507.529922ms)
✔ B6 platform school wizard creates its optional admin invitation atomically and redacts form metadata (2116.659173ms)
✔ B6 platform school form readers never lend admin or read authority to a create-only operator (331.316602ms)
✔ B6 school overview keeps current scoped totals, actual setup and publication metadata without lending school-wide reads (5469.693478ms)
✔ B6 support choices/counts are scoped SQL metadata, ticket message/status save atomically and an operator only relinquishes its own grant (292.654717ms)
✔ B6 platform audit filters exact actors and whole local date boundaries before pagination and denies school-only staff (113.403778ms)
✔ B6 school support metadata does not borrow consent authority, counts in SQL and rechecks permission before replay (467.623051ms)
✔ B6 school audit uses the school timezone and exact SQL filters with tenant-safe history options (254.901966ms)
✔ B6 operational probes use worker-only cycle evidence, actual backup records and purpose-bound aggregate authority (688.609014ms)
✔ B6 atomic school-role replacement retains expiry/class scopes, detects independent grants and rolls back all failures (427.592343ms)
✔ B6 school-role replacement prevents self edits, last-admin removal, ceiling/expiry breaches and unauthorized cached replay (361.276559ms)
✔ B6 ending a membership revokes all current/future grants and assignments without deleting history or other schools (459.349281ms)
✔ B6 native school invitations persist all roles/profile, replay once and accept multiple or zero grants atomically (320.776911ms)
✔ B6 zero-role invitation still rechecks current inviter membership and mail authority before acceptance (181.333304ms)
✔ B6 expired staff invitations cannot be revoked as pending or delivered, and preserve their history (157.346487ms)
✔ B6 staff directory combines authorized pending invitations in SQL, searches folded work data and counts before keysets (476.798783ms)
✔ B6 directory read does not lend invitation, role catalog, assignment or export authority and revocation invalidates opaque scope cursors (341.630196ms)
✔ B6 Vietnamese composite keysets preserve given/full-name order, case/diacritic ties and nullable departments in both directions (529.01607ms)
✔ B6 locked identities keep their directory lifecycle but have no effective grants, and active KPI does not fabricate access (185.732433ms)
✔ B6 member details return real coarse other-school counts and work contacts without opening another tenant (294.551647ms)
✔ B6 member aggregate checks current school authority, target membership and SQL role before returning any count (255.510644ms)
✔ B6 member effective permissions and assignment history follow native grant time, membership, identity and assignment dates (585.187741ms)
✔ B6 member role choices respect action-specific delegation expiry without borrowing a role catalog (298.139526ms)
✔ B6 member history filters member, assignment and grant events before counting/keysets, with independent audit authority (481.400902ms)
ℹ tests 112
ℹ suites 0
ℹ pass 110
ℹ fail 2
ℹ cancelled 0
ℹ skipped 0
ℹ todo 0
ℹ duration_ms 115440.289651

✖ failing tests:

test at tests/integration/foundation.test.mjs:1293:1
✖ B5 evidence stays private until review and publication; parent documents remain child-bound and filter file availability (421.787416ms)
  AssertionError [ERR_ASSERTION]: {"type":"urn:edumanage:problem:membership_limit","title":"MEMBERSHIP_LIMIT","status":422,"code":"MEMBERSHIP_LIMIT","requestId":"d2f97f43-2230-47ff-b09e-31989ea5a387"}

  422 !== 200

      at TestContext.<anonymous> (file:///srv/api/tests/integration/foundation.test.mjs:1306:125)
      at process.processTicksAndRejections (node:internal/process/task_queues:104:5)
      at async Test.run (node:internal/test_runner/test:1409:7)
      at async Test.processPendingSubtests (node:internal/test_runner/test:974:7) {
    generatedMessage: false,
    code: 'ERR_ASSERTION',
    actual: 422,
    expected: 200,
    operator: 'strictEqual',
    diff: 'simple'
  }

test at tests/integration/foundation.test.mjs:1521:1
✖ B5 withdrawn announcements redact retained staff notifications instead of exposing a stale published target (521.179824ms)
  AssertionError [ERR_ASSERTION]: {"type":"urn:edumanage:problem:membership_limit","title":"MEMBERSHIP_LIMIT","status":422,"code":"MEMBERSHIP_LIMIT","requestId":"dfc84a62-3902-443f-836b-7b6515e2212b"}

  422 !== 200

      at TestContext.<anonymous> (file:///srv/api/tests/integration/foundation.test.mjs:1524:122)
      at process.processTicksAndRejections (node:internal/process/task_queues:104:5)
      at async Test.run (node:internal/test_runner/test:1409:7)
      at async Test.processPendingSubtests (node:internal/test_runner/test:974:7) {
    generatedMessage: false,
    code: 'ERR_ASSERTION',
    actual: 422,
    expected: 200,
    operator: 'strictEqual',
    diff: 'simple'
  }
