 Image edumanage_backend_test-runner Building
#1 [internal] load local bake definitions
#1 reading from stdin 539B done
#1 DONE 0.0s

#2 [internal] load build definition from Dockerfile
#2 transferring dockerfile: 931B done
#2 DONE 0.0s

#3 resolve image config for docker-image://docker.io/docker/dockerfile:1
#3 DONE 2.4s

#4 docker-image://docker.io/docker/dockerfile:1@sha256:4edf897a3ffa55b89f906fc8cc78afdb3f1834cc9c7083565e611a8a7d5fe99e
#4 resolve docker.io/docker/dockerfile:1@sha256:4edf897a3ffa55b89f906fc8cc78afdb3f1834cc9c7083565e611a8a7d5fe99e 0.0s done
#4 sha256:4edf897a3ffa55b89f906fc8cc78afdb3f1834cc9c7083565e611a8a7d5fe99e 9.08kB / 9.08kB done
#4 sha256:7b32114e84ca21aeb2d6f871a0b62b3a0762193f75d9afd048ee4cbe889f3148 1.13kB / 1.13kB done
#4 sha256:528c92d70d7e39dbb3dd1c6681f6750c565c7e45b70527cda47c1a61495c1b6a 1.41kB / 1.41kB done
#4 sha256:9d2b4f57f9e20f33279375ce25c6ff14f30f64270ed5c7b613b2b30256754f62 0B / 14.28MB 0.1s
#4 sha256:9d2b4f57f9e20f33279375ce25c6ff14f30f64270ed5c7b613b2b30256754f62 1.05MB / 14.28MB 0.4s
#4 sha256:9d2b4f57f9e20f33279375ce25c6ff14f30f64270ed5c7b613b2b30256754f62 3.15MB / 14.28MB 0.6s
#4 sha256:9d2b4f57f9e20f33279375ce25c6ff14f30f64270ed5c7b613b2b30256754f62 5.24MB / 14.28MB 0.8s
#4 sha256:9d2b4f57f9e20f33279375ce25c6ff14f30f64270ed5c7b613b2b30256754f62 7.34MB / 14.28MB 1.0s
#4 sha256:9d2b4f57f9e20f33279375ce25c6ff14f30f64270ed5c7b613b2b30256754f62 8.39MB / 14.28MB 1.1s
#4 sha256:9d2b4f57f9e20f33279375ce25c6ff14f30f64270ed5c7b613b2b30256754f62 10.49MB / 14.28MB 1.2s
#4 sha256:9d2b4f57f9e20f33279375ce25c6ff14f30f64270ed5c7b613b2b30256754f62 12.58MB / 14.28MB 1.4s
#4 sha256:9d2b4f57f9e20f33279375ce25c6ff14f30f64270ed5c7b613b2b30256754f62 13.63MB / 14.28MB 1.5s
#4 extracting sha256:9d2b4f57f9e20f33279375ce25c6ff14f30f64270ed5c7b613b2b30256754f62
#4 sha256:9d2b4f57f9e20f33279375ce25c6ff14f30f64270ed5c7b613b2b30256754f62 14.28MB / 14.28MB 1.6s done
#4 extracting sha256:9d2b4f57f9e20f33279375ce25c6ff14f30f64270ed5c7b613b2b30256754f62 0.1s done
#4 DONE 1.8s

#5 [internal] load metadata for docker.io/library/node:24.21.0-bookworm-slim
#5 DONE 2.0s

#6 [internal] load .dockerignore
#6 transferring context: 85B done
#6 DONE 0.0s

#7 [build 1/7] FROM docker.io/library/node:24.21.0-bookworm-slim@sha256:0e0ff40c39bc087845bfb27465a0df4ea419520094bc35842ff83dd8cbe6f9b6
#7 DONE 0.0s

#8 [internal] load build context
#8 transferring context: 424.80kB 0.0s done
#8 DONE 0.1s

#9 [build 2/7] WORKDIR /srv/api
#9 CACHED

#10 [build 3/7] COPY package.json package-lock.json ./
#10 CACHED

#11 [build 4/7] RUN npm ci --no-audit --no-fund
#11 CACHED

#12 [build 5/7] COPY tsconfig.json ./
#12 CACHED

#13 [build 6/7] COPY src ./src
#13 DONE 0.1s

#14 [build 7/7] RUN npm run build
#14 0.257
#14 0.257 > edumanage-backend@0.1.0 build
#14 0.257 > tsc -p tsconfig.json
#14 0.257
#14 DONE 3.7s

#15 [test 1/3] COPY tests ./tests
#15 DONE 0.0s

#16 [test 2/3] COPY migrations ./migrations
#16 DONE 0.0s

#17 [test 3/3] COPY assets ./assets
#17 DONE 0.0s

#18 exporting to image
#18 exporting layers 0.1s done
#18 writing image sha256:12b801918f47559694f7e30ec33aa0fc1e14fef2bf7cb8a36f55aa2e7ed6439b done
#18 naming to docker.io/library/edumanage_backend_test-runner done
#18 DONE 0.1s

#19 resolving provenance for metadata file
#19 DONE 0.0s
 Image edumanage_backend_test-runner Built
