✔ all operation IDs are unique, including the explicit frontend workflow extensions (0.9561ms)
✔ atomic school roles require a displayed version and unique explicit role IDs without actor authority (9.6772ms)
✔ school invite retains zero or multiple roles and the 1–30 day form without widening platform admin invitations (4.449ms)
✔ login rejects spoofed role, school and unknown fields (1.1901ms)
✔ private user DTO rejects secrets and unknown properties (4.0892ms)
✔ platform first administrator supports server start time and rejects scope spoofing or excessive invitation lifetime (0.2349ms)
✔ school overview accepts explicit unavailable panels and rejects private directory fields (20.5758ms)
✔ directory represents invitations without fake memberships and keeps unavailable invitation KPI explicit (6.9205ms)
✔ member profile separates denied panels and exact native authority without exposing other school metadata (16.7897ms)
✔ announcement HTML retains paragraph/list formatting while dropping executable markup, URLs and tracking resources (5.5666ms)
✔ operation evidence validates metadata values and omits secret-like values and unknown fields (1.3206ms)
✔ grant action and class scope stay together (0.7316ms)
✔ subject grants never authorize management without explicit subject policy (0.1278ms)
✔ end dates are exclusive and assignment is mandatory for default teacher grants (0.1092ms)
✔ a custom class grant authorizes only its delegated action and class (0.1238ms)
✔ a delegated grant cannot outlive an expiring authority, including an unbounded target or future start (0.1682ms)
✔ decimal scoring preserves fractional sums, negative penalties, explicit base, clamps and threshold boundaries (4.2198ms)
✔ fixed deltas reject overrides and manual deltas require bounds (0.5345ms)
✔ XLSX parser bounds sparse dimensions and rejects formulas before workbook allocation (83.6915ms)
ℹ tests 19
ℹ suites 0
ℹ pass 19
ℹ fail 0
ℹ cancelled 0
ℹ skipped 0
ℹ todo 0
ℹ duration_ms 434.7813
