✔ all operation IDs are unique, including the explicit frontend workflow extensions (1.6804ms)
✔ atomic school roles require a displayed version and unique explicit role IDs without actor authority (13.9088ms)
✔ school invite retains zero or multiple roles and the 1–30 day form without widening platform admin invitations (15.2966ms)
✔ login rejects spoofed role, school and unknown fields (3.7286ms)
✔ private user DTO rejects secrets and unknown properties (7.7755ms)
✔ platform first administrator supports server start time and rejects scope spoofing or excessive invitation lifetime (0.3709ms)
✔ school overview accepts explicit unavailable panels and rejects private directory fields (75.157ms)
✔ directory represents invitations without fake memberships and keeps unavailable invitation KPI explicit (19.6914ms)
✔ member profile separates denied panels and exact native authority without exposing other school metadata (39.745ms)
✔ atomic guardian save requires displayed student and primary versions without verification or actor fields (19.755ms)
✔ assignment preview is a CSRF-protected read-only POST and preserves explicit source versions without actor authority (3.5259ms)
✔ assignment matrix represents a real unconfigured year and empty cells without borrowing profiles, rosters or permissions (55.8747ms)
✔ role details retain exact native scopes and denied panels without exposing staff contacts or a fabricated editable system role (25.8451ms)
✔ handover receipts retain unknown legacy metadata and strict reviewed source fields without exposing the internal state (56.9312ms)
✔ student forms persist nullable gender and an atomic unverified guardian without accepting actor or result state (48.2738ms)
✔ student read models distinguish denied and unknown values and exclude reusable parent tokens (89.2392ms)
✔ guardian projections exclude student private profiles and audit snapshots and require explicit denied panels (41.2635ms)
✔ announcement HTML retains paragraph/list formatting while dropping executable markup, URLs and tracking resources (6.6342ms)
✔ operation evidence validates metadata values and omits secret-like values and unknown fields (2.2805ms)
✔ grant action and class scope stay together (1.4024ms)
✔ subject grants never authorize management without explicit subject policy (0.2498ms)
✔ end dates are exclusive and assignment is mandatory for default teacher grants (0.2241ms)
✔ a custom class grant authorizes only its delegated action and class (0.2337ms)
✔ a delegated grant cannot outlive an expiring authority, including an unbounded target or future start (0.2824ms)
✔ decimal scoring preserves fractional sums, negative penalties, explicit base, clamps and threshold boundaries (5.9686ms)
✔ fixed deltas reject overrides and manual deltas require bounds (0.6355ms)
✔ XLSX parser bounds sparse dimensions and rejects formulas before workbook allocation (158.684ms)
ℹ tests 27
ℹ suites 0
ℹ pass 27
ℹ fail 0
ℹ cancelled 0
ℹ skipped 0
ℹ todo 0
ℹ duration_ms 841.2431
