
Running 32 tests using 1 worker

(node:12216) Warning: The 'NO_COLOR' env is ignored due to the 'FORCE_COLOR' env being set.
(Use `node --trace-warnings ...` to show where the warning was created)
  ok  1 tests\native-ui-contract\auth-contract.spec.ts:35:7 › Native browser contract with intercepted API responses — PostgreSQL E2E remains separate › ignores a persisted demo persona and requires actual API authentication (650ms)
  ok  2 tests\native-ui-contract\auth-contract.spec.ts:42:7 › Native browser contract with intercepted API responses — PostgreSQL E2E remains separate › keeps a failed login form and retries the same intent before navigating on acknowledgement (660ms)
  ok  3 tests\native-ui-contract\auth-contract.spec.ts:59:7 › Native browser contract with intercepted API responses — PostgreSQL E2E remains separate › accepts a new invitation only after a matching ACK and preserves the result after cache invalidation (842ms)
  ok  4 tests\native-ui-contract\auth-contract.spec.ts:81:7 › Native browser contract with intercepted API responses — PostgreSQL E2E remains separate › requires the invited existing identity and does not offer a password replacement (482ms)
  ok  5 tests\native-ui-contract\auth-contract.spec.ts:87:7 › Native browser contract with intercepted API responses — PostgreSQL E2E remains separate › keeps a reset draft after an invalid ACK and shows completion after authentication changes (695ms)
  ok  6 tests\native-ui-contract\auth-contract.spec.ts:97:7 › Native browser contract with intercepted API responses — PostgreSQL E2E remains separate › retains a dirty profile and its reviewed version across background refresh and resolves conflict explicitly (823ms)
  ok  7 tests\native-ui-contract\auth-contract.spec.ts:112:7 › Native browser contract with intercepted API responses — PostgreSQL E2E remains separate › allows an actual nullable own work phone and saves only after the server profile acknowledgement (528ms)
  ok  8 tests\native-ui-contract\school-contract.spec.ts:22:7 › Native school browser contract — intercepted API, separate from PostgreSQL E2E › keeps school edits on a transient read failure and removes the private form on forbidden reads (731ms)
  ok  9 tests\native-ui-contract\school-contract.spec.ts:35:7 › Native school browser contract — intercepted API, separate from PostgreSQL E2E › accepts nullable public contacts and clears dirty state only after a matching profile ACK (585ms)
  ok 10 tests\native-ui-contract\school-contract.spec.ts:46:7 › Native school browser contract — intercepted API, separate from PostgreSQL E2E › opens a school without years and keeps year creation reachable (734ms)
  ok 11 tests\native-ui-contract\school-contract.spec.ts:59:7 › Native school browser contract — intercepted API, separate from PostgreSQL E2E › keeps a reviewed school profile through background refresh and reloads explicitly after conflict (843ms)
  ok 12 tests\native-ui-contract\school-contract.spec.ts:76:7 › Native school browser contract — intercepted API, separate from PostgreSQL E2E › creates a class with class authority alone, retains a wrong ACK and retries one atomic command (9.9s)
  ok 13 tests\native-ui-contract\school-contract.spec.ts:102:7 › Native school browser contract — intercepted API, separate from PostgreSQL E2E › shows the year calendar with year authority alone and labels denied class data (588ms)
  ok 14 tests\native-ui-contract\staff-contract.spec.ts:26:7 › Native staff browser contracts — intercepted API, separate from PostgreSQL E2E › renders denied assignment and history panels without inventing empty data or reading invitations (587ms)
  ok 15 tests\native-ui-contract\staff-contract.spec.ts:37:7 › Native staff browser contracts — intercepted API, separate from PostgreSQL E2E › keeps mixed action scopes and source version through refresh, retains read failures and reloads a role explicitly after conflict (1.1s)
  ok 16 tests\native-ui-contract\staff-contract.spec.ts:54:7 › Native staff browser contracts — intercepted API, separate from PostgreSQL E2E › creates an invitation through purpose-bound choices with zero roles and truthful queued delivery (704ms)
  ok 17 tests\native-ui-contract\staff-contract.spec.ts:66:7 › Native staff browser contracts — intercepted API, separate from PostgreSQL E2E › replaces school roles with the reviewed member version and actual delegation deadline without reading a role catalog (769ms)
  ok 18 tests\native-ui-contract\staff-contract.spec.ts:79:7 › Native staff browser contracts — intercepted API, separate from PostgreSQL E2E › saves the reviewed assignment dates and versions, retains a wrong ACK and manually retries the same key (922ms)
  ok 19 tests\native-ui-contract\staff-contract.spec.ts:94:7 › Native staff browser contracts — intercepted API, separate from PostgreSQL E2E › recovers a handover after a lost create ACK and reload, then reviews changed sources without creating a second receipt (1.4s)
  x  20 tests\native-ui-contract\students-contract.spec.ts:36:7 › Native student and guardian browser contracts — intercepted API, separate from PostgreSQL E2E › uses directory year and class choices, preserves denied counters and sends server filters (649ms)
(node:27420) Warning: The 'NO_COLOR' env is ignored due to the 'FORCE_COLOR' env being set.
(Use `node --trace-warnings ...` to show where the warning was created)
  x  21 tests\native-ui-contract\students-contract.spec.ts:47:7 › Native student and guardian browser contracts — intercepted API, separate from PostgreSQL E2E › opens a class-write creation form without school, year or roster readers and creates atomically (10.8s)
(node:41212) Warning: The 'NO_COLOR' env is ignored due to the 'FORCE_COLOR' env being set.
(Use `node --trace-warnings ...` to show where the warning was created)
  ok 22 tests\native-ui-contract\students-contract.spec.ts:59:7 › Native student and guardian browser contracts — intercepted API, separate from PostgreSQL E2E › renders the minimal subject projection without family, notes, positions or stored link credentials (868ms)
  ok 23 tests\native-ui-contract\students-contract.spec.ts:68:7 › Native student and guardian browser contracts — intercepted API, separate from PostgreSQL E2E › renders existing link metadata without recovering a secret or borrowing issuance authority (657ms)
  ok 24 tests\native-ui-contract\students-contract.spec.ts:77:7 › Native student and guardian browser contracts — intercepted API, separate from PostgreSQL E2E › retains the student draft and displayed version through background read failure and a wrong mutation ACK (912ms)
  ok 25 tests\native-ui-contract\students-contract.spec.ts:89:7 › Native student and guardian browser contracts — intercepted API, separate from PostgreSQL E2E › uses the atomic guardian source, keeps masked contact unchanged and freezes all reviewed versions (839ms)
  ok 26 tests\native-ui-contract\students-contract.spec.ts:101:7 › Native student and guardian browser contracts — intercepted API, separate from PostgreSQL E2E › requires an explicit receiving choice for verification and sends the clicked relationship version (813ms)
  x  27 tests\native-ui-contract\students-contract.spec.ts:112:7 › Native student and guardian browser contracts — intercepted API, separate from PostgreSQL E2E › removes an open guardian draft when purpose authority is revoked (11.0s)
(node:40144) Warning: The 'NO_COLOR' env is ignored due to the 'FORCE_COLOR' env being set.
(Use `node --trace-warnings ...` to show where the warning was created)
  ok 28 tests\native-ui-contract\support-contract.spec.ts:26:7 › Native school support browser contracts — intercepted API, separate from PostgreSQL E2E › uses server ticket totals, message counts and filters without borrowing consent authority (892ms)
  ok 29 tests\native-ui-contract\support-contract.spec.ts:37:7 › Native school support browser contracts — intercepted API, separate from PostgreSQL E2E › keeps a ticket draft through read failure and mismatched create ACK, then manually retries the same intent (901ms)
  ok 30 tests\native-ui-contract\support-contract.spec.ts:51:7 › Native school support browser contracts — intercepted API, separate from PostgreSQL E2E › uses the reviewed support version through refresh and retains a required decline reason on conflict (764ms)
  ok 31 tests\native-ui-contract\support-contract.spec.ts:64:7 › Native school support browser contracts — intercepted API, separate from PostgreSQL E2E › retains an unconfirmed school message and sends the same key on manual retry (691ms)
  ok 32 tests\native-ui-contract\support-contract.spec.ts:76:7 › Native school support browser contracts — intercepted API, separate from PostgreSQL E2E › uses audit SQL filters and removes a private detail drawer when read authority is denied (701ms)


  1) tests\native-ui-contract\students-contract.spec.ts:36:7 › Native student and guardian browser contracts — intercepted API, separate from PostgreSQL E2E › uses directory year and class choices, preserves denied counters and sends server filters

    Error: expect(locator).toBeVisible() failed

    Locator: getByRole('cell', { name: 'Học sinh API' })
    Expected: visible
    Error: strict mode violation: getByRole('cell', { name: 'Học sinh API' }) resolved to 2 elements:
        1) <td class="">…</td> aka getByRole('cell', { name: 'Học sinh API API001 · sinh 30/09/' })
        2) <td class="center">…</td> aka getByRole('cell', { name: 'Thao tác với Học sinh API' })

    Call log:
      - Expect "toBeVisible" getByRole('cell', { name: 'Học sinh API' }) with timeout 10000ms
      - waiting for getByRole('cell', { name: 'Học sinh API' })


      41 |       unexpected.push(path);return deny(r);
      42 |     });
    > 43 |     await page.goto(`${web}/students`);await expect(page.getByRole('cell',{name:'Học sinh API',exact:false})).toBeVisible();await expect(page.getByText('Không hiển thị theo quyền',{exact:true})).toHaveCount(2);await expect(page.getByLabel('Lọc người giám hộ',{exact:true})).toHaveCount(0);
         |                                                                                                               ^
      44 |     await page.getByLabel('Lọc theo lớp',{exact:true}).selectOption(classId);await expect.poll(()=>requests.some(u=>new URL(u).searchParams.get('classId')===classId)).toBe(true);expect(unexpected).toEqual([]);await page.screenshot({path:screenshot('student-directory'),fullPage:true});
      45 |   });
      46 |
        at D:\Edu\tests\native-ui-contract\students-contract.spec.ts:43:111

    attachment #1: screenshot (image/png) ──────────────────────────────────────────────────────────
    qa\backend\b6-native-students-browser-artifacts-final\students-contract-Native-s-0abbd-rs-and-sends-server-filters\test-failed-1.png
    ────────────────────────────────────────────────────────────────────────────────────────────────

    Error Context: qa\backend\b6-native-students-browser-artifacts-final\students-contract-Native-s-0abbd-rs-and-sends-server-filters\error-context.md

    attachment #3: trace (application/zip) ─────────────────────────────────────────────────────────
    qa\backend\b6-native-students-browser-artifacts-final\students-contract-Native-s-0abbd-rs-and-sends-server-filters\trace.zip
    Usage:

        npx playwright show-trace qa\backend\b6-native-students-browser-artifacts-final\students-contract-Native-s-0abbd-rs-and-sends-server-filters\trace.zip

    ────────────────────────────────────────────────────────────────────────────────────────────────

  2) tests\native-ui-contract\students-contract.spec.ts:47:7 › Native student and guardian browser contracts — intercepted API, separate from PostgreSQL E2E › opens a class-write creation form without school, year or roster readers and creates atomically

    Error: expect(locator).toBeDisabled() failed

    Locator: getByRole('checkbox', { name: 'Thêm người giám hộ ngay', exact: true })
    Expected: disabled
    Timeout: 10000ms
    Error: element(s) not found

    Call log:
      - Expect "toBeDisabled" getByRole('checkbox', { name: 'Thêm người giám hộ ngay', exact: true }) with timeout 10000ms
      - waiting for getByRole('checkbox', { name: 'Thêm người giám hộ ngay', exact: true })


      53 |       unexpected.push(path);return deny(r);
      54 |     },'CLASS');
    > 55 |     await page.goto(`${web}/students/new`);await fillStudent(page);await expect(page.getByRole('checkbox',{name:'Thêm người giám hộ ngay',exact:true})).toBeDisabled();await expect(page.getByLabel(/^Ngày vào lớp/)).toHaveValue('01/10/2026');
         |                                                                                                                                                         ^
      56 |     await page.getByRole('button',{name:'Lưu học sinh',exact:true}).click();await expect(page).toHaveURL(`${web}/students/${studentId}`);expect(writes).toEqual([{fullName:'Học sinh mới',dateOfBirth:'2011-09-30',gender:'Nữ',initialClassId:classId,startsOn:'2026-10-01'}]);expect(unexpected).toEqual([]);await page.screenshot({path:screenshot('class-write-create'),fullPage:true});
      57 |   });
      58 |
        at D:\Edu\tests\native-ui-contract\students-contract.spec.ts:55:153

    attachment #1: screenshot (image/png) ──────────────────────────────────────────────────────────
    qa\backend\b6-native-students-browser-artifacts-final\students-contract-Native-s-b1235-ders-and-creates-atomically\test-failed-1.png
    ────────────────────────────────────────────────────────────────────────────────────────────────

    Error Context: qa\backend\b6-native-students-browser-artifacts-final\students-contract-Native-s-b1235-ders-and-creates-atomically\error-context.md

    attachment #3: trace (application/zip) ─────────────────────────────────────────────────────────
    qa\backend\b6-native-students-browser-artifacts-final\students-contract-Native-s-b1235-ders-and-creates-atomically\trace.zip
    Usage:

        npx playwright show-trace qa\backend\b6-native-students-browser-artifacts-final\students-contract-Native-s-b1235-ders-and-creates-atomically\trace.zip

    ────────────────────────────────────────────────────────────────────────────────────────────────

  3) tests\native-ui-contract\students-contract.spec.ts:112:7 › Native student and guardian browser contracts — intercepted API, separate from PostgreSQL E2E › removes an open guardian draft when purpose authority is revoked

    Error: expect(locator).toHaveCount(expected) failed

    Locator:  getByRole('dialog', { name: 'Sửa người giám hộ', exact: true })
    Expected: 0
    Received: 1
    Timeout:  10000ms

    Call log:
      - Expect "toHaveCount" getByRole('dialog', { name: 'Sửa người giám hộ', exact: true }) with timeout 10000ms
      - waiting for getByRole('dialog', { name: 'Sửa người giám hộ', exact: true })
        24 × locator resolved to 1 element
           - unexpected value "1"


      117 |       return deny(r);
      118 |     });
    > 119 |     await page.goto(`${web}/guardians/${guardianId}`);await page.getByRole('button',{name:'Sửa liên hệ',exact:true}).click();await page.getByLabel(/^Họ và tên người giám hộ/).fill('Nội dung riêng');const prior=reads;denied=true;await page.evaluate(()=>window.dispatchEvent(new Event('focus')));await expect.poll(()=>reads).toBeGreaterThan(prior);await expect(page.getByRole('dialog',{name:'Sửa người giám hộ',exact:true})).toHaveCount(0);await expect(page.locator('input[value="Nội dung riêng"]')).toHaveCount(0);
          |                                                                                                                                                                                                                                                                                                                                                                                                                                        ^
      120 |   });
      121 | });
      122 |
        at D:\Edu\tests\native-ui-contract\students-contract.spec.ts:119:424

    attachment #1: screenshot (image/png) ──────────────────────────────────────────────────────────
    qa\backend\b6-native-students-browser-artifacts-final\students-contract-Native-s-876d1-urpose-authority-is-revoked\test-failed-1.png
    ────────────────────────────────────────────────────────────────────────────────────────────────

    Error Context: qa\backend\b6-native-students-browser-artifacts-final\students-contract-Native-s-876d1-urpose-authority-is-revoked\error-context.md

    attachment #3: trace (application/zip) ─────────────────────────────────────────────────────────
    qa\backend\b6-native-students-browser-artifacts-final\students-contract-Native-s-876d1-urpose-authority-is-revoked\trace.zip
    Usage:

        npx playwright show-trace qa\backend\b6-native-students-browser-artifacts-final\students-contract-Native-s-876d1-urpose-authority-is-revoked\trace.zip

    ────────────────────────────────────────────────────────────────────────────────────────────────

  3 failed
    tests\native-ui-contract\students-contract.spec.ts:36:7 › Native student and guardian browser contracts — intercepted API, separate from PostgreSQL E2E › uses directory year and class choices, preserves denied counters and sends server filters
    tests\native-ui-contract\students-contract.spec.ts:47:7 › Native student and guardian browser contracts — intercepted API, separate from PostgreSQL E2E › opens a class-write creation form without school, year or roster readers and creates atomically
    tests\native-ui-contract\students-contract.spec.ts:112:7 › Native student and guardian browser contracts — intercepted API, separate from PostgreSQL E2E › removes an open guardian draft when purpose authority is revoked
  29 passed (58.7s)
