
 RUN  v3.2.7 D:/Edu

 ✓ tests/unit/api-client.test.ts (11 tests) 46ms
 ✓ tests/unit/api-query-boundary.test.ts (5 tests) 46ms
 ✓ tests/unit/api-lists-fragments.test.ts (10 tests) 50ms
 ✓ tests/unit/api-session.test.ts (9 tests) 61ms
 ✓ tests/unit/api-rollover-adapter.test.ts (8 tests) 59ms
 ✓ tests/unit/api-school-adapter.test.ts (22 tests) 71ms
 ✓ tests/unit/api-staff-directory.test.ts (6 tests) 34ms
 ✓ tests/unit/api-assignment-adapter.test.ts (8 tests) 45ms
 ✓ tests/unit/api-platform-adapter.test.ts (13 tests) 77ms
 ✓ tests/unit/api-staff-adapter.test.ts (9 tests) 62ms
 ✓ tests/unit/api-students-adapter.test.ts (11 tests) 81ms
 ✓ tests/unit/api-guardians-adapter.test.ts (17 tests) 65ms
stdout | tests/unit/seed.test.ts > demo seed invariants > prints sizes
{
  students: 155,
  att: 3732,
  conduct: 265,
  lessons: 120,
  bytes: 1430325
}

 ✓ tests/unit/seed.test.ts (7 tests) 80ms
 ✓ tests/unit/api-auth-adapter.test.ts (7 tests) 75ms
 ✓ tests/unit/api-handover-adapter.test.ts (8 tests) 75ms
 ✓ tests/unit/api-role-adapter.test.ts (5 tests) 38ms
 ✓ tests/unit/api-support-adapter.test.ts (5 tests) 75ms
 ✓ tests/unit/api-scope-guard.test.ts (5 tests) 11ms
 ✓ tests/unit/api-school-read-capability.test.ts (1 test) 3ms
 ✓ tests/unit/api-session-adapter.test.ts (2 tests) 45ms
 ✓ tests/unit/api-member-details.test.ts (5 tests) 22ms
 ✓ tests/unit/api-context.test.ts (1 test) 6ms
 ✓ tests/unit/permissions.test.ts (9 tests) 6ms
 ✓ tests/unit/api-parent-credential.test.ts (3 tests) 8ms
 ✓ tests/unit/api-native-facade.test.ts (3 tests) 3132ms
   ✓ connected root boundary > has no runtime route dependency on fixtures, IndexedDB, legacy repositories or demo sessions  3119ms
 ✓ tests/unit/flows.test.ts (25 tests) 8618ms
   ✓ NV-03 / Q17 — revoking an assignment blocks the next read/write > revoked homeroom cannot lock or record morning attendance  467ms
   ✓ F03 / F04 / F05 — record → review → lock ≠ publish → adjust > parent sees 97 only after publish, then 102 after an approved + published adjustment  2104ms
   ✓ F07 / Q21 — attendance-linked conduct is never double counted > late in attendance creates one record; manual late is refused; re-save does not duplicate  540ms
   ✓ F07 / Q21 — attendance-linked conduct is never double counted > Q20 — unmarked is never counted as present and blocks publishing  357ms
   ✓ F12 / NV-14 / Q40 — network error and conflicts > simulated network error saves nothing and a retry succeeds once  486ms
   ✓ F12 / NV-14 / Q40 — network error and conflicts > stale version is rejected instead of overwriting  344ms
   ✓ F09 / Q36 — import with errors never duplicates or overwrites > previews row errors, commits valid rows, re-import skips  365ms
   ✓ F04 — school B policy: only school leaders publish > homeroom at B can lock but not publish; principal publishes  662ms
   ✓ SC07 / NV-13 — new school year rollover > creates a year, enrols chosen students into new classes, leaves the old year untouched  713ms
   ✓ F11 / Q35 — lesson change with effective date and conflict detection > detects a teacher already teaching another class; publishing is blocked; past dates refused  487ms

 Test Files  26 passed (26)
      Tests  215 passed (215)
   Start at  10:15:19
   Duration  10.95s (transform 4.53s, setup 1.98s, collect 10.92s, tests 12.89s, environment 7ms, prepare 4.40s)
