
Running 33 tests using 1 worker

(node:33400) Warning: The 'NO_COLOR' env is ignored due to the 'FORCE_COLOR' env being set.
(Use `node --trace-warnings ...` to show where the warning was created)
  ok  1 tests\native-ui-contract\auth-contract.spec.ts:35:7 › Native browser contract with intercepted API responses — PostgreSQL E2E remains separate › ignores a persisted demo persona and requires actual API authentication (867ms)
  ok  2 tests\native-ui-contract\auth-contract.spec.ts:42:7 › Native browser contract with intercepted API responses — PostgreSQL E2E remains separate › keeps a failed login form and retries the same intent before navigating on acknowledgement (873ms)
  ok  3 tests\native-ui-contract\auth-contract.spec.ts:59:7 › Native browser contract with intercepted API responses — PostgreSQL E2E remains separate › accepts a new invitation only after a matching ACK and preserves the result after cache invalidation (1.1s)
  ok  4 tests\native-ui-contract\auth-contract.spec.ts:81:7 › Native browser contract with intercepted API responses — PostgreSQL E2E remains separate › requires the invited existing identity and does not offer a password replacement (753ms)
  ok  5 tests\native-ui-contract\auth-contract.spec.ts:87:7 › Native browser contract with intercepted API responses — PostgreSQL E2E remains separate › keeps a reset draft after an invalid ACK and shows completion after authentication changes (781ms)
  ok  6 tests\native-ui-contract\auth-contract.spec.ts:97:7 › Native browser contract with intercepted API responses — PostgreSQL E2E remains separate › retains a dirty profile and its reviewed version across background refresh and resolves conflict explicitly (1.0s)
  ok  7 tests\native-ui-contract\auth-contract.spec.ts:112:7 › Native browser contract with intercepted API responses — PostgreSQL E2E remains separate › allows an actual nullable own work phone and saves only after the server profile acknowledgement (614ms)
  ok  8 tests\native-ui-contract\school-contract.spec.ts:22:7 › Native school browser contract — intercepted API, separate from PostgreSQL E2E › keeps school edits on a transient read failure and removes the private form on forbidden reads (740ms)
  ok  9 tests\native-ui-contract\school-contract.spec.ts:35:7 › Native school browser contract — intercepted API, separate from PostgreSQL E2E › accepts nullable public contacts and clears dirty state only after a matching profile ACK (649ms)
  ok 10 tests\native-ui-contract\school-contract.spec.ts:46:7 › Native school browser contract — intercepted API, separate from PostgreSQL E2E › opens a school without years and keeps year creation reachable (834ms)
  ok 11 tests\native-ui-contract\school-contract.spec.ts:59:7 › Native school browser contract — intercepted API, separate from PostgreSQL E2E › keeps a reviewed school profile through background refresh and reloads explicitly after conflict (833ms)
  ok 12 tests\native-ui-contract\school-contract.spec.ts:76:7 › Native school browser contract — intercepted API, separate from PostgreSQL E2E › creates a class with class authority alone, retains a wrong ACK and retries one atomic command (10.1s)
  ok 13 tests\native-ui-contract\school-contract.spec.ts:102:7 › Native school browser contract — intercepted API, separate from PostgreSQL E2E › shows the year calendar with year authority alone and labels denied class data (621ms)
  ok 14 tests\native-ui-contract\staff-contract.spec.ts:26:7 › Native staff browser contracts — intercepted API, separate from PostgreSQL E2E › renders denied assignment and history panels without inventing empty data or reading invitations (621ms)
  ok 15 tests\native-ui-contract\staff-contract.spec.ts:37:7 › Native staff browser contracts — intercepted API, separate from PostgreSQL E2E › keeps mixed action scopes and source version through refresh, retains read failures and reloads a role explicitly after conflict (1.0s)
  ok 16 tests\native-ui-contract\staff-contract.spec.ts:54:7 › Native staff browser contracts — intercepted API, separate from PostgreSQL E2E › creates an invitation through purpose-bound choices with zero roles and truthful queued delivery (702ms)
  ok 17 tests\native-ui-contract\staff-contract.spec.ts:66:7 › Native staff browser contracts — intercepted API, separate from PostgreSQL E2E › replaces school roles with the reviewed member version and actual delegation deadline without reading a role catalog (798ms)
  ok 18 tests\native-ui-contract\staff-contract.spec.ts:79:7 › Native staff browser contracts — intercepted API, separate from PostgreSQL E2E › saves the reviewed assignment dates and versions, retains a wrong ACK and manually retries the same key (918ms)
  ok 19 tests\native-ui-contract\staff-contract.spec.ts:94:7 › Native staff browser contracts — intercepted API, separate from PostgreSQL E2E › recovers a handover after a lost create ACK and reload, then reviews changed sources without creating a second receipt (1.4s)
  ok 20 tests\native-ui-contract\students-contract.spec.ts:36:7 › Native student and guardian browser contracts — intercepted API, separate from PostgreSQL E2E › uses directory year and class choices, preserves denied counters and sends server filters (746ms)
  ok 21 tests\native-ui-contract\students-contract.spec.ts:47:7 › Native student and guardian browser contracts — intercepted API, separate from PostgreSQL E2E › opens a class-write creation form without school, year or roster readers and creates atomically (871ms)
  ok 22 tests\native-ui-contract\students-contract.spec.ts:59:7 › Native student and guardian browser contracts — intercepted API, separate from PostgreSQL E2E › renders the minimal subject projection without family, notes, positions or stored link credentials (673ms)
  ok 23 tests\native-ui-contract\students-contract.spec.ts:68:7 › Native student and guardian browser contracts — intercepted API, separate from PostgreSQL E2E › renders existing link metadata without recovering a secret or borrowing issuance authority (664ms)
  ok 24 tests\native-ui-contract\students-contract.spec.ts:77:7 › Native student and guardian browser contracts — intercepted API, separate from PostgreSQL E2E › retains the student draft and displayed version through background read failure and a wrong mutation ACK (954ms)
  ok 25 tests\native-ui-contract\students-contract.spec.ts:89:7 › Native student and guardian browser contracts — intercepted API, separate from PostgreSQL E2E › uses the atomic guardian source, keeps masked contact unchanged and freezes all reviewed versions (907ms)
  x  26 tests\native-ui-contract\students-contract.spec.ts:101:7 › Native student and guardian browser contracts — intercepted API, separate from PostgreSQL E2E › retains a guardian draft on 409 and adopts changed contact, relationship and primary versions only after explicit reload (11.0s)
(node:35672) Warning: The 'NO_COLOR' env is ignored due to the 'FORCE_COLOR' env being set.
(Use `node --trace-warnings ...` to show where the warning was created)
  ok 27 tests\native-ui-contract\students-contract.spec.ts:113:7 › Native student and guardian browser contracts — intercepted API, separate from PostgreSQL E2E › requires an explicit receiving choice for verification and sends the clicked relationship version (1.2s)
  ok 28 tests\native-ui-contract\students-contract.spec.ts:124:7 › Native student and guardian browser contracts — intercepted API, separate from PostgreSQL E2E › removes an open guardian draft when purpose authority is revoked (698ms)
  ok 29 tests\native-ui-contract\support-contract.spec.ts:26:7 › Native school support browser contracts — intercepted API, separate from PostgreSQL E2E › uses server ticket totals, message counts and filters without borrowing consent authority (665ms)
  ok 30 tests\native-ui-contract\support-contract.spec.ts:37:7 › Native school support browser contracts — intercepted API, separate from PostgreSQL E2E › keeps a ticket draft through read failure and mismatched create ACK, then manually retries the same intent (891ms)
  ok 31 tests\native-ui-contract\support-contract.spec.ts:51:7 › Native school support browser contracts — intercepted API, separate from PostgreSQL E2E › uses the reviewed support version through refresh and retains a required decline reason on conflict (766ms)
  ok 32 tests\native-ui-contract\support-contract.spec.ts:64:7 › Native school support browser contracts — intercepted API, separate from PostgreSQL E2E › retains an unconfirmed school message and sends the same key on manual retry (674ms)
  ok 33 tests\native-ui-contract\support-contract.spec.ts:76:7 › Native school support browser contracts — intercepted API, separate from PostgreSQL E2E › uses audit SQL filters and removes a private detail drawer when read authority is denied (737ms)


  1) tests\native-ui-contract\students-contract.spec.ts:101:7 › Native student and guardian browser contracts — intercepted API, separate from PostgreSQL E2E › retains a guardian draft on 409 and adopts changed contact, relationship and primary versions only after explicit reload

    Error: expect(locator).toHaveValue(expected) failed

    Locator: getByRole('dialog', { name: 'Sửa người giám hộ', exact: true }).getByLabel(/^Họ và tên người giám hộ/)
    Expected: "Giám hộ nháp của tôi"
    Timeout: 10000ms
    Error: element(s) not found

    Call log:
      - Expect "toHaveValue" getByRole('dialog', { name: 'Sửa người giám hộ', exact: true }).getByLabel(/^Họ và tên người giám hộ/) with timeout 10000ms
      - waiting for getByRole('dialog', { name: 'Sửa người giám hộ', exact: true }).getByLabel(/^Họ và tên người giám hộ/)


      107 |       return deny(r);
      108 |     });
    > 109 |     await page.goto(`${web}/guardians/${guardianId}`);await page.getByRole('button',{name:'Sửa liên hệ',exact:true}).click();const form=page.getByRole('dialog',{name:'Sửa người giám hộ',exact:true});await form.getByLabel(/^Họ và tên người giám hộ/).fill('Giám hộ nháp của tôi');sourceVersion=8;const prior=reads;await page.evaluate(()=>window.dispatchEvent(new Event('focus')));await expect.poll(()=>reads).toBeGreaterThan(prior);await form.getByRole('button',{name:'Lưu',exact:true}).click();const conflict=page.getByRole('dialog',{name:'Dữ liệu đã thay đổi',exact:true});await expect(conflict).toBeVisible();await expect(form.getByLabel(/^Họ và tên người giám hộ/)).toHaveValue('Giám hộ nháp của tôi');expect(writes[0]).toMatchObject({expectedStudentVersion:4,expectedGuardianVersion:4,expectedRelationshipVersion:4,expectedPrimaryContacts:[{id:relationshipId,version:4}]});
          |                                                                                                                                                                                                                                                                                                                                                                                                                                                                                                                                                                                                                                                                                             ^
      110 |     await conflict.getByRole('button',{name:'Tải bản mới nhất',exact:true}).click();await expect(conflict).toHaveCount(0);await expect(form.getByLabel(/^Họ và tên người giám hộ/)).toHaveValue('Giám hộ API');await form.getByLabel(/^Họ và tên người giám hộ/).fill('Giám hộ xem nguồn mới');await form.getByRole('button',{name:'Lưu',exact:true}).click();await expect(form).toHaveCount(0);expect(writes[1]).toMatchObject({expectedStudentVersion:8,expectedGuardianVersion:8,expectedRelationshipVersion:8,expectedPrimaryContacts:[{id:relationshipId,version:8}],fullName:'Giám hộ xem nguồn mới'});
      111 |   });
      112 |
        at D:\Edu\tests\native-ui-contract\students-contract.spec.ts:109:669

    attachment #1: screenshot (image/png) ──────────────────────────────────────────────────────────
    qa\backend\b6-native-students-browser-artifacts-final\students-contract-Native-s-157e9--only-after-explicit-reload\test-failed-1.png
    ────────────────────────────────────────────────────────────────────────────────────────────────

    Error Context: qa\backend\b6-native-students-browser-artifacts-final\students-contract-Native-s-157e9--only-after-explicit-reload\error-context.md

    attachment #3: trace (application/zip) ─────────────────────────────────────────────────────────
    qa\backend\b6-native-students-browser-artifacts-final\students-contract-Native-s-157e9--only-after-explicit-reload\trace.zip
    Usage:

        npx playwright show-trace qa\backend\b6-native-students-browser-artifacts-final\students-contract-Native-s-157e9--only-after-explicit-reload\trace.zip

    ────────────────────────────────────────────────────────────────────────────────────────────────

  1 failed
    tests\native-ui-contract\students-contract.spec.ts:101:7 › Native student and guardian browser contracts — intercepted API, separate from PostgreSQL E2E › retains a guardian draft on 409 and adopts changed contact, relationship and primary versions only after explicit reload
  32 passed (49.4s)
