
 RUN  v3.2.7 D:/Edu

 ✓ tests/unit/api-client.test.ts (11 tests) 42ms
 ✓ tests/unit/api-query-boundary.test.ts (5 tests) 36ms
 ✓ tests/unit/api-session-adapter.test.ts (2 tests) 29ms
 ✓ tests/unit/api-session.test.ts (9 tests) 51ms
 ✓ tests/unit/api-auth-adapter.test.ts (7 tests) 47ms
 ✓ tests/unit/api-rollover-adapter.test.ts (8 tests) 55ms
 ✓ tests/unit/api-students-adapter.test.ts (11 tests) 50ms
 ✓ tests/unit/api-platform-adapter.test.ts (13 tests) 48ms
 ❯ tests/unit/api-school-adapter.test.ts (21 tests | 2 failed) 70ms
   ✓ school API adapter candidates > rejects invalid source versions before issuing a status command 5ms
   × school API adapter candidates > retains the same status intent after a mismatched acknowledgement and retries only on request 31ms
     → fetcher.mock.calls[1][1].headers.get is not a function
   ✓ school API adapter candidates > requires a matching withdrawn calendar acknowledgement before reporting removal 2ms
   ✓ school API adapter candidates > reads year and calendar without borrowing class or dictionary authority 2ms
   ✓ school API adapter candidates > groups authorized classes by returned grade labels without requesting a management picker 2ms
   ✓ school API adapter candidates > maps returned profile fields and the read version without inventing onboarding progress 1ms
   ✓ school API adapter candidates > rejects a response missing required profile fields instead of substituting mock content 1ms
   ✓ school API adapter candidates > requires the version displayed by the form before modifying a dictionary 1ms
   ✓ school API adapter candidates > validates the grade and preserves the submitted version and real field errors 3ms
   ✓ school API adapter candidates > does not replace a missing dictionary usage flag with false 1ms
   × school API adapter candidates > submits the complete year wizard once with exclusive ends, including one-day holidays 8ms
     → expected { …(2) } to deeply equal { …(4) }
   ✓ school API adapter candidates > adds a holiday as one acknowledged published command 1ms
   ✓ school API adapter candidates > keeps nullable authorized counts instead of displaying fabricated zeroes 1ms
   ✓ school API adapter candidates > sends a deadline day and the displayed version for server timezone conversion 1ms
   ✓ school API adapter candidates > converts date-only leap-year and month boundaries independently of local timezone 1ms
   ✓ school API adapter candidates > loads purpose-bound picker metadata without retaining staff contacts or grants 2ms
   ✓ school API adapter candidates > does not fetch assignment metadata when the context only permits class management 1ms
   ✓ school API adapter candidates > looks up one week through a server date filter and rejects an ignored filter 1ms
   ✓ school API adapter candidates > preserves unavailable overview panels/counts and does not manufacture completion or query broad datasets 1ms
   ✓ school API adapter candidates > rejects a missing overview projection and a substituted selected year 1ms
   ✓ school API adapter candidates > keeps full SQL totals separate from the bounded six-row class preview 1ms
 ✓ tests/unit/api-guardians-adapter.test.ts (17 tests) 57ms
 ✓ tests/unit/api-role-adapter.test.ts (5 tests) 34ms
 ✓ tests/unit/api-assignment-adapter.test.ts (8 tests) 40ms
 ✓ tests/unit/api-staff-adapter.test.ts (9 tests) 42ms
 ✓ tests/unit/api-handover-adapter.test.ts (8 tests) 44ms
 ✓ tests/unit/api-staff-directory.test.ts (6 tests) 33ms
 ✓ tests/unit/api-lists-fragments.test.ts (10 tests) 41ms
 ✓ tests/unit/api-scope-guard.test.ts (5 tests) 9ms
 ✓ tests/unit/api-parent-credential.test.ts (3 tests) 6ms
 ✓ tests/unit/api-support-adapter.test.ts (5 tests) 36ms
 ✓ tests/unit/api-member-details.test.ts (5 tests) 22ms
 ✓ tests/unit/api-context.test.ts (1 test) 7ms
 ✓ tests/unit/api-native-facade.test.ts (3 tests) 2436ms
   ✓ connected root boundary > has no runtime route dependency on fixtures, IndexedDB, legacy repositories or demo sessions  2423ms

⎯⎯⎯⎯⎯⎯⎯ Failed Tests 2 ⎯⎯⎯⎯⎯⎯⎯

 FAIL  tests/unit/api-school-adapter.test.ts > school API adapter candidates > retains the same status intent after a mismatched acknowledgement and retries only on request
TypeError: fetcher.mock.calls[1][1].headers.get is not a function
 ❯ tests/unit/api-school-adapter.test.ts:27:45
     25|     await expect(connectedSchoolRepo.setYearStatus(ctx,schoolId,itemId…
     26|     expect((await connectedSchoolRepo.setYearStatus(ctx,schoolId,itemI…
     27|     expect(fetcher.mock.calls[1][1].headers.get('idempotency-key')).to…
       |                                             ^
     28|     expect(JSON.parse(fetcher.mock.calls[1][1].body)).toEqual({expecte…
     29|   });

⎯⎯⎯⎯⎯⎯⎯⎯⎯⎯⎯⎯⎯⎯⎯⎯⎯⎯⎯⎯⎯⎯⎯⎯[1/2]⎯

 FAIL  tests/unit/api-school-adapter.test.ts > school API adapter candidates > submits the complete year wizard once with exclusive ends, including one-day holidays
AssertionError: expected { …(2) } to deeply equal { …(4) }

- Expected
+ Received

@@ -3,8 +3,6 @@
    "setup": {
      "holidayCount": 1,
      "termCount": 2,
      "weekCount": 40,
    },
-   "status": "DRAFT",
-   "version": 1,
  }

 ❯ tests/unit/api-school-adapter.test.ts:76:20


⎯⎯⎯⎯⎯⎯⎯⎯⎯⎯⎯⎯⎯⎯⎯⎯⎯⎯⎯⎯⎯⎯⎯⎯[2/2]⎯


 Test Files  1 failed | 21 passed (22)
      Tests  2 failed | 170 passed (172)
   Start at  10:03:33
   Duration  3.75s (transform 2.49s, setup 1.46s, collect 7.36s, tests 3.23s, environment 6ms, prepare 3.48s)
