
 RUN  v3.2.7 D:/Edu

 ✓ tests/unit/api-query-boundary.test.ts (5 tests) 31ms
 ✓ tests/unit/api-lists-fragments.test.ts (10 tests) 34ms
 ✓ tests/unit/api-auth-adapter.test.ts (7 tests) 38ms
 ✓ tests/unit/api-session.test.ts (9 tests) 48ms
 ✓ tests/unit/api-rollover-adapter.test.ts (8 tests) 41ms
 ✓ tests/unit/api-platform-adapter.test.ts (13 tests) 39ms
 ✓ tests/unit/api-assignment-adapter.test.ts (8 tests) 41ms
 ✓ tests/unit/api-students-adapter.test.ts (17 tests) 55ms
 ✓ tests/unit/api-handover-adapter.test.ts (8 tests) 43ms
stdout | tests/unit/seed.test.ts > demo seed invariants > prints sizes
{
  students: 155,
  att: 3732,
  conduct: 265,
  lessons: 120,
  bytes: 1430325
}

 ✓ tests/unit/seed.test.ts (7 tests) 99ms
 ✓ tests/unit/api-staff-adapter.test.ts (9 tests) 74ms
 ✓ tests/unit/api-staff-activation.test.ts (8 tests) 53ms
 ✓ tests/unit/api-support-adapter.test.ts (13 tests) 70ms
 ✓ tests/unit/api-client.test.ts (11 tests) 55ms
 ✓ tests/unit/api-scope-guard.test.ts (5 tests) 11ms
 ✓ tests/unit/api-session-adapter.test.ts (2 tests) 32ms
 ✓ tests/unit/api-member-details.test.ts (5 tests) 22ms
 ✓ tests/unit/api-staff-directory.test.ts (6 tests) 36ms
 ✓ tests/unit/api-role-adapter.test.ts (5 tests) 44ms
 ✓ tests/unit/api-guardians-adapter.test.ts (21 tests) 111ms
 ✓ tests/unit/api-school-adapter.test.ts (23 tests) 84ms
 ✓ tests/unit/permissions.test.ts (9 tests) 6ms
 ✓ tests/unit/api-context.test.ts (1 test) 7ms
 ✓ tests/unit/api-school-read-capability.test.ts (1 test) 4ms
 ✓ tests/unit/api-parent-credential.test.ts (3 tests) 7ms
 ✓ tests/unit/api-native-facade.test.ts (3 tests) 2885ms
   ✓ connected root boundary > has no runtime route dependency on fixtures, IndexedDB, legacy repositories or demo sessions  2872ms
 ✓ tests/unit/flows.test.ts (25 tests) 8316ms
   ✓ NV-03 / Q17 — revoking an assignment blocks the next read/write > revoked homeroom cannot lock or record morning attendance  466ms
   ✓ F03 / F04 / F05 — record → review → lock ≠ publish → adjust > parent sees 97 only after publish, then 102 after an approved + published adjustment  2000ms
   ✓ F07 / Q21 — attendance-linked conduct is never double counted > late in attendance creates one record; manual late is refused; re-save does not duplicate  478ms
   ✓ F07 / Q21 — attendance-linked conduct is never double counted > Q20 — unmarked is never counted as present and blocks publishing  327ms
   ✓ F12 / NV-14 / Q40 — network error and conflicts > simulated network error saves nothing and a retry succeeds once  474ms
   ✓ F12 / NV-14 / Q40 — network error and conflicts > stale version is rejected instead of overwriting  329ms
   ✓ F09 / Q36 — import with errors never duplicates or overwrites > previews row errors, commits valid rows, re-import skips  357ms
   ✓ F04 — school B policy: only school leaders publish > homeroom at B can lock but not publish; principal publishes  643ms
   ✓ SC07 / NV-13 — new school year rollover > creates a year, enrols chosen students into new classes, leaves the old year untouched  701ms
   ✓ F11 / Q35 — lesson change with effective date and conflict detection > detects a teacher already teaching another class; publishing is blocked; past dates refused  502ms

 Test Files  27 passed (27)
      Tests  242 passed (242)
   Start at  11:48:33
   Duration  10.31s (transform 4.15s, setup 1.67s, collect 10.11s, tests 12.29s, environment 6ms, prepare 3.66s)
