
 RUN  v3.2.7 D:/Edu

 ✓ tests/unit/api-client.test.ts (11 tests) 33ms
 ✓ tests/unit/api-session.test.ts (9 tests) 49ms
 ✓ tests/unit/api-auth-adapter.test.ts (7 tests) 47ms
 ✓ tests/unit/api-rollover-adapter.test.ts (8 tests) 53ms
 ✓ tests/unit/api-school-adapter.test.ts (16 tests) 57ms
 ✓ tests/unit/api-platform-adapter.test.ts (13 tests) 50ms
 ✓ tests/unit/api-students-adapter.test.ts (11 tests) 53ms
 ✓ tests/unit/api-guardians-adapter.test.ts (17 tests) 64ms
 ✓ tests/unit/api-role-adapter.test.ts (5 tests) 36ms
 ✓ tests/unit/api-assignment-adapter.test.ts (8 tests) 45ms
 ✓ tests/unit/api-staff-adapter.test.ts (9 tests) 47ms
 ✓ tests/unit/api-handover-adapter.test.ts (8 tests) 52ms
stdout | tests/unit/seed.test.ts > demo seed invariants > prints sizes
{
  students: 155,
  att: 3732,
  conduct: 265,
  lessons: 120,
  bytes: 1430325
}

 ✓ tests/unit/seed.test.ts (7 tests) 78ms
 ✓ tests/unit/api-staff-directory.test.ts (6 tests) 39ms
 ✓ tests/unit/api-lists-fragments.test.ts (10 tests) 60ms
 ✓ tests/unit/api-scope-guard.test.ts (5 tests) 10ms
 ✓ tests/unit/api-parent-credential.test.ts (3 tests) 7ms
 ✓ tests/unit/api-support-adapter.test.ts (5 tests) 51ms
 ✓ tests/unit/api-member-details.test.ts (5 tests) 22ms
 ✓ tests/unit/api-session-adapter.test.ts (2 tests) 33ms
 ✓ tests/unit/permissions.test.ts (9 tests) 7ms
 ✓ tests/unit/api-context.test.ts (1 test) 7ms
 ✓ tests/unit/api-query-boundary.test.ts (5 tests) 42ms
 ✓ tests/unit/api-native-facade.test.ts (3 tests) 2448ms
   ✓ connected root boundary > has no runtime route dependency on fixtures, IndexedDB, legacy repositories or demo sessions  2435ms
 ❯ tests/unit/flows.test.ts (25 tests | 4 failed) 6757ms
   ✓ F02 / Q13 — one teacher, two different duties > homeroom tabs in 10A1, subject-only in 10A2 101ms
   ✓ F02 / Q13 — one teacher, two different duties > adapter refuses guardian edit for a 10A2 student even when called directly 196ms
   ✓ NV-03 / Q17 — revoking an assignment blocks the next read/write > revoked homeroom cannot lock or record morning attendance  465ms
   ✓ Q15 / Q16 — school isolation and platform scope > staff of B cannot open A's 10A1 and vice versa 49ms
   ✓ Q15 / Q16 — school isolation and platform scope > platform operator cannot list students 47ms
   ✓ F03 / F04 / F05 — record → review → lock ≠ publish → adjust > parent sees 97 only after publish, then 102 after an approved + published adjustment  1928ms
   ✓ F03 / F04 / F05 — record → review → lock ≠ publish → adjust > NV-08 — publishing a new rule version does not change past snapshots 179ms
   ✓ F07 / Q21 — attendance-linked conduct is never double counted > late in attendance creates one record; manual late is refused; re-save does not duplicate  472ms
   ✓ F07 / Q21 — attendance-linked conduct is never double counted > Q20 — unmarked is never counted as present and blocks publishing  325ms
   ✓ F06 / Q28–Q31 — private links without parent accounts > revoking the mother's link blocks new reads; the father's link keeps working 203ms
   ✓ F06 / Q28–Q31 — private links without parent accounts > cannot use a link on another school slug, nor read another student's records 95ms
   ✓ F06 / Q28–Q31 — private links without parent accounts > expired / revoked / suspended / module-limited links 94ms
   ✓ F06 / Q28–Q31 — private links without parent accounts > Q27 — cannot issue a link to an unverified guardian 180ms
   ✓ F06 / Q28–Q31 — private links without parent accounts > Q34 — withdrawn announcement stops showing 176ms
   ✓ F12 / NV-14 / Q40 — network error and conflicts > simulated network error saves nothing and a retry succeeds once  454ms
   ✓ F12 / NV-14 / Q40 — network error and conflicts > stale version is rejected instead of overwriting  312ms
   ✓ F09 / Q36 — import with errors never duplicates or overwrites > previews row errors, commits valid rows, re-import skips  340ms
   ✓ F08 / Q19 — transfer keeps history > transfer ends the old enrollment and keeps past snapshots on the old class 172ms
   ✓ F04 — school B policy: only school leaders publish > homeroom at B can lock but not publish; principal publishes  612ms
   × SC07 / NV-13 — new school year rollover > creates a year, enrols chosen students into new classes, leaves the old year untouched 60ms
     → Chức năng hiện chưa sẵn sàng. Vui lòng thử lại sau.
   × F11 / Q35 — lesson change with effective date and conflict detection > detects a teacher already teaching another class; publishing is blocked; past dates refused 30ms
     → Chức năng hiện chưa sẵn sàng. Vui lòng thử lại sau.
   × Limitations closed in the final pass > draft activities are visible only to people who can manage class activities 21ms
     → Chức năng hiện chưa sẵn sàng. Vui lòng thử lại sau.
   × Limitations closed in the final pass > notifications stop linking through when the school is suspended 30ms
     → Không kết nối được máy chủ để đọc dữ liệu. Hãy thử lại.
   ✓ Limitations closed in the final pass > a seating version effective today supersedes the one in force 183ms
   ✓ Limitations closed in the final pass > platform school history includes the admin invitation 31ms

⎯⎯⎯⎯⎯⎯⎯ Failed Tests 4 ⎯⎯⎯⎯⎯⎯⎯

 FAIL  tests/unit/flows.test.ts > SC07 / NV-13 — new school year rollover > creates a year, enrols chosen students into new classes, leaves the old year untouched
RepoError: Chức năng hiện chưa sẵn sàng. Vui lòng thử lại sau.
 ❯ Proxy.<anonymous> src/lib/repositories/connected/facade.ts:9:30
      7|       if(Reflect.has(target,key))return Reflect.get(target,key,receive…
      8|       if(typeof key!=='string'||key==='then')return undefined;
      9|       return async()=>{throw new RepoError('READ_ERROR','Chức năng hiệ…
       |                              ^
     10|     },
     11|   }) as Native & Omit<Legacy,keyof Native>;
 ❯ tests/unit/flows.test.ts:231:32

⎯⎯⎯⎯⎯⎯⎯⎯⎯⎯⎯⎯⎯⎯⎯⎯⎯⎯⎯⎯⎯⎯⎯⎯[1/4]⎯

 FAIL  tests/unit/flows.test.ts > F11 / Q35 — lesson change with effective date and conflict detection > detects a teacher already teaching another class; publishing is blocked; past dates refused
RepoError: Chức năng hiện chưa sẵn sàng. Vui lòng thử lại sau.
 ❯ Proxy.<anonymous> src/lib/repositories/connected/facade.ts:9:30
      7|       if(Reflect.has(target,key))return Reflect.get(target,key,receive…
      8|       if(typeof key!=='string'||key==='then')return undefined;
      9|       return async()=>{throw new RepoError('READ_ERROR','Chức năng hiệ…
       |                              ^
     10|     },
     11|   }) as Native & Omit<Legacy,keyof Native>;
 ❯ tests/unit/flows.test.ts:252:43

⎯⎯⎯⎯⎯⎯⎯⎯⎯⎯⎯⎯⎯⎯⎯⎯⎯⎯⎯⎯⎯⎯⎯⎯[2/4]⎯

 FAIL  tests/unit/flows.test.ts > Limitations closed in the final pass > draft activities are visible only to people who can manage class activities
RepoError: Chức năng hiện chưa sẵn sàng. Vui lòng thử lại sau.
 ❯ Proxy.<anonymous> src/lib/repositories/connected/facade.ts:9:30
      7|       if(Reflect.has(target,key))return Reflect.get(target,key,receive…
      8|       if(typeof key!=='string'||key==='then')return undefined;
      9|       return async()=>{throw new RepoError('READ_ERROR','Chức năng hiệ…
       |                              ^
     10|     },
     11|   }) as Native & Omit<Legacy,keyof Native>;
 ❯ tests/unit/flows.test.ts:264:38

⎯⎯⎯⎯⎯⎯⎯⎯⎯⎯⎯⎯⎯⎯⎯⎯⎯⎯⎯⎯⎯⎯⎯⎯[3/4]⎯

 FAIL  tests/unit/flows.test.ts > Limitations closed in the final pass > notifications stop linking through when the school is suspended
RepoError: Không kết nối được máy chủ để đọc dữ liệu. Hãy thử lại.
 ❯ send src/lib/api/client.ts:110:70

 ❯ http src/lib/api/client.ts:124:40
 ❯ src/lib/api/session.ts:30:18
 ❯ refreshStaffContext src/lib/api/session.ts:41:14
 ❯ Proxy.notifications src/lib/repositories/connected/session.ts:62:37
 ❯ tests/unit/flows.test.ts:280:13

⎯⎯⎯⎯⎯⎯⎯⎯⎯⎯⎯⎯⎯⎯⎯⎯⎯⎯⎯⎯⎯⎯⎯⎯[4/4]⎯


 Test Files  1 failed | 24 passed (25)
      Tests  4 failed | 204 passed (208)
   Start at  09:24:23
   Duration  8.71s (transform 3.48s, setup 1.55s, collect 8.04s, tests 10.14s, environment 6ms, prepare 4.13s)
