
 RUN  v3.2.7 D:/Edu

 ✓ tests/unit/api-client.test.ts (11 tests) 46ms
 ✓ tests/unit/api-lists-fragments.test.ts (10 tests) 38ms
 ✓ tests/unit/api-support-adapter.test.ts (5 tests) 40ms
 ✓ tests/unit/api-session.test.ts (9 tests) 58ms
 ✓ tests/unit/api-platform-adapter.test.ts (12 tests) 45ms
 ✓ tests/unit/api-school-adapter.test.ts (16 tests) 52ms
 ✓ tests/unit/api-students-adapter.test.ts (11 tests) 43ms
 ✓ tests/unit/api-rollover-adapter.test.ts (8 tests) 60ms
 ✓ tests/unit/api-auth-adapter.test.ts (7 tests) 49ms
 ✓ tests/unit/api-staff-directory.test.ts (6 tests) 40ms
 ✓ tests/unit/api-role-adapter.test.ts (5 tests) 42ms
 ✓ tests/unit/api-assignment-adapter.test.ts (8 tests) 46ms
 ✓ tests/unit/api-guardians-adapter.test.ts (17 tests) 58ms
 ✓ tests/unit/api-staff-adapter.test.ts (9 tests) 46ms
 ✓ tests/unit/api-handover-adapter.test.ts (8 tests) 49ms
 ✓ tests/unit/api-session-adapter.test.ts (2 tests) 18ms
 ✓ tests/unit/api-query-boundary.test.ts (5 tests) 27ms
 ✓ tests/unit/api-scope-guard.test.ts (5 tests) 6ms
 ✓ tests/unit/api-context.test.ts (1 test) 4ms
 ✓ tests/unit/api-member-details.test.ts (5 tests) 14ms
 ✓ tests/unit/api-native-facade.test.ts (3 tests) 1820ms
   ✓ connected root boundary > has no runtime route dependency on fixtures, IndexedDB, legacy repositories or demo sessions  1813ms

 Test Files  21 passed (21)
      Tests  163 passed (163)
   Start at  09:20:51
   Duration  3.44s (transform 1.81s, setup 1.13s, collect 5.18s, tests 2.60s, environment 5ms, prepare 3.16s)
