 Container edumanage_backend_test-postgres-1 Running
 Container edumanage_backend_test-postgres-1 Waiting
 Container edumanage_backend_test-postgres-1 Healthy
 Container edumanage_backend_test-runner-run-6b093864f0ee Creating
 Container edumanage_backend_test-runner-run-6b093864f0ee Created
✔ B5 all 264 supplied operations and explicit frontend workflow extensions have registered real handlers (463.586862ms)
✔ BE01 migration replay is a no-op, mismatch fails and metadata remains intact (69.727578ms)
✔ BE02 cross-school enrollment FK rejects write using the real runtime role (11.965919ms)
✔ BE03 no-tenant denies and SET LOCAL cannot leak across a reused connection (4.437248ms)
✔ BE04 bootstrap only exposes the authenticated user memberships without tenant (9.749639ms)
✔ BE05 HOMEROOM A plus SUBJECT B cannot authorize seating or guardians in B (3808.581963ms)
✔ BE06 revoked membership is checked during an existing session and B stays independent (54.829896ms)
✔ B6 self context carries only own current duties and separates self-profile from school contacts (5425.531868ms)
✔ BE08 CSRF, credential validation, cookie flags, session rotation and rate limiting (120.929768ms)
✔ BE10 concurrent profile patches serialize with a single version winner (71.357201ms)
✔ B6 password/session commands use actual cookies, reject bad passwords and revoke every session after change (389.778356ms)
{"checkpoint":"parent-without-context","queryMs":6.085,"planExecutionMs":0.016,"planRows":0}
✔ BE21 parent runtime role cannot select raw student rows (16.840562ms)
✔ B0 health ready checks actual migrations, database and private storage (26.360086ms)
✔ B2 class lists use SQL scope and cross-school details deny before serialization (289.941582ms)
✔ BE09 idempotent organization create/retry/concurrency performs one write (83.520507ms)
✔ B2 required idempotency, class capacity/reference validation and version conflicts (166.995622ms)
✔ B2 signed cursor rejects scope/filter modification and delivers distinct pages (3434.021347ms)
✔ B2 subject student projection omits family/internal notes and denies guardians (375.307365ms)
✔ B2 guardian create does not merge matching phone, relationships start unverified (145.682046ms)
✔ BE07 existing identity invitation requires its session and preserves password/other school (2807.408946ms)
✔ B1 password reset token is encrypted, single-use and revokes all prior sessions (171.970534ms)
✔ B2 staff delegation stays within the ceiling, custom class scope and immediate revocation (864.312196ms)
✔ B2 transfers serialize capacity, handover removes the old teacher and rollover binds its preview (1772.502238ms)
✔ B2 scoped guardian creation cannot acquire an unrelated family through relationship IDs (452.543557ms)
✔ B2/B5 uploads remain private until worker processing, leases serialize and local mail erases encrypted secrets (97896.682565ms)
✔ B2 imports parse real CSV, bind stale previews, avoid name/phone merges and retain invalid rows safely (4998.334275ms)
✔ B2/B5 timetable import checks assignments and overlapping slots, creates only a draft and deduplicates retries (2908.820981ms)
✔ B2 imports update only verified codes, create class drafts and staff invitations with work profiles (7490.120163ms)
✔ B2 large import resumes after a lost chunk without duplicating applied rows and checks current school authority (5306.899976ms)
✔ B3 attendance starts unmarked, versions every source change and publishes immutable one-student projections (539.148344ms)
✔ B3 subject attendance requires its actual lesson and cannot borrow daily access from another class (545.070994ms)
✔ B3 a simultaneous attendance edit and publish has one winner and never publishes a mixed source version (189.535102ms)
✔ B3 rule sets require explicit points, immutable issuance and effective week application (421.236134ms)
✔ B3 conduct reviews preserve facts, lock READY projections and publish only the exact pinned source (959.64588ms)
✔ B3 conduct linked attendance detects stale sources and subject teachers see only their own lesson facts (1125.137244ms)
✔ B3 approved adjustments retain old facts and atomically replace the current publication with a reviewed preview (605.458482ms)
✔ B3 a simultaneous conduct record and lock/publish has one source winner (262.66008ms)
✔ B3 attendance linkage deduplicates, excludes corrected drafts and leaves locked scores unchanged with explicit warnings (464.97957ms)
✔ B4 private parent links expose only published child projections, preserve staff cookies and bind the active tab context (956.174457ms)
✔ B4 section/download rights, reissue, relationship revocation and foreign UUIDs are checked on each new parent request (526.414617ms)
✔ B4 private documents stream only with both download rights, and teacher contact projections use shared work fields (694.060869ms)
✔ B4 expired links, suspended schools, CSRF and exchange throttles deny without creating a parent identity (502.26672ms)
✔ B1 delegated grants and invitation acceptance stay inside the current expiry ceiling; backdated assignments require a reason (332.88818ms)
✔ B2 shrinking class capacity checks planned future occupancy peaks, rather than only today (130.851682ms)
✔ B5 dated groups retain moves and same-day cancellations, require current class versions and end group-leader duties (604.426473ms)
✔ B5 position holders serialize and remain valid conduct sources; locked source history cannot be shortened (522.182973ms)
✔ B5 seating validates effective enrollment and unique seats, preserves dated revisions and denies subject-only reads (748.35545ms)
✔ B2/B5 a transfer closes dated groups/positions and retains cancelled future plans atomically (421.411891ms)
✔ B5 timetable materializes bounded future lessons, publishes child-only projections and preserves past/source history (907.563106ms)
✔ B5 timetable rejects teacher/room collisions and revoked assignments, skips holidays and revalidates source versions (1231.200889ms)
✔ B5 duties publish only individual tasks, reject foreign enrollment and retain immutable publication/withdraw history (925.154145ms)
✔ B5 group duties expand the effective group at publication and retain the individual targets after later moves (1174.82364ms)
✔ B5 activities count only explicit participants, preserve published states and require current source/review authority (1079.090567ms)
✔ B5 approved activity results are explicit conduct sources and locked approved facts protect their source history (441.420753ms)
✔ B5 evidence stays private until review and publication; parent documents remain child-bound and filter file availability (12043.557875ms)
✔ B5 class announcements retain immutable publication across edits, bind one recipient and reject foreign class reads (2252.515679ms)
✔ B5 public school announcements sanitize content and keep draft/private replacements out of the public projection (2281.618161ms)
✔ B5 scheduled announcements wait for their due time, publish once through a worker and safely replay after an acknowledgement loss (1314.619ms)
✔ B5 scheduled publication rechecks the creator grant and reports a failed queue without exposing a parent snapshot (1470.232482ms)
✔ B5 announcement attachments remain private to one child, obey link download rights and disappear when archived or withdrawn (1514.603657ms)
✔ B5 school settings persist with version guards, affect only new link expiry and suppress work contacts without changing old link permissions (957.215491ms)
✔ B5 disabling homeroom publication takes effect inside existing sessions and restores only after an explicit setting change (778.579505ms)
✔ B3 configured second approval rejects self approval in API and SQL, while a different scoped approver permits atomic adjustment (588.869907ms)
✔ B5 personal notifications paginate across actual memberships, deduplicate publication events and deny foreign recipients and cross-user cursors (1112.667551ms)
✔ B5 withdrawn announcements redact retained staff notifications instead of exposing a stale published target (20451.594497ms)
✔ B5 dashboards count real scoped rows, keep homeroom and subject tasks separate and immediately recheck revocation (3440.246832ms)
✔ B5 teacher schedule is own dated teaching and announcement feed reads only current publications across draft edits (2668.587278ms)
✔ B5 dashboard attendance counters and publication tasks follow persisted marks, publish/withdraw and current school policy (1077.816812ms)
✔ B2 platform creates only metadata drafts, bootstraps admin roles/invitations and requires an active administrator for activation (2994.188304ms)
✔ B5 platform settings and operation records persist actual state, redact artifacts and reauthorize command replays (4544.182593ms)
✔ B1 platform admin invitations obey operator expiry ceilings and acceptance rolls back after authority expires (377.89425ms)
✔ B5 support tickets persist both sides, preserve queue states and exact timestamp pagination, and deny other schools (1244.528151ms)
✔ B1 support requests require independent current school consent, retain immutable scope and bind tickets/classes/actions/time (650.596852ms)
✔ B1 explicitly selected support grants authorize only scoped metadata GETs, audit the actual operator and force read-only SQL (258.615145ms)
✔ B1 school-wide support metadata never exposes import rows/downloads and expires without fallback to operator privileges (3508.814643ms)
✔ B1 an operator who also has school-admin rights still cannot self-approve or combine selected support scope with ordinary rights (175.802757ms)
✔ B5 signed native keysets cross a nullable sort boundary without dropping or repeating persisted schools (10393.757391ms)
✔ B5 report SQL uses real scoped counts and immutable CSV export content while live attendance changes (1912.518576ms)
✔ B5 published report exports pin revisions across replacement and withdrawal without exposing drafts (1829.45868ms)
✔ B5 export XLSX/PDF are actual files with literal formula text, Vietnamese font and private download authorization (2008.90062ms)
✔ B5 subject reports remain own lesson attendance and scoped activities without school/family/conduct/export access (3054.417371ms)
✔ B5 export workers and all file paths reauthorize revocation, expiry and cancellation, and replay completed work safely (1905.513456ms)
✔ B5 conduct/activity/progress/link reports use actual pinned scores, explicit participant denominators and anonymous link use (2276.977968ms)
✔ B6 organization display fields persist with versions and tenant-safe references instead of being silently ignored (1079.763102ms)
✔ B6 year wizard creates bounded terms, weeks, published holidays and independent draft rules atomically and idempotently (960.215391ms)
✔ B6 class form assigns homeroom atomically, denies foreign/backdated inputs, requires handover and preserves archived history (794.409328ms)
✔ B6 organization projections scope counts in SQL and a year-only grant cannot copy or publish rules (5101.258046ms)
✔ B6 purpose-bound form pickers use current write authority, exclude contacts/roles/counts and deny normal directory access (343.125185ms)
✔ B6 rollover preview uses exact end-year enrollment, minimal workflow authority and immediate revocation (593.343192ms)
✔ B6 platform school wizard creates its optional admin invitation atomically and redacts form metadata (7993.692628ms)
✔ B6 platform school form readers never lend admin or read authority to a create-only operator (166.440264ms)
✔ B6 school overview keeps current scoped totals, actual setup and publication metadata without lending school-wide reads (2527.912653ms)
✔ B6 support choices/counts are scoped SQL metadata, ticket message/status save atomically and an operator only relinquishes its own grant (290.628407ms)
✔ B6 platform audit filters exact actors and whole local date boundaries before pagination and denies school-only staff (111.103369ms)
✔ B6 school support metadata does not borrow consent authority, counts in SQL and rechecks permission before replay (456.024681ms)
✔ B6 school audit uses the school timezone and exact SQL filters with tenant-safe history options (245.793935ms)
✔ B6 operational probes use worker-only cycle evidence, actual backup records and purpose-bound aggregate authority (2407.284088ms)
✔ B6 atomic school-role replacement retains expiry/class scopes, detects independent grants and rolls back all failures (420.616003ms)
✔ B6 school-role replacement prevents self edits, last-admin removal, ceiling/expiry breaches and unauthorized cached replay (352.956004ms)
✔ B6 ending a membership revokes all current/future grants and assignments without deleting history or other schools (486.456538ms)
✔ B6 native school invitations persist all roles/profile, replay once and accept multiple or zero grants atomically (324.391669ms)
✔ B6 zero-role invitation still rechecks current inviter membership and mail authority before acceptance (343.484535ms)
✔ B6 expired staff invitations cannot be revoked as pending or delivered, and preserve their history (426.991568ms)
✔ B6 staff directory combines authorized pending invitations in SQL, searches folded work data and counts before keysets (1092.290887ms)
✔ B6 directory read does not lend invitation, role catalog, assignment or export authority and revocation invalidates opaque scope cursors (814.22713ms)
✔ B6 Vietnamese composite keysets preserve given/full-name order, case/diacritic ties and nullable departments in both directions (566.815869ms)
✔ B6 locked identities keep their directory lifecycle but have no effective grants, and active KPI does not fabricate access (203.623895ms)
✔ B6 member details return real coarse other-school counts and work contacts without opening another tenant (342.207844ms)
✔ B6 member aggregate checks current school authority, target membership and SQL role before returning any count (374.229612ms)
✔ B6 member effective permissions and assignment history follow native grant time, membership, identity and assignment dates (687.066134ms)
✔ B6 member role choices respect action-specific delegation expiry without borrowing a role catalog (438.252088ms)
✔ B6 member history filters member, assignment and grant events before counting/keysets, with independent audit authority (884.718094ms)
✔ B6 personal notifications traverse more than 100 real own memberships without truncating global totals or opaque pages (41744.750602ms)
✔ B6 assignment preview is read-only, uses school-local instants and preserves displayed source versions before saving (513.969151ms)
✔ B6 assignment preview compares exact subject scopes, rejects overlapping windows and rechecks expired delegation on repeated POST (722.679167ms)
✔ B6 assignment preview detects source member changes, rejects malformed/foreign proposals and advertises future/configured publication timing (357.34908ms)
✔ B6 assignment matrix returns actual nullable cells and minimal work names under independent assignment-read authority (444.313144ms)
✔ B6 assignment matrix keeps an unconfigured year explicit and archived display reference separate from authority (283.646938ms)
✔ B6 role metadata keeps native scopes and real counts without lending member/audit access or treating custom class grants as assignments (455.782544ms)
✔ B6 role details show only independently authorized holders/history and save scoped deltas with a displayed version (6671.179686ms)
✔ B6 future held roles and immutable system templates cannot be edited by their holder (296.903881ms)
✔ B6 editing live roles cannot expand permissions beyond the current editor expiry ceiling (314.306708ms)
✔ B6 handover preview reads real current source/counts under purpose authority without member, family or role catalog access (484.81628ms)
✔ B6 handover applies exactly once with school-local cutoffs, durable receipts, own-actor recovery and preserved source authorship (1124.378891ms)
✔ B6 changed handover sources fail before submission or application and require an explicit review of the same pending receipt (1935.794948ms)
✔ B6 open-item changes invalidate handover review and linked source grants are never extended at the cutoff (1589.24469ms)
✔ B6 handover receipts remain actor/school bound, recheck delegation and deny immutable-source replacement (856.137998ms)
✔ B6 student creation allocates actual codes and atomically retains enrollment, gender and a separate unverified guardian (294.494241ms)
✔ B6 student form failures roll back every row and optional contacts require independent current authority on replay (431.024851ms)
✔ B6 student edits retain displayed versions and never replay internal notes after private profile authority is revoked (365.105496ms)
✔ B6 student unknown historic gender remains null and invalid gender/guardian state cannot be fabricated (159.109733ms)
✔ B6 real CSV gender mapping normalizes supported values, preserves unmapped sources and retains invalid rows (4012.041714ms)
✔ B6 native student directory applies Vietnamese keysets, exact SQL filters and minimal selected identifiers (1266.996759ms)
✔ B6 native student projections separate school roster authority from family, note and link authority in the same session (1637.792625ms)
✔ B6 archived student history uses an explicit included date and stored group, position and teacher sources (508.528461ms)
✔ B6 subject pupil projection remains minimal and class history cannot retain family access after enrollment ends (589.610817ms)
✔ B6 pupil link metadata reflects real events, bounded recent history and revocation without returning reusable secrets (340.732476ms)
✔ B6 an unconfigured school directory returns actual null year context without fabricated class or student data (159.759352ms)
✔ B6 verified family counters remain verified when receiving permission is explicitly disabled (206.887786ms)
✔ B6 atomic guardian save creates unverified contacts, replays one receipt and prevents duplicate new commands (328.366143ms)
✔ B6 atomic guardian save serializes competing displayed student versions (213.503624ms)
✔ B6 guardian form grants class family authority without student read or unscoped sibling data (425.937951ms)
✔ B6 atomic guardian edits preserve verified receiving choices and reject stale contact versions without partial priority changes (309.295573ms)
✔ B6 guardian save detects independently changed primary references and preserves every row on failure (291.07656ms)
✔ B6 guardian save rejects masked phones, foreign pairings and mutation of archived contacts (316.49548ms)
✔ B6 guardian form and cached saves recheck enrollment end and grant expiry in the same session (397.435078ms)
✔ B6 atomic guardian save rolls back contacts, relationships, primary changes, audit and receipt after a real SQL fault (292.036837ms)
✔ B6 school guardian directory uses SQL folded search, literal wildcards, signed keysets and independent link counters (421.220468ms)
✔ B6 class guardian reads exclude all unscoped sibling relationships and immediately lose access after enrollment or grant ends (307.410886ms)
✔ B6 shared guardian contact edits require management of every affected class and current read authority even for a replay (601.048481ms)
✔ B6 guardian profile exposes real verification and revocation metadata but removes link and audit panels when their separate rights end (493.725199ms)
✔ B6 partial student write acknowledgements redact unsubmitted protected fields including stored old receipts (253.745351ms)
✔ B6 bounded school class overview preserves query results, local JIT preference and the five-second runtime timeout (172.005196ms)
✔ B6 native invitation choices require current invitation authority, preserve delegation ceilings and never borrow a role catalog (347.859246ms)
✔ B6 native staff activity is SQL-bounded to staff targets, rechecks audit authority and keeps foreign and family records out (273.822714ms)
ℹ tests 155
ℹ suites 0
ℹ pass 155
ℹ fail 0
ℹ cancelled 0
ℹ skipped 0
ℹ todo 0
ℹ duration_ms 349878.402378
