
 RUN  v3.2.7 D:/Edu

 ✓ tests/unit/api-client.test.ts (11 tests) 77ms
 ✓ tests/unit/api-lists-fragments.test.ts (10 tests) 57ms
 ✓ tests/unit/api-session.test.ts (9 tests) 77ms
 ✓ tests/unit/api-rollover-adapter.test.ts (8 tests) 72ms
 ✓ tests/unit/api-school-adapter.test.ts (22 tests) 92ms
 ✓ tests/unit/api-auth-adapter.test.ts (7 tests) 55ms
 ✓ tests/unit/api-platform-adapter.test.ts (13 tests) 64ms
 ✓ tests/unit/api-students-adapter.test.ts (11 tests) 65ms
 ✓ tests/unit/api-role-adapter.test.ts (5 tests) 46ms
 ✓ tests/unit/api-assignment-adapter.test.ts (8 tests) 50ms
 ✓ tests/unit/api-staff-adapter.test.ts (9 tests) 60ms
 ✓ tests/unit/api-handover-adapter.test.ts (8 tests) 58ms
 ✓ tests/unit/api-guardians-adapter.test.ts (17 tests) 107ms
 ✓ tests/unit/api-staff-activation.test.ts (8 tests) 110ms
 ✓ tests/unit/api-staff-directory.test.ts (6 tests) 40ms
 ✓ tests/unit/api-session-adapter.test.ts (2 tests) 64ms
 ✓ tests/unit/api-member-details.test.ts (5 tests) 22ms
 ✓ tests/unit/api-support-adapter.test.ts (5 tests) 63ms
 ✓ tests/unit/api-scope-guard.test.ts (5 tests) 11ms
 ✓ tests/unit/api-parent-credential.test.ts (3 tests) 8ms
 ✓ tests/unit/api-school-read-capability.test.ts (1 test) 4ms
 ✓ tests/unit/api-context.test.ts (1 test) 7ms
 ✓ tests/unit/api-query-boundary.test.ts (5 tests) 43ms
 ✓ tests/unit/api-native-facade.test.ts (3 tests) 2885ms
   ✓ connected root boundary > has no runtime route dependency on fixtures, IndexedDB, legacy repositories or demo sessions  2871ms

 Test Files  24 passed (24)
      Tests  182 passed (182)
   Start at  10:47:33
   Duration  4.64s (transform 4.67s, setup 2.16s, collect 12.56s, tests 4.14s, environment 6ms, prepare 4.40s)
