 Container edumanage_backend_test-postgres-1 Running
 Container edumanage_backend_test-postgres-1 Waiting
 Container edumanage_backend_test-postgres-1 Healthy
 Container edumanage_backend_test-runner-run-4732f4d726d0 Creating
 Container edumanage_backend_test-runner-run-4732f4d726d0 Created
✔ B5 all 264 supplied operations and explicit frontend workflow extensions have registered real handlers (511.951117ms)
✔ BE01 migration replay is a no-op, mismatch fails and metadata remains intact (67.111407ms)
✔ BE02 cross-school enrollment FK rejects write using the real runtime role (12.570092ms)
✔ BE03 no-tenant denies and SET LOCAL cannot leak across a reused connection (4.446409ms)
✔ BE04 bootstrap only exposes the authenticated user memberships without tenant (8.021836ms)
✔ BE05 HOMEROOM A plus SUBJECT B cannot authorize seating or guardians in B (2563.555958ms)
✔ BE06 revoked membership is checked during an existing session and B stays independent (52.388615ms)
✔ B6 self context carries only own current duties and separates self-profile from school contacts (4567.297849ms)
✔ BE08 CSRF, credential validation, cookie flags, session rotation and rate limiting (109.315884ms)
✔ BE10 concurrent profile patches serialize with a single version winner (61.175926ms)
✔ B6 password/session commands use actual cookies, reject bad passwords and revoke every session after change (406.625312ms)
{"checkpoint":"parent-without-context","queryMs":7.214,"planExecutionMs":0.02,"planRows":0}
✔ BE21 parent runtime role cannot select raw student rows (18.11668ms)
✔ B0 health ready checks actual migrations, database and private storage (27.519922ms)
✔ B2 class lists use SQL scope and cross-school details deny before serialization (285.503024ms)
✔ BE09 idempotent organization create/retry/concurrency performs one write (111.644095ms)
✔ B2 required idempotency, class capacity/reference validation and version conflicts (184.474978ms)
✔ B2 signed cursor rejects scope/filter modification and delivers distinct pages (4505.087857ms)
✔ B2 subject student projection omits family/internal notes and denies guardians (618.571368ms)
✔ B2 guardian create does not merge matching phone, relationships start unverified (312.890421ms)
✔ BE07 existing identity invitation requires its session and preserves password/other school (2532.854831ms)
✔ B1 password reset token is encrypted, single-use and revokes all prior sessions (293.939606ms)
✔ B2 staff delegation stays within the ceiling, custom class scope and immediate revocation (1371.344826ms)
✔ B2 transfers serialize capacity, handover removes the old teacher and rollover binds its preview (3162.852938ms)
✔ B2 scoped guardian creation cannot acquire an unrelated family through relationship IDs (661.491768ms)
✔ B2/B5 uploads remain private until worker processing, leases serialize and local mail erases encrypted secrets (83794.897263ms)
✔ B2 imports parse real CSV, bind stale previews, avoid name/phone merges and retain invalid rows safely (5232.539177ms)
✔ B2/B5 timetable import checks assignments and overlapping slots, creates only a draft and deduplicates retries (3011.137989ms)
✔ B2 imports update only verified codes, create class drafts and staff invitations with work profiles (10154.845285ms)
✔ B2 large import resumes after a lost chunk without duplicating applied rows and checks current school authority (6524.38516ms)
✔ B3 attendance starts unmarked, versions every source change and publishes immutable one-student projections (796.503642ms)
✔ B3 subject attendance requires its actual lesson and cannot borrow daily access from another class (656.218133ms)
✔ B3 a simultaneous attendance edit and publish has one winner and never publishes a mixed source version (220.700903ms)
✔ B3 rule sets require explicit points, immutable issuance and effective week application (506.175701ms)
✔ B3 conduct reviews preserve facts, lock READY projections and publish only the exact pinned source (1061.72567ms)
✔ B3 conduct linked attendance detects stale sources and subject teachers see only their own lesson facts (1138.565967ms)
✔ B3 approved adjustments retain old facts and atomically replace the current publication with a reviewed preview (734.184281ms)
✔ B3 a simultaneous conduct record and lock/publish has one source winner (462.975683ms)
✔ B3 attendance linkage deduplicates, excludes corrected drafts and leaves locked scores unchanged with explicit warnings (644.055934ms)
✔ B4 private parent links expose only published child projections, preserve staff cookies and bind the active tab context (1313.212638ms)
✔ B4 section/download rights, reissue, relationship revocation and foreign UUIDs are checked on each new parent request (800.763802ms)
✔ B4 private documents stream only with both download rights, and teacher contact projections use shared work fields (2088.752633ms)
✔ B4 expired links, suspended schools, CSRF and exchange throttles deny without creating a parent identity (721.164288ms)
✔ B1 delegated grants and invitation acceptance stay inside the current expiry ceiling; backdated assignments require a reason (396.42845ms)
✔ B2 shrinking class capacity checks planned future occupancy peaks, rather than only today (148.672891ms)
✔ B5 dated groups retain moves and same-day cancellations, require current class versions and end group-leader duties (735.271514ms)
✔ B5 position holders serialize and remain valid conduct sources; locked source history cannot be shortened (628.05534ms)
✔ B5 seating validates effective enrollment and unique seats, preserves dated revisions and denies subject-only reads (756.643214ms)
✔ B2/B5 a transfer closes dated groups/positions and retains cancelled future plans atomically (465.075618ms)
✔ B5 timetable materializes bounded future lessons, publishes child-only projections and preserves past/source history (929.744545ms)
✔ B5 timetable rejects teacher/room collisions and revoked assignments, skips holidays and revalidates source versions (1106.199815ms)
✔ B5 duties publish only individual tasks, reject foreign enrollment and retain immutable publication/withdraw history (491.604437ms)
✔ B5 group duties expand the effective group at publication and retain the individual targets after later moves (791.133088ms)
✔ B5 activities count only explicit participants, preserve published states and require current source/review authority (1097.010395ms)
✔ B5 approved activity results are explicit conduct sources and locked approved facts protect their source history (451.601259ms)
✔ B5 evidence stays private until review and publication; parent documents remain child-bound and filter file availability (10533.447311ms)
✔ B5 class announcements retain immutable publication across edits, bind one recipient and reject foreign class reads (2498.470492ms)
✔ B5 public school announcements sanitize content and keep draft/private replacements out of the public projection (2333.45236ms)
✔ B5 scheduled announcements wait for their due time, publish once through a worker and safely replay after an acknowledgement loss (1340.420168ms)
✔ B5 scheduled publication rechecks the creator grant and reports a failed queue without exposing a parent snapshot (1463.060766ms)
✔ B5 announcement attachments remain private to one child, obey link download rights and disappear when archived or withdrawn (1492.235997ms)
✔ B5 school settings persist with version guards, affect only new link expiry and suppress work contacts without changing old link permissions (973.228644ms)
✔ B5 disabling homeroom publication takes effect inside existing sessions and restores only after an explicit setting change (817.712461ms)
✔ B3 configured second approval rejects self approval in API and SQL, while a different scoped approver permits atomic adjustment (627.782174ms)
✔ B5 personal notifications paginate across actual memberships, deduplicate publication events and deny foreign recipients and cross-user cursors (1136.693648ms)
✔ B5 withdrawn announcements redact retained staff notifications instead of exposing a stale published target (18505.432324ms)
✔ B5 dashboards count real scoped rows, keep homeroom and subject tasks separate and immediately recheck revocation (4022.379581ms)
✔ B5 teacher schedule is own dated teaching and announcement feed reads only current publications across draft edits (3363.763651ms)
✔ B5 dashboard attendance counters and publication tasks follow persisted marks, publish/withdraw and current school policy (2366.809794ms)
✔ B2 platform creates only metadata drafts, bootstraps admin roles/invitations and requires an active administrator for activation (3274.037163ms)
✔ B5 platform settings and operation records persist actual state, redact artifacts and reauthorize command replays (3941.73646ms)
✔ B1 platform admin invitations obey operator expiry ceilings and acceptance rolls back after authority expires (122.905871ms)
✔ B5 support tickets persist both sides, preserve queue states and exact timestamp pagination, and deny other schools (353.091751ms)
✔ B1 support requests require independent current school consent, retain immutable scope and bind tickets/classes/actions/time (301.033931ms)
✔ B1 explicitly selected support grants authorize only scoped metadata GETs, audit the actual operator and force read-only SQL (246.878349ms)
✔ B1 school-wide support metadata never exposes import rows/downloads and expires without fallback to operator privileges (3506.779685ms)
✔ B1 an operator who also has school-admin rights still cannot self-approve or combine selected support scope with ordinary rights (300.487283ms)
✔ B5 signed native keysets cross a nullable sort boundary without dropping or repeating persisted schools (10137.272047ms)
✔ B5 report SQL uses real scoped counts and immutable CSV export content while live attendance changes (1539.391109ms)
✔ B5 published report exports pin revisions across replacement and withdrawal without exposing drafts (1699.730546ms)
✔ B5 export XLSX/PDF are actual files with literal formula text, Vietnamese font and private download authorization (1881.358734ms)
✔ B5 subject reports remain own lesson attendance and scoped activities without school/family/conduct/export access (2679.211517ms)
✔ B5 export workers and all file paths reauthorize revocation, expiry and cancellation, and replay completed work safely (1256.643464ms)
✔ B5 conduct/activity/progress/link reports use actual pinned scores, explicit participant denominators and anonymous link use (870.286221ms)
✔ B6 organization display fields persist with versions and tenant-safe references instead of being silently ignored (363.857747ms)
✔ B6 year wizard creates bounded terms, weeks, published holidays and independent draft rules atomically and idempotently (566.826451ms)
✔ B6 class form assigns homeroom atomically, denies foreign/backdated inputs, requires handover and preserves archived history (807.103674ms)
✔ B6 organization projections scope counts in SQL and a year-only grant cannot copy or publish rules (5379.991411ms)
✔ B6 purpose-bound form pickers use current write authority, exclude contacts/roles/counts and deny normal directory access (375.228033ms)
✔ B6 rollover preview uses exact end-year enrollment, minimal workflow authority and immediate revocation (553.799482ms)
✔ B6 platform school wizard creates its optional admin invitation atomically and redacts form metadata (7228.321648ms)
✔ B6 platform school form readers never lend admin or read authority to a create-only operator (167.924174ms)
✔ B6 school overview keeps current scoped totals, actual setup and publication metadata without lending school-wide reads (2651.282967ms)
✔ B6 support choices/counts are scoped SQL metadata, ticket message/status save atomically and an operator only relinquishes its own grant (309.82557ms)
✔ B6 platform audit filters exact actors and whole local date boundaries before pagination and denies school-only staff (115.611261ms)
✔ B6 school support metadata does not borrow consent authority, counts in SQL and rechecks permission before replay (454.35304ms)
✔ B6 school audit uses the school timezone and exact SQL filters with tenant-safe history options (253.25758ms)
✔ B6 operational probes use worker-only cycle evidence, actual backup records and purpose-bound aggregate authority (2226.544982ms)
✔ B6 atomic school-role replacement retains expiry/class scopes, detects independent grants and rolls back all failures (424.343506ms)
✔ B6 school-role replacement prevents self edits, last-admin removal, ceiling/expiry breaches and unauthorized cached replay (368.841767ms)
✔ B6 ending a membership revokes all current/future grants and assignments without deleting history or other schools (488.035458ms)
✔ B6 native school invitations persist all roles/profile, replay once and accept multiple or zero grants atomically (349.466744ms)
✔ B6 zero-role invitation still rechecks current inviter membership and mail authority before acceptance (193.405522ms)
✔ B6 expired staff invitations cannot be revoked as pending or delivered, and preserve their history (162.438731ms)
✔ B6 staff directory combines authorized pending invitations in SQL, searches folded work data and counts before keysets (485.468443ms)
✔ B6 directory read does not lend invitation, role catalog, assignment or export authority and revocation invalidates opaque scope cursors (356.229839ms)
✔ B6 Vietnamese composite keysets preserve given/full-name order, case/diacritic ties and nullable departments in both directions (568.913418ms)
✔ B6 locked identities keep their directory lifecycle but have no effective grants, and active KPI does not fabricate access (187.099384ms)
✔ B6 member details return real coarse other-school counts and work contacts without opening another tenant (348.154075ms)
✔ B6 member aggregate checks current school authority, target membership and SQL role before returning any count (329.53023ms)
✔ B6 member effective permissions and assignment history follow native grant time, membership, identity and assignment dates (660.911485ms)
✔ B6 member role choices respect action-specific delegation expiry without borrowing a role catalog (321.015892ms)
✔ B6 member history filters member, assignment and grant events before counting/keysets, with independent audit authority (504.521755ms)
✔ B6 personal notifications traverse more than 100 real own memberships without truncating global totals or opaque pages (39093.283769ms)
✔ B6 assignment preview is read-only, uses school-local instants and preserves displayed source versions before saving (519.245906ms)
✔ B6 assignment preview compares exact subject scopes, rejects overlapping windows and rechecks expired delegation on repeated POST (741.878216ms)
✔ B6 assignment preview detects source member changes, rejects malformed/foreign proposals and advertises future/configured publication timing (377.579133ms)
✔ B6 assignment matrix returns actual nullable cells and minimal work names under independent assignment-read authority (455.813272ms)
✔ B6 assignment matrix keeps an unconfigured year explicit and archived display reference separate from authority (285.691052ms)
✔ B6 role metadata keeps native scopes and real counts without lending member/audit access or treating custom class grants as assignments (467.237098ms)
✔ B6 role details show only independently authorized holders/history and save scoped deltas with a displayed version (5438.68632ms)
✔ B6 future held roles and immutable system templates cannot be edited by their holder (288.11889ms)
✔ B6 editing live roles cannot expand permissions beyond the current editor expiry ceiling (310.263143ms)
✔ B6 handover preview reads real current source/counts under purpose authority without member, family or role catalog access (450.72703ms)
✔ B6 handover applies exactly once with school-local cutoffs, durable receipts, own-actor recovery and preserved source authorship (1195.768033ms)
✔ B6 changed handover sources fail before submission or application and require an explicit review of the same pending receipt (1889.134211ms)
✔ B6 open-item changes invalidate handover review and linked source grants are never extended at the cutoff (1495.757921ms)
✔ B6 handover receipts remain actor/school bound, recheck delegation and deny immutable-source replacement (824.644099ms)
✔ B6 student creation allocates actual codes and atomically retains enrollment, gender and a separate unverified guardian (251.525082ms)
✔ B6 student form failures roll back every row and optional contacts require independent current authority on replay (392.700754ms)
✔ B6 student edits retain displayed versions and never replay internal notes after private profile authority is revoked (328.518827ms)
✔ B6 student unknown historic gender remains null and invalid gender/guardian state cannot be fabricated (162.830117ms)
✔ B6 real CSV gender mapping normalizes supported values, preserves unmapped sources and retains invalid rows (3879.132684ms)
✔ B6 native student directory applies Vietnamese keysets, exact SQL filters and minimal selected identifiers (509.122677ms)
✔ B6 native student projections separate school roster authority from family, note and link authority in the same session (396.367503ms)
✔ B6 archived student history uses an explicit included date and stored group, position and teacher sources (241.686608ms)
✔ B6 subject pupil projection remains minimal and class history cannot retain family access after enrollment ends (418.096896ms)
✔ B6 pupil link metadata reflects real events, bounded recent history and revocation without returning reusable secrets (308.996919ms)
✔ B6 an unconfigured school directory returns actual null year context without fabricated class or student data (164.768689ms)
✔ B6 verified family counters remain verified when receiving permission is explicitly disabled (218.29884ms)
✔ B6 atomic guardian save creates unverified contacts, replays one receipt and prevents duplicate new commands (280.397775ms)
✔ B6 atomic guardian save serializes competing displayed student versions (241.306003ms)
✔ B6 guardian form grants class family authority without student read or unscoped sibling data (391.646743ms)
✔ B6 atomic guardian edits preserve verified receiving choices and reject stale contact versions without partial priority changes (353.520715ms)
✔ B6 guardian save detects independently changed primary references and preserves every row on failure (302.866597ms)
✔ B6 guardian save rejects masked phones, foreign pairings and mutation of archived contacts (293.24266ms)
✔ B6 guardian form and cached saves recheck enrollment end and grant expiry in the same session (449.791908ms)
✔ B6 atomic guardian save rolls back contacts, relationships, primary changes, audit and receipt after a real SQL fault (511.692777ms)
✔ B6 school guardian directory uses SQL folded search, literal wildcards, signed keysets and independent link counters (1043.93037ms)
✔ B6 class guardian reads exclude all unscoped sibling relationships and immediately lose access after enrollment or grant ends (825.592245ms)
✔ B6 shared guardian contact edits require management of every affected class and current read authority even for a replay (1531.061062ms)
✔ B6 guardian profile exposes real verification and revocation metadata but removes link and audit panels when their separate rights end (1190.360714ms)
✔ B6 partial student write acknowledgements redact unsubmitted protected fields including stored old receipts (712.060303ms)
✔ B6 bounded school class overview preserves query results, local JIT preference and the five-second runtime timeout (360.75639ms)
ℹ tests 153
ℹ suites 0
ℹ pass 153
ℹ fail 0
ℹ cancelled 0
ℹ skipped 0
ℹ todo 0
ℹ duration_ms 331681.444906
