
 RUN  v3.2.7 D:/Edu

 ✓ tests/unit/api-client.test.ts (11 tests) 37ms
 ✓ tests/unit/api-query-boundary.test.ts (5 tests) 40ms
 ✓ tests/unit/api-lists-fragments.test.ts (10 tests) 43ms
 ✓ tests/unit/api-support-adapter.test.ts (5 tests) 38ms
 ✓ tests/unit/api-session.test.ts (9 tests) 74ms
 ✓ tests/unit/api-platform-adapter.test.ts (13 tests) 57ms
 ✓ tests/unit/api-rollover-adapter.test.ts (8 tests) 62ms
 ✓ tests/unit/api-school-adapter.test.ts (16 tests) 65ms
 ✓ tests/unit/api-auth-adapter.test.ts (7 tests) 47ms
 ✓ tests/unit/api-students-adapter.test.ts (11 tests) 52ms
 ✓ tests/unit/api-assignment-adapter.test.ts (8 tests) 45ms
 ✓ tests/unit/api-guardians-adapter.test.ts (17 tests) 65ms
 ✓ tests/unit/api-handover-adapter.test.ts (8 tests) 53ms
 ✓ tests/unit/api-staff-adapter.test.ts (9 tests) 54ms
 ✓ tests/unit/api-session-adapter.test.ts (2 tests) 32ms
 ✓ tests/unit/api-role-adapter.test.ts (5 tests) 32ms
 ✓ tests/unit/api-staff-directory.test.ts (6 tests) 35ms
 ✓ tests/unit/api-member-details.test.ts (5 tests) 22ms
 ✓ tests/unit/api-scope-guard.test.ts (5 tests) 10ms
 ✓ tests/unit/api-parent-credential.test.ts (3 tests) 7ms
 ✓ tests/unit/api-context.test.ts (1 test) 7ms
 ✓ tests/unit/api-native-facade.test.ts (3 tests) 3298ms
   ✓ connected root boundary > has no runtime route dependency on fixtures, IndexedDB, legacy repositories or demo sessions  3284ms

 Test Files  22 passed (22)
      Tests  167 passed (167)
   Start at  09:35:58
   Duration  4.68s (transform 2.03s, setup 1.43s, collect 6.79s, tests 4.17s, environment 5ms, prepare 3.18s)
