
 RUN  v3.2.7 D:/Edu

 ✓ tests/unit/api-client.test.ts (11 tests) 32ms
 ✓ tests/unit/api-lists-fragments.test.ts (10 tests) 35ms
 ✓ tests/unit/api-support-adapter.test.ts (5 tests) 37ms
 ✓ tests/unit/api-session.test.ts (9 tests) 59ms
 ✓ tests/unit/api-auth-adapter.test.ts (7 tests) 50ms
 ✓ tests/unit/api-rollover-adapter.test.ts (8 tests) 56ms
 ✓ tests/unit/api-platform-adapter.test.ts (13 tests) 57ms
 ✓ tests/unit/api-school-adapter.test.ts (22 tests) 64ms
 ✓ tests/unit/api-students-adapter.test.ts (11 tests) 55ms
stdout | tests/unit/seed.test.ts > demo seed invariants > prints sizes
{
  students: 155,
  att: 3732,
  conduct: 265,
  lessons: 120,
  bytes: 1430325
}

 ✓ tests/unit/seed.test.ts (7 tests) 72ms
 ✓ tests/unit/api-role-adapter.test.ts (5 tests) 36ms
 ✓ tests/unit/api-staff-adapter.test.ts (9 tests) 47ms
 ✓ tests/unit/api-guardians-adapter.test.ts (17 tests) 57ms
 ✓ tests/unit/api-handover-adapter.test.ts (8 tests) 48ms
 ✓ tests/unit/api-assignment-adapter.test.ts (8 tests) 50ms
 ✓ tests/unit/api-staff-directory.test.ts (6 tests) 38ms
 ✓ tests/unit/api-staff-activation.test.ts (8 tests) 64ms
 ✓ tests/unit/api-session-adapter.test.ts (2 tests) 35ms
 ✓ tests/unit/api-scope-guard.test.ts (5 tests) 11ms
 ✓ tests/unit/api-member-details.test.ts (5 tests) 22ms
 ✓ tests/unit/api-query-boundary.test.ts (5 tests) 42ms
 ✓ tests/unit/api-school-read-capability.test.ts (1 test) 4ms
 ✓ tests/unit/api-parent-credential.test.ts (3 tests) 8ms
 ✓ tests/unit/api-context.test.ts (1 test) 7ms
 ✓ tests/unit/permissions.test.ts (9 tests) 7ms
 ✓ tests/unit/api-native-facade.test.ts (3 tests) 2431ms
   ✓ connected root boundary > has no runtime route dependency on fixtures, IndexedDB, legacy repositories or demo sessions  2418ms
 ✓ tests/unit/flows.test.ts (25 tests) 8146ms
   ✓ NV-03 / Q17 — revoking an assignment blocks the next read/write > revoked homeroom cannot lock or record morning attendance  445ms
   ✓ F03 / F04 / F05 — record → review → lock ≠ publish → adjust > parent sees 97 only after publish, then 102 after an approved + published adjustment  2030ms
   ✓ F07 / Q21 — attendance-linked conduct is never double counted > late in attendance creates one record; manual late is refused; re-save does not duplicate  510ms
   ✓ F07 / Q21 — attendance-linked conduct is never double counted > Q20 — unmarked is never counted as present and blocks publishing  359ms
   ✓ F12 / NV-14 / Q40 — network error and conflicts > simulated network error saves nothing and a retry succeeds once  475ms
   ✓ F12 / NV-14 / Q40 — network error and conflicts > stale version is rejected instead of overwriting  342ms
   ✓ F09 / Q36 — import with errors never duplicates or overwrites > previews row errors, commits valid rows, re-import skips  345ms
   ✓ F04 — school B policy: only school leaders publish > homeroom at B can lock but not publish; principal publishes  625ms
   ✓ SC07 / NV-13 — new school year rollover > creates a year, enrols chosen students into new classes, leaves the old year untouched  656ms
   ✓ F11 / Q35 — lesson change with effective date and conflict detection > detects a teacher already teaching another class; publishing is blocked; past dates refused  492ms

 Test Files  27 passed (27)
      Tests  223 passed (223)
   Start at  10:58:48
   Duration  10.05s (transform 3.69s, setup 1.41s, collect 9.31s, tests 11.57s, environment 6ms, prepare 3.50s)
