
Running 18 tests using 1 worker

(node:38076) Warning: The 'NO_COLOR' env is ignored due to the 'FORCE_COLOR' env being set.
(Use `node --trace-warnings ...` to show where the warning was created)
  ok  1 tests\native-ui-contract\auth-contract.spec.ts:35:7 › Native browser contract with intercepted API responses — PostgreSQL E2E remains separate › ignores a persisted demo persona and requires actual API authentication (722ms)
  ok  2 tests\native-ui-contract\auth-contract.spec.ts:42:7 › Native browser contract with intercepted API responses — PostgreSQL E2E remains separate › keeps a failed login form and retries the same intent before navigating on acknowledgement (736ms)
  ok  3 tests\native-ui-contract\auth-contract.spec.ts:59:7 › Native browser contract with intercepted API responses — PostgreSQL E2E remains separate › accepts a new invitation only after a matching ACK and preserves the result after cache invalidation (919ms)
  ok  4 tests\native-ui-contract\auth-contract.spec.ts:81:7 › Native browser contract with intercepted API responses — PostgreSQL E2E remains separate › requires the invited existing identity and does not offer a password replacement (530ms)
  ok  5 tests\native-ui-contract\auth-contract.spec.ts:87:7 › Native browser contract with intercepted API responses — PostgreSQL E2E remains separate › keeps a reset draft after an invalid ACK and shows completion after authentication changes (774ms)
  ok  6 tests\native-ui-contract\auth-contract.spec.ts:97:7 › Native browser contract with intercepted API responses — PostgreSQL E2E remains separate › retains a dirty profile and its reviewed version across background refresh and resolves conflict explicitly (1.1s)
  ok  7 tests\native-ui-contract\auth-contract.spec.ts:112:7 › Native browser contract with intercepted API responses — PostgreSQL E2E remains separate › allows an actual nullable own work phone and saves only after the server profile acknowledgement (721ms)
  ok  8 tests\native-ui-contract\school-contract.spec.ts:22:7 › Native school browser contract — intercepted API, separate from PostgreSQL E2E › keeps school edits on a transient read failure and removes the private form on forbidden reads (885ms)
  ok  9 tests\native-ui-contract\school-contract.spec.ts:35:7 › Native school browser contract — intercepted API, separate from PostgreSQL E2E › accepts nullable public contacts and clears dirty state only after a matching profile ACK (630ms)
  ok 10 tests\native-ui-contract\school-contract.spec.ts:46:7 › Native school browser contract — intercepted API, separate from PostgreSQL E2E › opens a school without years and keeps year creation reachable (832ms)
  ok 11 tests\native-ui-contract\school-contract.spec.ts:59:7 › Native school browser contract — intercepted API, separate from PostgreSQL E2E › keeps a reviewed school profile through background refresh and reloads explicitly after conflict (875ms)
  ok 12 tests\native-ui-contract\school-contract.spec.ts:76:7 › Native school browser contract — intercepted API, separate from PostgreSQL E2E › creates a class with class authority alone, retains a wrong ACK and retries one atomic command (10.1s)
  ok 13 tests\native-ui-contract\school-contract.spec.ts:102:7 › Native school browser contract — intercepted API, separate from PostgreSQL E2E › shows the year calendar with year authority alone and labels denied class data (582ms)
  ok 14 tests\native-ui-contract\staff-contract.spec.ts:26:7 › Native staff browser contracts — intercepted API, separate from PostgreSQL E2E › renders denied assignment and history panels without inventing empty data or reading invitations (573ms)
  x  15 tests\native-ui-contract\staff-contract.spec.ts:37:7 › Native staff browser contracts — intercepted API, separate from PostgreSQL E2E › keeps mixed action scopes and source version through refresh, retains read failures and reloads a role explicitly after conflict (10.6s)
(node:9788) Warning: The 'NO_COLOR' env is ignored due to the 'FORCE_COLOR' env being set.
(Use `node --trace-warnings ...` to show where the warning was created)
  ok 16 tests\native-ui-contract\staff-contract.spec.ts:54:7 › Native staff browser contracts — intercepted API, separate from PostgreSQL E2E › creates an invitation through purpose-bound choices with zero roles and truthful queued delivery (992ms)
  ok 17 tests\native-ui-contract\staff-contract.spec.ts:66:7 › Native staff browser contracts — intercepted API, separate from PostgreSQL E2E › saves the reviewed assignment dates and versions, retains a wrong ACK and manually retries the same key (990ms)
  x  18 tests\native-ui-contract\staff-contract.spec.ts:81:7 › Native staff browser contracts — intercepted API, separate from PostgreSQL E2E › recovers a handover after a lost create ACK and reload, then reviews changed sources without creating a second receipt (11.1s)


  1) tests\native-ui-contract\staff-contract.spec.ts:37:7 › Native staff browser contracts — intercepted API, separate from PostgreSQL E2E › keeps mixed action scopes and source version through refresh, retains read failures and reloads a role explicitly after conflict

    Error: expect(locator).toBeDisabled() failed

    Locator: getByText('Xem giám hộ', { exact: true }).locator('..').getByRole('checkbox', { name: 'Trường', exact: true })
    Expected: disabled
    Timeout: 10000ms
    Error: element(s) not found

    Call log:
      - Expect "toBeDisabled" getByText('Xem giám hộ', { exact: true }).locator('..').getByRole('checkbox', { name: 'Trường', exact: true }) with timeout 10000ms
      - waiting for getByText('Xem giám hộ', { exact: true }).locator('..').getByRole('checkbox', { name: 'Trường', exact: true })


      45 |     await page.goto(`${web}/roles/${roleId}`);
      46 |     const student=page.getByText('Xem học sinh',{exact:true}).locator('..'),guardian=page.getByText('Xem giám hộ',{exact:true}).locator('..');
    > 47 |     await expect(student.getByRole('checkbox',{name:'Lớp',exact:true})).toBeChecked();await expect(student.getByRole('checkbox',{name:'Môn',exact:true})).toBeChecked();await expect(guardian.getByRole('checkbox',{name:'Trường',exact:true})).toBeDisabled();await student.getByRole('checkbox',{name:'Môn',exact:true}).uncheck();await page.getByLabel(/^Lý do thay đổi/).fill('Giữ quyền theo lớp');
         |                                                                                                                                                                                                                                                 ^
      48 |     let prior=reads;version=8;await page.evaluate(()=>window.dispatchEvent(new Event('focus')));await expect.poll(()=>reads).toBeGreaterThan(prior);await expect(student.getByRole('checkbox',{name:'Môn',exact:true})).not.toBeChecked();
      49 |     prior=reads;failure=503;await page.evaluate(()=>window.dispatchEvent(new Event('focus')));await expect.poll(()=>reads).toBeGreaterThan(prior);await expect(page.getByLabel(/^Lý do thay đổi/)).toHaveValue('Giữ quyền theo lớp');await expect(page.getByRole('button',{name:'Xem tác động & lưu'})).toBeVisible();failure=0;
      50 |     await page.getByRole('button',{name:'Xem tác động & lưu'}).click();await page.getByRole('button',{name:'Xác nhận lưu',exact:true}).click();await expect(page.getByRole('button',{name:'Tải bản mới nhất'})).toBeVisible();expect(writes).toEqual([{expectedVersion:7,reason:'Giữ quyền theo lớp',permissions:[{action:'student.read',scopes:['CLASS']}]}]);await page.getByRole('button',{name:'Tải bản mới nhất'}).click();await expect(student.getByRole('checkbox',{name:'Môn',exact:true})).toBeChecked();
        at D:\Edu\tests\native-ui-contract\staff-contract.spec.ts:47:241

    attachment #1: screenshot (image/png) ──────────────────────────────────────────────────────────
    qa\backend\b6-native-staff-browser-artifacts-final\staff-contract-Native-staf-c1fc3-e-explicitly-after-conflict\test-failed-1.png
    ────────────────────────────────────────────────────────────────────────────────────────────────

    Error Context: qa\backend\b6-native-staff-browser-artifacts-final\staff-contract-Native-staf-c1fc3-e-explicitly-after-conflict\error-context.md

    attachment #3: trace (application/zip) ─────────────────────────────────────────────────────────
    qa\backend\b6-native-staff-browser-artifacts-final\staff-contract-Native-staf-c1fc3-e-explicitly-after-conflict\trace.zip
    Usage:

        npx playwright show-trace qa\backend\b6-native-staff-browser-artifacts-final\staff-contract-Native-staf-c1fc3-e-explicitly-after-conflict\trace.zip

    ────────────────────────────────────────────────────────────────────────────────────────────────

  2) tests\native-ui-contract\staff-contract.spec.ts:81:7 › Native staff browser contracts — intercepted API, separate from PostgreSQL E2E › recovers a handover after a lost create ACK and reload, then reviews changed sources without creating a second receipt

    Error: expect(locator).toBeVisible() failed

    Locator: getByText(/Không nhận được xác nhận lưu từ máy chủ/).first()
    Expected: visible
    Timeout: 10000ms
    Error: element(s) not found

    Call log:
      - Expect "toBeVisible" getByText(/Không nhận được xác nhận lưu từ máy chủ/).first() with timeout 10000ms
      - waiting for getByText(/Không nhận được xác nhận lưu từ máy chủ/).first()


      94 |     });
      95 |     page.on('dialog',dialog=>void dialog.accept());
    > 96 |     await page.goto(`${web}/handovers?class=${classId}`);await expect(page.getByText('Giáo viên API',{exact:true})).toBeVisible();await page.getByRole('button',{name:'Tiếp tục',exact:true}).click();await page.getByRole('combobox',{name:/Giáo viên nhận chủ nhiệm/}).click();await page.getByRole('option',{name:/Giáo viên nhận/}).click();await page.getByRole('button',{name:'Tiếp tục',exact:true}).click();await page.getByLabel(/^Lý do \/ nội dung bàn giao/).fill('Bàn giao từ nguồn API');await page.getByRole('button',{name:'Tiếp tục',exact:true}).click();await page.getByRole('button',{name:'Xác nhận bàn giao',exact:true}).click();await page.getByRole('button',{name:'Bàn giao',exact:true}).click();await expect(page.getByText(/Không nhận được xác nhận lưu từ máy chủ/).first()).toBeVisible();expect(create).toHaveLength(1);
         |                                                                                                                                                                                                                                                                                                                                                                                                                                                                                                                                                                                                                                                                                                                                                                                                             ^
      97 |     const values=await page.evaluate(()=>Object.values(sessionStorage));expect(values).toEqual([create[0].clientRequestId]);await page.reload();await expect(page.getByText('Biên nhận bàn giao trước đó')).toBeVisible();await page.getByRole('button',{name:'Mở lại để kiểm tra nguồn'}).click();await page.getByRole('button',{name:'Xác nhận bàn giao',exact:true}).click();await expect(page.getByText(/nguồn lớp phiên bản 9/)).toBeVisible();await page.getByRole('button',{name:'Bàn giao',exact:true}).click();await expect(page.getByText('Đã bàn giao chủ nhiệm lớp Lớp API',{exact:true})).toBeVisible();expect(create).toHaveLength(1);expect(review).toHaveLength(1);expect(review[0]).toMatchObject({expectedVersion:1,expectedClassVersion:9,expectedFromAssignmentVersion:3,expectedToMemberVersion:6,previewHash:'b'.repeat(64)});expect(approve).toEqual([{expectedVersion:2,previewHash:'b'.repeat(64)}]);expect(await page.evaluate(()=>Object.values(sessionStorage))).toEqual([]);
      98 |   });
      99 | });
        at D:\Edu\tests\native-ui-contract\staff-contract.spec.ts:96:781

    attachment #1: screenshot (image/png) ──────────────────────────────────────────────────────────
    qa\backend\b6-native-staff-browser-artifacts-final\staff-contract-Native-staf-11aae-t-creating-a-second-receipt\test-failed-1.png
    ────────────────────────────────────────────────────────────────────────────────────────────────

    Error Context: qa\backend\b6-native-staff-browser-artifacts-final\staff-contract-Native-staf-11aae-t-creating-a-second-receipt\error-context.md

    attachment #3: trace (application/zip) ─────────────────────────────────────────────────────────
    qa\backend\b6-native-staff-browser-artifacts-final\staff-contract-Native-staf-11aae-t-creating-a-second-receipt\trace.zip
    Usage:

        npx playwright show-trace qa\backend\b6-native-staff-browser-artifacts-final\staff-contract-Native-staf-11aae-t-creating-a-second-receipt\trace.zip

    ────────────────────────────────────────────────────────────────────────────────────────────────

  2 failed
    tests\native-ui-contract\staff-contract.spec.ts:37:7 › Native staff browser contracts — intercepted API, separate from PostgreSQL E2E › keeps mixed action scopes and source version through refresh, retains read failures and reloads a role explicitly after conflict
    tests\native-ui-contract\staff-contract.spec.ts:81:7 › Native staff browser contracts — intercepted API, separate from PostgreSQL E2E › recovers a handover after a lost create ACK and reload, then reviews changed sources without creating a second receipt
  16 passed (46.3s)
