
 RUN  v3.2.7 D:/Edu

 ✓ tests/unit/api-client.test.ts (11 tests) 33ms
 ✓ tests/unit/api-lists-fragments.test.ts (10 tests) 30ms
 ✓ tests/unit/api-session.test.ts (9 tests) 41ms
 ✓ tests/unit/api-rollover-adapter.test.ts (8 tests) 42ms
 ✓ tests/unit/api-auth-adapter.test.ts (7 tests) 35ms
 ✓ tests/unit/api-school-adapter.test.ts (22 tests) 49ms
 ✓ tests/unit/api-member-details.test.ts (5 tests) 20ms
 ✓ tests/unit/api-platform-adapter.test.ts (13 tests) 43ms
 ✓ tests/unit/api-students-adapter.test.ts (11 tests) 44ms
 ✓ tests/unit/api-staff-directory.test.ts (6 tests) 38ms
 ✓ tests/unit/api-assignment-adapter.test.ts (8 tests) 43ms
 ✓ tests/unit/api-staff-adapter.test.ts (9 tests) 47ms
 ✓ tests/unit/api-guardians-adapter.test.ts (17 tests) 55ms
 ✓ tests/unit/api-handover-adapter.test.ts (8 tests) 49ms
 ✓ tests/unit/api-support-adapter.test.ts (5 tests) 44ms
 ✓ tests/unit/api-parent-credential.test.ts (3 tests) 7ms
 ✓ tests/unit/api-scope-guard.test.ts (5 tests) 10ms
 ✓ tests/unit/api-role-adapter.test.ts (5 tests) 36ms
 ✓ tests/unit/api-school-read-capability.test.ts (1 test) 4ms
 ✓ tests/unit/api-context.test.ts (1 test) 6ms
 ✓ tests/unit/api-query-boundary.test.ts (5 tests) 38ms
 ✓ tests/unit/api-session-adapter.test.ts (2 tests) 28ms
 ✓ tests/unit/api-native-facade.test.ts (3 tests) 2061ms
   ✓ connected root boundary > has no runtime route dependency on fixtures, IndexedDB, legacy repositories or demo sessions  2048ms

 Test Files  23 passed (23)
      Tests  174 passed (174)
   Start at  10:38:58
   Duration  3.15s (transform 1.42s, setup 1.20s, collect 6.02s, tests 2.80s, environment 6ms, prepare 2.93s)
