
Running 24 tests using 1 worker

(node:11764) Warning: The 'NO_COLOR' env is ignored due to the 'FORCE_COLOR' env being set.
(Use `node --trace-warnings ...` to show where the warning was created)
  ok  1 tests\native-ui-contract\auth-contract.spec.ts:35:7 › Native browser contract with intercepted API responses — PostgreSQL E2E remains separate › ignores a persisted demo persona and requires actual API authentication (630ms)
  ok  2 tests\native-ui-contract\auth-contract.spec.ts:42:7 › Native browser contract with intercepted API responses — PostgreSQL E2E remains separate › keeps a failed login form and retries the same intent before navigating on acknowledgement (647ms)
  ok  3 tests\native-ui-contract\auth-contract.spec.ts:59:7 › Native browser contract with intercepted API responses — PostgreSQL E2E remains separate › accepts a new invitation only after a matching ACK and preserves the result after cache invalidation (868ms)
  ok  4 tests\native-ui-contract\auth-contract.spec.ts:81:7 › Native browser contract with intercepted API responses — PostgreSQL E2E remains separate › requires the invited existing identity and does not offer a password replacement (468ms)
  ok  5 tests\native-ui-contract\auth-contract.spec.ts:87:7 › Native browser contract with intercepted API responses — PostgreSQL E2E remains separate › keeps a reset draft after an invalid ACK and shows completion after authentication changes (638ms)
  ok  6 tests\native-ui-contract\auth-contract.spec.ts:97:7 › Native browser contract with intercepted API responses — PostgreSQL E2E remains separate › retains a dirty profile and its reviewed version across background refresh and resolves conflict explicitly (881ms)
  ok  7 tests\native-ui-contract\auth-contract.spec.ts:112:7 › Native browser contract with intercepted API responses — PostgreSQL E2E remains separate › allows an actual nullable own work phone and saves only after the server profile acknowledgement (560ms)
  ok  8 tests\native-ui-contract\school-contract.spec.ts:22:7 › Native school browser contract — intercepted API, separate from PostgreSQL E2E › keeps school edits on a transient read failure and removes the private form on forbidden reads (679ms)
  ok  9 tests\native-ui-contract\school-contract.spec.ts:35:7 › Native school browser contract — intercepted API, separate from PostgreSQL E2E › accepts nullable public contacts and clears dirty state only after a matching profile ACK (601ms)
  ok 10 tests\native-ui-contract\school-contract.spec.ts:46:7 › Native school browser contract — intercepted API, separate from PostgreSQL E2E › opens a school without years and keeps year creation reachable (718ms)
  ok 11 tests\native-ui-contract\school-contract.spec.ts:59:7 › Native school browser contract — intercepted API, separate from PostgreSQL E2E › keeps a reviewed school profile through background refresh and reloads explicitly after conflict (802ms)
  ok 12 tests\native-ui-contract\school-contract.spec.ts:76:7 › Native school browser contract — intercepted API, separate from PostgreSQL E2E › creates a class with class authority alone, retains a wrong ACK and retries one atomic command (9.9s)
  ok 13 tests\native-ui-contract\school-contract.spec.ts:102:7 › Native school browser contract — intercepted API, separate from PostgreSQL E2E › shows the year calendar with year authority alone and labels denied class data (596ms)
  ok 14 tests\native-ui-contract\staff-contract.spec.ts:26:7 › Native staff browser contracts — intercepted API, separate from PostgreSQL E2E › renders denied assignment and history panels without inventing empty data or reading invitations (597ms)
  ok 15 tests\native-ui-contract\staff-contract.spec.ts:37:7 › Native staff browser contracts — intercepted API, separate from PostgreSQL E2E › keeps mixed action scopes and source version through refresh, retains read failures and reloads a role explicitly after conflict (1.0s)
  ok 16 tests\native-ui-contract\staff-contract.spec.ts:54:7 › Native staff browser contracts — intercepted API, separate from PostgreSQL E2E › creates an invitation through purpose-bound choices with zero roles and truthful queued delivery (714ms)
  ok 17 tests\native-ui-contract\staff-contract.spec.ts:66:7 › Native staff browser contracts — intercepted API, separate from PostgreSQL E2E › replaces school roles with the reviewed member version and actual delegation deadline without reading a role catalog (754ms)
  ok 18 tests\native-ui-contract\staff-contract.spec.ts:79:7 › Native staff browser contracts — intercepted API, separate from PostgreSQL E2E › saves the reviewed assignment dates and versions, retains a wrong ACK and manually retries the same key (959ms)
  ok 19 tests\native-ui-contract\staff-contract.spec.ts:94:7 › Native staff browser contracts — intercepted API, separate from PostgreSQL E2E › recovers a handover after a lost create ACK and reload, then reviews changed sources without creating a second receipt (1.3s)
  ok 20 tests\native-ui-contract\support-contract.spec.ts:26:7 › Native school support browser contracts — intercepted API, separate from PostgreSQL E2E › uses server ticket totals, message counts and filters without borrowing consent authority (657ms)
  ok 21 tests\native-ui-contract\support-contract.spec.ts:37:7 › Native school support browser contracts — intercepted API, separate from PostgreSQL E2E › keeps a ticket draft through read failure and mismatched create ACK, then manually retries the same intent (859ms)
  x  22 tests\native-ui-contract\support-contract.spec.ts:51:7 › Native school support browser contracts — intercepted API, separate from PostgreSQL E2E › uses the reviewed support version through refresh and retains a required decline reason on conflict (10.9s)
(node:19172) Warning: The 'NO_COLOR' env is ignored due to the 'FORCE_COLOR' env being set.
(Use `node --trace-warnings ...` to show where the warning was created)
  ok 23 tests\native-ui-contract\support-contract.spec.ts:64:7 › Native school support browser contracts — intercepted API, separate from PostgreSQL E2E › retains an unconfirmed school message and sends the same key on manual retry (898ms)
  ok 24 tests\native-ui-contract\support-contract.spec.ts:76:7 › Native school support browser contracts — intercepted API, separate from PostgreSQL E2E › uses audit SQL filters and removes a private detail drawer when read authority is denied (786ms)


  1) tests\native-ui-contract\support-contract.spec.ts:51:7 › Native school support browser contracts — intercepted API, separate from PostgreSQL E2E › uses the reviewed support version through refresh and retains a required decline reason on conflict

    Error: expect(locator).toBeVisible() failed

    Locator: getByRole('dialog').getByText(/Dữ liệu đã thay đổi/)
    Expected: visible
    Timeout: 10000ms
    Error: element(s) not found

    Call log:
      - Expect "toBeVisible" getByRole('dialog').getByText(/Dữ liệu đã thay đổi/) with timeout 10000ms
      - waiting for getByRole('dialog').getByText(/Dữ liệu đã thay đổi/)


      59 |     });
      60 |     await page.goto(`${web}/support`);await expect(page.getByText('Xem lớp',{exact:true})).toBeVisible();await expect(page.getByText('Xem phân công',{exact:true})).toHaveCount(0);await page.getByRole('button',{name:'Từ chối',exact:true}).click();const modal=page.getByRole('dialog');await modal.getByLabel(/^Lý do/).fill('Không cần xem cấu hình');const previous=reads;version=4;await page.evaluate(()=>window.dispatchEvent(new Event('focus')));await expect.poll(()=>reads).toBeGreaterThan(previous);
    > 61 |     await modal.getByRole('button',{name:'Từ chối',exact:true}).click();await expect(modal.getByLabel(/^Lý do/)).toHaveValue('Không cần xem cấu hình');await expect(modal.getByText(/Dữ liệu đã thay đổi/)).toBeVisible();expect(bodies).toEqual([{expectedVersion:3,reason:'Không cần xem cấu hình',decision:'REJECT'}]);await page.setViewportSize({width:390,height:844});await page.screenshot({path:screenshot('support-conflict-mobile'),fullPage:true});
         |                                                                                                                                                                                                             ^
      62 |   });
      63 |
      64 |   test('retains an unconfirmed school message and sends the same key on manual retry',async({page})=>{
        at D:\Edu\tests\native-ui-contract\support-contract.spec.ts:61:205

    attachment #1: screenshot (image/png) ──────────────────────────────────────────────────────────
    qa\backend\b6-native-support-browser-artifacts-final\support-contract-Native-sc-c84c4--decline-reason-on-conflict\test-failed-1.png
    ────────────────────────────────────────────────────────────────────────────────────────────────

    Error Context: qa\backend\b6-native-support-browser-artifacts-final\support-contract-Native-sc-c84c4--decline-reason-on-conflict\error-context.md

    attachment #3: trace (application/zip) ─────────────────────────────────────────────────────────
    qa\backend\b6-native-support-browser-artifacts-final\support-contract-Native-sc-c84c4--decline-reason-on-conflict\trace.zip
    Usage:

        npx playwright show-trace qa\backend\b6-native-support-browser-artifacts-final\support-contract-Native-sc-c84c4--decline-reason-on-conflict\trace.zip

    ────────────────────────────────────────────────────────────────────────────────────────────────

  1 failed
    tests\native-ui-contract\support-contract.spec.ts:51:7 › Native school support browser contracts — intercepted API, separate from PostgreSQL E2E › uses the reviewed support version through refresh and retains a required decline reason on conflict
  23 passed (39.9s)
