src/features/preview/components/ex-domain.tsx(62,135): error TS2739: Type '{ membership: Membership; user: { id: string; fullName: string; displayName: string; email: string; workPhone: string; avatarTone: "blue" | "green" | "amber" | "pink" | "purple"; }; ... 9 more ...; isSelf: boolean; }' is missing the following properties from type '{ membership: { id: string; schoolId: string; userId: string; version: number; staffCode: string | null; department: string | null; status: "revoked" | "active" | "suspended" | "invited"; ... 6 more ...; workDisplayName: string; }; ... 14 more ...; isSelf: boolean; }': schoolActionCodes, referenceDate, joinedOn, accessActive, canViewHistory
src/features/school-org/assign-drawer.tsx(38,155): error TS2345: Argument of type '{ membershipId: string; kind: "homeroom" | "subject"; classId: string; subjectId: string | undefined; }' is not assignable to parameter of type 'StaffAssignmentInput'.
  Property 'validFrom' is missing in type '{ membershipId: string; kind: "homeroom" | "subject"; classId: string; subjectId: string | undefined; }' but required in type 'StaffAssignmentInput'.
src/features/school-org/handover.tsx(164,58): error TS2345: Argument of type '{ classId: string; toMembershipId: string; effectiveDate: string; note: string; }' is not assignable to parameter of type 'HandoverInput'.
  Type '{ classId: string; toMembershipId: string; effectiveDate: string; note: string; }' is missing the following properties from type 'HandoverInput': clientRequestId, fromAssignmentId, fromAssignmentVersion, classVersion, and 2 more.
src/features/school-org/invite-modal.tsx(68,68): error TS2345: Argument of type 'string' is not assignable to parameter of type 'ActionKey'.
src/features/school-org/matrix.tsx(38,28): error TS18047: 'd.year' is possibly 'null'.
src/features/school-org/matrix.tsx(57,96): error TS18047: 'd.year' is possibly 'null'.
src/features/school-org/matrix.tsx(65,47): error TS18047: 'd.year' is possibly 'null'.
src/features/school-org/member-detail.tsx(25,34): error TS2537: Type '{ schoolId: string; membershipId: string; type: "homeroom" | "subject"; validFrom: string; validUntil: string | null; label: string; id: string; version: number; classId: string; className: string; ... 17 more ...; live: boolean; }[] | null' has no matching index signature for type 'number'.
src/features/school-org/member-detail.tsx(50,16): error TS18047: 'm.assignments' is possibly 'null'.
src/features/school-org/member-detail.tsx(51,38): error TS2345: Argument of type '{ schoolId: string; membershipId: string; type: "homeroom" | "subject"; validFrom: string; validUntil: string | null; label: string; id: string; version: number; classId: string; className: string; ... 17 more ...; live: boolean; }' is not assignable to parameter of type '{ status: AssignmentStatus; validFrom: string; validTo?: string | undefined; live?: boolean | undefined; }'.
  Property 'status' is missing in type '{ schoolId: string; membershipId: string; type: "homeroom" | "subject"; validFrom: string; validUntil: string | null; label: string; id: string; version: number; classId: string; className: string; ... 17 more ...; live: boolean; }' but required in type '{ status: AssignmentStatus; validFrom: string; validTo?: string | undefined; live?: boolean | undefined; }'.
src/features/school-org/member-detail.tsx(54,26): error TS18047: 'm.assignments' is possibly 'null'.
src/features/school-org/member-detail.tsx(54,56): error TS2339: Property 'status' does not exist on type '{ schoolId: string; membershipId: string; type: "homeroom" | "subject"; validFrom: string; validUntil: string | null; label: string; id: string; version: number; classId: string; className: string; ... 17 more ...; live: boolean; }'.
src/features/school-org/member-detail.tsx(54,83): error TS2339: Property 'validTo' does not exist on type '{ schoolId: string; membershipId: string; type: "homeroom" | "subject"; validFrom: string; validUntil: string | null; label: string; id: string; version: number; classId: string; className: string; ... 17 more ...; live: boolean; }'.
src/features/school-org/member-detail.tsx(54,96): error TS2339: Property 'validTo' does not exist on type '{ schoolId: string; membershipId: string; type: "homeroom" | "subject"; validFrom: string; validUntil: string | null; label: string; id: string; version: number; classId: string; className: string; ... 17 more ...; live: boolean; }'.
src/features/school-org/member-detail.tsx(69,82): error TS7053: Element implicitly has an 'any' type because expression of type '"revoked" | "active" | "suspended" | "invited"' can't be used to index type 'Record<MembershipStatus, StatusLabel>'.
  Property 'invited' does not exist on type 'Record<MembershipStatus, StatusLabel>'.
src/features/school-org/member-detail.tsx(79,14): error TS18047: 'm.assignments' is possibly 'null'.
src/features/school-org/member-detail.tsx(87,58): error TS2345: Argument of type '{ schoolId: string; membershipId: string; type: "homeroom" | "subject"; validFrom: string; validUntil: string | null; label: string; id: string; version: number; classId: string; className: string; ... 17 more ...; live: boolean; }' is not assignable to parameter of type '{ status: AssignmentStatus; validFrom: string; validTo?: string | undefined; live?: boolean | undefined; }'.
  Property 'status' is missing in type '{ schoolId: string; membershipId: string; type: "homeroom" | "subject"; validFrom: string; validUntil: string | null; label: string; id: string; version: number; classId: string; className: string; ... 17 more ...; live: boolean; }' but required in type '{ status: AssignmentStatus; validFrom: string; validTo?: string | undefined; live?: boolean | undefined; }'.
src/features/school-org/member-detail.tsx(90,46): error TS2367: This comparison appears to be unintentional because the types '"SUBJECT" | "HOMEROOM"' and '"homeroom"' have no overlap.
src/features/school-org/member-detail.tsx(90,73): error TS2339: Property 'status' does not exist on type '{ schoolId: string; membershipId: string; type: "homeroom" | "subject"; validFrom: string; validUntil: string | null; label: string; id: string; version: number; classId: string; className: string; ... 17 more ...; live: boolean; }'.
src/features/school-org/member-detail.tsx(91,48): error TS2339: Property 'status' does not exist on type '{ schoolId: string; membershipId: string; type: "homeroom" | "subject"; validFrom: string; validUntil: string | null; label: string; id: string; version: number; classId: string; className: string; ... 17 more ...; live: boolean; }'.
src/features/school-org/member-detail.tsx(95,185): error TS2367: This comparison appears to be unintentional because the types '"SUBJECT" | "HOMEROOM"' and '"homeroom"' have no overlap.
src/features/school-org/member-detail.tsx(95,258): error TS2339: Property 'actions' does not exist on type '{ schoolId: string; membershipId: string; type: "homeroom" | "subject"; validFrom: string; validUntil: string | null; label: string; id: string; version: number; classId: string; className: string; ... 17 more ...; live: boolean; }'.
src/features/school-org/member-detail.tsx(96,100): error TS2339: Property 'validTo' does not exist on type '{ schoolId: string; membershipId: string; type: "homeroom" | "subject"; validFrom: string; validUntil: string | null; label: string; id: string; version: number; classId: string; className: string; ... 17 more ...; live: boolean; }'.
src/features/school-org/member-detail.tsx(97,106): error TS2339: Property 'reason' does not exist on type '{ schoolId: string; membershipId: string; type: "homeroom" | "subject"; validFrom: string; validUntil: string | null; label: string; id: string; version: number; classId: string; className: string; ... 17 more ...; live: boolean; }'.
src/features/school-org/member-detail.tsx(97,193): error TS2339: Property 'reason' does not exist on type '{ schoolId: string; membershipId: string; type: "homeroom" | "subject"; validFrom: string; validUntil: string | null; label: string; id: string; version: number; classId: string; className: string; ... 17 more ...; live: boolean; }'.
src/features/school-org/member-detail.tsx(97,204): error TS2339: Property 'reason' does not exist on type '{ schoolId: string; membershipId: string; type: "homeroom" | "subject"; validFrom: string; validUntil: string | null; label: string; id: string; version: number; classId: string; className: string; ... 17 more ...; live: boolean; }'.
src/features/school-org/member-detail.tsx(112,32): error TS18047: 'm.history' is possibly 'null'.
src/features/school-org/member-detail.tsx(112,104): error TS2339: Property 'entityLabel' does not exist on type '{ id: string; schoolId: string; actorId: string | null; actorName: string; action: string; entityType: string; entityId: string; at: string; reason: string | null; changes: { field: string; before: string | null; after: string | null; }[]; }'.
src/features/school-org/member-detail.tsx(130,272): error TS2339: Property 'name' does not exist on type '{ id: string | null; version: number; roleId: string | null; roleLabel: string; roleCode: string; assignmentStartsOn?: string | null | undefined; assignmentEndsOn?: string | null | undefined; ... 6 more ...; revokedAt?: string | ... 1 more ... | undefined; }'.
src/features/school-org/member-detail.tsx(163,50): error TS18047: 'm.roleTemplates' is possibly 'null'.
src/features/school-org/member-detail.tsx(163,91): error TS2339: Property 'name' does not exist on type '{ id: string; version: number; label: string; code: string; systemRole: boolean; canDelegate: boolean; delegationUntil: string | null; }'.
src/features/school-org/member-detail.tsx(171,12): error TS18047: 'm.roleTemplates' is possibly 'null'.
src/features/school-org/member-detail.tsx(172,31): error TS2339: Property 'actions' does not exist on type '{ id: string; version: number; label: string; code: string; systemRole: boolean; canDelegate: boolean; delegationUntil: string | null; }'.
src/features/school-org/member-detail.tsx(172,45): error TS7006: Parameter 'a' implicitly has an 'any' type.
src/features/school-org/member-detail.tsx(173,50): error TS2339: Property 'name' does not exist on type '{ id: string; version: number; label: string; code: string; systemRole: boolean; canDelegate: boolean; delegationUntil: string | null; }'.
src/features/school-org/member-detail.tsx(173,148): error TS2339: Property 'description' does not exist on type '{ id: string; version: number; label: string; code: string; systemRole: boolean; canDelegate: boolean; delegationUntil: string | null; }'.
src/features/school-org/permission-summary.tsx(17,16): error TS18047: 'm.assignments' is possibly 'null'.
src/features/school-org/permission-summary.tsx(18,39): error TS2367: This comparison appears to be unintentional because the types '"SUBJECT" | "HOMEROOM"' and '"homeroom"' have no overlap.
src/features/school-org/permission-summary.tsx(19,38): error TS2367: This comparison appears to be unintentional because the types '"SUBJECT" | "HOMEROOM"' and '"subject"' have no overlap.
src/features/school-org/permission-summary.tsx(24,56): error TS2339: Property 'name' does not exist on type '{ id: string | null; version: number; roleId: string | null; roleLabel: string; roleCode: string; assignmentStartsOn?: string | null | undefined; assignmentEndsOn?: string | null | undefined; ... 6 more ...; revokedAt?: string | ... 1 more ... | undefined; }'.
src/features/school-org/permission-summary.tsx(24,89): error TS2322: Type 'string[]' is not assignable to type 'ActionKey[]'.
  Type 'string' is not assignable to type 'ActionKey'.
src/features/school-org/permission-summary.tsx(26,150): error TS2339: Property 'actions' does not exist on type '{ schoolId: string; membershipId: string; type: "homeroom" | "subject"; validFrom: string; validUntil: string | null; label: string; id: string; version: number; classId: string; className: string; ... 17 more ...; live: boolean; }'.
src/features/school-org/permission-summary.tsx(27,105): error TS2339: Property 'validTo' does not exist on type '{ schoolId: string; membershipId: string; type: "homeroom" | "subject"; validFrom: string; validUntil: string | null; label: string; id: string; version: number; classId: string; className: string; ... 17 more ...; live: boolean; }'.
src/features/school-org/permission-summary.tsx(27,128): error TS2339: Property 'actions' does not exist on type '{ schoolId: string; membershipId: string; type: "homeroom" | "subject"; validFrom: string; validUntil: string | null; label: string; id: string; version: number; classId: string; className: string; ... 17 more ...; live: boolean; }'.
src/features/school-org/permission-summary.tsx(29,151): error TS2339: Property 'actions' does not exist on type '{ schoolId: string; membershipId: string; type: "homeroom" | "subject"; validFrom: string; validUntil: string | null; label: string; id: string; version: number; classId: string; className: string; ... 17 more ...; live: boolean; }'.
src/features/school-org/permission-summary.tsx(30,104): error TS2339: Property 'validTo' does not exist on type '{ schoolId: string; membershipId: string; type: "homeroom" | "subject"; validFrom: string; validUntil: string | null; label: string; id: string; version: number; classId: string; className: string; ... 17 more ...; live: boolean; }'.
src/features/school-org/permission-summary.tsx(30,127): error TS2339: Property 'actions' does not exist on type '{ schoolId: string; membershipId: string; type: "homeroom" | "subject"; validFrom: string; validUntil: string | null; label: string; id: string; version: number; classId: string; className: string; ... 17 more ...; live: boolean; }'.
src/features/school-org/roles.tsx(73,50): error TS2345: Argument of type '() => Set<string>' is not assignable to parameter of type 'Set<ActionKey> | (() => Set<ActionKey>)'.
  Type '() => Set<string>' is not assignable to type '() => Set<ActionKey>'.
    Type 'Set<string>' is not assignable to type 'Set<ActionKey>'.
      Type 'string' is not assignable to type 'ActionKey'.
src/features/school-org/roles.tsx(80,57): error TS2345: Argument of type 'string' is not assignable to parameter of type 'ActionKey'.
src/features/school-org/roles.tsx(84,119): error TS2345: Argument of type 'ActionKey[]' is not assignable to parameter of type '{ action: string; scopes: ("SCHOOL" | "CLASS" | "SUBJECT")[]; }[]'.
  Type 'string' is not assignable to type '{ action: string; scopes: ("SCHOOL" | "CLASS" | "SUBJECT")[]; }'.
    Type 'string' is not assignable to type '{ action: string; scopes: ("SCHOOL" | "CLASS" | "SUBJECT")[]; }'.
src/features/school-org/roles.tsx(110,44): error TS2345: Argument of type 'string' is not assignable to parameter of type 'ActionKey'.
src/features/school-org/roles.tsx(111,83): error TS2345: Argument of type 'string' is not assignable to parameter of type 'ActionKey'.
src/features/school-org/roles.tsx(113,93): error TS2345: Argument of type 'string' is not assignable to parameter of type 'ActionKey'.
src/features/school-org/roles.tsx(113,115): error TS2345: Argument of type 'string' is not assignable to parameter of type 'ActionKey'.
src/features/school-org/roles.tsx(129,41): error TS2322: Type 'string[]' is not assignable to type 'ActionKey[]'.
  Type 'string' is not assignable to type 'ActionKey'.
src/features/school-org/roles.tsx(133,100): error TS2345: Argument of type 'Set<string>' is not assignable to parameter of type 'SetStateAction<Set<ActionKey>>'.
  Type 'Set<string>' is not assignable to type 'Set<ActionKey>'.
    Type 'string' is not assignable to type 'ActionKey'.
src/features/school-org/roles.tsx(143,19): error TS18047: 'd.members' is possibly 'null'.
src/features/school-org/roles.tsx(144,48): error TS18047: 'd.members' is possibly 'null'.
src/features/school-org/roles.tsx(144,80): error TS2551: Property 'membershipId' does not exist on type '{ grantId: string; memberId: string; name: string; scopeType: "SCHOOL" | "CLASS" | "SUBJECT"; classId: string | null; subjectId: string | null; validFrom: string; validUntil: string | null; }'. Did you mean 'memberId'?
src/features/school-org/roles.tsx(144,125): error TS2551: Property 'membershipId' does not exist on type '{ grantId: string; memberId: string; name: string; scopeType: "SCHOOL" | "CLASS" | "SUBJECT"; classId: string | null; subjectId: string | null; validFrom: string; validUntil: string | null; }'. Did you mean 'memberId'?
src/features/school-org/roles.tsx(149,57): error TS18047: 'd.history' is possibly 'null'.
src/features/school-org/roles.tsx(149,129): error TS2339: Property 'after' does not exist on type '{ id: string; at: string; action: string; operationId: string; actorName: string; reason: string | undefined; changes: { field: string; before: string | null; after: string | null; }[]; }'.
src/features/school-org/roles.tsx(149,156): error TS2339: Property 'after' does not exist on type '{ id: string; at: string; action: string; operationId: string; actorName: string; reason: string | undefined; changes: { field: string; before: string | null; after: string | null; }[]; }'.
src/features/school-org/roles.tsx(149,173): error TS2339: Property 'before' does not exist on type '{ id: string; at: string; action: string; operationId: string; actorName: string; reason: string | undefined; changes: { field: string; before: string | null; after: string | null; }[]; }'.
src/features/school-org/roles.tsx(149,201): error TS2339: Property 'before' does not exist on type '{ id: string; at: string; action: string; operationId: string; actorName: string; reason: string | undefined; changes: { field: string; before: string | null; after: string | null; }[]; }'.
src/features/school-org/roles.tsx(154,70): error TS18047: 'd.members' is possibly 'null'.
src/features/school-org/roles.tsx(156,33): error TS2322: Type 'string[]' is not assignable to type 'ActionKey[]'.
  Type 'string' is not assignable to type 'ActionKey'.
src/features/school-org/roles.tsx(158,156): error TS2322: Type 'string[]' is not assignable to type 'ActionKey[]'.
  Type 'string' is not assignable to type 'ActionKey'.
src/features/school-org/teachers.tsx(62,27): error TS2345: Argument of type '{ id: string; version: number; membershipId: string | null; userId: string | null; fullName: string; displayName: string; email: string | null; department: string | null; staffCode: string | null; ... 7 more ...; avatarTone: string; } | null' is not assignable to parameter of type 'SetStateAction<TeacherRow | null>'.
  Type '{ id: string; version: number; membershipId: string | null; userId: string | null; fullName: string; displayName: string; email: string | null; department: string | null; staffCode: string | null; ... 7 more ...; avatarTone: string; }' is not assignable to type 'SetStateAction<TeacherRow | null>'.
    Type '{ id: string; version: number; membershipId: string | null; userId: string | null; fullName: string; displayName: string; email: string | null; department: string | null; staffCode: string | null; ... 7 more ...; avatarTone: string; }' is not assignable to type 'TeacherRow'.
      Types of property 'membershipId' are incompatible.
        Type 'string | null' is not assignable to type 'string'.
          Type 'null' is not assignable to type 'string'.
src/features/school-org/teachers.tsx(77,258): error TS2538: Type 'null' cannot be used as an index type.
src/features/school-org/teachers.tsx(87,137): error TS2345: Argument of type 'TeacherRow' is not assignable to parameter of type '{ id: string; version: number; membershipId: string | null; userId: string | null; fullName: string; displayName: string; email: string | null; department: string | null; staffCode: string | null; ... 7 more ...; avatarTone: string; }'.
  Type 'TeacherRow' is missing the following properties from type '{ id: string; version: number; membershipId: string | null; userId: string | null; fullName: string; displayName: string; email: string | null; department: string | null; staffCode: string | null; ... 7 more ...; avatarTone: string; }': version, accessActive, expiresAt
src/features/school-org/teachers.tsx(149,60): error TS2322: Type '{ id: string; version: number; membershipId: string | null; userId: string | null; fullName: string; displayName: string; email: string | null; department: string | null; staffCode: string | null; ... 7 more ...; avatarTone: string; }[]' is not assignable to type 'TeacherRow[]'.
  Type '{ id: string; version: number; membershipId: string | null; userId: string | null; fullName: string; displayName: string; email: string | null; department: string | null; staffCode: string | null; ... 7 more ...; avatarTone: string; }' is not assignable to type 'TeacherRow'.
    Types of property 'membershipId' are incompatible.
      Type 'string | null' is not assignable to type 'string'.
        Type 'null' is not assignable to type 'string'.
src/features/school-org/teachers.tsx(210,26): error TS18047: 'm.assignments' is possibly 'null'.
src/features/school-org/teachers.tsx(210,64): error TS2367: This comparison appears to be unintentional because the types '"SUBJECT" | "HOMEROOM"' and '"homeroom"' have no overlap.
src/features/school-org/teachers.tsx(248,34): error TS18047: 'm.history' is possibly 'null'.
src/features/school-org/teachers.tsx(248,118): error TS2339: Property 'entityLabel' does not exist on type '{ id: string; schoolId: string; actorId: string | null; actorName: string; action: string; entityType: string; entityId: string; at: string; reason: string | null; changes: { field: string; before: string | null; after: string | null; }[]; }'.
src/features/school-org/teachers.tsx(249,18): error TS18047: 'm.history' is possibly 'null'.
src/features/school-org/teachers.tsx(275,45): error TS2339: Property 'existingUserId' does not exist on type '{ id: string; schoolId: string; version: number; email: string; fullName: string; proposedDuty: string; roleTemplateIds: string[]; createdAt: string; expiresAt: string; status: string; inviterName: string | undefined; deliveryState: "QUEUED" | ... 3 more ... | undefined; }'.
