
 RUN  v3.2.7 D:/Edu

 ✓ tests/unit/api-client.test.ts (11 tests) 50ms
 ✓ tests/unit/api-support-adapter.test.ts (5 tests) 40ms
 ✓ tests/unit/api-session.test.ts (9 tests) 57ms
 ✓ tests/unit/api-query-boundary.test.ts (5 tests) 43ms
 ✓ tests/unit/api-platform-adapter.test.ts (13 tests) 56ms
 ✓ tests/unit/api-rollover-adapter.test.ts (8 tests) 65ms
 ✓ tests/unit/api-school-adapter.test.ts (22 tests) 67ms
 ✓ tests/unit/api-students-adapter.test.ts (11 tests) 62ms
stdout | tests/unit/seed.test.ts > demo seed invariants > prints sizes
{
  students: 155,
  att: 3732,
  conduct: 265,
  lessons: 120,
  bytes: 1430325
}

 ✓ tests/unit/seed.test.ts (7 tests) 73ms
 ✓ tests/unit/api-guardians-adapter.test.ts (17 tests) 72ms
 ✓ tests/unit/api-assignment-adapter.test.ts (8 tests) 67ms
 ✓ tests/unit/api-staff-adapter.test.ts (9 tests) 72ms
 ❯ tests/unit/api-handover-adapter.test.ts (8 tests | 1 failed) 89ms
   ✓ durable native handover adapters > creates and approves reviewed sources with explicit stable stage keys, reporting only the actual applied assignment 39ms
   ✓ durable native handover adapters > recovers a submitted receipt after lost creation acknowledgement without creating another row 14ms
   ✓ durable native handover adapters > recovers an applied durable receipt after lost approval acknowledgement and sends no additional commands 2ms
   ✓ durable native handover adapters > reviews an existing pending row only with newly supplied reviewed hash/versions and uses the acknowledged review version 2ms
   × durable native handover adapters > does not fabricate a success from a foreign receipt, stale approval or missing applied assignment 16ms
     → expected RepoError: Biên nhận chưa xác minh được p… { …(3) } to match object { code: 'NETWORK' }
(3 matching properties omitted from actual)
   ✓ durable native handover adapters > retains chosen preview dates, real null current teacher and actual open counts without demo-clock substitution 6ms
   ✓ durable native handover adapters > keeps approval field errors on the existing form fields without reporting success 2ms
   ✓ durable native handover adapters > rejects missing source versions and old render ownership before network work, and stops after mid-flow revocation 5ms
 ✓ tests/unit/api-staff-activation.test.ts (8 tests) 80ms
 ✓ tests/unit/api-role-adapter.test.ts (5 tests) 50ms
 ✓ tests/unit/api-staff-directory.test.ts (6 tests) 46ms
 ✓ tests/unit/api-auth-adapter.test.ts (7 tests) 68ms
 ✓ tests/unit/api-context.test.ts (1 test) 7ms
 ✓ tests/unit/api-scope-guard.test.ts (5 tests) 11ms
 ✓ tests/unit/api-lists-fragments.test.ts (10 tests) 81ms
 ✓ tests/unit/api-member-details.test.ts (5 tests) 24ms
 ✓ tests/unit/api-session-adapter.test.ts (2 tests) 44ms
 ✓ tests/unit/api-school-read-capability.test.ts (1 test) 4ms
 ✓ tests/unit/permissions.test.ts (9 tests) 7ms
 ✓ tests/unit/api-parent-credential.test.ts (3 tests) 9ms
 ✓ tests/unit/api-native-facade.test.ts (3 tests) 3187ms
   ✓ connected root boundary > has no runtime route dependency on fixtures, IndexedDB, legacy repositories or demo sessions  3174ms
 ✓ tests/unit/flows.test.ts (25 tests) 8408ms
   ✓ NV-03 / Q17 — revoking an assignment blocks the next read/write > revoked homeroom cannot lock or record morning attendance  490ms
   ✓ F03 / F04 / F05 — record → review → lock ≠ publish → adjust > parent sees 97 only after publish, then 102 after an approved + published adjustment  2012ms
   ✓ F07 / Q21 — attendance-linked conduct is never double counted > late in attendance creates one record; manual late is refused; re-save does not duplicate  509ms
   ✓ F07 / Q21 — attendance-linked conduct is never double counted > Q20 — unmarked is never counted as present and blocks publishing  352ms
   ✓ F12 / NV-14 / Q40 — network error and conflicts > simulated network error saves nothing and a retry succeeds once  473ms
   ✓ F12 / NV-14 / Q40 — network error and conflicts > stale version is rejected instead of overwriting  315ms
   ✓ F09 / Q36 — import with errors never duplicates or overwrites > previews row errors, commits valid rows, re-import skips  356ms
   ✓ F04 — school B policy: only school leaders publish > homeroom at B can lock but not publish; principal publishes  634ms
   ✓ SC07 / NV-13 — new school year rollover > creates a year, enrols chosen students into new classes, leaves the old year untouched  719ms
   ✓ F11 / Q35 — lesson change with effective date and conflict detection > detects a teacher already teaching another class; publishing is blocked; past dates refused  484ms

⎯⎯⎯⎯⎯⎯⎯ Failed Tests 1 ⎯⎯⎯⎯⎯⎯⎯

 FAIL  tests/unit/api-handover-adapter.test.ts > durable native handover adapters > does not fabricate a success from a foreign receipt, stale approval or missing applied assignment
AssertionError: expected RepoError: Biên nhận chưa xác minh được p… { …(3) } to match object { code: 'NETWORK' }
(3 matching properties omitted from actual)

- Expected
+ Received

- {
-   "code": "NETWORK",
+ RepoError {
+   "code": "READ_ERROR",
  }

 ❯ tests/unit/api-handover-adapter.test.ts:36:248


⎯⎯⎯⎯⎯⎯⎯⎯⎯⎯⎯⎯⎯⎯⎯⎯⎯⎯⎯⎯⎯⎯⎯⎯[1/1]⎯


 Test Files  1 failed | 26 passed (27)
      Tests  1 failed | 222 passed (223)
   Start at  10:46:42
   Duration  10.99s (transform 6.70s, setup 1.55s, collect 13.05s, tests 12.84s, environment 7ms, prepare 4.41s)
