 Container edumanage_backend_test-postgres-1 Running
 Container edumanage_backend_test-postgres-1 Waiting
 Container edumanage_backend_test-postgres-1 Healthy
 Container edumanage_backend_test-runner-run-9ed64cda51ec Creating
 Container edumanage_backend_test-runner-run-9ed64cda51ec Created
✖ B5 all 264 supplied operations and explicit frontend workflow extensions have registered real handlers (449.337614ms)
✔ BE01 migration replay is a no-op, mismatch fails and metadata remains intact (72.518887ms)
✔ BE02 cross-school enrollment FK rejects write using the real runtime role (12.490173ms)
✔ BE03 no-tenant denies and SET LOCAL cannot leak across a reused connection (5.0108ms)
✔ BE04 bootstrap only exposes the authenticated user memberships without tenant (8.820226ms)
✔ BE05 HOMEROOM A plus SUBJECT B cannot authorize seating or guardians in B (2890.433633ms)
✔ BE06 revoked membership is checked during an existing session and B stays independent (59.470885ms)
✔ B6 self context carries only own current duties and separates self-profile from school contacts (5718.238031ms)
✔ BE08 CSRF, credential validation, cookie flags, session rotation and rate limiting (125.688582ms)
✔ BE10 concurrent profile patches serialize with a single version winner (61.362721ms)
✔ B6 password/session commands use actual cookies, reject bad passwords and revoke every session after change (389.650859ms)
{"checkpoint":"parent-without-context","queryMs":6.915,"planExecutionMs":0.017,"planRows":0}
✔ BE21 parent runtime role cannot select raw student rows (17.156215ms)
✔ B0 health ready checks actual migrations, database and private storage (28.45098ms)
✔ B2 class lists use SQL scope and cross-school details deny before serialization (303.516171ms)
✔ BE09 idempotent organization create/retry/concurrency performs one write (95.987838ms)
✔ B2 required idempotency, class capacity/reference validation and version conflicts (189.727436ms)
✔ B2 signed cursor rejects scope/filter modification and delivers distinct pages (3421.540581ms)
✔ B2 subject student projection omits family/internal notes and denies guardians (384.508044ms)
✔ B2 guardian create does not merge matching phone, relationships start unverified (141.937744ms)
✔ BE07 existing identity invitation requires its session and preserves password/other school (2478.866916ms)
✔ B1 password reset token is encrypted, single-use and revokes all prior sessions (167.752723ms)
✔ B2 staff delegation stays within the ceiling, custom class scope and immediate revocation (1373.547179ms)
✔ B2 transfers serialize capacity, handover removes the old teacher and rollover binds its preview (2757.921728ms)
✔ B2 scoped guardian creation cannot acquire an unrelated family through relationship IDs (516.875904ms)
✔ B2/B5 uploads remain private until worker processing, leases serialize and local mail erases encrypted secrets (95027.925478ms)
✔ B2 imports parse real CSV, bind stale previews, avoid name/phone merges and retain invalid rows safely (5985.555059ms)
✔ B2/B5 timetable import checks assignments and overlapping slots, creates only a draft and deduplicates retries (3167.144766ms)
✔ B2 imports update only verified codes, create class drafts and staff invitations with work profiles (8217.028527ms)
✔ B2 large import resumes after a lost chunk without duplicating applied rows and checks current school authority (6026.765897ms)
✔ B3 attendance starts unmarked, versions every source change and publishes immutable one-student projections (562.403001ms)
✔ B3 subject attendance requires its actual lesson and cannot borrow daily access from another class (549.363953ms)
✔ B3 a simultaneous attendance edit and publish has one winner and never publishes a mixed source version (182.980803ms)
✔ B3 rule sets require explicit points, immutable issuance and effective week application (434.009152ms)
✔ B3 conduct reviews preserve facts, lock READY projections and publish only the exact pinned source (897.535031ms)
✔ B3 conduct linked attendance detects stale sources and subject teachers see only their own lesson facts (985.046825ms)
✔ B3 approved adjustments retain old facts and atomically replace the current publication with a reviewed preview (525.865995ms)
✔ B3 a simultaneous conduct record and lock/publish has one source winner (263.982208ms)
✔ B3 attendance linkage deduplicates, excludes corrected drafts and leaves locked scores unchanged with explicit warnings (468.0291ms)
✔ B4 private parent links expose only published child projections, preserve staff cookies and bind the active tab context (974.593436ms)
✔ B4 section/download rights, reissue, relationship revocation and foreign UUIDs are checked on each new parent request (580.944665ms)
✔ B4 private documents stream only with both download rights, and teacher contact projections use shared work fields (704.589846ms)
✔ B4 expired links, suspended schools, CSRF and exchange throttles deny without creating a parent identity (475.436433ms)
✔ B1 delegated grants and invitation acceptance stay inside the current expiry ceiling; backdated assignments require a reason (320.573702ms)
✔ B2 shrinking class capacity checks planned future occupancy peaks, rather than only today (123.295894ms)
✔ B5 dated groups retain moves and same-day cancellations, require current class versions and end group-leader duties (641.682145ms)
✔ B5 position holders serialize and remain valid conduct sources; locked source history cannot be shortened (518.303641ms)
✔ B5 seating validates effective enrollment and unique seats, preserves dated revisions and denies subject-only reads (697.202633ms)
✔ B2/B5 a transfer closes dated groups/positions and retains cancelled future plans atomically (421.562997ms)
✔ B5 timetable materializes bounded future lessons, publishes child-only projections and preserves past/source history (791.89834ms)
✔ B5 timetable rejects teacher/room collisions and revoked assignments, skips holidays and revalidates source versions (1021.459398ms)
✔ B5 duties publish only individual tasks, reject foreign enrollment and retain immutable publication/withdraw history (457.948347ms)
✔ B5 group duties expand the effective group at publication and retain the individual targets after later moves (666.440531ms)
✔ B5 activities count only explicit participants, preserve published states and require current source/review authority (926.215764ms)
✔ B5 approved activity results are explicit conduct sources and locked approved facts protect their source history (417.778293ms)
✔ B5 evidence stays private until review and publication; parent documents remain child-bound and filter file availability (11911.689381ms)
✔ B5 class announcements retain immutable publication across edits, bind one recipient and reject foreign class reads (2336.577901ms)
✔ B5 public school announcements sanitize content and keep draft/private replacements out of the public projection (2404.941997ms)
✔ B5 scheduled announcements wait for their due time, publish once through a worker and safely replay after an acknowledgement loss (1315.497463ms)
✔ B5 scheduled publication rechecks the creator grant and reports a failed queue without exposing a parent snapshot (1450.779037ms)
✔ B5 announcement attachments remain private to one child, obey link download rights and disappear when archived or withdrawn (1424.201794ms)
✔ B5 school settings persist with version guards, affect only new link expiry and suppress work contacts without changing old link permissions (940.466742ms)
✔ B5 disabling homeroom publication takes effect inside existing sessions and restores only after an explicit setting change (809.469384ms)
✔ B3 configured second approval rejects self approval in API and SQL, while a different scoped approver permits atomic adjustment (615.013696ms)
✔ B5 personal notifications paginate across actual memberships, deduplicate publication events and deny foreign recipients and cross-user cursors (1192.990332ms)
✔ B5 withdrawn announcements redact retained staff notifications instead of exposing a stale published target (22719.225543ms)
✔ B5 dashboards count real scoped rows, keep homeroom and subject tasks separate and immediately recheck revocation (4056.096788ms)
✔ B5 teacher schedule is own dated teaching and announcement feed reads only current publications across draft edits (2620.950707ms)
✔ B5 dashboard attendance counters and publication tasks follow persisted marks, publish/withdraw and current school policy (1126.399291ms)
✔ B2 platform creates only metadata drafts, bootstraps admin roles/invitations and requires an active administrator for activation (2628.776831ms)
✔ B5 platform settings and operation records persist actual state, redact artifacts and reauthorize command replays (4067.63774ms)
✔ B1 platform admin invitations obey operator expiry ceilings and acceptance rolls back after authority expires (343.76426ms)
✔ B5 support tickets persist both sides, preserve queue states and exact timestamp pagination, and deny other schools (844.021679ms)
✔ B1 support requests require independent current school consent, retain immutable scope and bind tickets/classes/actions/time (684.982327ms)
✔ B1 explicitly selected support grants authorize only scoped metadata GETs, audit the actual operator and force read-only SQL (768.318101ms)
✔ B1 school-wide support metadata never exposes import rows/downloads and expires without fallback to operator privileges (3630.795185ms)
✔ B1 an operator who also has school-admin rights still cannot self-approve or combine selected support scope with ordinary rights (199.831454ms)
✔ B5 signed native keysets cross a nullable sort boundary without dropping or repeating persisted schools (11951.022946ms)
✔ B5 report SQL uses real scoped counts and immutable CSV export content while live attendance changes (786.834901ms)
✔ B5 published report exports pin revisions across replacement and withdrawal without exposing drafts (847.853794ms)
✔ B5 export XLSX/PDF are actual files with literal formula text, Vietnamese font and private download authorization (1002.830778ms)
✔ B5 subject reports remain own lesson attendance and scoped activities without school/family/conduct/export access (2896.128465ms)
✔ B5 export workers and all file paths reauthorize revocation, expiry and cancellation, and replay completed work safely (956.407571ms)
✔ B5 conduct/activity/progress/link reports use actual pinned scores, explicit participant denominators and anonymous link use (953.41287ms)
✔ B6 organization display fields persist with versions and tenant-safe references instead of being silently ignored (388.322556ms)
✔ B6 year wizard creates bounded terms, weeks, published holidays and independent draft rules atomically and idempotently (604.074149ms)
✔ B6 class form assigns homeroom atomically, denies foreign/backdated inputs, requires handover and preserves archived history (895.918852ms)
✔ B6 organization projections scope counts in SQL and a year-only grant cannot copy or publish rules (5622.018083ms)
✔ B6 purpose-bound form pickers use current write authority, exclude contacts/roles/counts and deny normal directory access (407.53543ms)
✔ B6 rollover preview uses exact end-year enrollment, minimal workflow authority and immediate revocation (578.910711ms)
✔ B6 platform school wizard creates its optional admin invitation atomically and redacts form metadata (7870.982876ms)
✔ B6 platform school form readers never lend admin or read authority to a create-only operator (183.724984ms)
✔ B6 school overview keeps current scoped totals, actual setup and publication metadata without lending school-wide reads (2602.981145ms)
✔ B6 support choices/counts are scoped SQL metadata, ticket message/status save atomically and an operator only relinquishes its own grant (357.294836ms)
✔ B6 platform audit filters exact actors and whole local date boundaries before pagination and denies school-only staff (114.281201ms)
✔ B6 school support metadata does not borrow consent authority, counts in SQL and rechecks permission before replay (443.287799ms)
✔ B6 school audit uses the school timezone and exact SQL filters with tenant-safe history options (254.11127ms)
✔ B6 operational probes use worker-only cycle evidence, actual backup records and purpose-bound aggregate authority (2468.816551ms)
✔ B6 atomic school-role replacement retains expiry/class scopes, detects independent grants and rolls back all failures (475.401566ms)
✔ B6 school-role replacement prevents self edits, last-admin removal, ceiling/expiry breaches and unauthorized cached replay (374.541451ms)
✔ B6 ending a membership revokes all current/future grants and assignments without deleting history or other schools (499.507875ms)
✔ B6 native school invitations persist all roles/profile, replay once and accept multiple or zero grants atomically (352.14739ms)
✔ B6 zero-role invitation still rechecks current inviter membership and mail authority before acceptance (202.046383ms)
✔ B6 expired staff invitations cannot be revoked as pending or delivered, and preserve their history (176.237459ms)
✔ B6 staff directory combines authorized pending invitations in SQL, searches folded work data and counts before keysets (587.22791ms)
✔ B6 directory read does not lend invitation, role catalog, assignment or export authority and revocation invalidates opaque scope cursors (420.907004ms)
✔ B6 Vietnamese composite keysets preserve given/full-name order, case/diacritic ties and nullable departments in both directions (618.360903ms)
✔ B6 locked identities keep their directory lifecycle but have no effective grants, and active KPI does not fabricate access (272.839367ms)
✔ B6 member details return real coarse other-school counts and work contacts without opening another tenant (358.6307ms)
✔ B6 member aggregate checks current school authority, target membership and SQL role before returning any count (313.007083ms)
✔ B6 member effective permissions and assignment history follow native grant time, membership, identity and assignment dates (1354.5581ms)
✔ B6 member role choices respect action-specific delegation expiry without borrowing a role catalog (1402.837598ms)
✔ B6 member history filters member, assignment and grant events before counting/keysets, with independent audit authority (1280.520044ms)
✔ B6 personal notifications traverse more than 100 real own memberships without truncating global totals or opaque pages (34793.333552ms)
✔ B6 assignment preview is read-only, uses school-local instants and preserves displayed source versions before saving (587.219856ms)
✔ B6 assignment preview compares exact subject scopes, rejects overlapping windows and rechecks expired delegation on repeated POST (756.008167ms)
✔ B6 assignment preview detects source member changes, rejects malformed/foreign proposals and advertises future/configured publication timing (400.027572ms)
✔ B6 assignment matrix returns actual nullable cells and minimal work names under independent assignment-read authority (482.076134ms)
✔ B6 assignment matrix keeps an unconfigured year explicit and archived display reference separate from authority (298.501594ms)
✔ B6 role metadata keeps native scopes and real counts without lending member/audit access or treating custom class grants as assignments (466.885992ms)
✔ B6 role details show only independently authorized holders/history and save scoped deltas with a displayed version (5978.1354ms)
✔ B6 future held roles and immutable system templates cannot be edited by their holder (312.944272ms)
✔ B6 editing live roles cannot expand permissions beyond the current editor expiry ceiling (309.094641ms)
✔ B6 handover preview reads real current source/counts under purpose authority without member, family or role catalog access (445.105615ms)
✔ B6 handover applies exactly once with school-local cutoffs, durable receipts, own-actor recovery and preserved source authorship (1256.75545ms)
✔ B6 changed handover sources fail before submission or application and require an explicit review of the same pending receipt (4379.687467ms)
✔ B6 open-item changes invalidate handover review and linked source grants are never extended at the cutoff (1744.297254ms)
✔ B6 handover receipts remain actor/school bound, recheck delegation and deny immutable-source replacement (876.394901ms)
✔ B6 student creation allocates actual codes and atomically retains enrollment, gender and a separate unverified guardian (244.86979ms)
✔ B6 student form failures roll back every row and optional contacts require independent current authority on replay (432.301083ms)
✔ B6 student edits retain displayed versions and never replay internal notes after private profile authority is revoked (345.516156ms)
✔ B6 student unknown historic gender remains null and invalid gender/guardian state cannot be fabricated (164.099521ms)
✔ B6 real CSV gender mapping normalizes supported values, preserves unmapped sources and retains invalid rows (4019.085121ms)
✔ B6 native student directory applies Vietnamese keysets, exact SQL filters and minimal selected identifiers (537.076241ms)
✔ B6 native student projections separate school roster authority from family, note and link authority in the same session (481.1481ms)
✔ B6 archived student history uses an explicit included date and stored group, position and teacher sources (348.341592ms)
✔ B6 subject pupil projection remains minimal and class history cannot retain family access after enrollment ends (481.650249ms)
✔ B6 pupil link metadata reflects real events, bounded recent history and revocation without returning reusable secrets (382.671867ms)
✔ B6 an unconfigured school directory returns actual null year context without fabricated class or student data (213.200146ms)
✔ B6 verified family counters remain verified when receiving permission is explicitly disabled (248.338323ms)
✔ B6 atomic guardian save creates unverified contacts, replays one receipt and prevents duplicate new commands (338.95061ms)
✔ B6 atomic guardian save serializes competing displayed student versions (211.901319ms)
✔ B6 guardian form grants class family authority without student read or unscoped sibling data (484.294843ms)
✔ B6 atomic guardian edits preserve verified receiving choices and reject stale contact versions without partial priority changes (382.351418ms)
✔ B6 guardian save detects independently changed primary references and preserves every row on failure (458.128798ms)
✔ B6 guardian save rejects masked phones, foreign pairings and mutation of archived contacts (515.012753ms)
✔ B6 guardian form and cached saves recheck enrollment end and grant expiry in the same session (709.319936ms)
✔ B6 atomic guardian save rolls back contacts, relationships, primary changes, audit and receipt after a real SQL fault (386.56146ms)
✔ B6 school guardian directory uses SQL folded search, literal wildcards, signed keysets and independent link counters (547.146901ms)
✔ B6 class guardian reads exclude all unscoped sibling relationships and immediately lose access after enrollment or grant ends (570.354332ms)
✔ B6 shared guardian contact edits require management of every affected class and current read authority even for a replay (741.257322ms)
✔ B6 guardian profile exposes real verification and revocation metadata but removes link and audit panels when their separate rights end (539.062643ms)
✔ B6 partial student write acknowledgements redact unsubmitted protected fields including stored old receipts (303.978134ms)
✔ B6 bounded school class overview preserves query results, local JIT preference and the five-second runtime timeout (223.235606ms)
✔ B6 native invitation choices require current invitation authority, preserve delegation ceilings and never borrow a role catalog (469.799618ms)
✔ B6 native staff activity is SQL-bounded to staff targets, rechecks audit authority and keeps foreign and family records out (341.556242ms)
ℹ tests 155
ℹ suites 0
ℹ pass 154
ℹ fail 1
ℹ cancelled 0
ℹ skipped 0
ℹ todo 0
ℹ duration_ms 342720.119132

✖ failing tests:

test at tests/integration/foundation.test.mjs:99:1
✖ B5 all 264 supplied operations and explicit frontend workflow extensions have registered real handlers (449.337614ms)
  AssertionError [ERR_ASSERTION]: Expected values to be strictly equal:

  301 !== 299

      at TestContext.<anonymous> (file:///srv/api/tests/integration/foundation.test.mjs:100:10)
      at Test.runInAsyncScope (node:async_hooks:227:14)
      at Test.run (node:internal/test_runner/test:1402:25)
      at process.processTicksAndRejections (node:internal/process/task_queues:104:5)
      at async startSubtestAfterBootstrap (node:internal/test_runner/harness:387:3) {
    generatedMessage: true,
    code: 'ERR_ASSERTION',
    actual: 301,
    expected: 299,
    operator: 'strictEqual',
    diff: 'simple'
  }
