
 RUN  v3.2.7 D:/Edu

 ✓ tests/unit/api-lists-fragments.test.ts (10 tests) 43ms
 ✓ tests/unit/api-support-adapter.test.ts (5 tests) 43ms
 ✓ tests/unit/api-session.test.ts (9 tests) 64ms
 ✓ tests/unit/api-auth-adapter.test.ts (7 tests) 56ms
 ✓ tests/unit/api-school-adapter.test.ts (16 tests) 59ms
 ✓ tests/unit/api-platform-adapter.test.ts (13 tests) 55ms
 ✓ tests/unit/api-rollover-adapter.test.ts (8 tests) 69ms
 ✓ tests/unit/api-students-adapter.test.ts (11 tests) 52ms
 ✓ tests/unit/api-guardians-adapter.test.ts (17 tests) 59ms
stdout | tests/unit/seed.test.ts > demo seed invariants > prints sizes
{
  students: 155,
  att: 3732,
  conduct: 265,
  lessons: 120,
  bytes: 1430325
}

 ✓ tests/unit/api-assignment-adapter.test.ts (8 tests) 48ms
 ✓ tests/unit/api-handover-adapter.test.ts (8 tests) 51ms
 ✓ tests/unit/api-staff-adapter.test.ts (9 tests) 50ms
 ✓ tests/unit/seed.test.ts (7 tests) 72ms
 ✓ tests/unit/api-scope-guard.test.ts (5 tests) 9ms
 ✓ tests/unit/api-session-adapter.test.ts (2 tests) 31ms
 ✓ tests/unit/api-staff-directory.test.ts (6 tests) 36ms
 ✓ tests/unit/api-role-adapter.test.ts (5 tests) 38ms
 ✓ tests/unit/api-client.test.ts (11 tests) 61ms
 ✓ tests/unit/api-member-details.test.ts (5 tests) 26ms
 ✓ tests/unit/api-parent-credential.test.ts (3 tests) 9ms
 ✓ tests/unit/api-context.test.ts (1 test) 7ms
 ✓ tests/unit/api-query-boundary.test.ts (5 tests) 53ms
 ✓ tests/unit/permissions.test.ts (9 tests) 8ms
 ✓ tests/unit/api-native-facade.test.ts (3 tests) 2823ms
   ✓ connected root boundary > has no runtime route dependency on fixtures, IndexedDB, legacy repositories or demo sessions  2811ms
 ✓ tests/unit/flows.test.ts (25 tests) 8322ms
   ✓ NV-03 / Q17 — revoking an assignment blocks the next read/write > revoked homeroom cannot lock or record morning attendance  466ms
   ✓ F03 / F04 / F05 — record → review → lock ≠ publish → adjust > parent sees 97 only after publish, then 102 after an approved + published adjustment  2019ms
   ✓ F07 / Q21 — attendance-linked conduct is never double counted > late in attendance creates one record; manual late is refused; re-save does not duplicate  550ms
   ✓ F07 / Q21 — attendance-linked conduct is never double counted > Q20 — unmarked is never counted as present and blocks publishing  361ms
   ✓ F12 / NV-14 / Q40 — network error and conflicts > simulated network error saves nothing and a retry succeeds once  476ms
   ✓ F12 / NV-14 / Q40 — network error and conflicts > stale version is rejected instead of overwriting  317ms
   ✓ F09 / Q36 — import with errors never duplicates or overwrites > previews row errors, commits valid rows, re-import skips  364ms
   ✓ F04 — school B policy: only school leaders publish > homeroom at B can lock but not publish; principal publishes  612ms
   ✓ SC07 / NV-13 — new school year rollover > creates a year, enrols chosen students into new classes, leaves the old year untouched  664ms
   ✓ F11 / Q35 — lesson change with effective date and conflict detection > detects a teacher already teaching another class; publishing is blocked; past dates refused  475ms

 Test Files  25 passed (25)
      Tests  208 passed (208)
   Start at  09:25:00
   Duration  10.56s (transform 4.15s, setup 1.32s, collect 10.53s, tests 12.14s, environment 6ms, prepare 3.66s)
