✔ all operation IDs are unique, including the explicit frontend workflow extensions (1.073ms)
✔ atomic school roles require a displayed version and unique explicit role IDs without actor authority (7.8662ms)
✔ school invite retains zero or multiple roles and the 1–30 day form without widening platform admin invitations (4.6118ms)
✔ login rejects spoofed role, school and unknown fields (1.1161ms)
✔ private user DTO rejects secrets and unknown properties (3.7675ms)
✔ platform first administrator supports server start time and rejects scope spoofing or excessive invitation lifetime (0.3431ms)
✔ school overview accepts explicit unavailable panels and rejects private directory fields (22.3446ms)
✔ directory represents invitations without fake memberships and keeps unavailable invitation KPI explicit (6.6579ms)
✔ member profile separates denied panels and exact native authority without exposing other school metadata (15.3255ms)
✔ atomic guardian save requires displayed student and primary versions without verification or actor fields (9.2306ms)
✔ assignment preview is a CSRF-protected read-only POST and preserves explicit source versions without actor authority (1.8015ms)
✔ assignment matrix represents a real unconfigured year and empty cells without borrowing profiles, rosters or permissions (12.8033ms)
✔ role details retain exact native scopes and denied panels without exposing staff contacts or a fabricated editable system role (12.0518ms)
✔ handover receipts retain unknown legacy metadata and strict reviewed source fields without exposing the internal state (8.9158ms)
✔ student forms persist nullable gender and an atomic unverified guardian without accepting actor or result state (24.5092ms)
✔ student read models distinguish denied and unknown values and exclude reusable parent tokens (32.8829ms)
✔ guardian projections exclude student private profiles and audit snapshots and require explicit denied panels (19.9692ms)
✔ announcement HTML retains paragraph/list formatting while dropping executable markup, URLs and tracking resources (4.662ms)
✔ operation evidence validates metadata values and omits secret-like values and unknown fields (1.4624ms)
✔ grant action and class scope stay together (0.7876ms)
✔ subject grants never authorize management without explicit subject policy (0.142ms)
✔ end dates are exclusive and assignment is mandatory for default teacher grants (0.1194ms)
✔ a custom class grant authorizes only its delegated action and class (0.134ms)
✔ a delegated grant cannot outlive an expiring authority, including an unbounded target or future start (0.1674ms)
✔ decimal scoring preserves fractional sums, negative penalties, explicit base, clamps and threshold boundaries (2.6461ms)
✔ fixed deltas reject overrides and manual deltas require bounds (0.3139ms)
✔ XLSX parser bounds sparse dimensions and rejects formulas before workbook allocation (88.6683ms)
ℹ tests 27
ℹ suites 0
ℹ pass 27
ℹ fail 0
ℹ cancelled 0
ℹ skipped 0
ℹ todo 0
ℹ duration_ms 423.0101
