
Running 6 tests using 1 worker

(node:35420) Warning: The 'NO_COLOR' env is ignored due to the 'FORCE_COLOR' env being set.
(Use `node --trace-warnings ...` to show where the warning was created)
  ok 1 tests\native-ui-contract\auth-contract.spec.ts:34:7 › Native browser contract with intercepted API responses — PostgreSQL E2E remains separate › ignores a persisted demo persona and requires actual API authentication (658ms)
  ok 2 tests\native-ui-contract\auth-contract.spec.ts:41:7 › Native browser contract with intercepted API responses — PostgreSQL E2E remains separate › keeps a failed login form and retries the same intent before navigating on acknowledgement (715ms)
  ok 3 tests\native-ui-contract\auth-contract.spec.ts:58:7 › Native browser contract with intercepted API responses — PostgreSQL E2E remains separate › accepts a new invitation only after a matching ACK and preserves the result after cache invalidation (837ms)
  ok 4 tests\native-ui-contract\auth-contract.spec.ts:79:7 › Native browser contract with intercepted API responses — PostgreSQL E2E remains separate › requires the invited existing identity and does not offer a password replacement (490ms)
  x  5 tests\native-ui-contract\auth-contract.spec.ts:85:7 › Native browser contract with intercepted API responses — PostgreSQL E2E remains separate › keeps a reset draft after an invalid ACK and shows completion after authentication changes (10.6s)
Testing stopped early after 1 maximum allowed failures.


  1) tests\native-ui-contract\auth-contract.spec.ts:85:7 › Native browser contract with intercepted API responses — PostgreSQL E2E remains separate › keeps a reset draft after an invalid ACK and shows completion after authentication changes

    Error: expect(locator).toBeVisible() failed

    Locator: getByText('Chưa xác minh được kết quả từ máy chủ. Hãy giữ nội dung để thử lại.', { exact: true }).first()
    Expected: visible
    Timeout: 10000ms
    Error: element(s) not found

    Call log:
      - Expect "toBeVisible" getByText('Chưa xác minh được kết quả từ máy chủ. Hãy giữ nội dung để thử lại.', { exact: true }).first() with timeout 10000ms
      - waiting for getByText('Chưa xác minh được kết quả từ máy chủ. Hãy giữ nội dung để thử lại.', { exact: true }).first()


      88 |     });
      89 |     await page.goto('/reset-password#token=synthetic-reset-fragment');await page.getByLabel(/^Mật khẩu mới/).fill(password);await page.getByLabel(/^Nhập lại mật khẩu mới/).fill(password);await page.getByRole('button',{name:'Đặt lại mật khẩu',exact:true}).click();
    > 90 |     await expect(page.getByText('Chưa xác minh được kết quả từ máy chủ. Hãy giữ nội dung để thử lại.',{exact:true}).first()).toBeVisible();await expect(page.getByLabel(/^Mật khẩu mới/)).toHaveValue(password);
         |                                                                                                                              ^
      91 |     await page.getByRole('button',{name:'Đặt lại mật khẩu',exact:true}).click();await expect(page.getByText('Đã đặt lại mật khẩu',{exact:true})).toBeVisible();expect(keys).toHaveLength(2);expect(keys[0]).toBe(keys[1]);expect(new URL(page.url()).hash).toBe('');await noPersistence(page);
      92 |     await page.setViewportSize({width:390,height:844});await page.screenshot({path:'qa/backend/b6-native-activation-reset-mobile.png',fullPage:true});
      93 |   });
        at D:\Edu\tests\native-ui-contract\auth-contract.spec.ts:90:126

    attachment #1: screenshot (image/png) ──────────────────────────────────────────────────────────
    qa\backend\b6-native-activation-browser-artifacts-final\auth-contract-Native-brows-ca793-fter-authentication-changes\test-failed-1.png
    ────────────────────────────────────────────────────────────────────────────────────────────────

    Error Context: qa\backend\b6-native-activation-browser-artifacts-final\auth-contract-Native-brows-ca793-fter-authentication-changes\error-context.md

    attachment #3: trace (application/zip) ─────────────────────────────────────────────────────────
    qa\backend\b6-native-activation-browser-artifacts-final\auth-contract-Native-brows-ca793-fter-authentication-changes\trace.zip
    Usage:

        npx playwright show-trace qa\backend\b6-native-activation-browser-artifacts-final\auth-contract-Native-brows-ca793-fter-authentication-changes\trace.zip

    ────────────────────────────────────────────────────────────────────────────────────────────────

  1 failed
    tests\native-ui-contract\auth-contract.spec.ts:85:7 › Native browser contract with intercepted API responses — PostgreSQL E2E remains separate › keeps a reset draft after an invalid ACK and shows completion after authentication changes
  1 did not run
  4 passed (14.6s)
  1 error was not a part of any test, see above for details
