 Container edumanage_backend_test-postgres-1 Running 
 Container edumanage_backend_test-postgres-1 Waiting 
 Container edumanage_backend_test-postgres-1 Healthy 
 Container edumanage_backend_test-runner-run-d50ada433c5a Creating 
 Container edumanage_backend_test-runner-run-d50ada433c5a Created 
✔ B5 all 264 supplied operation IDs have registered real handlers (492.435309ms)
✔ BE01 migration replay is a no-op, mismatch fails and metadata remains intact (86.567369ms)
✔ BE02 cross-school enrollment FK rejects write using the real runtime role (11.982272ms)
✔ BE03 no-tenant denies and SET LOCAL cannot leak across a reused connection (4.203837ms)
✔ BE04 bootstrap only exposes the authenticated user memberships without tenant (4.000676ms)
✔ BE05 HOMEROOM A plus SUBJECT B cannot authorize seating or guardians in B (308.511787ms)
✔ BE06 revoked membership is checked during an existing session and B stays independent (132.233222ms)
✔ B6 self context carries only own current duties and separates self-profile from school contacts (352.162608ms)
✔ BE08 CSRF, credential validation, cookie flags, session rotation and rate limiting (360.621877ms)
✔ BE10 concurrent profile patches serialize with a single version winner (186.692619ms)
✔ B6 password/session commands use actual cookies, reject bad passwords and revoke every session after change (936.898926ms)
✔ BE21 parent runtime role cannot select raw student rows (3930.741819ms)
✔ B0 health ready checks actual migrations, database and private storage (21.31349ms)
✔ B2 class lists use SQL scope and cross-school details deny before serialization (338.991506ms)
✔ BE09 idempotent organization create/retry/concurrency performs one write (226.981103ms)
✔ B2 required idempotency, class capacity/reference validation and version conflicts (371.675886ms)
✔ B2 signed cursor rejects scope/filter modification and delivers distinct pages (238.356979ms)
✔ B2 subject student projection omits family/internal notes and denies guardians (538.142567ms)
✔ B2 guardian create does not merge matching phone, relationships start unverified (289.561104ms)
✔ BE07 existing identity invitation requires its session and preserves password/other school (616.790776ms)
✔ B1 password reset token is encrypted, single-use and revokes all prior sessions (332.057829ms)
✔ B2 staff delegation stays within the ceiling, custom class scope and immediate revocation (1286.369226ms)
✔ B2 transfers serialize capacity, handover removes the old teacher and rollover binds its preview (2137.639139ms)
✔ B2 scoped guardian creation cannot acquire an unrelated family through relationship IDs (726.318017ms)
✔ B2/B5 uploads remain private until worker processing, leases serialize and local mail erases encrypted secrets (7523.347114ms)
✔ B2 imports parse real CSV, bind stale previews, avoid name/phone merges and retain invalid rows safely (3160.886654ms)
✔ B2/B5 timetable import checks assignments and overlapping slots, creates only a draft and deduplicates retries (1742.263506ms)
✔ B2 imports update only verified codes, create class drafts and staff invitations with work profiles (4058.810721ms)
✔ B2 large import resumes after a lost chunk without duplicating applied rows and checks current school authority (3698.848235ms)
✔ B3 attendance starts unmarked, versions every source change and publishes immutable one-student projections (439.385356ms)
✔ B3 subject attendance requires its actual lesson and cannot borrow daily access from another class (378.658606ms)
✔ B3 a simultaneous attendance edit and publish has one winner and never publishes a mixed source version (148.522354ms)
✔ B3 rule sets require explicit points, immutable issuance and effective week application (334.564405ms)
✔ B3 conduct reviews preserve facts, lock READY projections and publish only the exact pinned source (718.880257ms)
✔ B3 conduct linked attendance detects stale sources and subject teachers see only their own lesson facts (771.500722ms)
✔ B3 approved adjustments retain old facts and atomically replace the current publication with a reviewed preview (472.072301ms)
✔ B3 a simultaneous conduct record and lock/publish has one source winner (219.194244ms)
✔ B3 attendance linkage deduplicates, excludes corrected drafts and leaves locked scores unchanged with explicit warnings (419.837638ms)
✔ B4 private parent links expose only published child projections, preserve staff cookies and bind the active tab context (867.267742ms)
✔ B4 section/download rights, reissue, relationship revocation and foreign UUIDs are checked on each new parent request (468.487797ms)
✔ B4 private documents stream only with both download rights, and teacher contact projections use shared work fields (613.081002ms)
✔ B4 expired links, suspended schools, CSRF and exchange throttles deny without creating a parent identity (429.906416ms)
✔ B1 delegated grants and invitation acceptance stay inside the current expiry ceiling; backdated assignments require a reason (234.56358ms)
✔ B2 shrinking class capacity checks planned future occupancy peaks, rather than only today (104.479764ms)
✔ B5 dated groups retain moves and same-day cancellations, require current class versions and end group-leader duties (449.769792ms)
✔ B5 position holders serialize and remain valid conduct sources; locked source history cannot be shortened (394.300119ms)
✔ B5 seating validates effective enrollment and unique seats, preserves dated revisions and denies subject-only reads (534.637817ms)
✔ B2/B5 a transfer closes dated groups/positions and retains cancelled future plans atomically (326.196117ms)
✔ B5 timetable materializes bounded future lessons, publishes child-only projections and preserves past/source history (664.228809ms)
✔ B5 timetable rejects teacher/room collisions and revoked assignments, skips holidays and revalidates source versions (860.785418ms)
✔ B5 duties publish only individual tasks, reject foreign enrollment and retain immutable publication/withdraw history (388.478479ms)
✔ B5 group duties expand the effective group at publication and retain the individual targets after later moves (590.005904ms)
✔ B5 activities count only explicit participants, preserve published states and require current source/review authority (843.594217ms)
✔ B5 approved activity results are explicit conduct sources and locked approved facts protect their source history (344.837786ms)
✔ B5 evidence stays private until review and publication; parent documents remain child-bound and filter file availability (1305.430566ms)
✔ B5 class announcements retain immutable publication across edits, bind one recipient and reject foreign class reads (1622.1605ms)
✔ B5 public school announcements sanitize content and keep draft/private replacements out of the public projection (1325.079839ms)
✔ B5 scheduled announcements wait for their due time, publish once through a worker and safely replay after an acknowledgement loss (1119.110463ms)
✔ B5 scheduled publication rechecks the creator grant and reports a failed queue without exposing a parent snapshot (1262.522474ms)
✔ B5 announcement attachments remain private to one child, obey link download rights and disappear when archived or withdrawn (1263.018192ms)
✔ B5 school settings persist with version guards, affect only new link expiry and suppress work contacts without changing old link permissions (808.856638ms)
✔ B5 disabling homeroom publication takes effect inside existing sessions and restores only after an explicit setting change (681.478232ms)
✔ B3 configured second approval rejects self approval in API and SQL, while a different scoped approver permits atomic adjustment (590.174128ms)
✔ B5 personal notifications paginate across actual memberships, deduplicate publication events and deny foreign recipients and cross-user cursors (1522.30754ms)
✔ B5 withdrawn announcements redact retained staff notifications instead of exposing a stale published target (1345.52994ms)
✔ B5 dashboards count real scoped rows, keep homeroom and subject tasks separate and immediately recheck revocation (2427.579261ms)
✔ B5 teacher schedule is own dated teaching and announcement feed reads only current publications across draft edits (1440.265674ms)
✔ B5 dashboard attendance counters and publication tasks follow persisted marks, publish/withdraw and current school policy (769.366203ms)
✔ B2 platform creates only metadata drafts, bootstraps admin roles/invitations and requires an active administrator for activation (674.78839ms)
✔ B5 platform settings and operation records persist actual state, redact artifacts and reauthorize command replays (222.623502ms)
✔ B1 platform admin invitations obey operator expiry ceilings and acceptance rolls back after authority expires (116.968399ms)
✔ B5 support tickets persist both sides, preserve queue states and exact timestamp pagination, and deny other schools (289.420398ms)
✔ B1 support requests require independent current school consent, retain immutable scope and bind tickets/classes/actions/time (234.826595ms)
✔ B1 explicitly selected support grants authorize only scoped metadata GETs, audit the actual operator and force read-only SQL (201.808029ms)
✔ B1 school-wide support metadata never exposes import rows/downloads and expires without fallback to operator privileges (3414.16272ms)
✔ B1 an operator who also has school-admin rights still cannot self-approve or combine selected support scope with ordinary rights (166.095709ms)
✔ B5 signed native keysets cross a nullable sort boundary without dropping or repeating persisted schools (208.737363ms)
✔ B5 report SQL uses real scoped counts and immutable CSV export content while live attendance changes (632.468717ms)
✔ B5 published report exports pin revisions across replacement and withdrawal without exposing drafts (694.580313ms)
✔ B5 export XLSX/PDF are actual files with literal formula text, Vietnamese font and private download authorization (820.300919ms)
✔ B5 subject reports remain own lesson attendance and scoped activities without school/family/conduct/export access (203.021835ms)
✔ B5 export workers and all file paths reauthorize revocation, expiry and cancellation, and replay completed work safely (644.055095ms)
✔ B5 conduct/activity/progress/link reports use actual pinned scores, explicit participant denominators and anonymous link use (718.826732ms)
✔ B6 organization display fields persist with versions and tenant-safe references instead of being silently ignored (310.220655ms)
ℹ tests 84
ℹ suites 0
ℹ pass 84
ℹ fail 0
ℹ cancelled 0
ℹ skipped 0
ℹ todo 0
ℹ duration_ms 74096.99499
