 Container edumanage_backend_test-postgres-1 Running 
 Container edumanage_backend_test-postgres-1 Waiting 
 Container edumanage_backend_test-postgres-1 Healthy 
 Container edumanage_backend_test-runner-run-2d6bbe3689f6 Creating 
 Container edumanage_backend_test-runner-run-2d6bbe3689f6 Created 
✔ B5 all 264 supplied operation IDs have registered real handlers (432.840486ms)
✔ BE01 migration replay is a no-op, mismatch fails and metadata remains intact (62.242761ms)
✔ BE02 cross-school enrollment FK rejects write using the real runtime role (11.002481ms)
✔ BE03 no-tenant denies and SET LOCAL cannot leak across a reused connection (4.325835ms)
✔ BE04 bootstrap only exposes the authenticated user memberships without tenant (3.978203ms)
✔ BE05 HOMEROOM A plus SUBJECT B cannot authorize seating or guardians in B (223.81045ms)
✔ BE06 revoked membership is checked during an existing session and B stays independent (46.818813ms)
✔ B6 self context carries only own current duties and separates self-profile from school contacts (129.777885ms)
✔ BE08 CSRF, credential validation, cookie flags, session rotation and rate limiting (103.532511ms)
✔ BE10 concurrent profile patches serialize with a single version winner (54.619794ms)
✔ B6 password/session commands use actual cookies, reject bad passwords and revoke every session after change (335.550607ms)
✔ BE21 parent runtime role cannot select raw student rows (3909.557516ms)
✔ B0 health ready checks actual migrations, database and private storage (19.900542ms)
✔ B2 class lists use SQL scope and cross-school details deny before serialization (149.59151ms)
✔ BE09 idempotent organization create/retry/concurrency performs one write (68.643361ms)
✔ B2 required idempotency, class capacity/reference validation and version conflicts (137.597163ms)
✔ B2 signed cursor rejects scope/filter modification and delivers distinct pages (99.96287ms)
✔ B2 subject student projection omits family/internal notes and denies guardians (281.116067ms)
✔ B2 guardian create does not merge matching phone, relationships start unverified (117.268991ms)
✔ BE07 existing identity invitation requires its session and preserves password/other school (241.337126ms)
✔ B1 password reset token is encrypted, single-use and revokes all prior sessions (151.571789ms)
✔ B2 staff delegation stays within the ceiling, custom class scope and immediate revocation (614.093847ms)
✔ B2 transfers serialize capacity, handover removes the old teacher and rollover binds its preview (976.704986ms)
✔ B2 scoped guardian creation cannot acquire an unrelated family through relationship IDs (316.78901ms)
✔ B2/B5 uploads remain private until worker processing, leases serialize and local mail erases encrypted secrets (5103.210034ms)
✔ B2 imports parse real CSV, bind stale previews, avoid name/phone merges and retain invalid rows safely (3178.123534ms)
✔ B2/B5 timetable import checks assignments and overlapping slots, creates only a draft and deduplicates retries (1767.506295ms)
✔ B2 imports update only verified codes, create class drafts and staff invitations with work profiles (4130.539876ms)
✔ B2 large import resumes after a lost chunk without duplicating applied rows and checks current school authority (3709.198838ms)
✔ B3 attendance starts unmarked, versions every source change and publishes immutable one-student projections (470.728352ms)
✔ B3 subject attendance requires its actual lesson and cannot borrow daily access from another class (385.69658ms)
✔ B3 a simultaneous attendance edit and publish has one winner and never publishes a mixed source version (174.213709ms)
✔ B3 rule sets require explicit points, immutable issuance and effective week application (383.722416ms)
✔ B3 conduct reviews preserve facts, lock READY projections and publish only the exact pinned source (734.205646ms)
✔ B3 conduct linked attendance detects stale sources and subject teachers see only their own lesson facts (770.468997ms)
✔ B3 approved adjustments retain old facts and atomically replace the current publication with a reviewed preview (815.549288ms)
✔ B3 a simultaneous conduct record and lock/publish has one source winner (517.357198ms)
✔ B3 attendance linkage deduplicates, excludes corrected drafts and leaves locked scores unchanged with explicit warnings (932.3852ms)
✔ B4 private parent links expose only published child projections, preserve staff cookies and bind the active tab context (2345.671879ms)
✔ B4 section/download rights, reissue, relationship revocation and foreign UUIDs are checked on each new parent request (1120.016106ms)
✔ B4 private documents stream only with both download rights, and teacher contact projections use shared work fields (1530.615954ms)
✔ B4 expired links, suspended schools, CSRF and exchange throttles deny without creating a parent identity (1529.909352ms)
✔ B1 delegated grants and invitation acceptance stay inside the current expiry ceiling; backdated assignments require a reason (531.378536ms)
✔ B2 shrinking class capacity checks planned future occupancy peaks, rather than only today (230.600913ms)
✔ B5 dated groups retain moves and same-day cancellations, require current class versions and end group-leader duties (1217.144502ms)
✔ B5 position holders serialize and remain valid conduct sources; locked source history cannot be shortened (1264.841559ms)
✔ B5 seating validates effective enrollment and unique seats, preserves dated revisions and denies subject-only reads (1029.533842ms)
✔ B2/B5 a transfer closes dated groups/positions and retains cancelled future plans atomically (372.266566ms)
✔ B5 timetable materializes bounded future lessons, publishes child-only projections and preserves past/source history (786.205571ms)
✔ B5 timetable rejects teacher/room collisions and revoked assignments, skips holidays and revalidates source versions (1049.578385ms)
✔ B5 duties publish only individual tasks, reject foreign enrollment and retain immutable publication/withdraw history (457.92764ms)
✔ B5 group duties expand the effective group at publication and retain the individual targets after later moves (703.548339ms)
✔ B5 activities count only explicit participants, preserve published states and require current source/review authority (1042.726814ms)
✔ B5 approved activity results are explicit conduct sources and locked approved facts protect their source history (421.800727ms)
✔ B5 evidence stays private until review and publication; parent documents remain child-bound and filter file availability (1427.31942ms)
✔ B5 class announcements retain immutable publication across edits, bind one recipient and reject foreign class reads (1778.291007ms)
✔ B5 public school announcements sanitize content and keep draft/private replacements out of the public projection (1355.705386ms)
✔ B5 scheduled announcements wait for their due time, publish once through a worker and safely replay after an acknowledgement loss (1230.959308ms)
✔ B5 scheduled publication rechecks the creator grant and reports a failed queue without exposing a parent snapshot (1271.976948ms)
✔ B5 announcement attachments remain private to one child, obey link download rights and disappear when archived or withdrawn (1419.49315ms)
✔ B5 school settings persist with version guards, affect only new link expiry and suppress work contacts without changing old link permissions (1151.932331ms)
✔ B5 disabling homeroom publication takes effect inside existing sessions and restores only after an explicit setting change (1422.35927ms)
✔ B3 configured second approval rejects self approval in API and SQL, while a different scoped approver permits atomic adjustment (785.456535ms)
✔ B5 personal notifications paginate across actual memberships, deduplicate publication events and deny foreign recipients and cross-user cursors (1104.447234ms)
✔ B5 withdrawn announcements redact retained staff notifications instead of exposing a stale published target (889.929473ms)
✔ B5 dashboards count real scoped rows, keep homeroom and subject tasks separate and immediately recheck revocation (2187.794472ms)
✔ B5 teacher schedule is own dated teaching and announcement feed reads only current publications across draft edits (1586.892758ms)
✔ B5 dashboard attendance counters and publication tasks follow persisted marks, publish/withdraw and current school policy (814.036096ms)
✔ B2 platform creates only metadata drafts, bootstraps admin roles/invitations and requires an active administrator for activation (626.991846ms)
✔ B5 platform settings and operation records persist actual state, redact artifacts and reauthorize command replays (220.917636ms)
✔ B1 platform admin invitations obey operator expiry ceilings and acceptance rolls back after authority expires (131.13016ms)
✔ B5 support tickets persist both sides, preserve queue states and exact timestamp pagination, and deny other schools (314.04231ms)
✔ B1 support requests require independent current school consent, retain immutable scope and bind tickets/classes/actions/time (238.299805ms)
✔ B1 explicitly selected support grants authorize only scoped metadata GETs, audit the actual operator and force read-only SQL (246.950433ms)
✔ B1 school-wide support metadata never exposes import rows/downloads and expires without fallback to operator privileges (3540.19074ms)
✔ B1 an operator who also has school-admin rights still cannot self-approve or combine selected support scope with ordinary rights (172.630919ms)
✔ B5 signed native keysets cross a nullable sort boundary without dropping or repeating persisted schools (204.580694ms)
✔ B5 report SQL uses real scoped counts and immutable CSV export content while live attendance changes (638.736473ms)
✔ B5 published report exports pin revisions across replacement and withdrawal without exposing drafts (692.363073ms)
✔ B5 export XLSX/PDF are actual files with literal formula text, Vietnamese font and private download authorization (859.480633ms)
✔ B5 subject reports remain own lesson attendance and scoped activities without school/family/conduct/export access (206.278727ms)
✔ B5 export workers and all file paths reauthorize revocation, expiry and cancellation, and replay completed work safely (721.741539ms)
✔ B5 conduct/activity/progress/link reports use actual pinned scores, explicit participant denominators and anonymous link use (773.156416ms)
✔ B6 organization display fields persist with versions and tenant-safe references instead of being silently ignored (349.18482ms)
ℹ tests 84
ℹ suites 0
ℹ pass 84
ℹ fail 0
ℹ cancelled 0
ℹ skipped 0
ℹ todo 0
ℹ duration_ms 76376.312352
