 Container edumanage_backend_test-postgres-1 Running 
 Container edumanage_backend_test-postgres-1 Waiting 
 Container edumanage_backend_test-postgres-1 Healthy 
 Container edumanage_backend_test-runner-run-a58163df0502 Creating 
 Container edumanage_backend_test-runner-run-a58163df0502 Created 
✔ B5 all 264 supplied operation IDs have registered real handlers (453.226919ms)
✔ BE01 migration replay is a no-op, mismatch fails and metadata remains intact (59.506386ms)
✔ BE02 cross-school enrollment FK rejects write using the real runtime role (11.000481ms)
✔ BE03 no-tenant denies and SET LOCAL cannot leak across a reused connection (3.846697ms)
✔ BE04 bootstrap only exposes the authenticated user memberships without tenant (3.799768ms)
✔ BE05 HOMEROOM A plus SUBJECT B cannot authorize seating or guardians in B (242.845491ms)
✔ BE06 revoked membership is checked during an existing session and B stays independent (41.612655ms)
✔ B6 self context carries only own current duties and separates self-profile from school contacts (125.764781ms)
✔ BE08 CSRF, credential validation, cookie flags, session rotation and rate limiting (112.617715ms)
✔ BE10 concurrent profile patches serialize with a single version winner (55.185594ms)
✔ B6 password/session commands use actual cookies, reject bad passwords and revoke every session after change (329.424943ms)
✔ BE21 parent runtime role cannot select raw student rows (4348.706468ms)
✔ B0 health ready checks actual migrations, database and private storage (19.912422ms)
✔ B2 class lists use SQL scope and cross-school details deny before serialization (171.583537ms)
✔ BE09 idempotent organization create/retry/concurrency performs one write (75.99075ms)
✔ B2 required idempotency, class capacity/reference validation and version conflicts (139.891027ms)
✔ B2 signed cursor rejects scope/filter modification and delivers distinct pages (1878.278131ms)
✔ B2 subject student projection omits family/internal notes and denies guardians (330.045367ms)
✔ B2 guardian create does not merge matching phone, relationships start unverified (111.304415ms)
✔ BE07 existing identity invitation requires its session and preserves password/other school (218.809167ms)
✔ B1 password reset token is encrypted, single-use and revokes all prior sessions (136.721425ms)
✔ B2 staff delegation stays within the ceiling, custom class scope and immediate revocation (621.910001ms)
✔ B2 transfers serialize capacity, handover removes the old teacher and rollover binds its preview (988.496823ms)
✔ B2 scoped guardian creation cannot acquire an unrelated family through relationship IDs (357.579575ms)
✔ B2/B5 uploads remain private until worker processing, leases serialize and local mail erases encrypted secrets (5794.269546ms)
✔ B2 imports parse real CSV, bind stale previews, avoid name/phone merges and retain invalid rows safely (3367.705672ms)
✔ B2/B5 timetable import checks assignments and overlapping slots, creates only a draft and deduplicates retries (2663.308527ms)
✔ B2 imports update only verified codes, create class drafts and staff invitations with work profiles (6585.226633ms)
✔ B2 large import resumes after a lost chunk without duplicating applied rows and checks current school authority (4876.065021ms)
✔ B3 attendance starts unmarked, versions every source change and publishes immutable one-student projections (517.40734ms)
✔ B3 subject attendance requires its actual lesson and cannot borrow daily access from another class (444.368617ms)
✔ B3 a simultaneous attendance edit and publish has one winner and never publishes a mixed source version (180.163469ms)
✔ B3 rule sets require explicit points, immutable issuance and effective week application (382.086474ms)
✔ B3 conduct reviews preserve facts, lock READY projections and publish only the exact pinned source (771.367437ms)
✔ B3 conduct linked attendance detects stale sources and subject teachers see only their own lesson facts (794.88814ms)
✔ B3 approved adjustments retain old facts and atomically replace the current publication with a reviewed preview (1598.339357ms)
✔ B3 a simultaneous conduct record and lock/publish has one source winner (413.695474ms)
✔ B3 attendance linkage deduplicates, excludes corrected drafts and leaves locked scores unchanged with explicit warnings (489.099737ms)
✔ B4 private parent links expose only published child projections, preserve staff cookies and bind the active tab context (994.959597ms)
✔ B4 section/download rights, reissue, relationship revocation and foreign UUIDs are checked on each new parent request (540.018103ms)
✔ B4 private documents stream only with both download rights, and teacher contact projections use shared work fields (725.538666ms)
✔ B4 expired links, suspended schools, CSRF and exchange throttles deny without creating a parent identity (505.727873ms)
✔ B1 delegated grants and invitation acceptance stay inside the current expiry ceiling; backdated assignments require a reason (310.223115ms)
✔ B2 shrinking class capacity checks planned future occupancy peaks, rather than only today (123.850473ms)
✔ B5 dated groups retain moves and same-day cancellations, require current class versions and end group-leader duties (600.911293ms)
✔ B5 position holders serialize and remain valid conduct sources; locked source history cannot be shortened (483.521083ms)
✔ B5 seating validates effective enrollment and unique seats, preserves dated revisions and denies subject-only reads (623.437955ms)
✔ B2/B5 a transfer closes dated groups/positions and retains cancelled future plans atomically (408.601847ms)
✔ B5 timetable materializes bounded future lessons, publishes child-only projections and preserves past/source history (717.423573ms)
✔ B5 timetable rejects teacher/room collisions and revoked assignments, skips holidays and revalidates source versions (909.199679ms)
✔ B5 duties publish only individual tasks, reject foreign enrollment and retain immutable publication/withdraw history (447.057653ms)
✔ B5 group duties expand the effective group at publication and retain the individual targets after later moves (767.187251ms)
✔ B5 activities count only explicit participants, preserve published states and require current source/review authority (1006.837011ms)
✔ B5 approved activity results are explicit conduct sources and locked approved facts protect their source history (445.122153ms)
✔ B5 evidence stays private until review and publication; parent documents remain child-bound and filter file availability (1594.954114ms)
✔ B5 class announcements retain immutable publication across edits, bind one recipient and reject foreign class reads (2038.214147ms)
✔ B5 public school announcements sanitize content and keep draft/private replacements out of the public projection (1838.261508ms)
✔ B5 scheduled announcements wait for their due time, publish once through a worker and safely replay after an acknowledgement loss (1383.205528ms)
✔ B5 scheduled publication rechecks the creator grant and reports a failed queue without exposing a parent snapshot (1498.652364ms)
✔ B5 announcement attachments remain private to one child, obey link download rights and disappear when archived or withdrawn (1849.353282ms)
✔ B5 school settings persist with version guards, affect only new link expiry and suppress work contacts without changing old link permissions (1135.858602ms)
✔ B5 disabling homeroom publication takes effect inside existing sessions and restores only after an explicit setting change (905.44684ms)
✔ B3 configured second approval rejects self approval in API and SQL, while a different scoped approver permits atomic adjustment (750.684011ms)
✔ B5 personal notifications paginate across actual memberships, deduplicate publication events and deny foreign recipients and cross-user cursors (1213.715947ms)
✔ B5 withdrawn announcements redact retained staff notifications instead of exposing a stale published target (1064.73941ms)
✔ B5 dashboards count real scoped rows, keep homeroom and subject tasks separate and immediately recheck revocation (1936.256387ms)
✔ B5 teacher schedule is own dated teaching and announcement feed reads only current publications across draft edits (1818.165646ms)
✔ B5 dashboard attendance counters and publication tasks follow persisted marks, publish/withdraw and current school policy (941.72719ms)
✔ B2 platform creates only metadata drafts, bootstraps admin roles/invitations and requires an active administrator for activation (724.78987ms)
✔ B5 platform settings and operation records persist actual state, redact artifacts and reauthorize command replays (236.910491ms)
✔ B1 platform admin invitations obey operator expiry ceilings and acceptance rolls back after authority expires (137.284249ms)
✔ B5 support tickets persist both sides, preserve queue states and exact timestamp pagination, and deny other schools (359.667673ms)
✔ B1 support requests require independent current school consent, retain immutable scope and bind tickets/classes/actions/time (352.917344ms)
✔ B1 explicitly selected support grants authorize only scoped metadata GETs, audit the actual operator and force read-only SQL (286.572959ms)
✔ B1 school-wide support metadata never exposes import rows/downloads and expires without fallback to operator privileges (3549.52984ms)
✔ B1 an operator who also has school-admin rights still cannot self-approve or combine selected support scope with ordinary rights (223.477312ms)
✔ B5 signed native keysets cross a nullable sort boundary without dropping or repeating persisted schools (235.200449ms)
✔ B5 report SQL uses real scoped counts and immutable CSV export content while live attendance changes (787.76614ms)
✔ B5 published report exports pin revisions across replacement and withdrawal without exposing drafts (857.806061ms)
✔ B5 export XLSX/PDF are actual files with literal formula text, Vietnamese font and private download authorization (1022.195233ms)
✔ B5 subject reports remain own lesson attendance and scoped activities without school/family/conduct/export access (312.282635ms)
✔ B5 export workers and all file paths reauthorize revocation, expiry and cancellation, and replay completed work safely (838.399359ms)
✔ B5 conduct/activity/progress/link reports use actual pinned scores, explicit participant denominators and anonymous link use (895.952947ms)
✔ B6 organization display fields persist with versions and tenant-safe references instead of being silently ignored (359.97738ms)
✔ B6 year wizard creates bounded terms, weeks, published holidays and independent draft rules atomically and idempotently (465.58108ms)
✖ B6 class form assigns homeroom atomically, denies foreign/backdated inputs, requires handover and preserves archived history (293.047567ms)
✔ B6 organization projections scope counts in SQL and a year-only grant cannot copy or publish rules (3744.467379ms)
ℹ tests 87
ℹ suites 0
ℹ pass 86
ℹ fail 1
ℹ cancelled 0
ℹ skipped 0
ℹ todo 0
ℹ duration_ms 85887.056992

✖ failing tests:

test at tests/integration/foundation.test.mjs:1803:1
✖ B6 class form assigns homeroom atomically, denies foreign/backdated inputs, requires handover and preserves archived history (293.047567ms)
  AssertionError [ERR_ASSERTION]: {"type":"urn:edumanage:problem:schedule_conflict","title":"SCHEDULE_CONFLICT","status":409,"code":"SCHEDULE_CONFLICT","requestId":"1373f460-ffea-4e88-a761-c0ea54b23f14"}
  
  409 !== 201
  
      at TestContext.<anonymous> (file:///srv/api/tests/integration/foundation.test.mjs:1807:69)
      at process.processTicksAndRejections (node:internal/process/task_queues:104:5)
      at async Test.run (node:internal/test_runner/test:1409:7)
      at async Test.processPendingSubtests (node:internal/test_runner/test:974:7) {
    generatedMessage: false,
    code: 'ERR_ASSERTION',
    actual: 409,
    expected: 201,
    operator: 'strictEqual',
    diff: 'simple'
  }

