 Image edumanage_backend_test-runner Building 
#1 [internal] load local bake definitions
#1 reading from stdin 539B done
#1 DONE 0.0s

#2 [internal] load build definition from Dockerfile
#2 transferring dockerfile: 931B done
#2 DONE 0.0s

#3 resolve image config for docker-image://docker.io/docker/dockerfile:1
#3 DONE 1.3s

#4 docker-image://docker.io/docker/dockerfile:1@sha256:ecfaec9ed6d810b56388c508f4121597bfbba70d41a6dfeee4d8cad5f295fc32
#4 CACHED

#5 [internal] load metadata for docker.io/library/node:24.21.0-bookworm-slim
#5 DONE 2.1s

#6 [internal] load .dockerignore
#6 transferring context: 85B done
#6 DONE 0.0s

#7 [build 1/7] FROM docker.io/library/node:24.21.0-bookworm-slim@sha256:0e0ff40c39bc087845bfb27465a0df4ea419520094bc35842ff83dd8cbe6f9b6
#7 DONE 0.0s

#8 [internal] load build context
#8 transferring context: 1.80MB 0.1s done
#8 DONE 0.1s

#9 [build 2/7] WORKDIR /srv/api
#9 CACHED

#10 [build 3/7] COPY package.json package-lock.json ./
#10 CACHED

#11 [build 4/7] RUN npm ci --no-audit --no-fund
#11 CACHED

#12 [build 5/7] COPY tsconfig.json ./
#12 CACHED

#13 [build 6/7] COPY src ./src
#13 DONE 0.1s

#14 [build 7/7] RUN npm run build
#14 0.364 
#14 0.364 > edumanage-backend@0.1.0 build
#14 0.364 > tsc -p tsconfig.json
#14 0.364 
#14 6.089 src/modules/academics/organization-read.ts(30,522): error TS1005: ';' expected.
#14 6.089 src/modules/academics/organization-read.ts(31,1): error TS1128: Declaration or statement expected.
#14 ERROR: process "/bin/sh -c npm run build" did not complete successfully: exit code: 2
------
 > [build 7/7] RUN npm run build:
0.364 
0.364 > edumanage-backend@0.1.0 build
0.364 > tsc -p tsconfig.json
0.364 
6.089 src/modules/academics/organization-read.ts(30,522): error TS1005: ';' expected.
6.089 src/modules/academics/organization-read.ts(31,1): error TS1128: Declaration or statement expected.
------
Dockerfile:9

--------------------

   7 |     COPY tsconfig.json ./

   8 |     COPY src ./src

   9 | >>> RUN npm run build

  10 |     FROM build AS test

  11 |     COPY tests ./tests

--------------------

failed to solve: process "/bin/sh -c npm run build" did not complete successfully: exit code: 2



View build details: docker-desktop://dashboard/build/default/default/9g6vhv2tykhf5w56kugfsmnwa

