 Container edumanage_backend_test-postgres-1 Running 
 Container edumanage_backend_test-postgres-1 Waiting 
 Container edumanage_backend_test-postgres-1 Healthy 
 Container edumanage_backend_test-runner-run-95c8f5618352 Creating 
 Container edumanage_backend_test-runner-run-95c8f5618352 Created 
✔ B5 all 264 supplied operation IDs have registered real handlers (445.129622ms)
✔ BE01 migration replay is a no-op, mismatch fails and metadata remains intact (59.455825ms)
✔ BE02 cross-school enrollment FK rejects write using the real runtime role (10.743443ms)
✔ BE03 no-tenant denies and SET LOCAL cannot leak across a reused connection (3.917481ms)
✔ BE04 bootstrap only exposes the authenticated user memberships without tenant (4.160384ms)
✔ BE05 HOMEROOM A plus SUBJECT B cannot authorize seating or guardians in B (233.057596ms)
✔ BE06 revoked membership is checked during an existing session and B stays independent (51.797038ms)
✔ B6 self context carries only own current duties and separates self-profile from school contacts (155.036988ms)
✔ BE08 CSRF, credential validation, cookie flags, session rotation and rate limiting (103.336225ms)
✔ BE10 concurrent profile patches serialize with a single version winner (53.893438ms)
✔ B6 password/session commands use actual cookies, reject bad passwords and revoke every session after change (331.389116ms)
✔ BE21 parent runtime role cannot select raw student rows (4740.694105ms)
✔ B0 health ready checks actual migrations, database and private storage (19.483696ms)
✔ B2 class lists use SQL scope and cross-school details deny before serialization (184.049627ms)
✔ BE09 idempotent organization create/retry/concurrency performs one write (83.513789ms)
✔ B2 required idempotency, class capacity/reference validation and version conflicts (121.971131ms)
✔ B2 signed cursor rejects scope/filter modification and delivers distinct pages (1381.143848ms)
✔ B2 subject student projection omits family/internal notes and denies guardians (266.767206ms)
✔ B2 guardian create does not merge matching phone, relationships start unverified (109.199331ms)
✔ BE07 existing identity invitation requires its session and preserves password/other school (217.372746ms)
✔ B1 password reset token is encrypted, single-use and revokes all prior sessions (137.671578ms)
✔ B2 staff delegation stays within the ceiling, custom class scope and immediate revocation (628.716657ms)
✔ B2 transfers serialize capacity, handover removes the old teacher and rollover binds its preview (991.098559ms)
✔ B2 scoped guardian creation cannot acquire an unrelated family through relationship IDs (327.151529ms)
✔ B2/B5 uploads remain private until worker processing, leases serialize and local mail erases encrypted secrets (5868.803932ms)
✔ B2 imports parse real CSV, bind stale previews, avoid name/phone merges and retain invalid rows safely (2939.091461ms)
✔ B2/B5 timetable import checks assignments and overlapping slots, creates only a draft and deduplicates retries (1829.286207ms)
✔ B2 imports update only verified codes, create class drafts and staff invitations with work profiles (4459.584346ms)
✔ B2 large import resumes after a lost chunk without duplicating applied rows and checks current school authority (3660.337048ms)
✔ B3 attendance starts unmarked, versions every source change and publishes immutable one-student projections (497.688075ms)
✔ B3 subject attendance requires its actual lesson and cannot borrow daily access from another class (438.900031ms)
✔ B3 a simultaneous attendance edit and publish has one winner and never publishes a mixed source version (169.85194ms)
✔ B3 rule sets require explicit points, immutable issuance and effective week application (410.30215ms)
✔ B3 conduct reviews preserve facts, lock READY projections and publish only the exact pinned source (817.184301ms)
✔ B3 conduct linked attendance detects stale sources and subject teachers see only their own lesson facts (814.72263ms)
✔ B3 approved adjustments retain old facts and atomically replace the current publication with a reviewed preview (492.48235ms)
✔ B3 a simultaneous conduct record and lock/publish has one source winner (247.481111ms)
✔ B3 attendance linkage deduplicates, excludes corrected drafts and leaves locked scores unchanged with explicit warnings (441.165435ms)
✔ B4 private parent links expose only published child projections, preserve staff cookies and bind the active tab context (850.369392ms)
✔ B4 section/download rights, reissue, relationship revocation and foreign UUIDs are checked on each new parent request (489.785018ms)
✔ B4 private documents stream only with both download rights, and teacher contact projections use shared work fields (651.380882ms)
✔ B4 expired links, suspended schools, CSRF and exchange throttles deny without creating a parent identity (452.177995ms)
✔ B1 delegated grants and invitation acceptance stay inside the current expiry ceiling; backdated assignments require a reason (263.785702ms)
✔ B2 shrinking class capacity checks planned future occupancy peaks, rather than only today (120.625047ms)
✔ B5 dated groups retain moves and same-day cancellations, require current class versions and end group-leader duties (533.847508ms)
✔ B5 position holders serialize and remain valid conduct sources; locked source history cannot be shortened (460.608106ms)
✔ B5 seating validates effective enrollment and unique seats, preserves dated revisions and denies subject-only reads (565.131319ms)
✔ B2/B5 a transfer closes dated groups/positions and retains cancelled future plans atomically (386.215851ms)
✔ B5 timetable materializes bounded future lessons, publishes child-only projections and preserves past/source history (644.416718ms)
✔ B5 timetable rejects teacher/room collisions and revoked assignments, skips holidays and revalidates source versions (906.826211ms)
✔ B5 duties publish only individual tasks, reject foreign enrollment and retain immutable publication/withdraw history (623.73135ms)
✔ B5 group duties expand the effective group at publication and retain the individual targets after later moves (661.120378ms)
✔ B5 activities count only explicit participants, preserve published states and require current source/review authority (914.183205ms)
✔ B5 approved activity results are explicit conduct sources and locked approved facts protect their source history (378.241837ms)
✔ B5 evidence stays private until review and publication; parent documents remain child-bound and filter file availability (1376.081913ms)
✔ B5 class announcements retain immutable publication across edits, bind one recipient and reject foreign class reads (1747.973642ms)
✔ B5 public school announcements sanitize content and keep draft/private replacements out of the public projection (1365.293597ms)
✔ B5 scheduled announcements wait for their due time, publish once through a worker and safely replay after an acknowledgement loss (1149.995297ms)
✔ B5 scheduled publication rechecks the creator grant and reports a failed queue without exposing a parent snapshot (1309.204818ms)
✔ B5 announcement attachments remain private to one child, obey link download rights and disappear when archived or withdrawn (1249.843519ms)
✔ B5 school settings persist with version guards, affect only new link expiry and suppress work contacts without changing old link permissions (847.249578ms)
✔ B5 disabling homeroom publication takes effect inside existing sessions and restores only after an explicit setting change (1352.054973ms)
✔ B3 configured second approval rejects self approval in API and SQL, while a different scoped approver permits atomic adjustment (1338.016841ms)
✔ B5 personal notifications paginate across actual memberships, deduplicate publication events and deny foreign recipients and cross-user cursors (2595.170409ms)
✔ B5 withdrawn announcements redact retained staff notifications instead of exposing a stale published target (1569.895592ms)
✔ B5 dashboards count real scoped rows, keep homeroom and subject tasks separate and immediately recheck revocation (2575.693213ms)
✔ B5 teacher schedule is own dated teaching and announcement feed reads only current publications across draft edits (2415.734252ms)
✔ B5 dashboard attendance counters and publication tasks follow persisted marks, publish/withdraw and current school policy (1857.662046ms)
✔ B2 platform creates only metadata drafts, bootstraps admin roles/invitations and requires an active administrator for activation (610.073904ms)
✔ B5 platform settings and operation records persist actual state, redact artifacts and reauthorize command replays (212.358928ms)
✔ B1 platform admin invitations obey operator expiry ceilings and acceptance rolls back after authority expires (128.019236ms)
✔ B5 support tickets persist both sides, preserve queue states and exact timestamp pagination, and deny other schools (298.752489ms)
✔ B1 support requests require independent current school consent, retain immutable scope and bind tickets/classes/actions/time (230.473617ms)
✔ B1 explicitly selected support grants authorize only scoped metadata GETs, audit the actual operator and force read-only SQL (211.731364ms)
✔ B1 school-wide support metadata never exposes import rows/downloads and expires without fallback to operator privileges (3433.063155ms)
✔ B1 an operator who also has school-admin rights still cannot self-approve or combine selected support scope with ordinary rights (174.385488ms)
✔ B5 signed native keysets cross a nullable sort boundary without dropping or repeating persisted schools (230.852744ms)
✔ B5 report SQL uses real scoped counts and immutable CSV export content while live attendance changes (687.419789ms)
✔ B5 published report exports pin revisions across replacement and withdrawal without exposing drafts (788.622142ms)
✔ B5 export XLSX/PDF are actual files with literal formula text, Vietnamese font and private download authorization (840.215837ms)
✔ B5 subject reports remain own lesson attendance and scoped activities without school/family/conduct/export access (231.147425ms)
✔ B5 export workers and all file paths reauthorize revocation, expiry and cancellation, and replay completed work safely (686.237061ms)
✔ B5 conduct/activity/progress/link reports use actual pinned scores, explicit participant denominators and anonymous link use (725.859163ms)
✔ B6 organization display fields persist with versions and tenant-safe references instead of being silently ignored (320.444635ms)
✔ B6 year wizard creates bounded terms, weeks, published holidays and independent draft rules atomically and idempotently (426.446986ms)
✔ B6 class form assigns homeroom atomically, denies foreign/backdated inputs, requires handover and preserves archived history (641.028972ms)
✔ B6 organization projections scope counts in SQL and a year-only grant cannot copy or publish rules (3202.847234ms)
ℹ tests 87
ℹ suites 0
ℹ pass 87
ℹ fail 0
ℹ cancelled 0
ℹ skipped 0
ℹ todo 0
ℹ duration_ms 80235.538848
