✔ all operation IDs are unique (0.7529ms)
✔ login rejects spoofed role, school and unknown fields (2.5351ms)
✔ private user DTO rejects secrets and unknown properties (4.8946ms)
✔ announcement HTML retains paragraph/list formatting while dropping executable markup, URLs and tracking resources (3.211ms)
✔ grant action and class scope stay together (0.8402ms)
✔ subject grants never authorize management without explicit subject policy (0.1253ms)
✔ end dates are exclusive and assignment is mandatory for default teacher grants (0.1105ms)
✔ a custom class grant authorizes only its delegated action and class (0.1443ms)
✔ a delegated grant cannot outlive an expiring authority, including an unbounded target or future start (0.1735ms)
✔ decimal scoring preserves fractional sums, negative penalties, explicit base, clamps and threshold boundaries (2.5826ms)
✔ fixed deltas reject overrides and manual deltas require bounds (0.3155ms)
✔ XLSX parser bounds sparse dimensions and rejects formulas before workbook allocation (100.0897ms)
ℹ tests 12
ℹ suites 0
ℹ pass 12
ℹ fail 0
ℹ cancelled 0
ℹ skipped 0
ℹ todo 0
ℹ duration_ms 423.4388
