✔ all operation IDs are unique, including the explicit frontend workflow extensions (1.5545ms)
✔ atomic school roles require a displayed version and unique explicit role IDs without actor authority (10.997ms)
✔ reviewed parent issuance requires every reviewed source version and rejects contact/token/actor fields (8.589ms)
✔ school invite retains zero or multiple roles and the 1–30 day form without widening platform admin invitations (4.1854ms)
✔ login rejects spoofed role, school and unknown fields (1.0361ms)
✔ private user DTO rejects secrets and unknown properties (3.8841ms)
✔ platform first administrator supports server start time and rejects scope spoofing or excessive invitation lifetime (0.2204ms)
✔ school overview accepts explicit unavailable panels and rejects private directory fields (21.5636ms)
✔ directory represents invitations without fake memberships and keeps unavailable invitation KPI explicit (5.0764ms)
✔ member profile separates denied panels and exact native authority without exposing other school metadata (16.419ms)
✔ invitation choices use invitation authority and never lend role metadata or contacts (1.9134ms)
✔ atomic guardian save requires displayed student and primary versions without verification or actor fields (9.2394ms)
✔ assignment preview is a CSRF-protected read-only POST and preserves explicit source versions without actor authority (1.888ms)
✔ assignment matrix represents a real unconfigured year and empty cells without borrowing profiles, rosters or permissions (16.0461ms)
✔ role details retain exact native scopes and denied panels without exposing staff contacts or a fabricated editable system role (11.8828ms)
✔ handover receipts retain unknown legacy metadata and strict reviewed source fields without exposing the internal state (9.4781ms)
✔ student forms persist nullable gender and an atomic unverified guardian without accepting actor or result state (20.0461ms)
✔ student read models distinguish denied and unknown values and exclude reusable parent tokens (35.7155ms)
✔ guardian projections exclude student private profiles and audit snapshots and require explicit denied panels (14.585ms)
✔ student-create options are a minimal write-purpose class projection without roster or borrowed catalogs (3.633ms)
✔ announcement HTML retains paragraph/list formatting while dropping executable markup, URLs and tracking resources (3.7236ms)
✔ operation evidence validates metadata values and omits secret-like values and unknown fields (1.3351ms)
✔ grant action and class scope stay together (0.8349ms)
✔ subject grants never authorize management without explicit subject policy (0.1263ms)
✔ end dates are exclusive and assignment is mandatory for default teacher grants (0.1244ms)
✔ a custom class grant authorizes only its delegated action and class (0.1248ms)
✔ a delegated grant cannot outlive an expiring authority, including an unbounded target or future start (0.1671ms)
✔ decimal scoring preserves fractional sums, negative penalties, explicit base, clamps and threshold boundaries (2.5585ms)
✔ fixed deltas reject overrides and manual deltas require bounds (0.3545ms)
✔ XLSX parser bounds sparse dimensions and rejects formulas before workbook allocation (92.4253ms)
ℹ tests 30
ℹ suites 0
ℹ pass 30
ℹ fail 0
ℹ cancelled 0
ℹ skipped 0
ℹ todo 0
ℹ duration_ms 424.7501
