✔ public workspaces expose exact published projections and no staff or parent authentication (20.7516ms)
✔ existing synchronous auth invitation position message and publication handlers have actual success schemas (1.3575ms)
✔ native duty and attendance acknowledgements declare their actual HTTP200 without changing explicit HTTP201 creation (0.534ms)
✔ teacher announcement reads require a displayed published source and actual HTTP200 receipts (15.1128ms)
✔ native announcement acknowledgements have an actual HTTP200 response schema and independent manage/publication permissions (2.3942ms)
✔ native attendance commands require displayed null or existing source versions and exclude private or subject rights overrides (3.9904ms)
✔ staff preview context has a minimal context schema and independent school authority (7.719ms)
✔ class workspace header has exact year routing and explicitly permits absent independent period metadata (14.6359ms)
✔ class workspace overview is exact-class staff read with nullable panels bounded previews and no private source objects (12.6814ms)
✔ native organization seating save requires the displayed revision and rejects actor or scope authority in its body (2.5607ms)
✔ one-pupil class attendance accepts valid empty public notes and excludes private source fields (3.6353ms)
✔ class roster purposes retain exact year scope and transfer requests accept only an optional displayed enrollment version (1.5286ms)
✔ native duty commands retain exact displayed source and publication versions without actor authority or silent group expansion (4.7158ms)
✔ all operation IDs are unique, including the explicit frontend workflow extensions (0.3524ms)
✔ atomic school roles require a displayed version and unique explicit role IDs without actor authority (5.4306ms)
✔ reviewed parent issuance requires every reviewed source version and rejects contact/token/actor fields (5.528ms)
✔ parent staff metadata excludes bearer/private fields and history represents missing device/section explicitly (7.6473ms)
✔ school invite retains zero or multiple roles and the 1–30 day form without widening platform admin invitations (3.3726ms)
✔ login rejects spoofed role, school and unknown fields (0.7799ms)
✔ private user DTO rejects secrets and unknown properties (3.1307ms)
✔ platform first administrator supports server start time and rejects scope spoofing or excessive invitation lifetime (0.2393ms)
✔ school overview accepts explicit unavailable panels and rejects private directory fields (15.0558ms)
✔ directory represents invitations without fake memberships and keeps unavailable invitation KPI explicit (4.9965ms)
✔ member profile separates denied panels and exact native authority without exposing other school metadata (14.513ms)
✔ invitation choices use invitation authority and never lend role metadata or contacts (1.8162ms)
✔ atomic guardian save requires displayed student and primary versions without verification or actor fields (9.0138ms)
✔ assignment preview is a CSRF-protected read-only POST and preserves explicit source versions without actor authority (2.4646ms)
✔ assignment matrix represents a real unconfigured year and empty cells without borrowing profiles, rosters or permissions (13.9406ms)
✔ role details retain exact native scopes and denied panels without exposing staff contacts or a fabricated editable system role (11.1652ms)
✔ handover receipts retain unknown legacy metadata and strict reviewed source fields without exposing the internal state (7.6862ms)
✔ student forms persist nullable gender and an atomic unverified guardian without accepting actor or result state (22.2819ms)
✔ student read models distinguish denied and unknown values and exclude reusable parent tokens (27.4753ms)
✔ guardian projections exclude student private profiles and audit snapshots and require explicit denied panels (17.5891ms)
✔ student-create options are a minimal write-purpose class projection without roster or borrowed catalogs (3.2662ms)
✔ parent context metadata distinguishes year, link and session bounds without child private fields (0.3533ms)
✔ parent attendance month preserves real session/holiday counts and rejects private fields or invented calendar states (4.2896ms)
✔ parent teacher directory requires explicit nullable work metadata and minimal unique weekdays without raw staff identity (2.5609ms)
✔ parent duty schedule exposes only concrete published tasks with explicit status and year/date metadata (8.9441ms)
✔ parent weekly timetable requires explicit published status, timezone and nullable pinned metadata without raw source fields (6.5986ms)
✔ parent document directory requires real independent capabilities and minimal report fields without storage keys (4.209ms)
✔ parent shared content keeps pinned nullable metadata and independent attachments without raw sources or recipients (20.4753ms)
✔ parent conduct display exposes published own history and explicit absent metadata without staff rules or cohort identity (10.9504ms)
✔ parent published overview requires explicit section absence, DAILY week facts and bounded purpose previews without private source fields (27.3922ms)
✔ native announcement semantic blocks round trip Vietnamese plaintext and line breaks without HTML execution (7.7325ms)
✔ native legacy HTML projection sanitizes executable tags and preserves real headings and list text only (1.4319ms)
✔ announcement HTML retains paragraph/list formatting while dropping executable markup, URLs and tracking resources (5.7009ms)
✔ JSON acknowledgements validate their actual status and never send undeclared or private payloads (21.5911ms)
✔ operation evidence validates metadata values and omits secret-like values and unknown fields (1.3085ms)
✔ parent month keeps actual sessions, mixed days and unmarked outside the attendance denominator (18.1349ms)
✔ parent month infers neither Sunday holidays nor missing-day presence and preserves actual published holiday names (0.6438ms)
✔ parent month clips only to real exclusive year bounds and rejects malformed/outside-year selection (0.5775ms)
✔ parent month rejects missing calendar days, shifted date sources, unknown statuses and foreign date rows (0.658ms)
✔ grant action and class scope stay together (0.8042ms)
✔ subject grants never authorize management without explicit subject policy (0.1386ms)
✔ end dates are exclusive and assignment is mandatory for default teacher grants (0.1206ms)
✔ a custom class grant authorizes only its delegated action and class (0.1294ms)
✔ a delegated grant cannot outlive an expiring authority, including an unbounded target or future start (0.1626ms)
✔ decimal scoring preserves fractional sums, negative penalties, explicit base, clamps and threshold boundaries (3.9955ms)
✔ fixed deltas reject overrides and manual deltas require bounds (0.4896ms)
✔ parent weekly timetable uses real Monday/calendar bounds and clips partial academic weeks (4.2934ms)
✔ parent weekly timetable rejects a source exceeding the total bound before response serialization (1.5698ms)
✔ XLSX parser bounds sparse dimensions and rejects formulas before workbook allocation (90.1069ms)
ℹ tests 62
ℹ suites 0
ℹ pass 62
ℹ fail 0
ℹ cancelled 0
ℹ skipped 0
ℹ todo 0
ℹ duration_ms 580.8325
EXIT_CODE=0
