 Container edumanage_backend_test-runner-run-0c2a761ccb9d Creating
 Container edumanage_backend_test-runner-run-0c2a761ccb9d Created
✔ B5 all 264 supplied operations and explicit frontend workflow extensions have registered real handlers (489.736365ms)
✔ BE01 migration replay is a no-op, mismatch fails and metadata remains intact (72.076729ms)
✔ BE02 cross-school enrollment FK rejects write using the real runtime role (10.066546ms)
✔ BE03 no-tenant denies and SET LOCAL cannot leak across a reused connection (3.908933ms)
✔ BE04 bootstrap only exposes the authenticated user memberships without tenant (9.41982ms)
✔ BE05 HOMEROOM A plus SUBJECT B cannot authorize seating or guardians in B (5949.654489ms)
✔ BE06 revoked membership is checked during an existing session and B stays independent (42.814817ms)
✔ B6 self context carries only own current duties and separates self-profile from school contacts (13982.586972ms)
✔ BE08 CSRF, credential validation, cookie flags, session rotation and rate limiting (125.546345ms)
✔ BE10 concurrent profile patches serialize with a single version winner (65.879985ms)
✔ B6 password/session commands use actual cookies, reject bad passwords and revoke every session after change (401.730488ms)
{"checkpoint":"parent-without-context","queryMs":6.438,"planExecutionMs":0.016,"planRows":0}
✔ BE21 parent runtime role cannot select raw student rows (16.921355ms)
✔ B0 health ready checks actual migrations, database and private storage (29.274042ms)
✔ B2 class lists use SQL scope and cross-school details deny before serialization (319.554173ms)
✔ BE09 idempotent organization create/retry/concurrency performs one write (118.09851ms)
✔ B2 required idempotency, class capacity/reference validation and version conflicts (158.369835ms)
✔ B2 signed cursor rejects scope/filter modification and delivers distinct pages (4008.611067ms)
✔ B2 subject student projection omits family/internal notes and denies guardians (442.775537ms)
✔ B2 guardian create does not merge matching phone, relationships start unverified (132.049458ms)
✔ BE07 existing identity invitation requires its session and preserves password/other school (6047.203055ms)
✔ B1 password reset token is encrypted, single-use and revokes all prior sessions (157.969415ms)
✔ B2 staff delegation stays within the ceiling, custom class scope and immediate revocation (895.049135ms)
✔ B2 transfers serialize capacity, handover removes the old teacher and rollover binds its preview (1717.308526ms)
✔ B2 scoped guardian creation cannot acquire an unrelated family through relationship IDs (488.927318ms)
✔ B2/B5 uploads remain private until worker processing, leases serialize and local mail erases encrypted secrets (199143.386219ms)
✔ B2 imports parse real CSV, bind stale previews, avoid name/phone merges and retain invalid rows safely (6052.832721ms)
✔ B2/B5 timetable import checks assignments and overlapping slots, creates only a draft and deduplicates retries (3383.280093ms)
✔ B2 imports update only verified codes, create class drafts and staff invitations with work profiles (9005.303331ms)
✔ B2 large import resumes after a lost chunk without duplicating applied rows and checks current school authority (6430.241193ms)
✔ B3 attendance starts unmarked, versions every source change and publishes immutable one-student projections (661.889601ms)
✔ B3 subject attendance requires its actual lesson and cannot borrow daily access from another class (767.881161ms)
✔ B3 a simultaneous attendance edit and publish has one winner and never publishes a mixed source version (199.762923ms)
✔ B3 rule sets require explicit points, immutable issuance and effective week application (474.665196ms)
✔ B3 conduct reviews preserve facts, lock READY projections and publish only the exact pinned source (962.595114ms)
✔ B3 conduct linked attendance detects stale sources and subject teachers see only their own lesson facts (1133.054434ms)
✔ B3 approved adjustments retain old facts and atomically replace the current publication with a reviewed preview (543.088977ms)
✔ B3 a simultaneous conduct record and lock/publish has one source winner (313.745906ms)
✔ B3 attendance linkage deduplicates, excludes corrected drafts and leaves locked scores unchanged with explicit warnings (499.991802ms)
✔ B4 private parent links expose only published child projections, preserve staff cookies and bind the active tab context (1220.605303ms)
✔ B4 section/download rights, reissue, relationship revocation and foreign UUIDs are checked on each new parent request (571.947085ms)
✔ B4 private documents stream only with both download rights, and teacher contact projections use shared work fields (761.027099ms)
✔ B4 expired links, suspended schools, CSRF and exchange throttles deny without creating a parent identity (499.222843ms)
✔ B1 delegated grants and invitation acceptance stay inside the current expiry ceiling; backdated assignments require a reason (357.056885ms)
✔ B2 shrinking class capacity checks planned future occupancy peaks, rather than only today (119.845862ms)
✔ B5 dated groups retain moves and same-day cancellations, require current class versions and end group-leader duties (603.181611ms)
✔ B5 position holders serialize and remain valid conduct sources; locked source history cannot be shortened (536.568504ms)
✔ B5 seating validates effective enrollment and unique seats, preserves dated revisions and denies subject-only reads (768.153446ms)
✔ B2/B5 a transfer closes dated groups/positions and retains cancelled future plans atomically (515.997411ms)
✔ B5 timetable materializes bounded future lessons, publishes child-only projections and preserves past/source history (1003.210581ms)
✔ B5 timetable rejects teacher/room collisions and revoked assignments, skips holidays and revalidates source versions (1160.295456ms)
✔ B5 duties publish only individual tasks, reject foreign enrollment and retain immutable publication/withdraw history (617.268486ms)
✔ B5 group duties expand the effective group at publication and retain the individual targets after later moves (833.0022ms)
✔ B5 activities count only explicit participants, preserve published states and require current source/review authority (1093.526718ms)
✔ B5 approved activity results are explicit conduct sources and locked approved facts protect their source history (569.029006ms)
✔ B5 evidence stays private until review and publication; parent documents remain child-bound and filter file availability (24653.957822ms)
✔ B5 class announcements retain immutable publication across edits, bind one recipient and reject foreign class reads (3955.378991ms)
✔ B5 public school announcements sanitize content and keep draft/private replacements out of the public projection (2761.26058ms)
✔ B5 scheduled announcements wait for their due time, publish once through a worker and safely replay after an acknowledgement loss (1493.427738ms)
✔ B5 scheduled publication rechecks the creator grant and reports a failed queue without exposing a parent snapshot (1675.224823ms)
✔ B5 announcement attachments remain private to one child, obey link download rights and disappear when archived or withdrawn (1669.228141ms)
✔ B5 school settings persist with version guards, affect only new link expiry and suppress work contacts without changing old link permissions (1111.084016ms)
✔ B5 disabling homeroom publication takes effect inside existing sessions and restores only after an explicit setting change (949.514697ms)
✔ B3 configured second approval rejects self approval in API and SQL, while a different scoped approver permits atomic adjustment (672.47404ms)
✔ B5 personal notifications paginate across actual memberships, deduplicate publication events and deny foreign recipients and cross-user cursors (1455.147942ms)
✔ B5 withdrawn announcements redact retained staff notifications instead of exposing a stale published target (45650.92781ms)
✔ B5 dashboards count real scoped rows, keep homeroom and subject tasks separate and immediately recheck revocation (6091.038022ms)
✔ B5 teacher schedule is own dated teaching and announcement feed reads only current publications across draft edits (3783.370932ms)
✔ B5 dashboard attendance counters and publication tasks follow persisted marks, publish/withdraw and current school policy (1050.431941ms)
✔ B2 platform creates only metadata drafts, bootstraps admin roles/invitations and requires an active administrator for activation (4579.889666ms)
✔ B5 platform settings and operation records persist actual state, redact artifacts and reauthorize command replays (7584.749144ms)
✔ B1 platform admin invitations obey operator expiry ceilings and acceptance rolls back after authority expires (122.696367ms)
✔ B5 support tickets persist both sides, preserve queue states and exact timestamp pagination, and deny other schools (345.138749ms)
✔ B1 support requests require independent current school consent, retain immutable scope and bind tickets/classes/actions/time (359.406904ms)
✔ B1 explicitly selected support grants authorize only scoped metadata GETs, audit the actual operator and force read-only SQL (716.765355ms)
✔ B1 school-wide support metadata never exposes import rows/downloads and expires without fallback to operator privileges (4090.472017ms)
✔ B1 an operator who also has school-admin rights still cannot self-approve or combine selected support scope with ordinary rights (208.161965ms)
✔ B5 signed native keysets cross a nullable sort boundary without dropping or repeating persisted schools (20096.787906ms)
✔ B5 report SQL uses real scoped counts and immutable CSV export content while live attendance changes (886.274288ms)
✔ B5 published report exports pin revisions across replacement and withdrawal without exposing drafts (921.291847ms)
✔ B5 export XLSX/PDF are actual files with literal formula text, Vietnamese font and private download authorization (1148.714764ms)
✔ B5 subject reports remain own lesson attendance and scoped activities without school/family/conduct/export access (5909.691706ms)
✔ B5 export workers and all file paths reauthorize revocation, expiry and cancellation, and replay completed work safely (952.203906ms)
✔ B5 conduct/activity/progress/link reports use actual pinned scores, explicit participant denominators and anonymous link use (961.487677ms)
✔ B6 organization display fields persist with versions and tenant-safe references instead of being silently ignored (381.823701ms)
✔ B6 year wizard creates bounded terms, weeks, published holidays and independent draft rules atomically and idempotently (572.471321ms)
✔ B6 class form assigns homeroom atomically, denies foreign/backdated inputs, requires handover and preserves archived history (858.977369ms)
✔ B6 organization projections scope counts in SQL and a year-only grant cannot copy or publish rules (6637.615806ms)
✔ B6 purpose-bound form pickers use current write authority, exclude contacts/roles/counts and deny normal directory access (426.733646ms)
✔ B6 rollover preview uses exact end-year enrollment, minimal workflow authority and immediate revocation (588.134271ms)
✔ B6 platform school wizard creates its optional admin invitation atomically and redacts form metadata (15482.94354ms)
✔ B6 platform school form readers never lend admin or read authority to a create-only operator (177.342555ms)
✔ B6 school overview keeps current scoped totals, actual setup and publication metadata without lending school-wide reads (3502.133196ms)
✔ B6 support choices/counts are scoped SQL metadata, ticket message/status save atomically and an operator only relinquishes its own grant (359.365654ms)
✔ B6 platform audit filters exact actors and whole local date boundaries before pagination and denies school-only staff (154.932202ms)
✔ B6 school support metadata does not borrow consent authority, counts in SQL and rechecks permission before replay (509.543575ms)
✔ B6 school audit uses the school timezone and exact SQL filters with tenant-safe history options (270.196481ms)
✔ B6 operational probes use worker-only cycle evidence, actual backup records and purpose-bound aggregate authority (5364.870876ms)
✔ B6 atomic school-role replacement retains expiry/class scopes, detects independent grants and rolls back all failures (613.77207ms)
✔ B6 school-role replacement prevents self edits, last-admin removal, ceiling/expiry breaches and unauthorized cached replay (547.76954ms)
✔ B6 ending a membership revokes all current/future grants and assignments without deleting history or other schools (670.777278ms)
✔ B6 native school invitations persist all roles/profile, replay once and accept multiple or zero grants atomically (412.034015ms)
✔ B6 zero-role invitation still rechecks current inviter membership and mail authority before acceptance (201.766894ms)
✔ B6 expired staff invitations cannot be revoked as pending or delivered, and preserve their history (164.379711ms)
✔ B6 staff directory combines authorized pending invitations in SQL, searches folded work data and counts before keysets (557.883644ms)
✔ B6 directory read does not lend invitation, role catalog, assignment or export authority and revocation invalidates opaque scope cursors (397.260116ms)
✔ B6 Vietnamese composite keysets preserve given/full-name order, case/diacritic ties and nullable departments in both directions (578.698209ms)
✔ B6 locked identities keep their directory lifecycle but have no effective grants, and active KPI does not fabricate access (191.695921ms)
✔ B6 member details return real coarse other-school counts and work contacts without opening another tenant (379.365153ms)
✔ B6 member aggregate checks current school authority, target membership and SQL role before returning any count (317.968602ms)
✔ B6 member effective permissions and assignment history follow native grant time, membership, identity and assignment dates (768.54444ms)
✔ B6 member role choices respect action-specific delegation expiry without borrowing a role catalog (458.551474ms)
✔ B6 member history filters member, assignment and grant events before counting/keysets, with independent audit authority (546.102204ms)
✔ B6 personal notifications traverse more than 100 real own memberships without truncating global totals or opaque pages (70461.288698ms)
✔ B6 assignment preview is read-only, uses school-local instants and preserves displayed source versions before saving (538.06281ms)
✔ B6 assignment preview compares exact subject scopes, rejects overlapping windows and rechecks expired delegation on repeated POST (827.414723ms)
✔ B6 assignment preview detects source member changes, rejects malformed/foreign proposals and advertises future/configured publication timing (389.618015ms)
✔ B6 assignment matrix returns actual nullable cells and minimal work names under independent assignment-read authority (475.601352ms)
✔ B6 assignment matrix keeps an unconfigured year explicit and archived display reference separate from authority (301.43295ms)
✔ B6 role metadata keeps native scopes and real counts without lending member/audit access or treating custom class grants as assignments (532.101666ms)
✔ B6 role details show only independently authorized holders/history and save scoped deltas with a displayed version (13645.493387ms)
✔ B6 future held roles and immutable system templates cannot be edited by their holder (394.534456ms)
✔ B6 editing live roles cannot expand permissions beyond the current editor expiry ceiling (399.428281ms)
✔ B6 handover preview reads real current source/counts under purpose authority without member, family or role catalog access (469.203695ms)
✔ B6 handover applies exactly once with school-local cutoffs, durable receipts, own-actor recovery and preserved source authorship (1243.841524ms)
✔ B6 changed handover sources fail before submission or application and require an explicit review of the same pending receipt (1991.17535ms)
✔ B6 open-item changes invalidate handover review and linked source grants are never extended at the cutoff (1692.736677ms)
✔ B6 handover receipts remain actor/school bound, recheck delegation and deny immutable-source replacement (883.125452ms)
✔ B6 student creation allocates actual codes and atomically retains enrollment, gender and a separate unverified guardian (297.053722ms)
✔ B6 student form failures roll back every row and optional contacts require independent current authority on replay (495.573976ms)
✔ B6 student edits retain displayed versions and never replay internal notes after private profile authority is revoked (366.516563ms)
✔ B6 student unknown historic gender remains null and invalid gender/guardian state cannot be fabricated (175.542974ms)
✔ B6 real CSV gender mapping normalizes supported values, preserves unmapped sources and retains invalid rows (5004.241773ms)
✔ B6 native student directory applies Vietnamese keysets, exact SQL filters and minimal selected identifiers (558.823568ms)
✔ B6 native student projections separate school roster authority from family, note and link authority in the same session (516.393565ms)
✔ B6 archived student history uses an explicit included date and stored group, position and teacher sources (310.209422ms)
✔ B6 subject pupil projection remains minimal and class history cannot retain family access after enrollment ends (415.463072ms)
✔ B6 pupil link metadata reflects real events, bounded recent history and revocation without returning reusable secrets (309.348019ms)
✔ B6 an unconfigured school directory returns actual null year context without fabricated class or student data (177.629698ms)
✔ B6 verified family counters remain verified when receiving permission is explicitly disabled (240.807975ms)
✔ B6 atomic guardian save creates unverified contacts, replays one receipt and prevents duplicate new commands (316.37294ms)
✔ B6 atomic guardian save serializes competing displayed student versions (231.950498ms)
✔ B6 guardian form grants class family authority without student read or unscoped sibling data (404.657765ms)
✔ B6 atomic guardian edits preserve verified receiving choices and reject stale contact versions without partial priority changes (357.28501ms)
✔ B6 guardian save detects independently changed primary references and preserves every row on failure (322.078761ms)
✔ B6 guardian save rejects masked phones, foreign pairings and mutation of archived contacts (311.875508ms)
✔ B6 guardian form and cached saves recheck enrollment end and grant expiry in the same session (381.879476ms)
✔ B6 atomic guardian save rolls back contacts, relationships, primary changes, audit and receipt after a real SQL fault (259.382902ms)
✔ B6 school guardian directory uses SQL folded search, literal wildcards, signed keysets and independent link counters (461.74048ms)
✔ B6 class guardian reads exclude all unscoped sibling relationships and immediately lose access after enrollment or grant ends (393.001514ms)
✔ B6 shared guardian contact edits require management of every affected class and current read authority even for a replay (639.133976ms)
✔ B6 guardian profile exposes real verification and revocation metadata but removes link and audit panels when their separate rights end (470.380432ms)
✔ B6 partial student write acknowledgements redact unsubmitted protected fields including stored old receipts (264.006744ms)
✔ B6 bounded school class overview preserves query results, local JIT preference and the five-second runtime timeout (203.68861ms)
✔ B6 native invitation choices require current invitation authority, preserve delegation ceilings and never borrow a role catalog (460.575439ms)
✔ B6 native staff activity is SQL-bounded to staff targets, rechecks audit authority and keeps foreign and family records out (307.682525ms)
✔ B6 student-create choices use current class write authority without borrowing roster, year or class readers (452.876587ms)
✔ B6 parent-issue purpose readers paginate over 1000 pupils, keep current class/time authority and expose no contact or token (618.368831ms)
✔ B6 reviewed parent issuance rejects stale sources, rotates atomically, converts local dates and never replays secrets (663.986579ms)
✔ B6 parent metadata directory keeps manage scope, current capabilities, real counts and no borrowed contact/catalog data (823.685522ms)
✔ B6 parent metadata masks independently authorized contact, paginates anonymous history and tracks only actual replacement facts (1281.832148ms)
✔ B6 parent attendance month exposes only real child sessions and published scoped holiday labels without borrowing overview (1306.839373ms)
✔ B6 parent attendance calendar SQL function checks exact child/year/school/current session and cannot expose raw calendar tables (607.556558ms)
✔ B6 parent teacher directory uses own live class assignments, shared work fields and only current published schedule weekdays (961.029716ms)
✔ B6 parent teacher SQL denies foreign or missing context, honors current enrollment/grant/contact changes and never grants raw memberships (582.145191ms)
✔ B6 parent monthly denominator includes only actual own DAILY publications and keeps LESSON attendance separate (936.362149ms)
✔ B6 parent published dated projections retain old enrollment history and exclude old-class plans from the transfer cutoff (723.009778ms)
✔ B6 parent duty schedule includes all published batch rows and current source statuses, denies other scopes and follows withdrawal (1113.438533ms)
✔ B6 parent timetable week keeps pinned published period/status/work labels, own holiday calendar and independent preview through replacement and withdrawal (3065.047186ms)
✔ B6 parent timetable week SQL denies foreign/current-section contexts and raw sources, clips the year and follows transfer or link revocation (808.854626ms)
✔ B6 parent documents complete directory and metadata use actual published reports, independent view/download rights and matching scoped previews (2092.150486ms)
✔ B6 parent file guards deny raw storage, foreign contexts, expiry and revocation committed between file open and final stream check (476.038427ms)
✔ B6 parent published activity directory and detail pin the own-child state and metadata until replacement or withdrawal (1013.905266ms)
✔ B6 parent published announcements pin rich content and scope kinds while attachments retain current independent rights (1658.693734ms)
ℹ tests 173
ℹ suites 0
ℹ pass 173
ℹ fail 0
ℹ cancelled 0
ℹ skipped 0
ℹ todo 0
ℹ duration_ms 593362.478198
exitCode=0
