
Running 47 tests using 1 worker

(node:16488) Warning: The 'NO_COLOR' env is ignored due to the 'FORCE_COLOR' env being set.
(Use `node --trace-warnings ...` to show where the warning was created)
  ok  1 tests\native-ui-contract\auth-contract.spec.ts:35:7 › Native browser contract with intercepted API responses — PostgreSQL E2E remains separate › ignores a persisted demo persona and requires actual API authentication (771ms)
  ok  2 tests\native-ui-contract\auth-contract.spec.ts:42:7 › Native browser contract with intercepted API responses — PostgreSQL E2E remains separate › keeps a failed login form and retries the same intent before navigating on acknowledgement (748ms)
  ok  3 tests\native-ui-contract\auth-contract.spec.ts:59:7 › Native browser contract with intercepted API responses — PostgreSQL E2E remains separate › accepts a new invitation only after a matching ACK and preserves the result after cache invalidation (946ms)
  ok  4 tests\native-ui-contract\auth-contract.spec.ts:81:7 › Native browser contract with intercepted API responses — PostgreSQL E2E remains separate › requires the invited existing identity and does not offer a password replacement (560ms)
  ok  5 tests\native-ui-contract\auth-contract.spec.ts:87:7 › Native browser contract with intercepted API responses — PostgreSQL E2E remains separate › keeps a reset draft after an invalid ACK and shows completion after authentication changes (771ms)
  ok  6 tests\native-ui-contract\auth-contract.spec.ts:97:7 › Native browser contract with intercepted API responses — PostgreSQL E2E remains separate › retains a dirty profile and its reviewed version across background refresh and resolves conflict explicitly (926ms)
  ok  7 tests\native-ui-contract\auth-contract.spec.ts:112:7 › Native browser contract with intercepted API responses — PostgreSQL E2E remains separate › allows an actual nullable own work phone and saves only after the server profile acknowledgement (653ms)
  ok  8 tests\native-ui-contract\school-contract.spec.ts:22:7 › Native school browser contract — intercepted API, separate from PostgreSQL E2E › keeps school edits on a transient read failure and removes the private form on forbidden reads (793ms)
  ok  9 tests\native-ui-contract\school-contract.spec.ts:35:7 › Native school browser contract — intercepted API, separate from PostgreSQL E2E › accepts nullable public contacts and clears dirty state only after a matching profile ACK (661ms)
  ok 10 tests\native-ui-contract\school-contract.spec.ts:46:7 › Native school browser contract — intercepted API, separate from PostgreSQL E2E › opens a school without years and keeps year creation reachable (836ms)
  ok 11 tests\native-ui-contract\school-contract.spec.ts:59:7 › Native school browser contract — intercepted API, separate from PostgreSQL E2E › keeps a reviewed school profile through background refresh and reloads explicitly after conflict (875ms)
  ok 12 tests\native-ui-contract\school-contract.spec.ts:76:7 › Native school browser contract — intercepted API, separate from PostgreSQL E2E › creates a class with class authority alone, retains a wrong ACK and retries one atomic command (10.0s)
  ok 13 tests\native-ui-contract\school-contract.spec.ts:102:7 › Native school browser contract — intercepted API, separate from PostgreSQL E2E › shows the year calendar with year authority alone and labels denied class data (637ms)
  ok 14 tests\native-ui-contract\staff-contract.spec.ts:26:7 › Native staff browser contracts — intercepted API, separate from PostgreSQL E2E › renders denied assignment and history panels without inventing empty data or reading invitations (637ms)
  ok 15 tests\native-ui-contract\staff-contract.spec.ts:37:7 › Native staff browser contracts — intercepted API, separate from PostgreSQL E2E › keeps mixed action scopes and source version through refresh, retains read failures and reloads a role explicitly after conflict (1.1s)
  ok 16 tests\native-ui-contract\staff-contract.spec.ts:54:7 › Native staff browser contracts — intercepted API, separate from PostgreSQL E2E › creates an invitation through purpose-bound choices with zero roles and truthful queued delivery (816ms)
  ok 17 tests\native-ui-contract\staff-contract.spec.ts:66:7 › Native staff browser contracts — intercepted API, separate from PostgreSQL E2E › replaces school roles with the reviewed member version and actual delegation deadline without reading a role catalog (969ms)
  ok 18 tests\native-ui-contract\staff-contract.spec.ts:79:7 › Native staff browser contracts — intercepted API, separate from PostgreSQL E2E › saves the reviewed assignment dates and versions, retains a wrong ACK and manually retries the same key (1.1s)
  ok 19 tests\native-ui-contract\staff-contract.spec.ts:94:7 › Native staff browser contracts — intercepted API, separate from PostgreSQL E2E › recovers a handover after a lost create ACK and reload, then reviews changed sources without creating a second receipt (1.5s)
  x  20 tests\native-ui-contract\students-contract.spec.ts:44:7 › Native staff parent-link metadata browser contracts — intercepted API, separate from PostgreSQL E2E › class manage alone reads its directory choices, sends filters and exposes the explicit student/year URL restriction (10.5s)
(node:10508) Warning: The 'NO_COLOR' env is ignored due to the 'FORCE_COLOR' env being set.
(Use `node --trace-warnings ...` to show where the warning was created)
  x  21 tests\native-ui-contract\students-contract.spec.ts:54:7 › Native staff parent-link metadata browser contracts — intercepted API, separate from PostgreSQL E2E › directory issuance searches one bounded page across 1600 candidates without reading a full roster (45.2s)
(node:28468) Warning: The 'NO_COLOR' env is ignored due to the 'FORCE_COLOR' env being set.
(Use `node --trace-warnings ...` to show where the warning was created)
  x  22 tests\native-ui-contract\students-contract.spec.ts:62:7 › Native staff parent-link metadata browser contracts — intercepted API, separate from PostgreSQL E2E › details preserve denied contact, real total opens, explicit null history fields and bounded sibling metadata (10.6s)
(node:41488) Warning: The 'NO_COLOR' env is ignored due to the 'FORCE_COLOR' env being set.
(Use `node --trace-warnings ...` to show where the warning was created)
  x  23 tests\native-ui-contract\students-contract.spec.ts:69:7 › Native staff parent-link metadata browser contracts — intercepted API, separate from PostgreSQL E2E › revocation keeps the clicked version through a metadata refresh and retains the same key after an unconfirmed reason (45.2s)
(node:40696) Warning: The 'NO_COLOR' env is ignored due to the 'FORCE_COLOR' env being set.
(Use `node --trace-warnings ...` to show where the warning was created)
  x  24 tests\native-ui-contract\students-contract.spec.ts:76:7 › Native staff parent-link metadata browser contracts — intercepted API, separate from PostgreSQL E2E › a conflict keeps the revocation reason and directs an explicit reload without adopting a new version (45.2s)
(node:46508) Warning: The 'NO_COLOR' env is ignored due to the 'FORCE_COLOR' env being set.
(Use `node --trace-warnings ...` to show where the warning was created)
  x  25 tests\native-ui-contract\students-contract.spec.ts:81:7 › Native staff parent-link metadata browser contracts — intercepted API, separate from PostgreSQL E2E › loss of manage authority unmounts detail metadata and the open private revocation draft (45.2s)
(node:37648) Warning: The 'NO_COLOR' env is ignored due to the 'FORCE_COLOR' env being set.
(Use `node --trace-warnings ...` to show where the warning was created)
  x  26 tests\native-ui-contract\students-contract.spec.ts:86:7 › Native staff parent-link metadata browser contracts — intercepted API, separate from PostgreSQL E2E › denied revoke authority removes the draft and exact recipient from the command error dialog (45.2s)
(node:37640) Warning: The 'NO_COLOR' env is ignored due to the 'FORCE_COLOR' env being set.
(Use `node --trace-warnings ...` to show where the warning was created)
  x  27 tests\native-ui-contract\students-contract.spec.ts:91:7 › Native staff parent-link metadata browser contracts — intercepted API, separate from PostgreSQL E2E › directory rotation freezes the selected old link while background directory/source readers refresh (45.2s)
(node:25324) Warning: The 'NO_COLOR' env is ignored due to the 'FORCE_COLOR' env being set.
(Use `node --trace-warnings ...` to show where the warning was created)
  ok 28 tests\native-ui-contract\students-contract.spec.ts:101:7 › Native student and guardian browser contracts — intercepted API, separate from PostgreSQL E2E › uses directory year and class choices, preserves denied counters and sends server filters (1.3s)
  ok 29 tests\native-ui-contract\students-contract.spec.ts:112:7 › Native student and guardian browser contracts — intercepted API, separate from PostgreSQL E2E › opens a class-write creation form without school, year or roster readers and creates atomically (1.3s)
  ok 30 tests\native-ui-contract\students-contract.spec.ts:124:7 › Native student and guardian browser contracts — intercepted API, separate from PostgreSQL E2E › renders the minimal subject projection without family, notes, positions or stored link credentials (925ms)
  ok 31 tests\native-ui-contract\students-contract.spec.ts:133:7 › Native student and guardian browser contracts — intercepted API, separate from PostgreSQL E2E › renders existing link metadata without recovering a secret or borrowing issuance authority (1.3s)
  ok 32 tests\native-ui-contract\students-contract.spec.ts:142:7 › Native student and guardian browser contracts — intercepted API, separate from PostgreSQL E2E › retains the student draft and displayed version through background read failure and a wrong mutation ACK (1.2s)
  ok 33 tests\native-ui-contract\students-contract.spec.ts:154:7 › Native student and guardian browser contracts — intercepted API, separate from PostgreSQL E2E › uses the atomic guardian source, keeps masked contact unchanged and freezes all reviewed versions (1.1s)
  ok 34 tests\native-ui-contract\students-contract.spec.ts:166:7 › Native student and guardian browser contracts — intercepted API, separate from PostgreSQL E2E › retains a guardian draft on 409 and adopts changed contact, relationship and primary versions only after explicit reload (1.3s)
  ok 35 tests\native-ui-contract\students-contract.spec.ts:178:7 › Native student and guardian browser contracts — intercepted API, separate from PostgreSQL E2E › requires an explicit receiving choice for verification and sends the clicked relationship version (1.1s)
  ok 36 tests\native-ui-contract\students-contract.spec.ts:189:7 › Native student and guardian browser contracts — intercepted API, separate from PostgreSQL E2E › removes an open guardian draft when purpose authority is revoked (1.0s)
  ok 37 tests\native-ui-contract\students-contract.spec.ts:201:7 › Native parent-link issuance browser contracts — intercepted API, separate from PostgreSQL E2E › issue-only class authority prepares the recipient without borrowed readers and displays a fragment link once (6.4s)
  ok 38 tests\native-ui-contract\students-contract.spec.ts:217:7 › Native parent-link issuance browser contracts — intercepted API, separate from PostgreSQL E2E › a verified relationship without receiving authority remains disabled (772ms)
  ok 39 tests\native-ui-contract\students-contract.spec.ts:224:7 › Native parent-link issuance browser contracts — intercepted API, separate from PostgreSQL E2E › source conflicts keep the reviewed draft and only an explicit reload adopts the new versions/defaults (1.4s)
  ok 40 tests\native-ui-contract\students-contract.spec.ts:232:7 › Native parent-link issuance browser contracts — intercepted API, separate from PostgreSQL E2E › lost acknowledgement retries the same command and disables resubmission after the one-time receipt is unavailable (1.3s)
  ok 41 tests\native-ui-contract\students-contract.spec.ts:238:7 › Native parent-link issuance browser contracts — intercepted API, separate from PostgreSQL E2E › rotation sends the displayed old link version and preserves explicit document download permission (1.1s)
  ok 42 tests\native-ui-contract\students-contract.spec.ts:245:7 › Native parent-link issuance browser contracts — intercepted API, separate from PostgreSQL E2E › a source authorization failure on refresh removes the private issuance form (891ms)
  ok 43 tests\native-ui-contract\support-contract.spec.ts:26:7 › Native school support browser contracts — intercepted API, separate from PostgreSQL E2E › uses server ticket totals, message counts and filters without borrowing consent authority (933ms)
  ok 44 tests\native-ui-contract\support-contract.spec.ts:37:7 › Native school support browser contracts — intercepted API, separate from PostgreSQL E2E › keeps a ticket draft through read failure and mismatched create ACK, then manually retries the same intent (1.1s)
  ok 45 tests\native-ui-contract\support-contract.spec.ts:51:7 › Native school support browser contracts — intercepted API, separate from PostgreSQL E2E › uses the reviewed support version through refresh and retains a required decline reason on conflict (996ms)
  ok 46 tests\native-ui-contract\support-contract.spec.ts:64:7 › Native school support browser contracts — intercepted API, separate from PostgreSQL E2E › retains an unconfirmed school message and sends the same key on manual retry (909ms)
  ok 47 tests\native-ui-contract\support-contract.spec.ts:76:7 › Native school support browser contracts — intercepted API, separate from PostgreSQL E2E › uses audit SQL filters and removes a private detail drawer when read authority is denied (1.1s)


  1) tests\native-ui-contract\students-contract.spec.ts:44:7 › Native staff parent-link metadata browser contracts — intercepted API, separate from PostgreSQL E2E › class manage alone reads its directory choices, sends filters and exposes the explicit student/year URL restriction

    Error: expect(locator).toBeVisible() failed

    Locator: getByRole('heading', { name: 'Quyền tra cứu phụ huynh', exact: true })
    Expected: visible
    Timeout: 10000ms
    Error: element(s) not found

    Call log:
      - Expect "toBeVisible" getByRole('heading', { name: 'Quyền tra cứu phụ huynh', exact: true }) with timeout 10000ms
      - waiting for getByRole('heading', { name: 'Quyền tra cứu phụ huynh', exact: true })


      48 |       unexpected.push(path);return deny(r);
      49 |     },'CLASS');await page.goto(`${web}/parent-access?studentId=${studentId}&yearId=${yearId}`);
    > 50 |     await expect(page.getByRole('heading',{name:'Quyền tra cứu phụ huynh',exact:true})).toBeVisible();await expect(page.getByText('Đang lọc theo học sinh và năm học đã chọn.',{exact:false})).toBeVisible();await expect(page.getByRole('cell',{name:/^Học sinh API API001/})).toBeVisible();await expect(page.getByRole('button',{name:'Cấp link mới',exact:true})).toHaveCount(0);
         |                                                                                         ^
      51 |     await page.getByLabel('Lọc theo lớp',{exact:true}).selectOption(classId);await expect.poll(()=>requests.some(u=>new URL(u).searchParams.get('classId')===classId&&new URL(u).searchParams.get('studentId')===studentId)).toBe(true);await page.screenshot({path:screenshot('parent-directory'),fullPage:true});await page.setViewportSize({width:390,height:844});await page.screenshot({path:screenshot('parent-directory-mobile'),fullPage:true});
      52 |     await page.getByRole('link',{name:'Xem toàn bộ phạm vi',exact:true}).click();await expect(page).toHaveURL(new RegExp(`/school/${schoolId}/parent-access$`));await expect(page.getByText('Đang lọc theo học sinh và năm học đã chọn.',{exact:false})).toHaveCount(0);expect(unexpected).toEqual([]);
      53 |   });
        at D:\Edu\tests\native-ui-contract\students-contract.spec.ts:50:89

    attachment #1: screenshot (image/png) ──────────────────────────────────────────────────────────
    qa\backend\b6-parent-access-browser-artifacts-final\students-contract-Native-s-eea80-tudent-year-URL-restriction\test-failed-1.png
    ────────────────────────────────────────────────────────────────────────────────────────────────

    Error Context: qa\backend\b6-parent-access-browser-artifacts-final\students-contract-Native-s-eea80-tudent-year-URL-restriction\error-context.md

    attachment #3: trace (application/zip) ─────────────────────────────────────────────────────────
    qa\backend\b6-parent-access-browser-artifacts-final\students-contract-Native-s-eea80-tudent-year-URL-restriction\trace.zip
    Usage:

        npx playwright show-trace qa\backend\b6-parent-access-browser-artifacts-final\students-contract-Native-s-eea80-tudent-year-URL-restriction\trace.zip

    ────────────────────────────────────────────────────────────────────────────────────────────────

  2) tests\native-ui-contract\students-contract.spec.ts:54:7 › Native staff parent-link metadata browser contracts — intercepted API, separate from PostgreSQL E2E › directory issuance searches one bounded page across 1600 candidates without reading a full roster

    Test timeout of 45000ms exceeded.

    Error: locator.click: Test timeout of 45000ms exceeded.
    Call log:
      - waiting for getByRole('button', { name: 'Cấp link mới', exact: true })


      58 |       if(path===`${base}/parent-access/issue-students`){searches.push(r.request().url());return r.fulfill({status:200,json:{data:[{id:studentId,version:4,fullName:'Học sinh API',studentCode:'API001',classId,className:'Lớp API'}],requestId:'bounded-issue-search',page:{limit:100,total:1600,hasMore:true,nextCursor:'next-student'}}});}
      59 |       if(path===`${base}/students/${studentId}/parent-access-issue-source`)return reply(r,issueSource());unexpected.push(path);return deny(r);
    > 60 |     },'CLASS');await page.goto(`${web}/parent-access`);await page.getByRole('button',{name:'Cấp link mới',exact:true}).click();await expect(page.getByText(/Đang hiển thị 1\/1600 kết quả/)).toBeVisible();await page.getByRole('combobox',{name:/^Học sinh/}).click();await page.getByLabel('Tìm trong danh sách',{exact:true}).fill('API001');await expect.poll(()=>searches.some(u=>new URL(u).searchParams.get('q')==='API001')).toBe(true);await page.getByRole('option',{name:/Học sinh API/}).click();await expect(page.getByRole('radio',{name:/Giám hộ API/})).toBeVisible();expect(searches.every(u=>new URL(u).searchParams.get('cursor')===null)).toBe(true);expect(unexpected).toEqual([]);
         |                                                                                                                        ^
      61 |   });
      62 |   test('details preserve denied contact, real total opens, explicit null history fields and bounded sibling metadata',async({page})=>{
      63 |     const histories:string[]=[];await routes(page,['parent_access.manage'],(r,path)=>{
        at D:\Edu\tests\native-ui-contract\students-contract.spec.ts:60:120

    attachment #1: screenshot (image/png) ──────────────────────────────────────────────────────────
    qa\backend\b6-parent-access-browser-artifacts-final\students-contract-Native-s-1b9ee-thout-reading-a-full-roster\test-failed-1.png
    ────────────────────────────────────────────────────────────────────────────────────────────────

    Error Context: qa\backend\b6-parent-access-browser-artifacts-final\students-contract-Native-s-1b9ee-thout-reading-a-full-roster\error-context.md

    attachment #3: trace (application/zip) ─────────────────────────────────────────────────────────
    qa\backend\b6-parent-access-browser-artifacts-final\students-contract-Native-s-1b9ee-thout-reading-a-full-roster\trace.zip
    Usage:

        npx playwright show-trace qa\backend\b6-parent-access-browser-artifacts-final\students-contract-Native-s-1b9ee-thout-reading-a-full-roster\trace.zip

    ────────────────────────────────────────────────────────────────────────────────────────────────

  3) tests\native-ui-contract\students-contract.spec.ts:62:7 › Native staff parent-link metadata browser contracts — intercepted API, separate from PostgreSQL E2E › details preserve denied contact, real total opens, explicit null history fields and bounded sibling metadata

    Error: expect(locator).toBeVisible() failed

    Locator: getByText('Không có quyền xem liên hệ', { exact: true })
    Expected: visible
    Timeout: 10000ms
    Error: element(s) not found

    Call log:
      - Expect "toBeVisible" getByText('Không có quyền xem liên hệ', { exact: true }) with timeout 10000ms
      - waiting for getByText('Không có quyền xem liên hệ', { exact: true })


      64 |       if(path===`${base}/parent-access/${accessId}/details`){const d=accessDetails();return reply(r,{...d,siblings:{items:Array.from({length:20},(_,i)=>({id:`40000000-0000-4000-8000-${String(i+30).padStart(12,'0')}`,status:'ACTIVE',guardianName:`Giám hộ ${i+1}`,relationshipLabel:'Mẹ'})),total:22,hasMore:true}});}
      65 |       if(path===`${base}/parent-access/${accessId}/history`){histories.push(r.request().url());return eventPage(r);}return deny(r);
    > 66 |     },'CLASS');await page.goto(`${web}/parent-access/${accessId}`);await expect(page.getByText('Không có quyền xem liên hệ',{exact:true})).toBeVisible();await expect(page.getByText('42',{exact:true})).toBeVisible();await expect(page.getByText(/Đang hiển thị 20\/22 link/)).toBeVisible();await expect(page.getByText('Đọc thông tin',{exact:true})).toBeVisible();await expect(page.getByRole('button',{name:'Thu hồi',exact:true})).toHaveCount(0);await expect(page.getByRole('button',{name:'Cấp lại',exact:true})).toHaveCount(0);await expect(page.getByRole('link',{name:'Mở link tra cứu',exact:true})).toHaveCount(0);await expect(page.locator('img[alt*="QR"]')).toHaveCount(0);
         |                                                                                                                                            ^
      67 |     await page.getByRole('button',{name:'Trang sau',exact:true}).click();await expect(page.getByText('Mở phiên tra cứu',{exact:true})).toBeVisible();expect(histories.some(u=>new URL(u).searchParams.get('cursor')==='next-history')).toBe(true);await page.screenshot({path:screenshot('parent-details-history'),fullPage:true});await page.setViewportSize({width:390,height:844});await page.screenshot({path:screenshot('parent-details-history-mobile'),fullPage:true});
      68 |   });
      69 |   test('revocation keeps the clicked version through a metadata refresh and retains the same key after an unconfirmed reason',async({page})=>{
        at D:\Edu\tests\native-ui-contract\students-contract.spec.ts:66:140

    attachment #1: screenshot (image/png) ──────────────────────────────────────────────────────────
    qa\backend\b6-parent-access-browser-artifacts-final\students-contract-Native-s-dbf75-nd-bounded-sibling-metadata\test-failed-1.png
    ────────────────────────────────────────────────────────────────────────────────────────────────

    Error Context: qa\backend\b6-parent-access-browser-artifacts-final\students-contract-Native-s-dbf75-nd-bounded-sibling-metadata\error-context.md

    attachment #3: trace (application/zip) ─────────────────────────────────────────────────────────
    qa\backend\b6-parent-access-browser-artifacts-final\students-contract-Native-s-dbf75-nd-bounded-sibling-metadata\trace.zip
    Usage:

        npx playwright show-trace qa\backend\b6-parent-access-browser-artifacts-final\students-contract-Native-s-dbf75-nd-bounded-sibling-metadata\trace.zip

    ────────────────────────────────────────────────────────────────────────────────────────────────

  4) tests\native-ui-contract\students-contract.spec.ts:69:7 › Native staff parent-link metadata browser contracts — intercepted API, separate from PostgreSQL E2E › revocation keeps the clicked version through a metadata refresh and retains the same key after an unconfirmed reason

    Test timeout of 45000ms exceeded.

    Error: locator.click: Test timeout of 45000ms exceeded.
    Call log:
      - waiting for getByRole('button', { name: 'Thu hồi', exact: true })


      72 |       if(path===`${base}/parent-access/${accessId}/history`)return eventPage(r);
      73 |       if(path===`${base}/parent-access/${accessId}/revoke`){const body=r.request().postDataJSON();writes.push(body);keys.push(r.request().headers()['idempotency-key']);return reply(r,{...meta,id:accessId,version:5,studentId,yearId,relationshipId,revokedAt:stamp,revokeReason:writes.length===1?'Khác lý do đã nhập':body.reason});}return deny(r);
    > 74 |     },'CLASS');await page.goto(`${web}/parent-access/${accessId}`);await page.getByRole('button',{name:'Thu hồi',exact:true}).click();const dialog=page.getByRole('dialog',{name:'Thu hồi link tra cứu',exact:true});await dialog.getByLabel(/^Lý do thu hồi/).fill('Đề nghị thu hồi');version=9;const previous=reads;await page.evaluate(()=>window.dispatchEvent(new Event('focus')));await expect.poll(()=>reads).toBeGreaterThan(previous);await dialog.getByRole('button',{name:'Thu hồi link',exact:true}).click();await expect(dialog.getByText(/Chưa xác minh được kết quả thu hồi/)).toBeVisible();await expect(dialog.getByLabel(/^Lý do thu hồi/)).toHaveValue('Đề nghị thu hồi');await dialog.getByRole('button',{name:'Thu hồi link',exact:true}).click();await expect(dialog).toHaveCount(0);expect(writes).toEqual([{expectedVersion:4,reason:'Đề nghị thu hồi'},{expectedVersion:4,reason:'Đề nghị thu hồi'}]);expect(keys[0]).toBe(keys[1]);
         |                                                                                                                               ^
      75 |   });
      76 |   test('a conflict keeps the revocation reason and directs an explicit reload without adopting a new version',async({page})=>{
      77 |     const writes:Record<string,unknown>[]=[];await routes(page,['parent_access.manage','parent_access.revoke'],(r,path)=>{
        at D:\Edu\tests\native-ui-contract\students-contract.spec.ts:74:127

    attachment #1: screenshot (image/png) ──────────────────────────────────────────────────────────
    qa\backend\b6-parent-access-browser-artifacts-final\students-contract-Native-s-9c177-after-an-unconfirmed-reason\test-failed-1.png
    ────────────────────────────────────────────────────────────────────────────────────────────────

    Error Context: qa\backend\b6-parent-access-browser-artifacts-final\students-contract-Native-s-9c177-after-an-unconfirmed-reason\error-context.md

    attachment #3: trace (application/zip) ─────────────────────────────────────────────────────────
    qa\backend\b6-parent-access-browser-artifacts-final\students-contract-Native-s-9c177-after-an-unconfirmed-reason\trace.zip
    Usage:

        npx playwright show-trace qa\backend\b6-parent-access-browser-artifacts-final\students-contract-Native-s-9c177-after-an-unconfirmed-reason\trace.zip

    ────────────────────────────────────────────────────────────────────────────────────────────────

  5) tests\native-ui-contract\students-contract.spec.ts:76:7 › Native staff parent-link metadata browser contracts — intercepted API, separate from PostgreSQL E2E › a conflict keeps the revocation reason and directs an explicit reload without adopting a new version

    Test timeout of 45000ms exceeded.

    Error: locator.click: Test timeout of 45000ms exceeded.
    Call log:
      - waiting for getByRole('button', { name: 'Thu hồi', exact: true })


      77 |     const writes:Record<string,unknown>[]=[];await routes(page,['parent_access.manage','parent_access.revoke'],(r,path)=>{
      78 |       if(path===`${base}/parent-access/${accessId}/details`)return reply(r,{...accessDetails(),access:{...staffAccess(),canRevoke:true}});if(path===`${base}/parent-access/${accessId}/history`)return eventPage(r);if(path===`${base}/parent-access/${accessId}/revoke`){writes.push(r.request().postDataJSON());return r.fulfill({status:409,json:{code:'VERSION_CONFLICT'}});}return deny(r);
    > 79 |     },'CLASS');await page.goto(`${web}/parent-access/${accessId}`);await page.getByRole('button',{name:'Thu hồi',exact:true}).click();const dialog=page.getByRole('dialog',{name:'Thu hồi link tra cứu',exact:true});await dialog.getByLabel(/^Lý do thu hồi/).fill('Theo hồ sơ mới');await dialog.getByRole('button',{name:'Thu hồi link',exact:true}).click();await expect(dialog.getByText('Đóng hộp thoại và tải lại màn hình để xem phiên bản hiện tại trước khi thu hồi.',{exact:true})).toBeVisible();await expect(dialog.getByLabel(/^Lý do thu hồi/)).toHaveValue('Theo hồ sơ mới');expect(writes).toEqual([{expectedVersion:4,reason:'Theo hồ sơ mới'}]);
         |                                                                                                                               ^
      80 |   });
      81 |   test('loss of manage authority unmounts detail metadata and the open private revocation draft',async({page})=>{
      82 |     let denied=false,reads=0;await routes(page,['parent_access.manage','parent_access.revoke'],(r,path)=>{
        at D:\Edu\tests\native-ui-contract\students-contract.spec.ts:79:127

    attachment #1: screenshot (image/png) ──────────────────────────────────────────────────────────
    qa\backend\b6-parent-access-browser-artifacts-final\students-contract-Native-s-f072c-hout-adopting-a-new-version\test-failed-1.png
    ────────────────────────────────────────────────────────────────────────────────────────────────

    Error Context: qa\backend\b6-parent-access-browser-artifacts-final\students-contract-Native-s-f072c-hout-adopting-a-new-version\error-context.md

    attachment #3: trace (application/zip) ─────────────────────────────────────────────────────────
    qa\backend\b6-parent-access-browser-artifacts-final\students-contract-Native-s-f072c-hout-adopting-a-new-version\trace.zip
    Usage:

        npx playwright show-trace qa\backend\b6-parent-access-browser-artifacts-final\students-contract-Native-s-f072c-hout-adopting-a-new-version\trace.zip

    ────────────────────────────────────────────────────────────────────────────────────────────────

  6) tests\native-ui-contract\students-contract.spec.ts:81:7 › Native staff parent-link metadata browser contracts — intercepted API, separate from PostgreSQL E2E › loss of manage authority unmounts detail metadata and the open private revocation draft

    Test timeout of 45000ms exceeded.

    Error: locator.click: Test timeout of 45000ms exceeded.
    Call log:
      - waiting for getByRole('button', { name: 'Thu hồi', exact: true })


      82 |     let denied=false,reads=0;await routes(page,['parent_access.manage','parent_access.revoke'],(r,path)=>{
      83 |       if(path===`${base}/parent-access/${accessId}/details`){reads++;return denied?deny(r):reply(r,{...accessDetails(),access:{...staffAccess(),canRevoke:true}});}if(path===`${base}/parent-access/${accessId}/history`)return eventPage(r);return deny(r);
    > 84 |     },'CLASS');await page.goto(`${web}/parent-access/${accessId}`);await page.getByRole('button',{name:'Thu hồi',exact:true}).click();await page.getByLabel(/^Lý do thu hồi/).fill('Nội dung riêng');const previous=reads;denied=true;await page.evaluate(()=>window.dispatchEvent(new Event('focus')));await expect.poll(()=>reads).toBeGreaterThan(previous);await expect(page.getByRole('dialog',{name:'Thu hồi link tra cứu',exact:true})).toHaveCount(0);await expect(page.getByText('Giám hộ API',{exact:false})).toHaveCount(0);await expect(page.getByText('Bạn không có quyền xem mục này',{exact:true})).toBeVisible();
         |                                                                                                                               ^
      85 |   });
      86 |   test('denied revoke authority removes the draft and exact recipient from the command error dialog',async({page})=>{
      87 |     await routes(page,['parent_access.manage','parent_access.revoke'],(r,path)=>{
        at D:\Edu\tests\native-ui-contract\students-contract.spec.ts:84:127

    attachment #1: screenshot (image/png) ──────────────────────────────────────────────────────────
    qa\backend\b6-parent-access-browser-artifacts-final\students-contract-Native-s-62fcd-en-private-revocation-draft\test-failed-1.png
    ────────────────────────────────────────────────────────────────────────────────────────────────

    Error Context: qa\backend\b6-parent-access-browser-artifacts-final\students-contract-Native-s-62fcd-en-private-revocation-draft\error-context.md

    attachment #3: trace (application/zip) ─────────────────────────────────────────────────────────
    qa\backend\b6-parent-access-browser-artifacts-final\students-contract-Native-s-62fcd-en-private-revocation-draft\trace.zip
    Usage:

        npx playwright show-trace qa\backend\b6-parent-access-browser-artifacts-final\students-contract-Native-s-62fcd-en-private-revocation-draft\trace.zip

    ────────────────────────────────────────────────────────────────────────────────────────────────

  7) tests\native-ui-contract\students-contract.spec.ts:86:7 › Native staff parent-link metadata browser contracts — intercepted API, separate from PostgreSQL E2E › denied revoke authority removes the draft and exact recipient from the command error dialog

    Test timeout of 45000ms exceeded.

    Error: locator.click: Test timeout of 45000ms exceeded.
    Call log:
      - waiting for getByRole('button', { name: 'Thu hồi', exact: true })


      87 |     await routes(page,['parent_access.manage','parent_access.revoke'],(r,path)=>{
      88 |       if(path===`${base}/parent-access/${accessId}/details`)return reply(r,{...accessDetails(),access:{...staffAccess(),canRevoke:true}});if(path===`${base}/parent-access/${accessId}/history`)return eventPage(r);return deny(r);
    > 89 |     },'CLASS');await page.goto(`${web}/parent-access/${accessId}`);await page.getByRole('button',{name:'Thu hồi',exact:true}).click();const dialog=page.getByRole('dialog',{name:'Thu hồi link tra cứu',exact:true});await dialog.getByLabel(/^Lý do thu hồi/).fill('Nội dung riêng');await dialog.getByRole('button',{name:'Thu hồi link',exact:true}).click();await expect(dialog.getByText('Bạn không có quyền xem mục này',{exact:true})).toBeVisible();await expect(dialog.getByLabel(/^Lý do thu hồi/)).toHaveCount(0);await expect(dialog.getByText('Giám hộ API',{exact:false})).toHaveCount(0);
         |                                                                                                                               ^
      90 |   });
      91 |   test('directory rotation freezes the selected old link while background directory/source readers refresh',async({page})=>{
      92 |     let version=4,reads=0;const writes:Record<string,unknown>[]=[];await routes(page,['parent_access.manage','parent_access.issue'],(r,path)=>{
        at D:\Edu\tests\native-ui-contract\students-contract.spec.ts:89:127

    attachment #1: screenshot (image/png) ──────────────────────────────────────────────────────────
    qa\backend\b6-parent-access-browser-artifacts-final\students-contract-Native-s-fe3f1-om-the-command-error-dialog\test-failed-1.png
    ────────────────────────────────────────────────────────────────────────────────────────────────

    Error Context: qa\backend\b6-parent-access-browser-artifacts-final\students-contract-Native-s-fe3f1-om-the-command-error-dialog\error-context.md

    attachment #3: trace (application/zip) ─────────────────────────────────────────────────────────
    qa\backend\b6-parent-access-browser-artifacts-final\students-contract-Native-s-fe3f1-om-the-command-error-dialog\trace.zip
    Usage:

        npx playwright show-trace qa\backend\b6-parent-access-browser-artifacts-final\students-contract-Native-s-fe3f1-om-the-command-error-dialog\trace.zip

    ────────────────────────────────────────────────────────────────────────────────────────────────

  8) tests\native-ui-contract\students-contract.spec.ts:91:7 › Native staff parent-link metadata browser contracts — intercepted API, separate from PostgreSQL E2E › directory rotation freezes the selected old link while background directory/source readers refresh

    Test timeout of 45000ms exceeded.

    Error: locator.click: Test timeout of 45000ms exceeded.
    Call log:
      - waiting for getByRole('button', { name: /Thao tác với Link cấp cho/ })


      94 |       if(path===`${base}/parent-access/issue-context`)return reply(r,issueContext());if(path===`${base}/students/${studentId}/parent-access-issue-source`){const s=issueSource();s.relationships[0].activeLinkIds=[accessId];return reply(r,s);}
      95 |       if(path===`${base}/parent-access/reviewed-issue`){const body=r.request().postDataJSON();writes.push(body);return r.fulfill({status:409,json:{code:'VERSION_CONFLICT'}});}return deny(r);
    > 96 |     },'CLASS');await page.goto(`${web}/parent-access`);await page.getByRole('button',{name:/Thao tác với Link cấp cho/}).click();await page.getByRole('menuitem',{name:/^Cấp lại/}).click();await expect(page.getByLabel(/^Lý do cấp lại/)).toBeVisible();await page.getByLabel(/^Lý do cấp lại/).fill('Cấp lại theo đề nghị');const previous=reads;version=9;await page.evaluate(()=>window.dispatchEvent(new Event('focus')));await expect.poll(()=>reads).toBeGreaterThan(previous);await page.getByRole('button',{name:'Thu hồi link cũ và cấp link mới',exact:true}).click();await expect(page.getByText('Đóng hộp thoại và tải lại trang đang xem để kiểm tra phiên bản link trước khi cấp lại.',{exact:true})).toBeVisible();expect(writes).toHaveLength(1);expect(writes[0]).toMatchObject({replace:{accessId,expectedVersion:4},reason:'Cấp lại theo đề nghị'});
         |                                                                                                                          ^
      97 |   });
      98 | });
      99 |
        at D:\Edu\tests\native-ui-contract\students-contract.spec.ts:96:122

    attachment #1: screenshot (image/png) ──────────────────────────────────────────────────────────
    qa\backend\b6-parent-access-browser-artifacts-final\students-contract-Native-s-bf332-tory-source-readers-refresh\test-failed-1.png
    ────────────────────────────────────────────────────────────────────────────────────────────────

    Error Context: qa\backend\b6-parent-access-browser-artifacts-final\students-contract-Native-s-bf332-tory-source-readers-refresh\error-context.md

    attachment #3: trace (application/zip) ─────────────────────────────────────────────────────────
    qa\backend\b6-parent-access-browser-artifacts-final\students-contract-Native-s-bf332-tory-source-readers-refresh\trace.zip
    Usage:

        npx playwright show-trace qa\backend\b6-parent-access-browser-artifacts-final\students-contract-Native-s-bf332-tory-source-readers-refresh\trace.zip

    ────────────────────────────────────────────────────────────────────────────────────────────────

  8 failed
    tests\native-ui-contract\students-contract.spec.ts:44:7 › Native staff parent-link metadata browser contracts — intercepted API, separate from PostgreSQL E2E › class manage alone reads its directory choices, sends filters and exposes the explicit student/year URL restriction
    tests\native-ui-contract\students-contract.spec.ts:54:7 › Native staff parent-link metadata browser contracts — intercepted API, separate from PostgreSQL E2E › directory issuance searches one bounded page across 1600 candidates without reading a full roster
    tests\native-ui-contract\students-contract.spec.ts:62:7 › Native staff parent-link metadata browser contracts — intercepted API, separate from PostgreSQL E2E › details preserve denied contact, real total opens, explicit null history fields and bounded sibling metadata
    tests\native-ui-contract\students-contract.spec.ts:69:7 › Native staff parent-link metadata browser contracts — intercepted API, separate from PostgreSQL E2E › revocation keeps the clicked version through a metadata refresh and retains the same key after an unconfirmed reason
    tests\native-ui-contract\students-contract.spec.ts:76:7 › Native staff parent-link metadata browser contracts — intercepted API, separate from PostgreSQL E2E › a conflict keeps the revocation reason and directs an explicit reload without adopting a new version
    tests\native-ui-contract\students-contract.spec.ts:81:7 › Native staff parent-link metadata browser contracts — intercepted API, separate from PostgreSQL E2E › loss of manage authority unmounts detail metadata and the open private revocation draft
    tests\native-ui-contract\students-contract.spec.ts:86:7 › Native staff parent-link metadata browser contracts — intercepted API, separate from PostgreSQL E2E › denied revoke authority removes the draft and exact recipient from the command error dialog
    tests\native-ui-contract\students-contract.spec.ts:91:7 › Native staff parent-link metadata browser contracts — intercepted API, separate from PostgreSQL E2E › directory rotation freezes the selected old link while background directory/source readers refresh
  39 passed (5.9m)
