✔ all operation IDs are unique, including the explicit frontend workflow extensions (1.3485ms)
✔ atomic school roles require a displayed version and unique explicit role IDs without actor authority (10.2296ms)
✔ reviewed parent issuance requires every reviewed source version and rejects contact/token/actor fields (8.7176ms)
✔ parent staff metadata excludes bearer/private fields and history represents missing device/section explicitly (9.9969ms)
✔ school invite retains zero or multiple roles and the 1–30 day form without widening platform admin invitations (3.8216ms)
✔ login rejects spoofed role, school and unknown fields (0.9264ms)
✔ private user DTO rejects secrets and unknown properties (2.9338ms)
✔ platform first administrator supports server start time and rejects scope spoofing or excessive invitation lifetime (0.2355ms)
✔ school overview accepts explicit unavailable panels and rejects private directory fields (21.658ms)
✔ directory represents invitations without fake memberships and keeps unavailable invitation KPI explicit (5.4182ms)
✔ member profile separates denied panels and exact native authority without exposing other school metadata (16.6479ms)
✔ invitation choices use invitation authority and never lend role metadata or contacts (2.0502ms)
✔ atomic guardian save requires displayed student and primary versions without verification or actor fields (12.327ms)
✔ assignment preview is a CSRF-protected read-only POST and preserves explicit source versions without actor authority (2.5907ms)
✔ assignment matrix represents a real unconfigured year and empty cells without borrowing profiles, rosters or permissions (18.2188ms)
✔ role details retain exact native scopes and denied panels without exposing staff contacts or a fabricated editable system role (10.7779ms)
✔ handover receipts retain unknown legacy metadata and strict reviewed source fields without exposing the internal state (8.2614ms)
✔ student forms persist nullable gender and an atomic unverified guardian without accepting actor or result state (25.0435ms)
✔ student read models distinguish denied and unknown values and exclude reusable parent tokens (30.3728ms)
✔ guardian projections exclude student private profiles and audit snapshots and require explicit denied panels (15.3186ms)
✔ student-create options are a minimal write-purpose class projection without roster or borrowed catalogs (3.6415ms)
✔ parent context metadata distinguishes year, link and session bounds without child private fields (3.5037ms)
✔ parent attendance month preserves real session/holiday counts and rejects private fields or invented calendar states (5.0729ms)
✔ parent teacher directory requires explicit nullable work metadata and minimal unique weekdays without raw staff identity (4.1323ms)
✔ parent duty schedule exposes only concrete published tasks with explicit status and year/date metadata (11.2442ms)
✔ parent weekly timetable requires explicit published status, timezone and nullable pinned metadata without raw source fields (4.7022ms)
✔ parent document directory requires real independent capabilities and minimal report fields without storage keys (4.6209ms)
✔ parent shared content keeps pinned nullable metadata and independent attachments without raw sources or recipients (17.989ms)
✔ parent conduct display exposes published own history and explicit absent metadata without staff rules or cohort identity (6.4094ms)
✔ announcement HTML retains paragraph/list formatting while dropping executable markup, URLs and tracking resources (5.5323ms)
✔ operation evidence validates metadata values and omits secret-like values and unknown fields (1.3212ms)
✔ parent month keeps actual sessions, mixed days and unmarked outside the attendance denominator (17.6503ms)
✔ parent month infers neither Sunday holidays nor missing-day presence and preserves actual published holiday names (0.5278ms)
✔ parent month clips only to real exclusive year bounds and rejects malformed/outside-year selection (0.4242ms)
✔ parent month rejects missing calendar days, shifted date sources, unknown statuses and foreign date rows (0.7374ms)
✔ grant action and class scope stay together (0.7776ms)
✔ subject grants never authorize management without explicit subject policy (0.1282ms)
✔ end dates are exclusive and assignment is mandatory for default teacher grants (0.1123ms)
✔ a custom class grant authorizes only its delegated action and class (0.1269ms)
✔ a delegated grant cannot outlive an expiring authority, including an unbounded target or future start (0.1664ms)
✔ decimal scoring preserves fractional sums, negative penalties, explicit base, clamps and threshold boundaries (3.9304ms)
✔ fixed deltas reject overrides and manual deltas require bounds (0.3438ms)
✔ parent weekly timetable uses real Monday/calendar bounds and clips partial academic weeks (4.5377ms)
✔ parent weekly timetable rejects a source exceeding the total bound before response serialization (1.7942ms)
✔ XLSX parser bounds sparse dimensions and rejects formulas before workbook allocation (87.0112ms)
ℹ tests 45
ℹ suites 0
ℹ pass 45
ℹ fail 0
ℹ cancelled 0
ℹ skipped 0
ℹ todo 0
ℹ duration_ms 478.5082
exitCode=0
