 Container edumanage_backend_test-postgres-1 Running
 Container edumanage_backend_test-postgres-1 Waiting
 Container edumanage_backend_test-postgres-1 Healthy
 Container edumanage_backend_test-runner-run-ac0e599b9e09 Creating
 Container edumanage_backend_test-runner-run-ac0e599b9e09 Created
✔ B5 all 264 supplied operations and explicit frontend workflow extensions have registered real handlers (668.355291ms)
✔ BE01 migration replay is a no-op, mismatch fails and metadata remains intact (72.327151ms)
✔ BE02 cross-school enrollment FK rejects write using the real runtime role (12.094211ms)
✔ BE03 no-tenant denies and SET LOCAL cannot leak across a reused connection (4.512353ms)
✔ BE04 bootstrap only exposes the authenticated user memberships without tenant (8.68419ms)
✔ BE05 HOMEROOM A plus SUBJECT B cannot authorize seating or guardians in B (3841.910153ms)
✔ BE06 revoked membership is checked during an existing session and B stays independent (107.52834ms)
✔ B6 self context carries only own current duties and separates self-profile from school contacts (6916.140237ms)
✔ BE08 CSRF, credential validation, cookie flags, session rotation and rate limiting (241.373204ms)
✔ BE10 concurrent profile patches serialize with a single version winner (129.442634ms)
✔ B6 password/session commands use actual cookies, reject bad passwords and revoke every session after change (842.97137ms)
{"checkpoint":"parent-without-context","queryMs":5.665,"planExecutionMs":0.018,"planRows":0}
✔ BE21 parent runtime role cannot select raw student rows (45.656743ms)
✔ B0 health ready checks actual migrations, database and private storage (28.388315ms)
✔ B2 class lists use SQL scope and cross-school details deny before serialization (446.045703ms)
✔ BE09 idempotent organization create/retry/concurrency performs one write (196.600369ms)
✔ B2 required idempotency, class capacity/reference validation and version conflicts (148.886422ms)
✔ B2 signed cursor rejects scope/filter modification and delivers distinct pages (3235.205438ms)
✔ B2 subject student projection omits family/internal notes and denies guardians (379.241049ms)
✔ B2 guardian create does not merge matching phone, relationships start unverified (129.462636ms)
✔ BE07 existing identity invitation requires its session and preserves password/other school (3140.179573ms)
✔ B1 password reset token is encrypted, single-use and revokes all prior sessions (155.684293ms)
✔ B2 staff delegation stays within the ceiling, custom class scope and immediate revocation (940.325673ms)
✔ B2 transfers serialize capacity, handover removes the old teacher and rollover binds its preview (1784.796274ms)
✔ B2 scoped guardian creation cannot acquire an unrelated family through relationship IDs (463.470233ms)
✔ B2/B5 uploads remain private until worker processing, leases serialize and local mail erases encrypted secrets (124959.713374ms)
✔ B2 imports parse real CSV, bind stale previews, avoid name/phone merges and retain invalid rows safely (7283.080127ms)
✔ B2/B5 timetable import checks assignments and overlapping slots, creates only a draft and deduplicates retries (3912.979422ms)
✔ B2 imports update only verified codes, create class drafts and staff invitations with work profiles (10459.418403ms)
✔ B2 large import resumes after a lost chunk without duplicating applied rows and checks current school authority (7536.712115ms)
✔ B3 attendance starts unmarked, versions every source change and publishes immutable one-student projections (1373.810161ms)
✔ B3 subject attendance requires its actual lesson and cannot borrow daily access from another class (988.292844ms)
✔ B3 a simultaneous attendance edit and publish has one winner and never publishes a mixed source version (447.152358ms)
✔ B3 rule sets require explicit points, immutable issuance and effective week application (1515.446241ms)
✔ B3 conduct reviews preserve facts, lock READY projections and publish only the exact pinned source (2681.070309ms)
✔ B3 conduct linked attendance detects stale sources and subject teachers see only their own lesson facts (2546.615251ms)
✔ B3 approved adjustments retain old facts and atomically replace the current publication with a reviewed preview (1891.753695ms)
✔ B3 a simultaneous conduct record and lock/publish has one source winner (732.995698ms)
✔ B3 attendance linkage deduplicates, excludes corrected drafts and leaves locked scores unchanged with explicit warnings (1062.944037ms)
✔ B4 private parent links expose only published child projections, preserve staff cookies and bind the active tab context (1063.12584ms)
✔ B4 section/download rights, reissue, relationship revocation and foreign UUIDs are checked on each new parent request (686.596849ms)
✔ B4 private documents stream only with both download rights, and teacher contact projections use shared work fields (838.041997ms)
✔ B4 expired links, suspended schools, CSRF and exchange throttles deny without creating a parent identity (615.494224ms)
✔ B1 delegated grants and invitation acceptance stay inside the current expiry ceiling; backdated assignments require a reason (406.485792ms)
✔ B2 shrinking class capacity checks planned future occupancy peaks, rather than only today (159.062699ms)
✔ B5 dated groups retain moves and same-day cancellations, require current class versions and end group-leader duties (650.271598ms)
✔ B5 position holders serialize and remain valid conduct sources; locked source history cannot be shortened (572.261316ms)
✔ B5 seating validates effective enrollment and unique seats, preserves dated revisions and denies subject-only reads (818.623197ms)
✔ B2/B5 a transfer closes dated groups/positions and retains cancelled future plans atomically (873.769624ms)
✔ B5 timetable materializes bounded future lessons, publishes child-only projections and preserves past/source history (1164.404744ms)
✔ B5 timetable rejects teacher/room collisions and revoked assignments, skips holidays and revalidates source versions (2244.013939ms)
✔ B5 duties publish only individual tasks, reject foreign enrollment and retain immutable publication/withdraw history (872.511201ms)
✔ B5 group duties expand the effective group at publication and retain the individual targets after later moves (846.613319ms)
✔ B5 activities count only explicit participants, preserve published states and require current source/review authority (1137.089197ms)
✔ B5 approved activity results are explicit conduct sources and locked approved facts protect their source history (520.047585ms)
✔ B5 evidence stays private until review and publication; parent documents remain child-bound and filter file availability (19000.789661ms)
✔ B5 class announcements retain immutable publication across edits, bind one recipient and reject foreign class reads (2547.544229ms)
✔ B5 public school announcements sanitize content and keep draft/private replacements out of the public projection (2762.686011ms)
✔ B5 scheduled announcements wait for their due time, publish once through a worker and safely replay after an acknowledgement loss (1625.300179ms)
✔ B5 scheduled publication rechecks the creator grant and reports a failed queue without exposing a parent snapshot (1852.408368ms)
✔ B5 announcement attachments remain private to one child, obey link download rights and disappear when archived or withdrawn (1970.616158ms)
✔ B5 school settings persist with version guards, affect only new link expiry and suppress work contacts without changing old link permissions (1334.355571ms)
✔ B5 disabling homeroom publication takes effect inside existing sessions and restores only after an explicit setting change (1252.682718ms)
✔ B3 configured second approval rejects self approval in API and SQL, while a different scoped approver permits atomic adjustment (921.881484ms)
✔ B5 personal notifications paginate across actual memberships, deduplicate publication events and deny foreign recipients and cross-user cursors (1550.317829ms)
✔ B5 withdrawn announcements redact retained staff notifications instead of exposing a stale published target (30078.857036ms)
✔ B5 dashboards count real scoped rows, keep homeroom and subject tasks separate and immediately recheck revocation (4413.118349ms)
✔ B5 teacher schedule is own dated teaching and announcement feed reads only current publications across draft edits (2643.552787ms)
✔ B5 dashboard attendance counters and publication tasks follow persisted marks, publish/withdraw and current school policy (1067.545742ms)
✔ B2 platform creates only metadata drafts, bootstraps admin roles/invitations and requires an active administrator for activation (3069.765697ms)
✔ B5 platform settings and operation records persist actual state, redact artifacts and reauthorize command replays (6156.029624ms)
✔ B1 platform admin invitations obey operator expiry ceilings and acceptance rolls back after authority expires (625.017246ms)
✔ B5 support tickets persist both sides, preserve queue states and exact timestamp pagination, and deny other schools (1042.513401ms)
✔ B1 support requests require independent current school consent, retain immutable scope and bind tickets/classes/actions/time (747.364914ms)
✔ B1 explicitly selected support grants authorize only scoped metadata GETs, audit the actual operator and force read-only SQL (733.311788ms)
✔ B1 school-wide support metadata never exposes import rows/downloads and expires without fallback to operator privileges (4090.367338ms)
✔ B1 an operator who also has school-admin rights still cannot self-approve or combine selected support scope with ordinary rights (571.096891ms)
✔ B5 signed native keysets cross a nullable sort boundary without dropping or repeating persisted schools (13922.524524ms)
✔ B5 report SQL uses real scoped counts and immutable CSV export content while live attendance changes (857.953361ms)
✔ B5 published report exports pin revisions across replacement and withdrawal without exposing drafts (950.522109ms)
✔ B5 export XLSX/PDF are actual files with literal formula text, Vietnamese font and private download authorization (1116.359357ms)
✔ B5 subject reports remain own lesson attendance and scoped activities without school/family/conduct/export access (3468.975159ms)
✔ B5 export workers and all file paths reauthorize revocation, expiry and cancellation, and replay completed work safely (882.929828ms)
✔ B5 conduct/activity/progress/link reports use actual pinned scores, explicit participant denominators and anonymous link use (930.478573ms)
✔ B6 organization display fields persist with versions and tenant-safe references instead of being silently ignored (380.804633ms)
✔ B6 year wizard creates bounded terms, weeks, published holidays and independent draft rules atomically and idempotently (600.306553ms)
✔ B6 class form assigns homeroom atomically, denies foreign/backdated inputs, requires handover and preserves archived history (871.131644ms)
✔ B6 organization projections scope counts in SQL and a year-only grant cannot copy or publish rules (5720.749133ms)
✔ B6 purpose-bound form pickers use current write authority, exclude contacts/roles/counts and deny normal directory access (376.168765ms)
✔ B6 rollover preview uses exact end-year enrollment, minimal workflow authority and immediate revocation (559.102929ms)
✔ B6 platform school wizard creates its optional admin invitation atomically and redacts form metadata (9922.823096ms)
✔ B6 platform school form readers never lend admin or read authority to a create-only operator (212.349232ms)
✔ B6 school overview keeps current scoped totals, actual setup and publication metadata without lending school-wide reads (2821.530659ms)
✔ B6 support choices/counts are scoped SQL metadata, ticket message/status save atomically and an operator only relinquishes its own grant (355.182676ms)
✔ B6 platform audit filters exact actors and whole local date boundaries before pagination and denies school-only staff (118.89611ms)
✔ B6 school support metadata does not borrow consent authority, counts in SQL and rechecks permission before replay (499.609322ms)
✔ B6 school audit uses the school timezone and exact SQL filters with tenant-safe history options (270.158579ms)
✔ B6 operational probes use worker-only cycle evidence, actual backup records and purpose-bound aggregate authority (3274.293192ms)
✔ B6 atomic school-role replacement retains expiry/class scopes, detects independent grants and rolls back all failures (434.606735ms)
✔ B6 school-role replacement prevents self edits, last-admin removal, ceiling/expiry breaches and unauthorized cached replay (411.383064ms)
✔ B6 ending a membership revokes all current/future grants and assignments without deleting history or other schools (547.771707ms)
✔ B6 native school invitations persist all roles/profile, replay once and accept multiple or zero grants atomically (364.927476ms)
✔ B6 zero-role invitation still rechecks current inviter membership and mail authority before acceptance (196.160768ms)
✔ B6 expired staff invitations cannot be revoked as pending or delivered, and preserve their history (185.969135ms)
✔ B6 staff directory combines authorized pending invitations in SQL, searches folded work data and counts before keysets (540.870672ms)
✔ B6 directory read does not lend invitation, role catalog, assignment or export authority and revocation invalidates opaque scope cursors (375.83784ms)
✔ B6 Vietnamese composite keysets preserve given/full-name order, case/diacritic ties and nullable departments in both directions (590.045038ms)
✔ B6 locked identities keep their directory lifecycle but have no effective grants, and active KPI does not fabricate access (191.029033ms)
✔ B6 member details return real coarse other-school counts and work contacts without opening another tenant (339.284931ms)
✔ B6 member aggregate checks current school authority, target membership and SQL role before returning any count (297.768961ms)
✔ B6 member effective permissions and assignment history follow native grant time, membership, identity and assignment dates (682.398053ms)
✔ B6 member role choices respect action-specific delegation expiry without borrowing a role catalog (342.237267ms)
✔ B6 member history filters member, assignment and grant events before counting/keysets, with independent audit authority (533.342695ms)
✔ B6 personal notifications traverse more than 100 real own memberships without truncating global totals or opaque pages (47909.46066ms)
✔ B6 assignment preview is read-only, uses school-local instants and preserves displayed source versions before saving (643.304735ms)
✔ B6 assignment preview compares exact subject scopes, rejects overlapping windows and rechecks expired delegation on repeated POST (903.095493ms)
✔ B6 assignment preview detects source member changes, rejects malformed/foreign proposals and advertises future/configured publication timing (439.299004ms)
✔ B6 assignment matrix returns actual nullable cells and minimal work names under independent assignment-read authority (579.300094ms)
✔ B6 assignment matrix keeps an unconfigured year explicit and archived display reference separate from authority (331.272958ms)
✔ B6 role metadata keeps native scopes and real counts without lending member/audit access or treating custom class grants as assignments (572.112646ms)
✔ B6 role details show only independently authorized holders/history and save scoped deltas with a displayed version (8829.443811ms)
✔ B6 future held roles and immutable system templates cannot be edited by their holder (316.986666ms)
✔ B6 editing live roles cannot expand permissions beyond the current editor expiry ceiling (316.379007ms)
✔ B6 handover preview reads real current source/counts under purpose authority without member, family or role catalog access (462.038294ms)
✔ B6 handover applies exactly once with school-local cutoffs, durable receipts, own-actor recovery and preserved source authorship (1307.154487ms)
✔ B6 changed handover sources fail before submission or application and require an explicit review of the same pending receipt (1956.369951ms)
✔ B6 open-item changes invalidate handover review and linked source grants are never extended at the cutoff (1623.241431ms)
✔ B6 handover receipts remain actor/school bound, recheck delegation and deny immutable-source replacement (874.694573ms)
✔ B6 student creation allocates actual codes and atomically retains enrollment, gender and a separate unverified guardian (263.674544ms)
✔ B6 student form failures roll back every row and optional contacts require independent current authority on replay (403.770973ms)
✔ B6 student edits retain displayed versions and never replay internal notes after private profile authority is revoked (339.932675ms)
✔ B6 student unknown historic gender remains null and invalid gender/guardian state cannot be fabricated (160.868593ms)
✔ B6 real CSV gender mapping normalizes supported values, preserves unmapped sources and retains invalid rows (4152.516232ms)
✔ B6 native student directory applies Vietnamese keysets, exact SQL filters and minimal selected identifiers (618.327641ms)
✔ B6 native student projections separate school roster authority from family, note and link authority in the same session (407.021871ms)
✔ B6 archived student history uses an explicit included date and stored group, position and teacher sources (265.631255ms)
✔ B6 subject pupil projection remains minimal and class history cannot retain family access after enrollment ends (409.604123ms)
✔ B6 pupil link metadata reflects real events, bounded recent history and revocation without returning reusable secrets (291.820992ms)
✔ B6 an unconfigured school directory returns actual null year context without fabricated class or student data (159.737123ms)
✔ B6 verified family counters remain verified when receiving permission is explicitly disabled (225.626954ms)
✔ B6 atomic guardian save creates unverified contacts, replays one receipt and prevents duplicate new commands (306.826203ms)
✔ B6 atomic guardian save serializes competing displayed student versions (234.284669ms)
✔ B6 guardian form grants class family authority without student read or unscoped sibling data (381.988712ms)
✔ B6 atomic guardian edits preserve verified receiving choices and reject stale contact versions without partial priority changes (317.764225ms)
✔ B6 guardian save detects independently changed primary references and preserves every row on failure (306.283366ms)
✔ B6 guardian save rejects masked phones, foreign pairings and mutation of archived contacts (318.492941ms)
✔ B6 guardian form and cached saves recheck enrollment end and grant expiry in the same session (357.117514ms)
✔ B6 atomic guardian save rolls back contacts, relationships, primary changes, audit and receipt after a real SQL fault (253.235973ms)
✔ B6 school guardian directory uses SQL folded search, literal wildcards, signed keysets and independent link counters (448.378987ms)
✔ B6 class guardian reads exclude all unscoped sibling relationships and immediately lose access after enrollment or grant ends (322.301957ms)
✔ B6 shared guardian contact edits require management of every affected class and current read authority even for a replay (615.449795ms)
✔ B6 guardian profile exposes real verification and revocation metadata but removes link and audit panels when their separate rights end (461.030137ms)
✔ B6 partial student write acknowledgements redact unsubmitted protected fields including stored old receipts (260.382452ms)
✔ B6 bounded school class overview preserves query results, local JIT preference and the five-second runtime timeout (177.702275ms)
✔ B6 native invitation choices require current invitation authority, preserve delegation ceilings and never borrow a role catalog (390.637914ms)
✔ B6 native staff activity is SQL-bounded to staff targets, rechecks audit authority and keeps foreign and family records out (254.190027ms)
✔ B6 student-create choices use current class write authority without borrowing roster, year or class readers (407.549295ms)
✔ B6 parent-issue purpose readers paginate over 1000 pupils, keep current class/time authority and expose no contact or token (593.407131ms)
✔ B6 reviewed parent issuance rejects stale sources, rotates atomically, converts local dates and never replays secrets (677.774664ms)
ℹ tests 158
ℹ suites 0
ℹ pass 158
ℹ fail 0
ℹ cancelled 0
ℹ skipped 0
ℹ todo 0
ℹ duration_ms 431871.759072
