 Container edumanage_backend_test-runner-run-27622cee46b9 Creating 
 Container edumanage_backend_test-runner-run-27622cee46b9 Created 
TAP version 13
# Subtest: B5 all 264 supplied operations and explicit frontend workflow extensions have registered real handlers
ok 1 - B5 all 264 supplied operations and explicit frontend workflow extensions have registered real handlers
  ---
  duration_ms: 457.744603
  type: 'test'
  ...
# Subtest: BE01 migration replay is a no-op, mismatch fails and metadata remains intact
ok 2 - BE01 migration replay is a no-op, mismatch fails and metadata remains intact
  ---
  duration_ms: 81.890192
  type: 'test'
  ...
# Subtest: B2/B5 uploads remain private until worker processing, leases serialize and local mail erases encrypted secrets
ok 3 - B2/B5 uploads remain private until worker processing, leases serialize and local mail erases encrypted secrets
  ---
  duration_ms: 2144.173565
  type: 'test'
  ...
# Subtest: B6 public school news paginate more than 100 actual PUBLIC publications without private draft or cross-school identities
not ok 4 - B6 public school news paginate more than 100 actual PUBLIC publications without private draft or cross-school identities
  ---
  duration_ms: 5228.647166
  type: 'test'
  location: '/srv/api/tests/integration/foundation.test.mjs:1273:1'
  failureType: 'testCodeFailure'
  error: |-
    Expected values to be strictly equal:
    
    200 !== 422
    
  code: 'ERR_ASSERTION'
  name: 'AssertionError'
  expected: 422
  actual: 200
  operator: 'strictEqual'
  stack: |-
    TestContext.<anonymous> (file:///srv/api/tests/integration/foundation.test.mjs:1278:304)
    process.processTicksAndRejections (node:internal/process/task_queues:104:5)
    async Test.run (node:internal/test_runner/test:1409:7)
    async Test.processPendingSubtests (node:internal/test_runner/test:974:7)
  ...
# Subtest: B6 platform overview aggregate returns actual school counts restores tenant context and denies school parent worker or revoked operators
ok 5 - B6 platform overview aggregate returns actual school counts restores tenant context and denies school parent worker or revoked operators
  ---
  duration_ms: 264.863824
  type: 'test'
  ...
# Subtest: B6 public news retain the immutable visible revision until republication and block new reads immediately on withdrawal
ok 6 - B6 public news retain the immutable visible revision until republication and block new reads immediately on withdrawal
  ---
  duration_ms: 286.773856
  type: 'test'
  ...
# Subtest: B6 public school identity allows official contact for suspended and archived schools but never draft identity or inactive news
ok 7 - B6 public school identity allows official contact for suspended and archived schools but never draft identity or inactive news
  ---
  duration_ms: 201.755505
  type: 'test'
  ...
# Subtest: B6 public attachments stream only actual ready current publication bytes and deny private expired archived foreign or stale files
ok 8 - B6 public attachments stream only actual ready current publication bytes and deny private expired archived foreign or stale files
  ---
  duration_ms: 9216.872615
  type: 'test'
  ...
# Subtest: B6 class workspace overview separates home and own subject lessons groups and bounded activity progress with current revoke
ok 9 - B6 class workspace overview separates home and own subject lessons groups and bounded activity progress with current revoke
  ---
  duration_ms: 2097.482986
  type: 'test'
  ...
# Subtest: B2 platform creates only metadata drafts, bootstraps admin roles/invitations and requires an active administrator for activation
ok 10 - B2 platform creates only metadata drafts, bootstraps admin roles/invitations and requires an active administrator for activation
  ---
  duration_ms: 941.435625
  type: 'test'
  ...
1..10
# tests 10
# suites 0
# pass 9
# fail 1
# cancelled 0
# skipped 0
# todo 0
# duration_ms 21772.421005

EXIT_CODE=1
