 Container edumanage_backend_test-runner-run-6aac3ebe134b Creating
 Container edumanage_backend_test-runner-run-6aac3ebe134b Created
✔ B5 all 264 supplied operations and explicit frontend workflow extensions have registered real handlers (457.239912ms)
✔ BE01 migration replay is a no-op, mismatch fails and metadata remains intact (74.192715ms)
✔ BE02 cross-school enrollment FK rejects write using the real runtime role (12.1222ms)
✔ BE03 no-tenant denies and SET LOCAL cannot leak across a reused connection (4.83344ms)
✔ BE04 bootstrap only exposes the authenticated user memberships without tenant (9.228776ms)
✔ BE05 HOMEROOM A plus SUBJECT B cannot authorize seating or guardians in B (4673.597007ms)
✔ BE06 revoked membership is checked during an existing session and B stays independent (61.134578ms)
✔ B6 self context carries only own current duties and separates self-profile from school contacts (8466.145796ms)
✔ BE08 CSRF, credential validation, cookie flags, session rotation and rate limiting (108.270986ms)
✔ BE10 concurrent profile patches serialize with a single version winner (52.646154ms)
✔ B6 password/session commands use actual cookies, reject bad passwords and revoke every session after change (345.519687ms)
{"checkpoint":"parent-without-context","queryMs":6.186,"planExecutionMs":0.049,"planRows":0}
✔ BE21 parent runtime role cannot select raw student rows (15.828225ms)
✔ B0 health ready checks actual migrations, database and private storage (25.168409ms)
✔ B2 class lists use SQL scope and cross-school details deny before serialization (289.278452ms)
✔ BE09 idempotent organization create/retry/concurrency performs one write (99.728338ms)
✔ B2 required idempotency, class capacity/reference validation and version conflicts (159.311996ms)
✔ B2 signed cursor rejects scope/filter modification and delivers distinct pages (3644.518239ms)
✔ B2 subject student projection omits family/internal notes and denies guardians (409.305658ms)
✔ B2 guardian create does not merge matching phone, relationships start unverified (135.432312ms)
✔ BE07 existing identity invitation requires its session and preserves password/other school (4810.018515ms)
✔ B1 password reset token is encrypted, single-use and revokes all prior sessions (169.307302ms)
✔ B2 staff delegation stays within the ceiling, custom class scope and immediate revocation (1087.17826ms)
✔ B2 transfers serialize capacity, handover removes the old teacher and rollover binds its preview (2109.925853ms)
✔ B2 scoped guardian creation cannot acquire an unrelated family through relationship IDs (550.290743ms)
✔ B2/B5 uploads remain private until worker processing, leases serialize and local mail erases encrypted secrets (154425.52637ms)
✔ B2 imports parse real CSV, bind stale previews, avoid name/phone merges and retain invalid rows safely (8122.124914ms)
✔ B2/B5 timetable import checks assignments and overlapping slots, creates only a draft and deduplicates retries (5222.468218ms)
✔ B2 imports update only verified codes, create class drafts and staff invitations with work profiles (14925.10005ms)
✔ B2 large import resumes after a lost chunk without duplicating applied rows and checks current school authority (8905.951925ms)
✔ B3 attendance starts unmarked, versions every source change and publishes immutable one-student projections (845.230999ms)
✔ B3 subject attendance requires its actual lesson and cannot borrow daily access from another class (877.144043ms)
✔ B3 a simultaneous attendance edit and publish has one winner and never publishes a mixed source version (343.748371ms)
✔ B3 rule sets require explicit points, immutable issuance and effective week application (707.55442ms)
✔ B3 conduct reviews preserve facts, lock READY projections and publish only the exact pinned source (1235.597135ms)
✔ B3 conduct linked attendance detects stale sources and subject teachers see only their own lesson facts (1699.057308ms)
✔ B3 approved adjustments retain old facts and atomically replace the current publication with a reviewed preview (1002.401429ms)
✔ B3 a simultaneous conduct record and lock/publish has one source winner (555.348414ms)
✔ B3 attendance linkage deduplicates, excludes corrected drafts and leaves locked scores unchanged with explicit warnings (1017.099741ms)
✔ B4 private parent links expose only published child projections, preserve staff cookies and bind the active tab context (1655.678264ms)
✔ B4 section/download rights, reissue, relationship revocation and foreign UUIDs are checked on each new parent request (1201.237915ms)
✔ B4 private documents stream only with both download rights, and teacher contact projections use shared work fields (1324.845349ms)
✔ B4 expired links, suspended schools, CSRF and exchange throttles deny without creating a parent identity (2299.0499ms)
✔ B1 delegated grants and invitation acceptance stay inside the current expiry ceiling; backdated assignments require a reason (937.760613ms)
✔ B2 shrinking class capacity checks planned future occupancy peaks, rather than only today (371.205664ms)
✔ B5 dated groups retain moves and same-day cancellations, require current class versions and end group-leader duties (870.750879ms)
✔ B5 position holders serialize and remain valid conduct sources; locked source history cannot be shortened (665.159894ms)
✔ B5 seating validates effective enrollment and unique seats, preserves dated revisions and denies subject-only reads (1465.080503ms)
✔ B2/B5 a transfer closes dated groups/positions and retains cancelled future plans atomically (600.684709ms)
✔ B5 timetable materializes bounded future lessons, publishes child-only projections and preserves past/source history (1410.514587ms)
✔ B5 timetable rejects teacher/room collisions and revoked assignments, skips holidays and revalidates source versions (1653.539372ms)
✔ B5 duties publish only individual tasks, reject foreign enrollment and retain immutable publication/withdraw history (659.679132ms)
✔ B5 group duties expand the effective group at publication and retain the individual targets after later moves (1012.00748ms)
✔ B5 activities count only explicit participants, preserve published states and require current source/review authority (1183.238542ms)
✔ B5 approved activity results are explicit conduct sources and locked approved facts protect their source history (584.792398ms)
✔ B5 evidence stays private until review and publication; parent documents remain child-bound and filter file availability (23901.043173ms)
✔ B5 class announcements retain immutable publication across edits, bind one recipient and reject foreign class reads (3091.4604ms)
✔ B5 public school announcements sanitize content and keep draft/private replacements out of the public projection (3040.508217ms)
✔ B5 scheduled announcements wait for their due time, publish once through a worker and safely replay after an acknowledgement loss (1497.215593ms)
✔ B5 scheduled publication rechecks the creator grant and reports a failed queue without exposing a parent snapshot (1811.7747ms)
✔ B5 announcement attachments remain private to one child, obey link download rights and disappear when archived or withdrawn (1722.876005ms)
✔ B5 school settings persist with version guards, affect only new link expiry and suppress work contacts without changing old link permissions (1309.913095ms)
✔ B5 disabling homeroom publication takes effect inside existing sessions and restores only after an explicit setting change (1073.264434ms)
✔ B3 configured second approval rejects self approval in API and SQL, while a different scoped approver permits atomic adjustment (897.212856ms)
✔ B5 personal notifications paginate across actual memberships, deduplicate publication events and deny foreign recipients and cross-user cursors (1664.99518ms)
✔ B5 withdrawn announcements redact retained staff notifications instead of exposing a stale published target (38382.906901ms)
✔ B5 dashboards count real scoped rows, keep homeroom and subject tasks separate and immediately recheck revocation (9519.519687ms)
✔ B5 teacher schedule is own dated teaching and announcement feed reads only current publications across draft edits (4227.582321ms)
✔ B5 dashboard attendance counters and publication tasks follow persisted marks, publish/withdraw and current school policy (1165.8918ms)
✔ B2 platform creates only metadata drafts, bootstraps admin roles/invitations and requires an active administrator for activation (4726.261045ms)
✔ B5 platform settings and operation records persist actual state, redact artifacts and reauthorize command replays (9615.581363ms)
✔ B1 platform admin invitations obey operator expiry ceilings and acceptance rolls back after authority expires (409.202077ms)
✔ B5 support tickets persist both sides, preserve queue states and exact timestamp pagination, and deny other schools (1247.129882ms)
✔ B1 support requests require independent current school consent, retain immutable scope and bind tickets/classes/actions/time (1049.238879ms)
✔ B1 explicitly selected support grants authorize only scoped metadata GETs, audit the actual operator and force read-only SQL (1015.522619ms)
✔ B1 school-wide support metadata never exposes import rows/downloads and expires without fallback to operator privileges (4820.357722ms)
✔ B1 an operator who also has school-admin rights still cannot self-approve or combine selected support scope with ordinary rights (740.978359ms)
✔ B5 signed native keysets cross a nullable sort boundary without dropping or repeating persisted schools (19402.958738ms)
✔ B5 report SQL uses real scoped counts and immutable CSV export content while live attendance changes (1073.574501ms)
✔ B5 published report exports pin revisions across replacement and withdrawal without exposing drafts (1029.951681ms)
✔ B5 export XLSX/PDF are actual files with literal formula text, Vietnamese font and private download authorization (1269.583112ms)
✔ B5 subject reports remain own lesson attendance and scoped activities without school/family/conduct/export access (5316.373672ms)
✔ B5 export workers and all file paths reauthorize revocation, expiry and cancellation, and replay completed work safely (1093.470083ms)
✔ B5 conduct/activity/progress/link reports use actual pinned scores, explicit participant denominators and anonymous link use (1805.954559ms)
✔ B6 organization display fields persist with versions and tenant-safe references instead of being silently ignored (495.653789ms)
✔ B6 year wizard creates bounded terms, weeks, published holidays and independent draft rules atomically and idempotently (661.794353ms)
✔ B6 class form assigns homeroom atomically, denies foreign/backdated inputs, requires handover and preserves archived history (1076.123813ms)
✔ B6 organization projections scope counts in SQL and a year-only grant cannot copy or publish rules (7254.696228ms)
✔ B6 purpose-bound form pickers use current write authority, exclude contacts/roles/counts and deny normal directory access (438.269039ms)
✔ B6 rollover preview uses exact end-year enrollment, minimal workflow authority and immediate revocation (666.19082ms)
✔ B6 platform school wizard creates its optional admin invitation atomically and redacts form metadata (14643.187488ms)
✔ B6 platform school form readers never lend admin or read authority to a create-only operator (180.891735ms)
✔ B6 school overview keeps current scoped totals, actual setup and publication metadata without lending school-wide reads (3209.384356ms)
✔ B6 support choices/counts are scoped SQL metadata, ticket message/status save atomically and an operator only relinquishes its own grant (411.959557ms)
✔ B6 platform audit filters exact actors and whole local date boundaries before pagination and denies school-only staff (155.901086ms)
✔ B6 school support metadata does not borrow consent authority, counts in SQL and rechecks permission before replay (775.508633ms)
✔ B6 school audit uses the school timezone and exact SQL filters with tenant-safe history options (399.343873ms)
✔ B6 operational probes use worker-only cycle evidence, actual backup records and purpose-bound aggregate authority (4529.136479ms)
✔ B6 atomic school-role replacement retains expiry/class scopes, detects independent grants and rolls back all failures (536.119335ms)
✔ B6 school-role replacement prevents self edits, last-admin removal, ceiling/expiry breaches and unauthorized cached replay (560.491809ms)
✔ B6 ending a membership revokes all current/future grants and assignments without deleting history or other schools (739.969109ms)
✔ B6 native school invitations persist all roles/profile, replay once and accept multiple or zero grants atomically (380.465018ms)
✔ B6 zero-role invitation still rechecks current inviter membership and mail authority before acceptance (326.110716ms)
✔ B6 expired staff invitations cannot be revoked as pending or delivered, and preserve their history (738.349427ms)
✔ B6 staff directory combines authorized pending invitations in SQL, searches folded work data and counts before keysets (930.094035ms)
✔ B6 directory read does not lend invitation, role catalog, assignment or export authority and revocation invalidates opaque scope cursors (685.494326ms)
✔ B6 Vietnamese composite keysets preserve given/full-name order, case/diacritic ties and nullable departments in both directions (1133.991063ms)
✔ B6 locked identities keep their directory lifecycle but have no effective grants, and active KPI does not fabricate access (534.12916ms)
✔ B6 member details return real coarse other-school counts and work contacts without opening another tenant (1396.252802ms)
✔ B6 member aggregate checks current school authority, target membership and SQL role before returning any count (812.711133ms)
✔ B6 member effective permissions and assignment history follow native grant time, membership, identity and assignment dates (1500.533531ms)
✔ B6 member role choices respect action-specific delegation expiry without borrowing a role catalog (1162.780331ms)
✔ B6 member history filters member, assignment and grant events before counting/keysets, with independent audit authority (1164.786713ms)
✔ B6 personal notifications traverse more than 100 real own memberships without truncating global totals or opaque pages (70891.341523ms)
✔ B6 assignment preview is read-only, uses school-local instants and preserves displayed source versions before saving (755.776333ms)
✔ B6 assignment preview compares exact subject scopes, rejects overlapping windows and rechecks expired delegation on repeated POST (1151.875198ms)
✔ B6 assignment preview detects source member changes, rejects malformed/foreign proposals and advertises future/configured publication timing (587.42775ms)
✔ B6 assignment matrix returns actual nullable cells and minimal work names under independent assignment-read authority (526.052241ms)
✔ B6 assignment matrix keeps an unconfigured year explicit and archived display reference separate from authority (350.160037ms)
✔ B6 role metadata keeps native scopes and real counts without lending member/audit access or treating custom class grants as assignments (691.015499ms)
✔ B6 role details show only independently authorized holders/history and save scoped deltas with a displayed version (12528.930828ms)
✔ B6 future held roles and immutable system templates cannot be edited by their holder (1254.730292ms)
✔ B6 editing live roles cannot expand permissions beyond the current editor expiry ceiling (940.241855ms)
✔ B6 handover preview reads real current source/counts under purpose authority without member, family or role catalog access (1373.654207ms)
✔ B6 handover applies exactly once with school-local cutoffs, durable receipts, own-actor recovery and preserved source authorship (2274.825694ms)
✔ B6 changed handover sources fail before submission or application and require an explicit review of the same pending receipt (3174.447366ms)
✔ B6 open-item changes invalidate handover review and linked source grants are never extended at the cutoff (2650.934715ms)
✔ B6 handover receipts remain actor/school bound, recheck delegation and deny immutable-source replacement (1663.621691ms)
✔ B6 student creation allocates actual codes and atomically retains enrollment, gender and a separate unverified guardian (552.527503ms)
✔ B6 student form failures roll back every row and optional contacts require independent current authority on replay (1021.213913ms)
✔ B6 student edits retain displayed versions and never replay internal notes after private profile authority is revoked (909.725708ms)
✔ B6 student unknown historic gender remains null and invalid gender/guardian state cannot be fabricated (466.169709ms)
✔ B6 real CSV gender mapping normalizes supported values, preserves unmapped sources and retains invalid rows (6067.660859ms)
✔ B6 native student directory applies Vietnamese keysets, exact SQL filters and minimal selected identifiers (848.778939ms)
✔ B6 native student projections separate school roster authority from family, note and link authority in the same session (649.698549ms)
✔ B6 archived student history uses an explicit included date and stored group, position and teacher sources (317.416977ms)
✔ B6 subject pupil projection remains minimal and class history cannot retain family access after enrollment ends (412.917294ms)
✔ B6 pupil link metadata reflects real events, bounded recent history and revocation without returning reusable secrets (319.694926ms)
✔ B6 an unconfigured school directory returns actual null year context without fabricated class or student data (182.628733ms)
✔ B6 verified family counters remain verified when receiving permission is explicitly disabled (314.555366ms)
✔ B6 atomic guardian save creates unverified contacts, replays one receipt and prevents duplicate new commands (303.52183ms)
✔ B6 atomic guardian save serializes competing displayed student versions (234.012817ms)
✔ B6 guardian form grants class family authority without student read or unscoped sibling data (418.719221ms)
✔ B6 atomic guardian edits preserve verified receiving choices and reject stale contact versions without partial priority changes (480.832639ms)
✔ B6 guardian save detects independently changed primary references and preserves every row on failure (359.606297ms)
✔ B6 guardian save rejects masked phones, foreign pairings and mutation of archived contacts (320.390735ms)
✔ B6 guardian form and cached saves recheck enrollment end and grant expiry in the same session (388.120618ms)
✔ B6 atomic guardian save rolls back contacts, relationships, primary changes, audit and receipt after a real SQL fault (339.795039ms)
✔ B6 school guardian directory uses SQL folded search, literal wildcards, signed keysets and independent link counters (518.2481ms)
✔ B6 class guardian reads exclude all unscoped sibling relationships and immediately lose access after enrollment or grant ends (390.76511ms)
✔ B6 shared guardian contact edits require management of every affected class and current read authority even for a replay (979.931396ms)
✔ B6 guardian profile exposes real verification and revocation metadata but removes link and audit panels when their separate rights end (465.449302ms)
✔ B6 partial student write acknowledgements redact unsubmitted protected fields including stored old receipts (283.764684ms)
✔ B6 bounded school class overview preserves query results, local JIT preference and the five-second runtime timeout (264.766398ms)
✔ B6 native invitation choices require current invitation authority, preserve delegation ceilings and never borrow a role catalog (520.450173ms)
✔ B6 native staff activity is SQL-bounded to staff targets, rechecks audit authority and keeps foreign and family records out (257.083161ms)
✔ B6 student-create choices use current class write authority without borrowing roster, year or class readers (502.277399ms)
✔ B6 parent-issue purpose readers paginate over 1000 pupils, keep current class/time authority and expose no contact or token (813.496471ms)
✔ B6 reviewed parent issuance rejects stale sources, rotates atomically, converts local dates and never replays secrets (725.471797ms)
✔ B6 parent metadata directory keeps manage scope, current capabilities, real counts and no borrowed contact/catalog data (824.606243ms)
✔ B6 parent metadata masks independently authorized contact, paginates anonymous history and tracks only actual replacement facts (1407.315739ms)
✔ B6 parent attendance month exposes only real child sessions and published scoped holiday labels without borrowing overview (1386.593979ms)
✔ B6 parent attendance calendar SQL function checks exact child/year/school/current session and cannot expose raw calendar tables (694.053204ms)
✔ B6 parent teacher directory uses own live class assignments, shared work fields and only current published schedule weekdays (1039.863336ms)
✔ B6 parent teacher SQL denies foreign or missing context, honors current enrollment/grant/contact changes and never grants raw memberships (709.362713ms)
ℹ tests 164
ℹ suites 0
ℹ pass 164
ℹ fail 0
ℹ cancelled 0
ℹ skipped 0
ℹ todo 0
ℹ duration_ms 569425.672058
