
Running 64 tests using 1 worker

(node:32344) Warning: The 'NO_COLOR' env is ignored due to the 'FORCE_COLOR' env being set.
(Use `node --trace-warnings ...` to show where the warning was created)
  ok  1 tests\native-ui-contract\auth-contract.spec.ts:35:7 › Native browser contract with intercepted API responses — PostgreSQL E2E remains separate › ignores a persisted demo persona and requires actual API authentication (817ms)
  ok  2 tests\native-ui-contract\auth-contract.spec.ts:42:7 › Native browser contract with intercepted API responses — PostgreSQL E2E remains separate › keeps a failed login form and retries the same intent before navigating on acknowledgement (808ms)
  ok  3 tests\native-ui-contract\auth-contract.spec.ts:59:7 › Native browser contract with intercepted API responses — PostgreSQL E2E remains separate › accepts a new invitation only after a matching ACK and preserves the result after cache invalidation (950ms)
  ok  4 tests\native-ui-contract\auth-contract.spec.ts:81:7 › Native browser contract with intercepted API responses — PostgreSQL E2E remains separate › requires the invited existing identity and does not offer a password replacement (621ms)
  ok  5 tests\native-ui-contract\auth-contract.spec.ts:87:7 › Native browser contract with intercepted API responses — PostgreSQL E2E remains separate › keeps a reset draft after an invalid ACK and shows completion after authentication changes (743ms)
  ok  6 tests\native-ui-contract\auth-contract.spec.ts:97:7 › Native browser contract with intercepted API responses — PostgreSQL E2E remains separate › retains a dirty profile and its reviewed version across background refresh and resolves conflict explicitly (946ms)
  ok  7 tests\native-ui-contract\auth-contract.spec.ts:112:7 › Native browser contract with intercepted API responses — PostgreSQL E2E remains separate › allows an actual nullable own work phone and saves only after the server profile acknowledgement (638ms)
  ok  8 tests\native-ui-contract\parent-attendance-contract.spec.ts:18:5 › Parent actual month keeps both sessions, excludes unmarked from the ratio and does not turn Sunday into a holiday (708ms)
  ok  9 tests\native-ui-contract\parent-attendance-contract.spec.ts:21:5 › Parent month handles explicit previous-month emptiness and a mobile calendar without persisting private rows (673ms)
  ok 10 tests\native-ui-contract\parent-attendance-contract.spec.ts:24:5 › Parent forged aggregate receipt stays hidden until an explicit retry returns verified actual counts (652ms)
  ok 11 tests\native-ui-contract\parent-attendance-contract.spec.ts:27:5 › Parent section denial keeps its view, while invalid session removes all private month display (759ms)
  ok 12 tests\native-ui-contract\parent-attendance-contract.spec.ts:31:5 › Parent monthly attendance refuses a lesson-granularity receipt instead of mixing its denominator with daily attendance (595ms)
  ok 13 tests\native-ui-contract\parent-duties-contract.spec.ts:18:5 › Parent duty cards preserve actual publication status and school date without assuming completed past tasks (733ms)
  ok 14 tests\native-ui-contract\parent-duties-contract.spec.ts:21:5 › Parent duty mobile retains readable upcoming/past cards and refreshes withdrawn publications to truthful empty states (600ms)
  ok 15 tests\native-ui-contract\parent-duties-contract.spec.ts:24:5 › Parent malformed duties stay hidden until retry; section denial keeps ownership and terminal revocation clears it (1.1s)
  ok 16 tests\native-ui-contract\parent-intake-contract.spec.ts:25:5 › Parent native intake consumes fragment, persists only view ID and reloads the owned context (902ms)
  ok 17 tests\native-ui-contract\parent-intake-contract.spec.ts:29:5 › Parent opening a second link shows only that child and replaces the tab pointer (1.1s)
  ok 18 tests\native-ui-contract\parent-intake-contract.spec.ts:32:5 › Parent query-string credentials cannot exchange and the unavailable page uses actual public contact (475ms)
  ok 19 tests\native-ui-contract\parent-intake-contract.spec.ts:35:5 › Parent invalid current session clears child content and only its own storage key (701ms)
  ok 20 tests\native-ui-contract\parent-intake-contract.spec.ts:38:5 › Parent other-tab cookie/view change fails closed without replacing the other tab child (1.1s)
  ok 21 tests\native-ui-contract\parent-intake-contract.spec.ts:41:5 › Parent landing and navigation respect a link whose overview is not shared on mobile (544ms)
  ok 22 tests\native-ui-contract\parent-teachers-contract.spec.ts:18:5 › Parent teacher cards use work-only shared contacts, actual published weekdays and nullable school/contact hours (633ms)
  ok 23 tests\native-ui-contract\parent-teachers-contract.spec.ts:21:5 › Parent teacher mobile keeps current teacher work cards and explicit empty assignments without horizontal overflow (725ms)
  ok 24 tests\native-ui-contract\parent-teachers-contract.spec.ts:24:5 › Parent malformed teacher data stays hidden; focus revalidation suppresses changed work contacts and terminal revoke removes ownership (994ms)
  ok 25 tests\native-ui-contract\school-contract.spec.ts:22:7 › Native school browser contract — intercepted API, separate from PostgreSQL E2E › keeps school edits on a transient read failure and removes the private form on forbidden reads (807ms)
  ok 26 tests\native-ui-contract\school-contract.spec.ts:35:7 › Native school browser contract — intercepted API, separate from PostgreSQL E2E › accepts nullable public contacts and clears dirty state only after a matching profile ACK (733ms)
  ok 27 tests\native-ui-contract\school-contract.spec.ts:46:7 › Native school browser contract — intercepted API, separate from PostgreSQL E2E › opens a school without years and keeps year creation reachable (742ms)
  ok 28 tests\native-ui-contract\school-contract.spec.ts:59:7 › Native school browser contract — intercepted API, separate from PostgreSQL E2E › keeps a reviewed school profile through background refresh and reloads explicitly after conflict (891ms)
  ok 29 tests\native-ui-contract\school-contract.spec.ts:76:7 › Native school browser contract — intercepted API, separate from PostgreSQL E2E › creates a class with class authority alone, retains a wrong ACK and retries one atomic command (10.0s)
  ok 30 tests\native-ui-contract\school-contract.spec.ts:102:7 › Native school browser contract — intercepted API, separate from PostgreSQL E2E › shows the year calendar with year authority alone and labels denied class data (679ms)
  ok 31 tests\native-ui-contract\staff-contract.spec.ts:26:7 › Native staff browser contracts — intercepted API, separate from PostgreSQL E2E › renders denied assignment and history panels without inventing empty data or reading invitations (699ms)
  ok 32 tests\native-ui-contract\staff-contract.spec.ts:37:7 › Native staff browser contracts — intercepted API, separate from PostgreSQL E2E › keeps mixed action scopes and source version through refresh, retains read failures and reloads a role explicitly after conflict (1.1s)
  ok 33 tests\native-ui-contract\staff-contract.spec.ts:54:7 › Native staff browser contracts — intercepted API, separate from PostgreSQL E2E › creates an invitation through purpose-bound choices with zero roles and truthful queued delivery (900ms)
  ok 34 tests\native-ui-contract\staff-contract.spec.ts:66:7 › Native staff browser contracts — intercepted API, separate from PostgreSQL E2E › replaces school roles with the reviewed member version and actual delegation deadline without reading a role catalog (910ms)
  ok 35 tests\native-ui-contract\staff-contract.spec.ts:79:7 › Native staff browser contracts — intercepted API, separate from PostgreSQL E2E › saves the reviewed assignment dates and versions, retains a wrong ACK and manually retries the same key (1.1s)
  ok 36 tests\native-ui-contract\staff-contract.spec.ts:94:7 › Native staff browser contracts — intercepted API, separate from PostgreSQL E2E › recovers a handover after a lost create ACK and reload, then reviews changed sources without creating a second receipt (1.4s)
  ok 37 tests\native-ui-contract\students-contract.spec.ts:44:7 › Native staff parent-link metadata browser contracts — intercepted API, separate from PostgreSQL E2E › class manage alone reads its directory choices, sends filters and exposes the explicit student/year URL restriction (985ms)
  ok 38 tests\native-ui-contract\students-contract.spec.ts:54:7 › Native staff parent-link metadata browser contracts — intercepted API, separate from PostgreSQL E2E › directory issuance searches one bounded page across 1600 candidates without reading a full roster (1.2s)
  ok 39 tests\native-ui-contract\students-contract.spec.ts:62:7 › Native staff parent-link metadata browser contracts — intercepted API, separate from PostgreSQL E2E › details preserve denied contact, real total opens, explicit null history fields and bounded sibling metadata (865ms)
  ok 40 tests\native-ui-contract\students-contract.spec.ts:69:7 › Native staff parent-link metadata browser contracts — intercepted API, separate from PostgreSQL E2E › revocation keeps the clicked version through a metadata refresh and retains the same key after an unconfirmed reason (883ms)
  ok 41 tests\native-ui-contract\students-contract.spec.ts:76:7 › Native staff parent-link metadata browser contracts — intercepted API, separate from PostgreSQL E2E › a conflict keeps the revocation reason and directs an explicit reload without adopting a new version (746ms)
  ok 42 tests\native-ui-contract\students-contract.spec.ts:81:7 › Native staff parent-link metadata browser contracts — intercepted API, separate from PostgreSQL E2E › loss of manage authority unmounts detail metadata and the open private revocation draft (804ms)
  ok 43 tests\native-ui-contract\students-contract.spec.ts:86:7 › Native staff parent-link metadata browser contracts — intercepted API, separate from PostgreSQL E2E › denied revoke authority removes the draft and exact recipient from the command error dialog (753ms)
  ok 44 tests\native-ui-contract\students-contract.spec.ts:91:7 › Native staff parent-link metadata browser contracts — intercepted API, separate from PostgreSQL E2E › directory rotation freezes the selected old link while background directory/source readers refresh (888ms)
  ok 45 tests\native-ui-contract\students-contract.spec.ts:101:7 › Native student and guardian browser contracts — intercepted API, separate from PostgreSQL E2E › uses directory year and class choices, preserves denied counters and sends server filters (743ms)
  ok 46 tests\native-ui-contract\students-contract.spec.ts:112:7 › Native student and guardian browser contracts — intercepted API, separate from PostgreSQL E2E › opens a class-write creation form without school, year or roster readers and creates atomically (874ms)
  ok 47 tests\native-ui-contract\students-contract.spec.ts:124:7 › Native student and guardian browser contracts — intercepted API, separate from PostgreSQL E2E › renders the minimal subject projection without family, notes, positions or stored link credentials (686ms)
  ok 48 tests\native-ui-contract\students-contract.spec.ts:133:7 › Native student and guardian browser contracts — intercepted API, separate from PostgreSQL E2E › renders existing link metadata without recovering a secret or borrowing issuance authority (696ms)
  ok 49 tests\native-ui-contract\students-contract.spec.ts:142:7 › Native student and guardian browser contracts — intercepted API, separate from PostgreSQL E2E › retains the student draft and displayed version through background read failure and a wrong mutation ACK (962ms)
  ok 50 tests\native-ui-contract\students-contract.spec.ts:154:7 › Native student and guardian browser contracts — intercepted API, separate from PostgreSQL E2E › uses the atomic guardian source, keeps masked contact unchanged and freezes all reviewed versions (932ms)
  ok 51 tests\native-ui-contract\students-contract.spec.ts:166:7 › Native student and guardian browser contracts — intercepted API, separate from PostgreSQL E2E › retains a guardian draft on 409 and adopts changed contact, relationship and primary versions only after explicit reload (1.0s)
  ok 52 tests\native-ui-contract\students-contract.spec.ts:178:7 › Native student and guardian browser contracts — intercepted API, separate from PostgreSQL E2E › requires an explicit receiving choice for verification and sends the clicked relationship version (892ms)
  ok 53 tests\native-ui-contract\students-contract.spec.ts:189:7 › Native student and guardian browser contracts — intercepted API, separate from PostgreSQL E2E › removes an open guardian draft when purpose authority is revoked (764ms)
  ok 54 tests\native-ui-contract\students-contract.spec.ts:201:7 › Native parent-link issuance browser contracts — intercepted API, separate from PostgreSQL E2E › issue-only class authority prepares the recipient without borrowed readers and displays a fragment link once (6.5s)
  ok 55 tests\native-ui-contract\students-contract.spec.ts:217:7 › Native parent-link issuance browser contracts — intercepted API, separate from PostgreSQL E2E › a verified relationship without receiving authority remains disabled (667ms)
  ok 56 tests\native-ui-contract\students-contract.spec.ts:224:7 › Native parent-link issuance browser contracts — intercepted API, separate from PostgreSQL E2E › source conflicts keep the reviewed draft and only an explicit reload adopts the new versions/defaults (1.0s)
  ok 57 tests\native-ui-contract\students-contract.spec.ts:232:7 › Native parent-link issuance browser contracts — intercepted API, separate from PostgreSQL E2E › lost acknowledgement retries the same command and disables resubmission after the one-time receipt is unavailable (1.0s)
  ok 58 tests\native-ui-contract\students-contract.spec.ts:238:7 › Native parent-link issuance browser contracts — intercepted API, separate from PostgreSQL E2E › rotation sends the displayed old link version and preserves explicit document download permission (833ms)
  ok 59 tests\native-ui-contract\students-contract.spec.ts:245:7 › Native parent-link issuance browser contracts — intercepted API, separate from PostgreSQL E2E › a source authorization failure on refresh removes the private issuance form (800ms)
  ok 60 tests\native-ui-contract\support-contract.spec.ts:26:7 › Native school support browser contracts — intercepted API, separate from PostgreSQL E2E › uses server ticket totals, message counts and filters without borrowing consent authority (815ms)
  ok 61 tests\native-ui-contract\support-contract.spec.ts:37:7 › Native school support browser contracts — intercepted API, separate from PostgreSQL E2E › keeps a ticket draft through read failure and mismatched create ACK, then manually retries the same intent (985ms)
  ok 62 tests\native-ui-contract\support-contract.spec.ts:51:7 › Native school support browser contracts — intercepted API, separate from PostgreSQL E2E › uses the reviewed support version through refresh and retains a required decline reason on conflict (888ms)
  ok 63 tests\native-ui-contract\support-contract.spec.ts:64:7 › Native school support browser contracts — intercepted API, separate from PostgreSQL E2E › retains an unconfirmed school message and sends the same key on manual retry (747ms)
  ok 64 tests\native-ui-contract\support-contract.spec.ts:76:7 › Native school support browser contracts — intercepted API, separate from PostgreSQL E2E › uses audit SQL filters and removes a private detail drawer when read authority is denied (797ms)

  64 passed (1.2m)
