
Running 84 tests using 1 worker

(node:35968) Warning: The 'NO_COLOR' env is ignored due to the 'FORCE_COLOR' env being set.
(Use `node --trace-warnings ...` to show where the warning was created)
  ok  1 tests\native-ui-contract\auth-contract.spec.ts:35:7 › Native browser contract with intercepted API responses — PostgreSQL E2E remains separate › ignores a persisted demo persona and requires actual API authentication (689ms)
  ok  2 tests\native-ui-contract\auth-contract.spec.ts:42:7 › Native browser contract with intercepted API responses — PostgreSQL E2E remains separate › keeps a failed login form and retries the same intent before navigating on acknowledgement (684ms)
  ok  3 tests\native-ui-contract\auth-contract.spec.ts:59:7 › Native browser contract with intercepted API responses — PostgreSQL E2E remains separate › accepts a new invitation only after a matching ACK and preserves the result after cache invalidation (896ms)
  ok  4 tests\native-ui-contract\auth-contract.spec.ts:81:7 › Native browser contract with intercepted API responses — PostgreSQL E2E remains separate › requires the invited existing identity and does not offer a password replacement (496ms)
  ok  5 tests\native-ui-contract\auth-contract.spec.ts:87:7 › Native browser contract with intercepted API responses — PostgreSQL E2E remains separate › keeps a reset draft after an invalid ACK and shows completion after authentication changes (700ms)
  ok  6 tests\native-ui-contract\auth-contract.spec.ts:97:7 › Native browser contract with intercepted API responses — PostgreSQL E2E remains separate › retains a dirty profile and its reviewed version across background refresh and resolves conflict explicitly (895ms)
  ok  7 tests\native-ui-contract\auth-contract.spec.ts:112:7 › Native browser contract with intercepted API responses — PostgreSQL E2E remains separate › allows an actual nullable own work phone and saves only after the server profile acknowledgement (598ms)
  ok  8 tests\native-ui-contract\parent-attendance-contract.spec.ts:18:5 › Parent actual month keeps both sessions, excludes unmarked from the ratio and does not turn Sunday into a holiday (709ms)
  ok  9 tests\native-ui-contract\parent-attendance-contract.spec.ts:21:5 › Parent month handles explicit previous-month emptiness and a mobile calendar without persisting private rows (651ms)
  ok 10 tests\native-ui-contract\parent-attendance-contract.spec.ts:24:5 › Parent forged aggregate receipt stays hidden until an explicit retry returns verified actual counts (636ms)
  ok 11 tests\native-ui-contract\parent-attendance-contract.spec.ts:27:5 › Parent section denial keeps its view, while invalid session removes all private month display (757ms)
  ok 12 tests\native-ui-contract\parent-attendance-contract.spec.ts:31:5 › Parent monthly attendance refuses a lesson-granularity receipt instead of mixing its denominator with daily attendance (570ms)
  ok 13 tests\native-ui-contract\parent-conduct-contract.spec.ts:27:5 › Parent conduct list, detail and print use official decimals, pinned class and rule, local line date and own actual revision history (1.3s)
  ok 14 tests\native-ui-contract\parent-conduct-contract.spec.ts:30:5 › Parent conduct mobile retains actual decimals without overflow and historical missing labels stay absent (853ms)
  ok 15 tests\native-ui-contract\parent-conduct-contract.spec.ts:33:5 › Parent conduct inconsistent history remains an error; withdrawal hides the score and terminal revocation clears the private view (1.2s)
  ok 16 tests\native-ui-contract\parent-documents-contract.spec.ts:27:5 › Parent documents show real capabilities and reports, view only uses private bytes and permitted download makes a new API call (1.0s)
  ok 17 tests\native-ui-contract\parent-documents-contract.spec.ts:32:5 › Parent document mobile keeps the existing card layout and focus removes a revoked preview instead of retaining bytes (628ms)
  ok 18 tests\native-ui-contract\parent-documents-contract.spec.ts:35:5 › Parent document malformed/private metadata stays hidden; withdrawal becomes empty and terminal revocation clears the view (845ms)
  ok 19 tests\native-ui-contract\parent-duties-contract.spec.ts:18:5 › Parent duty cards preserve actual publication status and school date without assuming completed past tasks (586ms)
  ok 20 tests\native-ui-contract\parent-duties-contract.spec.ts:21:5 › Parent duty mobile retains readable upcoming/past cards and refreshes withdrawn publications to truthful empty states (552ms)
  ok 21 tests\native-ui-contract\parent-duties-contract.spec.ts:24:5 › Parent malformed duties stay hidden until retry; section denial keeps ownership and terminal revocation clears it (966ms)
  ok 22 tests\native-ui-contract\parent-intake-contract.spec.ts:25:5 › Parent native intake consumes fragment, persists only view ID and reloads the owned context (849ms)
  ok 23 tests\native-ui-contract\parent-intake-contract.spec.ts:29:5 › Parent opening a second link shows only that child and replaces the tab pointer (729ms)
  ok 24 tests\native-ui-contract\parent-intake-contract.spec.ts:32:5 › Parent query-string credentials cannot exchange and the unavailable page uses actual public contact (422ms)
  ok 25 tests\native-ui-contract\parent-intake-contract.spec.ts:35:5 › Parent invalid current session clears child content and only its own storage key (721ms)
  ok 26 tests\native-ui-contract\parent-intake-contract.spec.ts:38:5 › Parent other-tab cookie/view change fails closed without replacing the other tab child (1.0s)
  ok 27 tests\native-ui-contract\parent-intake-contract.spec.ts:41:5 › Parent landing and navigation respect a link whose overview is not shared on mobile (487ms)
  ok 28 tests\native-ui-contract\parent-overview-contract.spec.ts:28:5 › Parent overview preserves published facts and existing cards with real marked denominator, null classification and cancelled lesson (811ms)
  ok 29 tests\native-ui-contract\parent-overview-contract.spec.ts:31:5 › Parent overview mobile fits its viewport and overview-only permissions remove every unshared panel (866ms)
  ok 30 tests\native-ui-contract\parent-overview-contract.spec.ts:34:5 › Parent overview malformed totals stay errors, unmarked has no invented percentage and withdrawal/revocation hide current facts (1.2s)
  ok 31 tests\native-ui-contract\parent-preview-contract.spec.ts:54:5 › SC25 staff shell previews native overview, attendance, conduct history, teachers, timetable and own duties through independent purposes (2.4s)
  ok 32 tests\native-ui-contract\parent-preview-contract.spec.ts:60:5 › SC25 staff preview reads own activity and announcement details and actual private view bytes without lending downloads (1.6s)
  ok 33 tests\native-ui-contract\parent-preview-contract.spec.ts:63:5 › SC25 mobile preview respects overview-only capabilities and denies direct unshared routes without requesting their panels (834ms)
  x  34 tests\native-ui-contract\parent-preview-contract.spec.ts:66:5 › SC25 current preview denial, invalid link and API outage remove old child content while preserving the public tab pointer (11.4s)
(node:53772) Warning: The 'NO_COLOR' env is ignored due to the 'FORCE_COLOR' env being set.
(Use `node --trace-warnings ...` to show where the warning was created)
  ok 35 tests\native-ui-contract\parent-shared-contract.spec.ts:27:5 › Parent activity list and detail keep the card design and actual own-child exempt status, school date and view-only evidence (1.2s)
  ok 36 tests\native-ui-contract\parent-shared-contract.spec.ts:30:5 › Parent announcements preserve search, actual audience labels and safe rich formatting without recipients or an active entity payload (1.0s)
  ok 37 tests\native-ui-contract\parent-shared-contract.spec.ts:33:5 › Parent shared mobile layout stays within viewport and withdrawing detail removes previously displayed published content (855ms)
  ok 38 tests\native-ui-contract\parent-shared-contract.spec.ts:36:5 › Parent malformed publication HTML stays hidden; retry restores safe content and terminal revocation clears the view (931ms)
  ok 39 tests\native-ui-contract\parent-teachers-contract.spec.ts:18:5 › Parent teacher cards use work-only shared contacts, actual published weekdays and nullable school/contact hours (617ms)
  ok 40 tests\native-ui-contract\parent-teachers-contract.spec.ts:21:5 › Parent teacher mobile keeps current teacher work cards and explicit empty assignments without horizontal overflow (744ms)
  ok 41 tests\native-ui-contract\parent-teachers-contract.spec.ts:24:5 › Parent malformed teacher data stays hidden; focus revalidation suppresses changed work contacts and terminal revoke removes ownership (1.1s)
  ok 42 tests\native-ui-contract\parent-timetable-contract.spec.ts:20:5 › Parent weekly timetable keeps school clock, pinned periods/cancellation and all Sunday facts while navigation reads the selected week (724ms)
  ok 43 tests\native-ui-contract\parent-timetable-contract.spec.ts:24:5 › Parent timetable mobile retains all day cards without overflow and removes withdrawn lessons on current focus revalidation (609ms)
  ok 44 tests\native-ui-contract\parent-timetable-contract.spec.ts:27:5 › Parent malformed clock labels stay hidden until retry; denied module keeps the view and terminal revoke clears it (1.1s)
  ok 45 tests\native-ui-contract\school-contract.spec.ts:22:7 › Native school browser contract — intercepted API, separate from PostgreSQL E2E › keeps school edits on a transient read failure and removes the private form on forbidden reads (733ms)
  ok 46 tests\native-ui-contract\school-contract.spec.ts:35:7 › Native school browser contract — intercepted API, separate from PostgreSQL E2E › accepts nullable public contacts and clears dirty state only after a matching profile ACK (615ms)
  ok 47 tests\native-ui-contract\school-contract.spec.ts:46:7 › Native school browser contract — intercepted API, separate from PostgreSQL E2E › opens a school without years and keeps year creation reachable (668ms)
  ok 48 tests\native-ui-contract\school-contract.spec.ts:59:7 › Native school browser contract — intercepted API, separate from PostgreSQL E2E › keeps a reviewed school profile through background refresh and reloads explicitly after conflict (840ms)
  ok 49 tests\native-ui-contract\school-contract.spec.ts:76:7 › Native school browser contract — intercepted API, separate from PostgreSQL E2E › creates a class with class authority alone, retains a wrong ACK and retries one atomic command (10.0s)
  ok 50 tests\native-ui-contract\school-contract.spec.ts:102:7 › Native school browser contract — intercepted API, separate from PostgreSQL E2E › shows the year calendar with year authority alone and labels denied class data (646ms)
  ok 51 tests\native-ui-contract\staff-contract.spec.ts:26:7 › Native staff browser contracts — intercepted API, separate from PostgreSQL E2E › renders denied assignment and history panels without inventing empty data or reading invitations (596ms)
  ok 52 tests\native-ui-contract\staff-contract.spec.ts:37:7 › Native staff browser contracts — intercepted API, separate from PostgreSQL E2E › keeps mixed action scopes and source version through refresh, retains read failures and reloads a role explicitly after conflict (1.1s)
  ok 53 tests\native-ui-contract\staff-contract.spec.ts:54:7 › Native staff browser contracts — intercepted API, separate from PostgreSQL E2E › creates an invitation through purpose-bound choices with zero roles and truthful queued delivery (823ms)
  ok 54 tests\native-ui-contract\staff-contract.spec.ts:66:7 › Native staff browser contracts — intercepted API, separate from PostgreSQL E2E › replaces school roles with the reviewed member version and actual delegation deadline without reading a role catalog (783ms)
  ok 55 tests\native-ui-contract\staff-contract.spec.ts:79:7 › Native staff browser contracts — intercepted API, separate from PostgreSQL E2E › saves the reviewed assignment dates and versions, retains a wrong ACK and manually retries the same key (1.0s)
  ok 56 tests\native-ui-contract\staff-contract.spec.ts:94:7 › Native staff browser contracts — intercepted API, separate from PostgreSQL E2E › recovers a handover after a lost create ACK and reload, then reviews changed sources without creating a second receipt (1.4s)
  ok 57 tests\native-ui-contract\students-contract.spec.ts:44:7 › Native staff parent-link metadata browser contracts — intercepted API, separate from PostgreSQL E2E › class manage alone reads its directory choices, sends filters and exposes the explicit student/year URL restriction (860ms)
  ok 58 tests\native-ui-contract\students-contract.spec.ts:54:7 › Native staff parent-link metadata browser contracts — intercepted API, separate from PostgreSQL E2E › directory issuance searches one bounded page across 1600 candidates without reading a full roster (1.1s)
  ok 59 tests\native-ui-contract\students-contract.spec.ts:62:7 › Native staff parent-link metadata browser contracts — intercepted API, separate from PostgreSQL E2E › details preserve denied contact, real total opens, explicit null history fields and bounded sibling metadata (867ms)
  ok 60 tests\native-ui-contract\students-contract.spec.ts:69:7 › Native staff parent-link metadata browser contracts — intercepted API, separate from PostgreSQL E2E › revocation keeps the clicked version through a metadata refresh and retains the same key after an unconfirmed reason (851ms)
  ok 61 tests\native-ui-contract\students-contract.spec.ts:76:7 › Native staff parent-link metadata browser contracts — intercepted API, separate from PostgreSQL E2E › a conflict keeps the revocation reason and directs an explicit reload without adopting a new version (657ms)
  ok 62 tests\native-ui-contract\students-contract.spec.ts:81:7 › Native staff parent-link metadata browser contracts — intercepted API, separate from PostgreSQL E2E › loss of manage authority unmounts detail metadata and the open private revocation draft (703ms)
  ok 63 tests\native-ui-contract\students-contract.spec.ts:86:7 › Native staff parent-link metadata browser contracts — intercepted API, separate from PostgreSQL E2E › denied revoke authority removes the draft and exact recipient from the command error dialog (645ms)
  ok 64 tests\native-ui-contract\students-contract.spec.ts:91:7 › Native staff parent-link metadata browser contracts — intercepted API, separate from PostgreSQL E2E › directory rotation freezes the selected old link while background directory/source readers refresh (890ms)
  ok 65 tests\native-ui-contract\students-contract.spec.ts:101:7 › Native student and guardian browser contracts — intercepted API, separate from PostgreSQL E2E › uses directory year and class choices, preserves denied counters and sends server filters (772ms)
  ok 66 tests\native-ui-contract\students-contract.spec.ts:112:7 › Native student and guardian browser contracts — intercepted API, separate from PostgreSQL E2E › opens a class-write creation form without school, year or roster readers and creates atomically (898ms)
  ok 67 tests\native-ui-contract\students-contract.spec.ts:124:7 › Native student and guardian browser contracts — intercepted API, separate from PostgreSQL E2E › renders the minimal subject projection without family, notes, positions or stored link credentials (683ms)
  ok 68 tests\native-ui-contract\students-contract.spec.ts:133:7 › Native student and guardian browser contracts — intercepted API, separate from PostgreSQL E2E › renders existing link metadata without recovering a secret or borrowing issuance authority (753ms)
  ok 69 tests\native-ui-contract\students-contract.spec.ts:142:7 › Native student and guardian browser contracts — intercepted API, separate from PostgreSQL E2E › retains the student draft and displayed version through background read failure and a wrong mutation ACK (949ms)
  ok 70 tests\native-ui-contract\students-contract.spec.ts:154:7 › Native student and guardian browser contracts — intercepted API, separate from PostgreSQL E2E › uses the atomic guardian source, keeps masked contact unchanged and freezes all reviewed versions (895ms)
  ok 71 tests\native-ui-contract\students-contract.spec.ts:166:7 › Native student and guardian browser contracts — intercepted API, separate from PostgreSQL E2E › retains a guardian draft on 409 and adopts changed contact, relationship and primary versions only after explicit reload (981ms)
  ok 72 tests\native-ui-contract\students-contract.spec.ts:178:7 › Native student and guardian browser contracts — intercepted API, separate from PostgreSQL E2E › requires an explicit receiving choice for verification and sends the clicked relationship version (827ms)
  ok 73 tests\native-ui-contract\students-contract.spec.ts:189:7 › Native student and guardian browser contracts — intercepted API, separate from PostgreSQL E2E › removes an open guardian draft when purpose authority is revoked (721ms)
  ok 74 tests\native-ui-contract\students-contract.spec.ts:201:7 › Native parent-link issuance browser contracts — intercepted API, separate from PostgreSQL E2E › issue-only class authority prepares the recipient without borrowed readers and displays a fragment link once (6.5s)
  ok 75 tests\native-ui-contract\students-contract.spec.ts:217:7 › Native parent-link issuance browser contracts — intercepted API, separate from PostgreSQL E2E › a verified relationship without receiving authority remains disabled (634ms)
  ok 76 tests\native-ui-contract\students-contract.spec.ts:224:7 › Native parent-link issuance browser contracts — intercepted API, separate from PostgreSQL E2E › source conflicts keep the reviewed draft and only an explicit reload adopts the new versions/defaults (935ms)
  ok 77 tests\native-ui-contract\students-contract.spec.ts:232:7 › Native parent-link issuance browser contracts — intercepted API, separate from PostgreSQL E2E › lost acknowledgement retries the same command and disables resubmission after the one-time receipt is unavailable (951ms)
  ok 78 tests\native-ui-contract\students-contract.spec.ts:238:7 › Native parent-link issuance browser contracts — intercepted API, separate from PostgreSQL E2E › rotation sends the displayed old link version and preserves explicit document download permission (745ms)
  ok 79 tests\native-ui-contract\students-contract.spec.ts:245:7 › Native parent-link issuance browser contracts — intercepted API, separate from PostgreSQL E2E › a source authorization failure on refresh removes the private issuance form (764ms)
  ok 80 tests\native-ui-contract\support-contract.spec.ts:26:7 › Native school support browser contracts — intercepted API, separate from PostgreSQL E2E › uses server ticket totals, message counts and filters without borrowing consent authority (759ms)
  ok 81 tests\native-ui-contract\support-contract.spec.ts:37:7 › Native school support browser contracts — intercepted API, separate from PostgreSQL E2E › keeps a ticket draft through read failure and mismatched create ACK, then manually retries the same intent (929ms)
  ok 82 tests\native-ui-contract\support-contract.spec.ts:51:7 › Native school support browser contracts — intercepted API, separate from PostgreSQL E2E › uses the reviewed support version through refresh and retains a required decline reason on conflict (825ms)
  ok 83 tests\native-ui-contract\support-contract.spec.ts:64:7 › Native school support browser contracts — intercepted API, separate from PostgreSQL E2E › retains an unconfirmed school message and sends the same key on manual retry (778ms)
  ok 84 tests\native-ui-contract\support-contract.spec.ts:76:7 › Native school support browser contracts — intercepted API, separate from PostgreSQL E2E › uses audit SQL filters and removes a private detail drawer when read authority is denied (744ms)


  1) tests\native-ui-contract\parent-preview-contract.spec.ts:66:5 › SC25 current preview denial, invalid link and API outage remove old child content while preserving the public tab pointer

    Error: expect(locator).toBeVisible() failed

    Locator: getByText('Link hiện không sử dụng được', { exact: true })
    Expected: visible
    Timeout: 10000ms
    Error: element(s) not found

    Call log:
      - Expect "toBeVisible" getByText('Link hiện không sử dụng được', { exact: true }) with timeout 10000ms
      - waiting for getByText('Link hiện không sử dụng được', { exact: true })


      65 | });
      66 | test('SC25 current preview denial, invalid link and API outage remove old child content while preserving the public tab pointer',async({page})=>{
    > 67 |  const state=ready();await routes(page,state);await visit(page);await expect(page.getByText('8/10',{exact:true})).toBeVisible();for(const mode of ['denied','invalid','failed'] as const){state.mode=mode;await page.reload();await expect(page.getByRole('heading',{name:'Xem trước trang phụ huynh',exact:true})).toBeVisible();await expect(page.getByText(mode==='denied'?'Bạn không có quyền xem mục này':mode==='invalid'?'Link hiện không sử dụng được':'Không tải được dữ liệu',{exact:true})).toBeVisible();await expect(page.getByText('Con tổng quan API',{exact:true})).toHaveCount(0);await expect(page.getByText('8/10',{exact:true})).toHaveCount(0);await assertPointer(page,state);}state.mode='ready';await page.getByRole('button',{name:'Thử lại',exact:true}).click();await expect(page.getByText('8/10',{exact:true})).toBeVisible();await assertPointer(page,state);
         |                                                                                                                                                                                                                                                                                                                                                                                                                                                                                                        ^
      68 | });
      69 |
        at D:\Edu\tests\native-ui-contract\parent-preview-contract.spec.ts:67:488

    attachment #1: screenshot (image/png) ──────────────────────────────────────────────────────────
    qa\backend\b6-parent-preview-browser-artifacts-final\parent-preview-contract-SC-af54a-ving-the-public-tab-pointer\test-failed-1.png
    ────────────────────────────────────────────────────────────────────────────────────────────────

    Error Context: qa\backend\b6-parent-preview-browser-artifacts-final\parent-preview-contract-SC-af54a-ving-the-public-tab-pointer\error-context.md

    attachment #3: trace (application/zip) ─────────────────────────────────────────────────────────
    qa\backend\b6-parent-preview-browser-artifacts-final\parent-preview-contract-SC-af54a-ving-the-public-tab-pointer\trace.zip
    Usage:

        npx playwright show-trace qa\backend\b6-parent-preview-browser-artifacts-final\parent-preview-contract-SC-af54a-ving-the-public-tab-pointer\trace.zip

    ────────────────────────────────────────────────────────────────────────────────────────────────

  1 failed
    tests\native-ui-contract\parent-preview-contract.spec.ts:66:5 › SC25 current preview denial, invalid link and API outage remove old child content while preserving the public tab pointer
  83 passed (1.7m)
