
 RUN  v3.2.7 D:/Edu

 ✓ tests/unit/api-query-boundary.test.ts (5 tests) 40ms
 ✓ tests/unit/api-session.test.ts (9 tests) 58ms
 ✓ tests/unit/api-platform-adapter.test.ts (13 tests) 87ms
 ✓ tests/unit/api-handover-adapter.test.ts (8 tests) 77ms
 ✓ tests/unit/api-parent-access-adapter.test.ts (8 tests) 73ms
 ✓ tests/unit/api-parent-attendance-adapter.test.ts (6 tests) 98ms
 ✓ tests/unit/api-parent-issue-adapter.test.ts (8 tests) 58ms
stdout | tests/unit/seed.test.ts > demo seed invariants > prints sizes
{
  students: 155,
  att: 3732,
  conduct: 265,
  lessons: 120,
  bytes: 1430325
}

 ✓ tests/unit/api-guardians-adapter.test.ts (21 tests) 70ms
 ✓ tests/unit/api-students-adapter.test.ts (19 tests) 77ms
 ✓ tests/unit/api-parent-intake-adapter.test.ts (11 tests) 124ms
 ✓ tests/unit/seed.test.ts (7 tests) 83ms
 ✓ tests/unit/api-staff-activation.test.ts (8 tests) 71ms
 ✓ tests/unit/api-support-adapter.test.ts (13 tests) 80ms
 ✓ tests/unit/api-parent-duties-adapter.test.ts (6 tests) 47ms
 ✓ tests/unit/api-client.test.ts (11 tests) 85ms
 ✓ tests/unit/api-school-adapter.test.ts (23 tests) 90ms
 ✓ tests/unit/api-assignment-adapter.test.ts (8 tests) 55ms
 ✓ tests/unit/api-session-adapter.test.ts (2 tests) 52ms
 ✓ tests/unit/api-staff-adapter.test.ts (9 tests) 66ms
 ✓ tests/unit/api-role-adapter.test.ts (5 tests) 52ms
 ✓ tests/unit/api-lists-fragments.test.ts (10 tests) 67ms
 ✓ tests/unit/api-rollover-adapter.test.ts (8 tests) 79ms
 ✓ tests/unit/api-parent-timetable-adapter.test.ts (6 tests) 90ms
 ✓ tests/unit/api-auth-adapter.test.ts (7 tests) 57ms
 ✓ tests/unit/api-staff-directory.test.ts (6 tests) 36ms
 ✓ tests/unit/api-parent-session.test.ts (8 tests) 22ms
 ✓ tests/unit/api-parent-teachers-adapter.test.ts (6 tests) 30ms
 ✓ tests/unit/api-parent-context.test.ts (5 tests) 13ms
 ✓ tests/unit/api-member-details.test.ts (5 tests) 25ms
 ✓ tests/unit/api-scope-guard.test.ts (5 tests) 11ms
 ✓ tests/unit/api-school-read-capability.test.ts (1 test) 4ms
 ✓ tests/unit/api-parent-credential.test.ts (3 tests) 8ms
 ✓ tests/unit/api-context.test.ts (1 test) 8ms
 ✓ tests/unit/permissions.test.ts (9 tests) 7ms
 ✓ tests/unit/api-native-facade.test.ts (3 tests) 3386ms
   ✓ connected root boundary > has no runtime route dependency on fixtures, IndexedDB, legacy repositories or demo sessions  3372ms
 ✓ tests/unit/flows.test.ts (25 tests) 8143ms
   ✓ NV-03 / Q17 — revoking an assignment blocks the next read/write > revoked homeroom cannot lock or record morning attendance  496ms
   ✓ F03 / F04 / F05 — record → review → lock ≠ publish → adjust > parent sees 97 only after publish, then 102 after an approved + published adjustment  1973ms
   ✓ F07 / Q21 — attendance-linked conduct is never double counted > late in attendance creates one record; manual late is refused; re-save does not duplicate  504ms
   ✓ F07 / Q21 — attendance-linked conduct is never double counted > Q20 — unmarked is never counted as present and blocks publishing  328ms
   ✓ F12 / NV-14 / Q40 — network error and conflicts > simulated network error saves nothing and a retry succeeds once  448ms
   ✓ F12 / NV-14 / Q40 — network error and conflicts > stale version is rejected instead of overwriting  313ms
   ✓ F09 / Q36 — import with errors never duplicates or overwrites > previews row errors, commits valid rows, re-import skips  341ms
   ✓ F04 — school B policy: only school leaders publish > homeroom at B can lock but not publish; principal publishes  630ms
   ✓ SC07 / NV-13 — new school year rollover > creates a year, enrols chosen students into new classes, leaves the old year untouched  648ms
   ✓ F11 / Q35 — lesson change with effective date and conflict detection > detects a teacher already teaching another class; publishing is blocked; past dates refused  457ms

 Test Files  36 passed (36)
      Tests  308 passed (308)
   Start at  15:58:22
   Duration  10.97s (transform 5.60s, setup 2.46s, collect 14.26s, tests 13.43s, environment 11ms, prepare 6.25s)

exitCode=0
