 Container edumanage_backend_test-postgres-1 Running 
 Container edumanage_backend_test-postgres-1 Waiting 
 Container edumanage_backend_test-postgres-1 Healthy 
 Container edumanage_backend_test-runner-run-570d42ff5fcb Creating 
 Container edumanage_backend_test-runner-run-570d42ff5fcb Created 
✔ B5 all 264 supplied operations and explicit frontend workflow extensions have registered real handlers (389.758338ms)
✔ BE01 migration replay is a no-op, mismatch fails and metadata remains intact (58.604285ms)
✔ BE02 cross-school enrollment FK rejects write using the real runtime role (10.001864ms)
✔ BE03 no-tenant denies and SET LOCAL cannot leak across a reused connection (4.216566ms)
✔ BE04 bootstrap only exposes the authenticated user memberships without tenant (4.048675ms)
✔ BE05 HOMEROOM A plus SUBJECT B cannot authorize seating or guardians in B (297.910266ms)
✔ BE06 revoked membership is checked during an existing session and B stays independent (43.454682ms)
✔ B6 self context carries only own current duties and separates self-profile from school contacts (154.629336ms)
✔ BE08 CSRF, credential validation, cookie flags, session rotation and rate limiting (97.846842ms)
✔ BE10 concurrent profile patches serialize with a single version winner (57.742342ms)
✔ B6 password/session commands use actual cookies, reject bad passwords and revoke every session after change (330.93066ms)
{"checkpoint":"parent-without-context","queryMs":5.7,"planExecutionMs":0.015,"planRows":0}
✔ BE21 parent runtime role cannot select raw student rows (15.402013ms)
✔ B0 health ready checks actual migrations, database and private storage (20.357104ms)
✔ B2 class lists use SQL scope and cross-school details deny before serialization (210.841618ms)
✔ BE09 idempotent organization create/retry/concurrency performs one write (80.032495ms)
✔ B2 required idempotency, class capacity/reference validation and version conflicts (127.500004ms)
✔ B2 signed cursor rejects scope/filter modification and delivers distinct pages (1461.124245ms)
✔ B2 subject student projection omits family/internal notes and denies guardians (379.929071ms)
✔ B2 guardian create does not merge matching phone, relationships start unverified (121.704485ms)
✔ BE07 existing identity invitation requires its session and preserves password/other school (240.772001ms)
✔ B1 password reset token is encrypted, single-use and revokes all prior sessions (136.873604ms)
✔ B2 staff delegation stays within the ceiling, custom class scope and immediate revocation (772.820746ms)
✔ B2 transfers serialize capacity, handover removes the old teacher and rollover binds its preview (1410.808771ms)
✔ B2 scoped guardian creation cannot acquire an unrelated family through relationship IDs (602.421777ms)
✔ B2/B5 uploads remain private until worker processing, leases serialize and local mail erases encrypted secrets (11410.293426ms)
✔ B2 imports parse real CSV, bind stale previews, avoid name/phone merges and retain invalid rows safely (3362.615ms)
✔ B2/B5 timetable import checks assignments and overlapping slots, creates only a draft and deduplicates retries (2156.456363ms)
✔ B2 imports update only verified codes, create class drafts and staff invitations with work profiles (5185.990102ms)
✔ B2 large import resumes after a lost chunk without duplicating applied rows and checks current school authority (3966.971642ms)
✔ B3 attendance starts unmarked, versions every source change and publishes immutable one-student projections (487.093773ms)
✔ B3 subject attendance requires its actual lesson and cannot borrow daily access from another class (581.236767ms)
✔ B3 a simultaneous attendance edit and publish has one winner and never publishes a mixed source version (181.806524ms)
✔ B3 rule sets require explicit points, immutable issuance and effective week application (413.075457ms)
✔ B3 conduct reviews preserve facts, lock READY projections and publish only the exact pinned source (768.172546ms)
✔ B3 conduct linked attendance detects stale sources and subject teachers see only their own lesson facts (934.194601ms)
✔ B3 approved adjustments retain old facts and atomically replace the current publication with a reviewed preview (491.987112ms)
✔ B3 a simultaneous conduct record and lock/publish has one source winner (249.661371ms)
✔ B3 attendance linkage deduplicates, excludes corrected drafts and leaves locked scores unchanged with explicit warnings (443.051587ms)
✔ B4 private parent links expose only published child projections, preserve staff cookies and bind the active tab context (889.136263ms)
✔ B4 section/download rights, reissue, relationship revocation and foreign UUIDs are checked on each new parent request (500.156413ms)
✔ B4 private documents stream only with both download rights, and teacher contact projections use shared work fields (624.276406ms)
✔ B4 expired links, suspended schools, CSRF and exchange throttles deny without creating a parent identity (454.565862ms)
✔ B1 delegated grants and invitation acceptance stay inside the current expiry ceiling; backdated assignments require a reason (268.501006ms)
✔ B2 shrinking class capacity checks planned future occupancy peaks, rather than only today (116.487636ms)
✔ B5 dated groups retain moves and same-day cancellations, require current class versions and end group-leader duties (525.160275ms)
✔ B5 position holders serialize and remain valid conduct sources; locked source history cannot be shortened (465.773165ms)
✔ B5 seating validates effective enrollment and unique seats, preserves dated revisions and denies subject-only reads (648.994116ms)
✔ B2/B5 a transfer closes dated groups/positions and retains cancelled future plans atomically (380.602404ms)
✔ B5 timetable materializes bounded future lessons, publishes child-only projections and preserves past/source history (699.347976ms)
✔ B5 timetable rejects teacher/room collisions and revoked assignments, skips holidays and revalidates source versions (944.24811ms)
✔ B5 duties publish only individual tasks, reject foreign enrollment and retain immutable publication/withdraw history (469.08026ms)
✔ B5 group duties expand the effective group at publication and retain the individual targets after later moves (665.288191ms)
✔ B5 activities count only explicit participants, preserve published states and require current source/review authority (963.165241ms)
✔ B5 approved activity results are explicit conduct sources and locked approved facts protect their source history (393.300726ms)
✔ B5 evidence stays private until review and publication; parent documents remain child-bound and filter file availability (1457.312897ms)
✔ B5 class announcements retain immutable publication across edits, bind one recipient and reject foreign class reads (1919.14085ms)
✔ B5 public school announcements sanitize content and keep draft/private replacements out of the public projection (1576.075987ms)
✔ B5 scheduled announcements wait for their due time, publish once through a worker and safely replay after an acknowledgement loss (1184.644235ms)
✔ B5 scheduled publication rechecks the creator grant and reports a failed queue without exposing a parent snapshot (1355.961747ms)
✔ B5 announcement attachments remain private to one child, obey link download rights and disappear when archived or withdrawn (1328.188812ms)
✔ B5 school settings persist with version guards, affect only new link expiry and suppress work contacts without changing old link permissions (913.248532ms)
✔ B5 disabling homeroom publication takes effect inside existing sessions and restores only after an explicit setting change (700.176227ms)
✔ B3 configured second approval rejects self approval in API and SQL, while a different scoped approver permits atomic adjustment (559.522161ms)
✔ B5 personal notifications paginate across actual memberships, deduplicate publication events and deny foreign recipients and cross-user cursors (987.862477ms)
✔ B5 withdrawn announcements redact retained staff notifications instead of exposing a stale published target (1131.284121ms)
✔ B5 dashboards count real scoped rows, keep homeroom and subject tasks separate and immediately recheck revocation (6013.481876ms)
✔ B5 teacher schedule is own dated teaching and announcement feed reads only current publications across draft edits (2107.594933ms)
✔ B5 dashboard attendance counters and publication tasks follow persisted marks, publish/withdraw and current school policy (904.714178ms)
✔ B2 platform creates only metadata drafts, bootstraps admin roles/invitations and requires an active administrator for activation (1144.333262ms)
✔ B5 platform settings and operation records persist actual state, redact artifacts and reauthorize command replays (636.070502ms)
✔ B1 platform admin invitations obey operator expiry ceilings and acceptance rolls back after authority expires (121.609993ms)
✔ B5 support tickets persist both sides, preserve queue states and exact timestamp pagination, and deny other schools (307.214738ms)
✔ B1 support requests require independent current school consent, retain immutable scope and bind tickets/classes/actions/time (239.898418ms)
✔ B1 explicitly selected support grants authorize only scoped metadata GETs, audit the actual operator and force read-only SQL (219.983138ms)
✔ B1 school-wide support metadata never exposes import rows/downloads and expires without fallback to operator privileges (3441.980121ms)
✔ B1 an operator who also has school-admin rights still cannot self-approve or combine selected support scope with ordinary rights (205.443994ms)
✔ B5 signed native keysets cross a nullable sort boundary without dropping or repeating persisted schools (1302.172848ms)
✔ B5 report SQL uses real scoped counts and immutable CSV export content while live attendance changes (736.841302ms)
✔ B5 published report exports pin revisions across replacement and withdrawal without exposing drafts (776.243438ms)
✔ B5 export XLSX/PDF are actual files with literal formula text, Vietnamese font and private download authorization (857.085852ms)
✔ B5 subject reports remain own lesson attendance and scoped activities without school/family/conduct/export access (281.627853ms)
✔ B5 export workers and all file paths reauthorize revocation, expiry and cancellation, and replay completed work safely (719.34696ms)
✔ B5 conduct/activity/progress/link reports use actual pinned scores, explicit participant denominators and anonymous link use (763.670531ms)
✔ B6 organization display fields persist with versions and tenant-safe references instead of being silently ignored (334.003896ms)
✔ B6 year wizard creates bounded terms, weeks, published holidays and independent draft rules atomically and idempotently (494.461195ms)
✔ B6 class form assigns homeroom atomically, denies foreign/backdated inputs, requires handover and preserves archived history (682.938142ms)
✔ B6 organization projections scope counts in SQL and a year-only grant cannot copy or publish rules (3868.906211ms)
✔ B6 purpose-bound form pickers use current write authority, exclude contacts/roles/counts and deny normal directory access (794.667161ms)
✔ B6 rollover preview uses exact end-year enrollment, minimal workflow authority and immediate revocation (1234.197839ms)
✔ B6 platform school wizard creates its optional admin invitation atomically and redacts form metadata (1603.674331ms)
✔ B6 platform school form readers never lend admin or read authority to a create-only operator (365.644523ms)
✔ B6 school overview keeps current scoped totals, actual setup and publication metadata without lending school-wide reads (5054.303427ms)
ℹ tests 92
ℹ suites 0
ℹ pass 92
ℹ fail 0
ℹ cancelled 0
ℹ skipped 0
ℹ todo 0
ℹ duration_ms 95752.228227
