 Container edumanage_backend_test-runner-run-b5c87a9d693b Creating
 Container edumanage_backend_test-runner-run-b5c87a9d693b Created
✔ B5 all 264 supplied operations and explicit frontend workflow extensions have registered real handlers (522.306325ms)
✔ BE01 migration replay is a no-op, mismatch fails and metadata remains intact (71.291896ms)
✔ BE02 cross-school enrollment FK rejects write using the real runtime role (10.38854ms)
✔ BE03 no-tenant denies and SET LOCAL cannot leak across a reused connection (3.967423ms)
✔ BE04 bootstrap only exposes the authenticated user memberships without tenant (9.563346ms)
✔ BE05 HOMEROOM A plus SUBJECT B cannot authorize seating or guardians in B (5511.541427ms)
✔ BE06 revoked membership is checked during an existing session and B stays independent (64.949115ms)
✔ B6 self context carries only own current duties and separates self-profile from school contacts (10411.726438ms)
✔ BE08 CSRF, credential validation, cookie flags, session rotation and rate limiting (102.316638ms)
✔ BE10 concurrent profile patches serialize with a single version winner (53.914965ms)
✔ B6 password/session commands use actual cookies, reject bad passwords and revoke every session after change (321.081408ms)
{"checkpoint":"parent-without-context","queryMs":5.417,"planExecutionMs":0.016,"planRows":0}
✔ BE21 parent runtime role cannot select raw student rows (14.944153ms)
✔ B0 health ready checks actual migrations, database and private storage (25.533704ms)
✔ B2 class lists use SQL scope and cross-school details deny before serialization (285.305836ms)
✔ BE09 idempotent organization create/retry/concurrency performs one write (74.637105ms)
✔ B2 required idempotency, class capacity/reference validation and version conflicts (127.783549ms)
✔ B2 signed cursor rejects scope/filter modification and delivers distinct pages (3666.443448ms)
✔ B2 subject student projection omits family/internal notes and denies guardians (425.459394ms)
✔ B2 guardian create does not merge matching phone, relationships start unverified (145.475513ms)
✔ BE07 existing identity invitation requires its session and preserves password/other school (4830.854884ms)
✔ B1 password reset token is encrypted, single-use and revokes all prior sessions (141.432677ms)
✔ B2 staff delegation stays within the ceiling, custom class scope and immediate revocation (875.795408ms)
✔ B2 transfers serialize capacity, handover removes the old teacher and rollover binds its preview (1626.883283ms)
✔ B2 scoped guardian creation cannot acquire an unrelated family through relationship IDs (448.515364ms)
✔ B2/B5 uploads remain private until worker processing, leases serialize and local mail erases encrypted secrets (163197.551089ms)
✔ B2 imports parse real CSV, bind stale previews, avoid name/phone merges and retain invalid rows safely (5793.601553ms)
✔ B2/B5 timetable import checks assignments and overlapping slots, creates only a draft and deduplicates retries (4019.133255ms)
✔ B2 imports update only verified codes, create class drafts and staff invitations with work profiles (8220.620265ms)
✔ B2 large import resumes after a lost chunk without duplicating applied rows and checks current school authority (5829.984709ms)
✔ B3 attendance starts unmarked, versions every source change and publishes immutable one-student projections (517.734013ms)
✔ B3 subject attendance requires its actual lesson and cannot borrow daily access from another class (610.297643ms)
✔ B3 a simultaneous attendance edit and publish has one winner and never publishes a mixed source version (183.948272ms)
✔ B3 rule sets require explicit points, immutable issuance and effective week application (445.227987ms)
✔ B3 conduct reviews preserve facts, lock READY projections and publish only the exact pinned source (876.604772ms)
✔ B3 conduct linked attendance detects stale sources and subject teachers see only their own lesson facts (1021.999989ms)
✔ B3 approved adjustments retain old facts and atomically replace the current publication with a reviewed preview (510.687922ms)
✔ B3 a simultaneous conduct record and lock/publish has one source winner (262.413289ms)
✔ B3 attendance linkage deduplicates, excludes corrected drafts and leaves locked scores unchanged with explicit warnings (477.503092ms)
✔ B4 private parent links expose only published child projections, preserve staff cookies and bind the active tab context (1110.251852ms)
✔ B4 section/download rights, reissue, relationship revocation and foreign UUIDs are checked on each new parent request (554.924791ms)
✔ B4 private documents stream only with both download rights, and teacher contact projections use shared work fields (782.330527ms)
✔ B4 expired links, suspended schools, CSRF and exchange throttles deny without creating a parent identity (505.553362ms)
✔ B1 delegated grants and invitation acceptance stay inside the current expiry ceiling; backdated assignments require a reason (323.385448ms)
✔ B2 shrinking class capacity checks planned future occupancy peaks, rather than only today (120.018012ms)
✔ B5 dated groups retain moves and same-day cancellations, require current class versions and end group-leader duties (617.892812ms)
✔ B5 position holders serialize and remain valid conduct sources; locked source history cannot be shortened (512.348382ms)
✔ B5 seating validates effective enrollment and unique seats, preserves dated revisions and denies subject-only reads (724.336091ms)
✔ B2/B5 a transfer closes dated groups/positions and retains cancelled future plans atomically (391.599789ms)
✔ B5 timetable materializes bounded future lessons, publishes child-only projections and preserves past/source history (785.210876ms)
✔ B5 timetable rejects teacher/room collisions and revoked assignments, skips holidays and revalidates source versions (1163.43817ms)
✔ B5 duties publish only individual tasks, reject foreign enrollment and retain immutable publication/withdraw history (497.760552ms)
✔ B5 group duties expand the effective group at publication and retain the individual targets after later moves (728.233739ms)
✔ B5 activities count only explicit participants, preserve published states and require current source/review authority (983.728572ms)
✔ B5 approved activity results are explicit conduct sources and locked approved facts protect their source history (467.296268ms)
✔ B5 evidence stays private until review and publication; parent documents remain child-bound and filter file availability (20641.53187ms)
✔ B5 class announcements retain immutable publication across edits, bind one recipient and reject foreign class reads (3228.537646ms)
✔ B5 public school announcements sanitize content and keep draft/private replacements out of the public projection (2513.171175ms)
✔ B5 scheduled announcements wait for their due time, publish once through a worker and safely replay after an acknowledgement loss (1336.575738ms)
✔ B5 scheduled publication rechecks the creator grant and reports a failed queue without exposing a parent snapshot (1503.901521ms)
✔ B5 announcement attachments remain private to one child, obey link download rights and disappear when archived or withdrawn (1592.977021ms)
✔ B5 school settings persist with version guards, affect only new link expiry and suppress work contacts without changing old link permissions (1004.024917ms)
✔ B5 disabling homeroom publication takes effect inside existing sessions and restores only after an explicit setting change (856.974654ms)
✔ B3 configured second approval rejects self approval in API and SQL, while a different scoped approver permits atomic adjustment (623.372381ms)
✔ B5 personal notifications paginate across actual memberships, deduplicate publication events and deny foreign recipients and cross-user cursors (1217.003057ms)
✔ B5 withdrawn announcements redact retained staff notifications instead of exposing a stale published target (39665.330624ms)
✔ B5 dashboards count real scoped rows, keep homeroom and subject tasks separate and immediately recheck revocation (4667.428754ms)
✔ B5 teacher schedule is own dated teaching and announcement feed reads only current publications across draft edits (2780.228308ms)
✔ B5 dashboard attendance counters and publication tasks follow persisted marks, publish/withdraw and current school policy (977.548856ms)
✔ B2 platform creates only metadata drafts, bootstraps admin roles/invitations and requires an active administrator for activation (4202.485338ms)
✔ B5 platform settings and operation records persist actual state, redact artifacts and reauthorize command replays (7661.438296ms)
✔ B1 platform admin invitations obey operator expiry ceilings and acceptance rolls back after authority expires (321.092233ms)
✔ B5 support tickets persist both sides, preserve queue states and exact timestamp pagination, and deny other schools (1027.103754ms)
✔ B1 support requests require independent current school consent, retain immutable scope and bind tickets/classes/actions/time (400.993768ms)
✔ B1 explicitly selected support grants authorize only scoped metadata GETs, audit the actual operator and force read-only SQL (253.073507ms)
✔ B1 school-wide support metadata never exposes import rows/downloads and expires without fallback to operator privileges (3501.673788ms)
✔ B1 an operator who also has school-admin rights still cannot self-approve or combine selected support scope with ordinary rights (193.928253ms)
✔ B5 signed native keysets cross a nullable sort boundary without dropping or repeating persisted schools (20665.329285ms)
✔ B5 report SQL uses real scoped counts and immutable CSV export content while live attendance changes (790.970675ms)
✔ B5 published report exports pin revisions across replacement and withdrawal without exposing drafts (896.784893ms)
✔ B5 export XLSX/PDF are actual files with literal formula text, Vietnamese font and private download authorization (972.753277ms)
✔ B5 subject reports remain own lesson attendance and scoped activities without school/family/conduct/export access (5343.435455ms)
✔ B5 export workers and all file paths reauthorize revocation, expiry and cancellation, and replay completed work safely (816.385925ms)
✔ B5 conduct/activity/progress/link reports use actual pinned scores, explicit participant denominators and anonymous link use (1803.29742ms)
✔ B6 organization display fields persist with versions and tenant-safe references instead of being silently ignored (1074.697857ms)
✔ B6 year wizard creates bounded terms, weeks, published holidays and independent draft rules atomically and idempotently (550.100334ms)
✔ B6 class form assigns homeroom atomically, denies foreign/backdated inputs, requires handover and preserves archived history (849.942076ms)
✔ B6 organization projections scope counts in SQL and a year-only grant cannot copy or publish rules (5819.905957ms)
✔ B6 purpose-bound form pickers use current write authority, exclude contacts/roles/counts and deny normal directory access (381.051612ms)
✔ B6 rollover preview uses exact end-year enrollment, minimal workflow authority and immediate revocation (525.494661ms)
✔ B6 platform school wizard creates its optional admin invitation atomically and redacts form metadata (14283.440565ms)
✔ B6 platform school form readers never lend admin or read authority to a create-only operator (220.987286ms)
✔ B6 school overview keeps current scoped totals, actual setup and publication metadata without lending school-wide reads (3157.51646ms)
✔ B6 support choices/counts are scoped SQL metadata, ticket message/status save atomically and an operator only relinquishes its own grant (295.686126ms)
✔ B6 platform audit filters exact actors and whole local date boundaries before pagination and denies school-only staff (128.679181ms)
✔ B6 school support metadata does not borrow consent authority, counts in SQL and rechecks permission before replay (433.414885ms)
✔ B6 school audit uses the school timezone and exact SQL filters with tenant-safe history options (237.836343ms)
✔ B6 operational probes use worker-only cycle evidence, actual backup records and purpose-bound aggregate authority (4176.858555ms)
✔ B6 atomic school-role replacement retains expiry/class scopes, detects independent grants and rolls back all failures (491.724212ms)
✔ B6 school-role replacement prevents self edits, last-admin removal, ceiling/expiry breaches and unauthorized cached replay (408.737548ms)
✔ B6 ending a membership revokes all current/future grants and assignments without deleting history or other schools (496.780194ms)
✔ B6 native school invitations persist all roles/profile, replay once and accept multiple or zero grants atomically (335.106589ms)
✔ B6 zero-role invitation still rechecks current inviter membership and mail authority before acceptance (178.566022ms)
✔ B6 expired staff invitations cannot be revoked as pending or delivered, and preserve their history (173.622586ms)
✔ B6 staff directory combines authorized pending invitations in SQL, searches folded work data and counts before keysets (484.057321ms)
✔ B6 directory read does not lend invitation, role catalog, assignment or export authority and revocation invalidates opaque scope cursors (345.146165ms)
✔ B6 Vietnamese composite keysets preserve given/full-name order, case/diacritic ties and nullable departments in both directions (518.019582ms)
✔ B6 locked identities keep their directory lifecycle but have no effective grants, and active KPI does not fabricate access (186.532383ms)
✔ B6 member details return real coarse other-school counts and work contacts without opening another tenant (330.180414ms)
✔ B6 member aggregate checks current school authority, target membership and SQL role before returning any count (277.850587ms)
✔ B6 member effective permissions and assignment history follow native grant time, membership, identity and assignment dates (654.012055ms)
✔ B6 member role choices respect action-specific delegation expiry without borrowing a role catalog (342.108404ms)
✔ B6 member history filters member, assignment and grant events before counting/keysets, with independent audit authority (496.875195ms)
✔ B6 personal notifications traverse more than 100 real own memberships without truncating global totals or opaque pages (62409.451332ms)
✔ B6 assignment preview is read-only, uses school-local instants and preserves displayed source versions before saving (516.036836ms)
✔ B6 assignment preview compares exact subject scopes, rejects overlapping windows and rechecks expired delegation on repeated POST (734.211022ms)
✔ B6 assignment preview detects source member changes, rejects malformed/foreign proposals and advertises future/configured publication timing (354.05721ms)
✔ B6 assignment matrix returns actual nullable cells and minimal work names under independent assignment-read authority (471.411226ms)
✔ B6 assignment matrix keeps an unconfigured year explicit and archived display reference separate from authority (281.852078ms)
✔ B6 role metadata keeps native scopes and real counts without lending member/audit access or treating custom class grants as assignments (492.522073ms)
✔ B6 role details show only independently authorized holders/history and save scoped deltas with a displayed version (12905.505513ms)
✔ B6 future held roles and immutable system templates cannot be edited by their holder (984.472153ms)
✔ B6 editing live roles cannot expand permissions beyond the current editor expiry ceiling (883.60802ms)
✔ B6 handover preview reads real current source/counts under purpose authority without member, family or role catalog access (1078.714346ms)
✔ B6 handover applies exactly once with school-local cutoffs, durable receipts, own-actor recovery and preserved source authorship (2024.234306ms)
✔ B6 changed handover sources fail before submission or application and require an explicit review of the same pending receipt (2343.283599ms)
✔ B6 open-item changes invalidate handover review and linked source grants are never extended at the cutoff (1884.288166ms)
✔ B6 handover receipts remain actor/school bound, recheck delegation and deny immutable-source replacement (1489.264847ms)
✔ B6 student creation allocates actual codes and atomically retains enrollment, gender and a separate unverified guardian (582.345919ms)
✔ B6 student form failures roll back every row and optional contacts require independent current authority on replay (1202.537105ms)
✔ B6 student edits retain displayed versions and never replay internal notes after private profile authority is revoked (921.169738ms)
✔ B6 student unknown historic gender remains null and invalid gender/guardian state cannot be fabricated (374.079542ms)
✔ B6 real CSV gender mapping normalizes supported values, preserves unmapped sources and retains invalid rows (4254.039717ms)
✔ B6 native student directory applies Vietnamese keysets, exact SQL filters and minimal selected identifiers (494.250431ms)
✔ B6 native student projections separate school roster authority from family, note and link authority in the same session (380.356307ms)
✔ B6 archived student history uses an explicit included date and stored group, position and teacher sources (236.723199ms)
✔ B6 subject pupil projection remains minimal and class history cannot retain family access after enrollment ends (360.677323ms)
✔ B6 pupil link metadata reflects real events, bounded recent history and revocation without returning reusable secrets (281.843759ms)
✔ B6 an unconfigured school directory returns actual null year context without fabricated class or student data (155.643353ms)
✔ B6 verified family counters remain verified when receiving permission is explicitly disabled (204.03315ms)
✔ B6 atomic guardian save creates unverified contacts, replays one receipt and prevents duplicate new commands (268.710453ms)
✔ B6 atomic guardian save serializes competing displayed student versions (198.221039ms)
✔ B6 guardian form grants class family authority without student read or unscoped sibling data (363.22166ms)
✔ B6 atomic guardian edits preserve verified receiving choices and reject stale contact versions without partial priority changes (293.866217ms)
✔ B6 guardian save detects independently changed primary references and preserves every row on failure (282.855339ms)
✔ B6 guardian save rejects masked phones, foreign pairings and mutation of archived contacts (294.913637ms)
✔ B6 guardian form and cached saves recheck enrollment end and grant expiry in the same session (346.137268ms)
✔ B6 atomic guardian save rolls back contacts, relationships, primary changes, audit and receipt after a real SQL fault (227.174284ms)
✔ B6 school guardian directory uses SQL folded search, literal wildcards, signed keysets and independent link counters (445.192491ms)
✔ B6 class guardian reads exclude all unscoped sibling relationships and immediately lose access after enrollment or grant ends (309.074222ms)
✔ B6 shared guardian contact edits require management of every affected class and current read authority even for a replay (569.243418ms)
✔ B6 guardian profile exposes real verification and revocation metadata but removes link and audit panels when their separate rights end (430.747156ms)
✔ B6 partial student write acknowledgements redact unsubmitted protected fields including stored old receipts (237.633072ms)
✔ B6 bounded school class overview preserves query results, local JIT preference and the five-second runtime timeout (170.498636ms)
✔ B6 native invitation choices require current invitation authority, preserve delegation ceilings and never borrow a role catalog (391.622404ms)
✔ B6 native staff activity is SQL-bounded to staff targets, rechecks audit authority and keeps foreign and family records out (239.031965ms)
✔ B6 student-create choices use current class write authority without borrowing roster, year or class readers (373.013605ms)
✔ B6 parent-issue purpose readers paginate over 1000 pupils, keep current class/time authority and expose no contact or token (623.596826ms)
✔ B6 reviewed parent issuance rejects stale sources, rotates atomically, converts local dates and never replays secrets (568.379874ms)
✔ B6 parent metadata directory keeps manage scope, current capabilities, real counts and no borrowed contact/catalog data (808.449494ms)
✔ B6 parent metadata masks independently authorized contact, paginates anonymous history and tracks only actual replacement facts (1112.673996ms)
✔ B6 parent attendance month exposes only real child sessions and published scoped holiday labels without borrowing overview (1132.005536ms)
✔ B6 parent attendance calendar SQL function checks exact child/year/school/current session and cannot expose raw calendar tables (512.469025ms)
✔ B6 parent teacher directory uses own live class assignments, shared work fields and only current published schedule weekdays (890.622566ms)
✔ B6 parent teacher SQL denies foreign or missing context, honors current enrollment/grant/contact changes and never grants raw memberships (546.998827ms)
✔ B6 parent monthly denominator includes only actual own DAILY publications and keeps LESSON attendance separate (1001.451182ms)
✔ B6 parent published dated projections retain old enrollment history and exclude old-class plans from the transfer cutoff (834.436767ms)
✔ B6 parent duty schedule includes all published batch rows and current source statuses, denies other scopes and follows withdrawal (3247.420204ms)
✔ B6 parent timetable week keeps pinned published period/status/work labels, own holiday calendar and independent preview through replacement and withdrawal (3317.496529ms)
✔ B6 parent timetable week SQL denies foreign/current-section contexts and raw sources, clips the year and follows transfer or link revocation (2539.396916ms)
✔ B6 parent documents complete directory and metadata use actual published reports, independent view/download rights and matching scoped previews (1786.364551ms)
✔ B6 parent file guards deny raw storage, foreign contexts, expiry and revocation committed between file open and final stream check (586.478796ms)
ℹ tests 171
ℹ suites 0
ℹ pass 171
ℹ fail 0
ℹ cancelled 0
ℹ skipped 0
ℹ todo 0
ℹ duration_ms 525415.74186
exitCode=0
