✔ public workspaces expose exact published projections and no staff or parent authentication (25.0046ms)
✔ existing synchronous auth invitation position message and publication handlers have actual success schemas (1.0371ms)
✔ native duty and attendance acknowledgements declare their actual HTTP200 without changing explicit HTTP201 creation (0.3511ms)
✔ teacher announcement reads require a displayed published source and actual HTTP200 receipts (9.1747ms)
✔ native announcement acknowledgements have an actual HTTP200 response schema and independent manage/publication permissions (2.2428ms)
✔ native attendance commands require displayed null or existing source versions and exclude private or subject rights overrides (4.4561ms)
✔ staff preview context has a minimal context schema and independent school authority (4.7127ms)
✔ class workspace header has exact year routing and explicitly permits absent independent period metadata (15.9399ms)
✔ class workspace overview is exact-class staff read with nullable panels bounded previews and no private source objects (12.6443ms)
✔ native organization seating save requires the displayed revision and rejects actor or scope authority in its body (2.4223ms)
✔ one-pupil class attendance accepts valid empty public notes and excludes private source fields (3.3854ms)
✔ class roster purposes retain exact year scope and transfer requests accept only an optional displayed enrollment version (1.5821ms)
✔ native duty commands retain exact displayed source and publication versions without actor authority or silent group expansion (4.8972ms)
✔ all operation IDs are unique, including the explicit frontend workflow extensions (0.3565ms)
✔ atomic school roles require a displayed version and unique explicit role IDs without actor authority (5.9302ms)
✔ reviewed parent issuance requires every reviewed source version and rejects contact/token/actor fields (5.6849ms)
✔ parent staff metadata excludes bearer/private fields and history represents missing device/section explicitly (8.1886ms)
✔ school invite retains zero or multiple roles and the 1–30 day form without widening platform admin invitations (3.3855ms)
✔ login rejects spoofed role, school and unknown fields (0.759ms)
✔ private user DTO rejects secrets and unknown properties (3.616ms)
✔ platform first administrator supports server start time and rejects scope spoofing or excessive invitation lifetime (0.1726ms)
✔ school overview accepts explicit unavailable panels and rejects private directory fields (16.9889ms)
✔ directory represents invitations without fake memberships and keeps unavailable invitation KPI explicit (5.1524ms)
✔ member profile separates denied panels and exact native authority without exposing other school metadata (14.7028ms)
✔ invitation choices use invitation authority and never lend role metadata or contacts (1.7748ms)
✔ atomic guardian save requires displayed student and primary versions without verification or actor fields (8.049ms)
✔ assignment preview is a CSRF-protected read-only POST and preserves explicit source versions without actor authority (1.6945ms)
✔ assignment matrix represents a real unconfigured year and empty cells without borrowing profiles, rosters or permissions (16.5849ms)
✔ role details retain exact native scopes and denied panels without exposing staff contacts or a fabricated editable system role (12.5675ms)
✔ handover receipts retain unknown legacy metadata and strict reviewed source fields without exposing the internal state (7.7036ms)
✔ student forms persist nullable gender and an atomic unverified guardian without accepting actor or result state (24.0612ms)
✔ student read models distinguish denied and unknown values and exclude reusable parent tokens (26.7717ms)
✔ guardian projections exclude student private profiles and audit snapshots and require explicit denied panels (17.8751ms)
✔ student-create options are a minimal write-purpose class projection without roster or borrowed catalogs (3.6897ms)
✔ parent context metadata distinguishes year, link and session bounds without child private fields (0.4766ms)
✔ parent attendance month preserves real session/holiday counts and rejects private fields or invented calendar states (4.3007ms)
✔ parent teacher directory requires explicit nullable work metadata and minimal unique weekdays without raw staff identity (2.5778ms)
✔ parent duty schedule exposes only concrete published tasks with explicit status and year/date metadata (6.9082ms)
✔ parent weekly timetable requires explicit published status, timezone and nullable pinned metadata without raw source fields (7.9193ms)
✔ parent document directory requires real independent capabilities and minimal report fields without storage keys (4.5066ms)
✔ parent shared content keeps pinned nullable metadata and independent attachments without raw sources or recipients (18.082ms)
✔ parent conduct display exposes published own history and explicit absent metadata without staff rules or cohort identity (6.0639ms)
✔ parent published overview requires explicit section absence, DAILY week facts and bounded purpose previews without private source fields (15.7413ms)
✔ native announcement semantic blocks round trip Vietnamese plaintext and line breaks without HTML execution (8.0847ms)
✔ native legacy HTML projection sanitizes executable tags and preserves real headings and list text only (1.7774ms)
✔ announcement HTML retains paragraph/list formatting while dropping executable markup, URLs and tracking resources (5.9097ms)
✔ JSON acknowledgements validate their actual status and never send undeclared or private payloads (15.5253ms)
✔ operation evidence validates metadata values and omits secret-like values and unknown fields (1.3278ms)
✔ parent month keeps actual sessions, mixed days and unmarked outside the attendance denominator (20.8946ms)
✔ parent month infers neither Sunday holidays nor missing-day presence and preserves actual published holiday names (0.598ms)
✔ parent month clips only to real exclusive year bounds and rejects malformed/outside-year selection (0.7612ms)
✔ parent month rejects missing calendar days, shifted date sources, unknown statuses and foreign date rows (0.6836ms)
✔ grant action and class scope stay together (1.4518ms)
✔ subject grants never authorize management without explicit subject policy (0.1691ms)
✔ end dates are exclusive and assignment is mandatory for default teacher grants (0.1235ms)
✔ a custom class grant authorizes only its delegated action and class (0.1995ms)
✔ a delegated grant cannot outlive an expiring authority, including an unbounded target or future start (0.177ms)
✔ decimal scoring preserves fractional sums, negative penalties, explicit base, clamps and threshold boundaries (4.6431ms)
✔ fixed deltas reject overrides and manual deltas require bounds (0.5253ms)
✔ parent weekly timetable uses real Monday/calendar bounds and clips partial academic weeks (3.7922ms)
✔ parent weekly timetable rejects a source exceeding the total bound before response serialization (1.7962ms)
✔ XLSX parser bounds sparse dimensions and rejects formulas before workbook allocation (92.1204ms)
ℹ tests 62
ℹ suites 0
ℹ pass 62
ℹ fail 0
ℹ cancelled 0
ℹ skipped 0
ℹ todo 0
ℹ duration_ms 563.4403
EXIT_CODE=0
