✔ all operation IDs are unique, including the explicit frontend workflow extensions (1.1464ms)
✔ atomic school roles require a displayed version and unique explicit role IDs without actor authority (8.7163ms)
✔ reviewed parent issuance requires every reviewed source version and rejects contact/token/actor fields (9.2285ms)
✔ parent staff metadata excludes bearer/private fields and history represents missing device/section explicitly (10.5609ms)
✔ school invite retains zero or multiple roles and the 1–30 day form without widening platform admin invitations (3.9457ms)
✔ login rejects spoofed role, school and unknown fields (1.1034ms)
✔ private user DTO rejects secrets and unknown properties (3.4472ms)
✔ platform first administrator supports server start time and rejects scope spoofing or excessive invitation lifetime (0.2361ms)
✔ school overview accepts explicit unavailable panels and rejects private directory fields (21.4515ms)
✔ directory represents invitations without fake memberships and keeps unavailable invitation KPI explicit (7.7574ms)
✔ member profile separates denied panels and exact native authority without exposing other school metadata (17.3453ms)
✔ invitation choices use invitation authority and never lend role metadata or contacts (1.8012ms)
✔ atomic guardian save requires displayed student and primary versions without verification or actor fields (9.3777ms)
✔ assignment preview is a CSRF-protected read-only POST and preserves explicit source versions without actor authority (1.756ms)
✔ assignment matrix represents a real unconfigured year and empty cells without borrowing profiles, rosters or permissions (14.9044ms)
✔ role details retain exact native scopes and denied panels without exposing staff contacts or a fabricated editable system role (10.0578ms)
✔ handover receipts retain unknown legacy metadata and strict reviewed source fields without exposing the internal state (7.6621ms)
✔ student forms persist nullable gender and an atomic unverified guardian without accepting actor or result state (23.8934ms)
✔ student read models distinguish denied and unknown values and exclude reusable parent tokens (37.6193ms)
✔ guardian projections exclude student private profiles and audit snapshots and require explicit denied panels (20.9098ms)
✔ student-create options are a minimal write-purpose class projection without roster or borrowed catalogs (3.997ms)
✔ parent context metadata distinguishes year, link and session bounds without child private fields (3.4957ms)
✔ parent attendance month preserves real session/holiday counts and rejects private fields or invented calendar states (4.0085ms)
✔ announcement HTML retains paragraph/list formatting while dropping executable markup, URLs and tracking resources (3.8188ms)
✔ operation evidence validates metadata values and omits secret-like values and unknown fields (1.419ms)
✔ parent month keeps actual sessions, mixed days and unmarked outside the attendance denominator (12.613ms)
✔ parent month infers neither Sunday holidays nor missing-day presence and preserves actual published holiday names (0.3663ms)
✔ parent month clips only to real exclusive year bounds and rejects malformed/outside-year selection (0.4081ms)
✔ parent month rejects missing calendar days, shifted date sources, unknown statuses and foreign date rows (0.4807ms)
✔ grant action and class scope stay together (0.9394ms)
✔ subject grants never authorize management without explicit subject policy (0.1339ms)
✔ end dates are exclusive and assignment is mandatory for default teacher grants (0.1268ms)
✔ a custom class grant authorizes only its delegated action and class (0.1674ms)
✔ a delegated grant cannot outlive an expiring authority, including an unbounded target or future start (0.1734ms)
✔ decimal scoring preserves fractional sums, negative penalties, explicit base, clamps and threshold boundaries (2.723ms)
✔ fixed deltas reject overrides and manual deltas require bounds (0.6133ms)
✔ XLSX parser bounds sparse dimensions and rejects formulas before workbook allocation (98.1574ms)
ℹ tests 37
ℹ suites 0
ℹ pass 37
ℹ fail 0
ℹ cancelled 0
ℹ skipped 0
ℹ todo 0
ℹ duration_ms 437.2903
