 Container edumanage_backend_test-postgres-1 Running
 Container edumanage_backend_test-postgres-1 Waiting
 Container edumanage_backend_test-postgres-1 Healthy
 Container edumanage_backend_test-runner-run-7915a72d222c Creating
 Container edumanage_backend_test-runner-run-7915a72d222c Created
✔ B5 all 264 supplied operations and explicit frontend workflow extensions have registered real handlers (480.216775ms)
✔ BE01 migration replay is a no-op, mismatch fails and metadata remains intact (77.864126ms)
✔ BE02 cross-school enrollment FK rejects write using the real runtime role (12.825547ms)
✔ BE03 no-tenant denies and SET LOCAL cannot leak across a reused connection (4.118603ms)
✔ BE04 bootstrap only exposes the authenticated user memberships without tenant (9.350555ms)
✔ BE05 HOMEROOM A plus SUBJECT B cannot authorize seating or guardians in B (4293.764878ms)
✔ BE06 revoked membership is checked during an existing session and B stays independent (55.727873ms)
✔ B6 self context carries only own current duties and separates self-profile from school contacts (7533.011366ms)
✔ BE08 CSRF, credential validation, cookie flags, session rotation and rate limiting (139.686429ms)
✔ BE10 concurrent profile patches serialize with a single version winner (62.651578ms)
✔ B6 password/session commands use actual cookies, reject bad passwords and revoke every session after change (692.758216ms)
{"checkpoint":"parent-without-context","queryMs":7.297,"planExecutionMs":0.017,"planRows":0}
✔ BE21 parent runtime role cannot select raw student rows (42.130307ms)
✔ B0 health ready checks actual migrations, database and private storage (29.051307ms)
✔ B2 class lists use SQL scope and cross-school details deny before serialization (448.582841ms)
✔ BE09 idempotent organization create/retry/concurrency performs one write (196.744344ms)
✔ B2 required idempotency, class capacity/reference validation and version conflicts (359.514789ms)
✔ B2 signed cursor rejects scope/filter modification and delivers distinct pages (3736.170795ms)
✔ B2 subject student projection omits family/internal notes and denies guardians (832.755718ms)
✔ B2 guardian create does not merge matching phone, relationships start unverified (490.92024ms)
✔ BE07 existing identity invitation requires its session and preserves password/other school (4347.837415ms)
✔ B1 password reset token is encrypted, single-use and revokes all prior sessions (579.730806ms)
✔ B2 staff delegation stays within the ceiling, custom class scope and immediate revocation (1545.024157ms)
✔ B2 transfers serialize capacity, handover removes the old teacher and rollover binds its preview (3664.283726ms)
✔ B2 scoped guardian creation cannot acquire an unrelated family through relationship IDs (973.435626ms)
✔ B2/B5 uploads remain private until worker processing, leases serialize and local mail erases encrypted secrets (129874.547653ms)
✔ B2 imports parse real CSV, bind stale previews, avoid name/phone merges and retain invalid rows safely (5975.294746ms)
✔ B2/B5 timetable import checks assignments and overlapping slots, creates only a draft and deduplicates retries (3398.699931ms)
✔ B2 imports update only verified codes, create class drafts and staff invitations with work profiles (9260.080693ms)
✔ B2 large import resumes after a lost chunk without duplicating applied rows and checks current school authority (6532.152066ms)
✔ B3 attendance starts unmarked, versions every source change and publishes immutable one-student projections (690.751155ms)
✔ B3 subject attendance requires its actual lesson and cannot borrow daily access from another class (664.927614ms)
✔ B3 a simultaneous attendance edit and publish has one winner and never publishes a mixed source version (209.018258ms)
✔ B3 rule sets require explicit points, immutable issuance and effective week application (493.095219ms)
✔ B3 conduct reviews preserve facts, lock READY projections and publish only the exact pinned source (1038.787814ms)
✔ B3 conduct linked attendance detects stale sources and subject teachers see only their own lesson facts (1138.029565ms)
✔ B3 approved adjustments retain old facts and atomically replace the current publication with a reviewed preview (572.14013ms)
✔ B3 a simultaneous conduct record and lock/publish has one source winner (307.80365ms)
✔ B3 attendance linkage deduplicates, excludes corrected drafts and leaves locked scores unchanged with explicit warnings (560.913688ms)
✔ B4 private parent links expose only published child projections, preserve staff cookies and bind the active tab context (1132.762463ms)
✔ B4 section/download rights, reissue, relationship revocation and foreign UUIDs are checked on each new parent request (578.5119ms)
✔ B4 private documents stream only with both download rights, and teacher contact projections use shared work fields (750.332244ms)
✔ B4 expired links, suspended schools, CSRF and exchange throttles deny without creating a parent identity (1035.96631ms)
✔ B1 delegated grants and invitation acceptance stay inside the current expiry ceiling; backdated assignments require a reason (786.654651ms)
✔ B2 shrinking class capacity checks planned future occupancy peaks, rather than only today (413.653567ms)
✔ B5 dated groups retain moves and same-day cancellations, require current class versions and end group-leader duties (637.452978ms)
✔ B5 position holders serialize and remain valid conduct sources; locked source history cannot be shortened (554.649456ms)
✔ B5 seating validates effective enrollment and unique seats, preserves dated revisions and denies subject-only reads (729.783914ms)
✔ B2/B5 a transfer closes dated groups/positions and retains cancelled future plans atomically (432.030488ms)
✔ B5 timetable materializes bounded future lessons, publishes child-only projections and preserves past/source history (871.2434ms)
✔ B5 timetable rejects teacher/room collisions and revoked assignments, skips holidays and revalidates source versions (1138.32876ms)
✔ B5 duties publish only individual tasks, reject foreign enrollment and retain immutable publication/withdraw history (504.758912ms)
✔ B5 group duties expand the effective group at publication and retain the individual targets after later moves (822.804917ms)
✔ B5 activities count only explicit participants, preserve published states and require current source/review authority (1028.384917ms)
✔ B5 approved activity results are explicit conduct sources and locked approved facts protect their source history (497.971838ms)
✔ B5 evidence stays private until review and publication; parent documents remain child-bound and filter file availability (18253.881379ms)
✔ B5 class announcements retain immutable publication across edits, bind one recipient and reject foreign class reads (2366.025249ms)
✔ B5 public school announcements sanitize content and keep draft/private replacements out of the public projection (2612.675098ms)
✔ B5 scheduled announcements wait for their due time, publish once through a worker and safely replay after an acknowledgement loss (1419.705936ms)
✔ B5 scheduled publication rechecks the creator grant and reports a failed queue without exposing a parent snapshot (1542.603005ms)
✔ B5 announcement attachments remain private to one child, obey link download rights and disappear when archived or withdrawn (1515.902979ms)
✔ B5 school settings persist with version guards, affect only new link expiry and suppress work contacts without changing old link permissions (1044.683702ms)
✔ B5 disabling homeroom publication takes effect inside existing sessions and restores only after an explicit setting change (934.18219ms)
✔ B3 configured second approval rejects self approval in API and SQL, while a different scoped approver permits atomic adjustment (673.830711ms)
✔ B5 personal notifications paginate across actual memberships, deduplicate publication events and deny foreign recipients and cross-user cursors (1331.729966ms)
✔ B5 withdrawn announcements redact retained staff notifications instead of exposing a stale published target (29185.338889ms)
✔ B5 dashboards count real scoped rows, keep homeroom and subject tasks separate and immediately recheck revocation (5646.759682ms)
✔ B5 teacher schedule is own dated teaching and announcement feed reads only current publications across draft edits (4276.630468ms)
✔ B5 dashboard attendance counters and publication tasks follow persisted marks, publish/withdraw and current school policy (1985.02349ms)
✔ B2 platform creates only metadata drafts, bootstraps admin roles/invitations and requires an active administrator for activation (3472.647415ms)
✔ B5 platform settings and operation records persist actual state, redact artifacts and reauthorize command replays (5482.05662ms)
✔ B1 platform admin invitations obey operator expiry ceilings and acceptance rolls back after authority expires (128.265443ms)
✔ B5 support tickets persist both sides, preserve queue states and exact timestamp pagination, and deny other schools (333.896368ms)
✔ B1 support requests require independent current school consent, retain immutable scope and bind tickets/classes/actions/time (286.536076ms)
✔ B1 explicitly selected support grants authorize only scoped metadata GETs, audit the actual operator and force read-only SQL (232.611701ms)
✔ B1 school-wide support metadata never exposes import rows/downloads and expires without fallback to operator privileges (3509.737429ms)
✔ B1 an operator who also has school-admin rights still cannot self-approve or combine selected support scope with ordinary rights (628.505804ms)
✔ B5 signed native keysets cross a nullable sort boundary without dropping or repeating persisted schools (14821.120495ms)
✔ B5 report SQL uses real scoped counts and immutable CSV export content while live attendance changes (1756.523854ms)
✔ B5 published report exports pin revisions across replacement and withdrawal without exposing drafts (1506.963528ms)
✔ B5 export XLSX/PDF are actual files with literal formula text, Vietnamese font and private download authorization (1045.085833ms)
✔ B5 subject reports remain own lesson attendance and scoped activities without school/family/conduct/export access (3649.818763ms)
✔ B5 export workers and all file paths reauthorize revocation, expiry and cancellation, and replay completed work safely (890.926789ms)
✔ B5 conduct/activity/progress/link reports use actual pinned scores, explicit participant denominators and anonymous link use (962.23464ms)
✔ B6 organization display fields persist with versions and tenant-safe references instead of being silently ignored (412.39052ms)
✔ B6 year wizard creates bounded terms, weeks, published holidays and independent draft rules atomically and idempotently (572.216809ms)
✔ B6 class form assigns homeroom atomically, denies foreign/backdated inputs, requires handover and preserves archived history (877.098137ms)
✔ B6 organization projections scope counts in SQL and a year-only grant cannot copy or publish rules (5825.700163ms)
✔ B6 purpose-bound form pickers use current write authority, exclude contacts/roles/counts and deny normal directory access (1051.780106ms)
✔ B6 rollover preview uses exact end-year enrollment, minimal workflow authority and immediate revocation (1527.4172ms)
✔ B6 platform school wizard creates its optional admin invitation atomically and redacts form metadata (10796.431975ms)
✔ B6 platform school form readers never lend admin or read authority to a create-only operator (171.939671ms)
✔ B6 school overview keeps current scoped totals, actual setup and publication metadata without lending school-wide reads (2744.210716ms)
✔ B6 support choices/counts are scoped SQL metadata, ticket message/status save atomically and an operator only relinquishes its own grant (308.89758ms)
✔ B6 platform audit filters exact actors and whole local date boundaries before pagination and denies school-only staff (122.805313ms)
✔ B6 school support metadata does not borrow consent authority, counts in SQL and rechecks permission before replay (446.529034ms)
✔ B6 school audit uses the school timezone and exact SQL filters with tenant-safe history options (248.13513ms)
✔ B6 operational probes use worker-only cycle evidence, actual backup records and purpose-bound aggregate authority (3114.515849ms)
✔ B6 atomic school-role replacement retains expiry/class scopes, detects independent grants and rolls back all failures (425.044301ms)
✔ B6 school-role replacement prevents self edits, last-admin removal, ceiling/expiry breaches and unauthorized cached replay (423.746919ms)
✔ B6 ending a membership revokes all current/future grants and assignments without deleting history or other schools (486.710226ms)
✔ B6 native school invitations persist all roles/profile, replay once and accept multiple or zero grants atomically (378.652972ms)
✔ B6 zero-role invitation still rechecks current inviter membership and mail authority before acceptance (210.402245ms)
✔ B6 expired staff invitations cannot be revoked as pending or delivered, and preserve their history (185.240313ms)
✔ B6 staff directory combines authorized pending invitations in SQL, searches folded work data and counts before keysets (499.035891ms)
✔ B6 directory read does not lend invitation, role catalog, assignment or export authority and revocation invalidates opaque scope cursors (367.123515ms)
✔ B6 Vietnamese composite keysets preserve given/full-name order, case/diacritic ties and nullable departments in both directions (540.610428ms)
✔ B6 locked identities keep their directory lifecycle but have no effective grants, and active KPI does not fabricate access (203.920477ms)
✔ B6 member details return real coarse other-school counts and work contacts without opening another tenant (356.655605ms)
✔ B6 member aggregate checks current school authority, target membership and SQL role before returning any count (283.44152ms)
✔ B6 member effective permissions and assignment history follow native grant time, membership, identity and assignment dates (669.876041ms)
✔ B6 member role choices respect action-specific delegation expiry without borrowing a role catalog (332.869267ms)
✔ B6 member history filters member, assignment and grant events before counting/keysets, with independent audit authority (510.986811ms)
✔ B6 personal notifications traverse more than 100 real own memberships without truncating global totals or opaque pages (45099.161641ms)
✔ B6 assignment preview is read-only, uses school-local instants and preserves displayed source versions before saving (574.638921ms)
✔ B6 assignment preview compares exact subject scopes, rejects overlapping windows and rechecks expired delegation on repeated POST (783.599097ms)
✔ B6 assignment preview detects source member changes, rejects malformed/foreign proposals and advertises future/configured publication timing (373.697855ms)
✔ B6 assignment matrix returns actual nullable cells and minimal work names under independent assignment-read authority (453.559202ms)
✔ B6 assignment matrix keeps an unconfigured year explicit and archived display reference separate from authority (293.51961ms)
✔ B6 role metadata keeps native scopes and real counts without lending member/audit access or treating custom class grants as assignments (499.442327ms)
✔ B6 role details show only independently authorized holders/history and save scoped deltas with a displayed version (8323.094468ms)
✔ B6 future held roles and immutable system templates cannot be edited by their holder (304.694404ms)
✔ B6 editing live roles cannot expand permissions beyond the current editor expiry ceiling (323.889498ms)
✔ B6 handover preview reads real current source/counts under purpose authority without member, family or role catalog access (444.312312ms)
✔ B6 handover applies exactly once with school-local cutoffs, durable receipts, own-actor recovery and preserved source authorship (1169.018234ms)
✔ B6 changed handover sources fail before submission or application and require an explicit review of the same pending receipt (1881.063914ms)
✔ B6 open-item changes invalidate handover review and linked source grants are never extended at the cutoff (1519.904213ms)
✔ B6 handover receipts remain actor/school bound, recheck delegation and deny immutable-source replacement (852.741754ms)
✔ B6 student creation allocates actual codes and atomically retains enrollment, gender and a separate unverified guardian (260.055233ms)
✔ B6 student form failures roll back every row and optional contacts require independent current authority on replay (418.295468ms)
✔ B6 student edits retain displayed versions and never replay internal notes after private profile authority is revoked (369.973482ms)
✔ B6 student unknown historic gender remains null and invalid gender/guardian state cannot be fabricated (178.639923ms)
✔ B6 real CSV gender mapping normalizes supported values, preserves unmapped sources and retains invalid rows (4293.447905ms)
✔ B6 native student directory applies Vietnamese keysets, exact SQL filters and minimal selected identifiers (562.745088ms)
✔ B6 native student projections separate school roster authority from family, note and link authority in the same session (397.675427ms)
✔ B6 archived student history uses an explicit included date and stored group, position and teacher sources (245.553791ms)
✔ B6 subject pupil projection remains minimal and class history cannot retain family access after enrollment ends (382.522841ms)
✔ B6 pupil link metadata reflects real events, bounded recent history and revocation without returning reusable secrets (295.200604ms)
✔ B6 an unconfigured school directory returns actual null year context without fabricated class or student data (167.814709ms)
✔ B6 verified family counters remain verified when receiving permission is explicitly disabled (217.636175ms)
✔ B6 atomic guardian save creates unverified contacts, replays one receipt and prevents duplicate new commands (293.683058ms)
✔ B6 atomic guardian save serializes competing displayed student versions (235.55953ms)
✔ B6 guardian form grants class family authority without student read or unscoped sibling data (384.489311ms)
✔ B6 atomic guardian edits preserve verified receiving choices and reject stale contact versions without partial priority changes (306.650444ms)
✔ B6 guardian save detects independently changed primary references and preserves every row on failure (307.499276ms)
✔ B6 guardian save rejects masked phones, foreign pairings and mutation of archived contacts (305.605017ms)
✔ B6 guardian form and cached saves recheck enrollment end and grant expiry in the same session (350.57145ms)
✔ B6 atomic guardian save rolls back contacts, relationships, primary changes, audit and receipt after a real SQL fault (242.356315ms)
✔ B6 school guardian directory uses SQL folded search, literal wildcards, signed keysets and independent link counters (1145.573833ms)
✔ B6 class guardian reads exclude all unscoped sibling relationships and immediately lose access after enrollment or grant ends (362.036672ms)
✔ B6 shared guardian contact edits require management of every affected class and current read authority even for a replay (625.687571ms)
✔ B6 guardian profile exposes real verification and revocation metadata but removes link and audit panels when their separate rights end (477.575798ms)
✔ B6 partial student write acknowledgements redact unsubmitted protected fields including stored old receipts (250.433171ms)
✔ B6 bounded school class overview preserves query results, local JIT preference and the five-second runtime timeout (205.543767ms)
✔ B6 native invitation choices require current invitation authority, preserve delegation ceilings and never borrow a role catalog (403.587385ms)
✔ B6 native staff activity is SQL-bounded to staff targets, rechecks audit authority and keeps foreign and family records out (261.855543ms)
✔ B6 student-create choices use current class write authority without borrowing roster, year or class readers (438.296722ms)
✔ B6 parent-issue purpose readers paginate over 1000 pupils, keep current class/time authority and expose no contact or token (621.712604ms)
✔ B6 reviewed parent issuance rejects stale sources, rotates atomically, converts local dates and never replays secrets (592.172244ms)
✔ B6 parent metadata directory keeps manage scope, current capabilities, real counts and no borrowed contact/catalog data (797.345826ms)
✔ B6 parent metadata masks independently authorized contact, paginates anonymous history and tracks only actual replacement facts (1138.388147ms)
ℹ tests 160
ℹ suites 0
ℹ pass 160
ℹ fail 0
ℹ cancelled 0
ℹ skipped 0
ℹ todo 0
ℹ duration_ms 430144.354134
