
 RUN  v3.2.7 D:/Edu

 ✓ tests/unit/api-client.test.ts (11 tests) 85ms
 ✓ tests/unit/api-session.test.ts (9 tests) 66ms
 ✓ tests/unit/api-auth-adapter.test.ts (7 tests) 65ms
 ✓ tests/unit/api-rollover-adapter.test.ts (8 tests) 75ms
 ✓ tests/unit/api-school-adapter.test.ts (23 tests) 86ms
 ✓ tests/unit/api-staff-adapter.test.ts (9 tests) 57ms
 ✓ tests/unit/api-students-adapter.test.ts (19 tests) 98ms
 ✓ tests/unit/api-parent-timetable-adapter.test.ts (6 tests) 94ms
 ✓ tests/unit/api-parent-shared-adapter.test.ts (9 tests) 104ms
 ✓ tests/unit/api-parent-attendance-adapter.test.ts (6 tests) 111ms
 ✓ tests/unit/api-staff-activation.test.ts (8 tests) 81ms
 ✓ tests/unit/api-parent-conduct-adapter.test.ts (9 tests) 147ms
 ✓ tests/unit/api-parent-intake-adapter.test.ts (11 tests) 171ms
 ✓ tests/unit/api-lists-fragments.test.ts (10 tests) 64ms
 ✓ tests/unit/api-assignment-adapter.test.ts (8 tests) 89ms
stdout | tests/unit/seed.test.ts > demo seed invariants > prints sizes
{
  students: 155,
  att: 3732,
  conduct: 265,
  lessons: 120,
  bytes: 1430325
}

 ✓ tests/unit/seed.test.ts (7 tests) 125ms
 ✓ tests/unit/api-guardians-adapter.test.ts (21 tests) 273ms
 ✓ tests/unit/api-parent-access-adapter.test.ts (8 tests) 95ms
 ✓ tests/unit/api-role-adapter.test.ts (5 tests) 59ms
 ✓ tests/unit/api-parent-issue-adapter.test.ts (8 tests) 73ms
 ✓ tests/unit/api-support-adapter.test.ts (13 tests) 180ms
 ✓ tests/unit/api-parent-session.test.ts (8 tests) 19ms
 ✓ tests/unit/api-parent-duties-adapter.test.ts (6 tests) 45ms
 ✓ tests/unit/api-parent-documents-adapter.test.ts (8 tests) 40ms
 ✓ tests/unit/api-handover-adapter.test.ts (8 tests) 79ms
 ✓ tests/unit/api-platform-adapter.test.ts (13 tests) 105ms
 ✓ tests/unit/api-query-boundary.test.ts (5 tests) 71ms
 ✓ tests/unit/api-session-adapter.test.ts (2 tests) 57ms
 ✓ tests/unit/api-staff-directory.test.ts (6 tests) 37ms
 ✓ tests/unit/api-parent-context.test.ts (5 tests) 12ms
 ✓ tests/unit/api-member-details.test.ts (5 tests) 23ms
 ✓ tests/unit/api-parent-teachers-adapter.test.ts (6 tests) 33ms
 ✓ tests/unit/api-context.test.ts (1 test) 8ms
 ✓ tests/unit/api-scope-guard.test.ts (5 tests) 11ms
 ✓ tests/unit/api-parent-credential.test.ts (3 tests) 8ms
 ✓ tests/unit/api-school-read-capability.test.ts (1 test) 4ms
 ✓ tests/unit/permissions.test.ts (9 tests) 9ms
 ✓ tests/unit/api-native-facade.test.ts (3 tests) 4964ms
   ✓ connected root boundary > has no runtime route dependency on fixtures, IndexedDB, legacy repositories or demo sessions  4950ms
 ✓ tests/unit/flows.test.ts (25 tests) 8713ms
   ✓ NV-03 / Q17 — revoking an assignment blocks the next read/write > revoked homeroom cannot lock or record morning attendance  520ms
   ✓ F03 / F04 / F05 — record → review → lock ≠ publish → adjust > parent sees 97 only after publish, then 102 after an approved + published adjustment  2136ms
   ✓ F07 / Q21 — attendance-linked conduct is never double counted > late in attendance creates one record; manual late is refused; re-save does not duplicate  493ms
   ✓ F07 / Q21 — attendance-linked conduct is never double counted > Q20 — unmarked is never counted as present and blocks publishing  363ms
   ✓ F12 / NV-14 / Q40 — network error and conflicts > simulated network error saves nothing and a retry succeeds once  500ms
   ✓ F12 / NV-14 / Q40 — network error and conflicts > stale version is rejected instead of overwriting  323ms
   ✓ F09 / Q36 — import with errors never duplicates or overwrites > previews row errors, commits valid rows, re-import skips  355ms
   ✓ F04 — school B policy: only school leaders publish > homeroom at B can lock but not publish; principal publishes  609ms
   ✓ SC07 / NV-13 — new school year rollover > creates a year, enrols chosen students into new classes, leaves the old year untouched  695ms
   ✓ F11 / Q35 — lesson change with effective date and conflict detection > detects a teacher already teaching another class; publishing is blocked; past dates refused  487ms

 Test Files  39 passed (39)
      Tests  334 passed (334)
   Start at  17:26:35
   Duration  13.16s (transform 12.14s, setup 2.88s, collect 26.38s, tests 16.44s, environment 10ms, prepare 7.08s)

exitCode=0
