 Container edumanage_backend_test-runner-run-5f20608aa4be Creating
 Container edumanage_backend_test-runner-run-5f20608aa4be Created
✔ B5 all 264 supplied operations and explicit frontend workflow extensions have registered real handlers (507.992447ms)
✔ BE01 migration replay is a no-op, mismatch fails and metadata remains intact (80.44763ms)
✔ BE02 cross-school enrollment FK rejects write using the real runtime role (17.992742ms)
✔ BE03 no-tenant denies and SET LOCAL cannot leak across a reused connection (5.172133ms)
✔ BE04 bootstrap only exposes the authenticated user memberships without tenant (12.293432ms)
✔ BE05 HOMEROOM A plus SUBJECT B cannot authorize seating or guardians in B (4904.438325ms)
✔ BE06 revoked membership is checked during an existing session and B stays independent (63.792552ms)
✔ B6 self context carries only own current duties and separates self-profile from school contacts (8975.76605ms)
✔ BE08 CSRF, credential validation, cookie flags, session rotation and rate limiting (107.351422ms)
✔ BE10 concurrent profile patches serialize with a single version winner (60.885053ms)
✔ B6 password/session commands use actual cookies, reject bad passwords and revoke every session after change (463.678347ms)
{"checkpoint":"parent-without-context","queryMs":8.416,"planExecutionMs":0.017,"planRows":0}
✔ BE21 parent runtime role cannot select raw student rows (58.141627ms)
✔ B0 health ready checks actual migrations, database and private storage (31.600871ms)
✔ B2 class lists use SQL scope and cross-school details deny before serialization (508.480594ms)
✔ BE09 idempotent organization create/retry/concurrency performs one write (341.14971ms)
✔ B2 required idempotency, class capacity/reference validation and version conflicts (392.537362ms)
✔ B2 signed cursor rejects scope/filter modification and delivers distinct pages (3966.655348ms)
✔ B2 subject student projection omits family/internal notes and denies guardians (465.972234ms)
✔ B2 guardian create does not merge matching phone, relationships start unverified (163.347334ms)
✔ BE07 existing identity invitation requires its session and preserves password/other school (5192.372535ms)
✔ B1 password reset token is encrypted, single-use and revokes all prior sessions (231.465722ms)
✔ B2 staff delegation stays within the ceiling, custom class scope and immediate revocation (1073.373174ms)
✔ B2 transfers serialize capacity, handover removes the old teacher and rollover binds its preview (2363.275135ms)
✔ B2 scoped guardian creation cannot acquire an unrelated family through relationship IDs (566.71038ms)
✔ B2/B5 uploads remain private until worker processing, leases serialize and local mail erases encrypted secrets (158088.094679ms)
✔ B2 imports parse real CSV, bind stale previews, avoid name/phone merges and retain invalid rows safely (6530.385998ms)
✔ B2/B5 timetable import checks assignments and overlapping slots, creates only a draft and deduplicates retries (3513.609101ms)
✔ B2 imports update only verified codes, create class drafts and staff invitations with work profiles (8665.601022ms)
✔ B2 large import resumes after a lost chunk without duplicating applied rows and checks current school authority (6128.686575ms)
✔ B3 attendance starts unmarked, versions every source change and publishes immutable one-student projections (641.284191ms)
✔ B3 subject attendance requires its actual lesson and cannot borrow daily access from another class (629.837235ms)
✔ B3 a simultaneous attendance edit and publish has one winner and never publishes a mixed source version (207.99933ms)
✔ B3 rule sets require explicit points, immutable issuance and effective week application (497.460118ms)
✔ B3 conduct reviews preserve facts, lock READY projections and publish only the exact pinned source (1130.870438ms)
✔ B3 conduct linked attendance detects stale sources and subject teachers see only their own lesson facts (1245.608752ms)
✔ B3 approved adjustments retain old facts and atomically replace the current publication with a reviewed preview (654.343707ms)
✔ B3 a simultaneous conduct record and lock/publish has one source winner (280.39235ms)
✔ B3 attendance linkage deduplicates, excludes corrected drafts and leaves locked scores unchanged with explicit warnings (635.634428ms)
✔ B4 private parent links expose only published child projections, preserve staff cookies and bind the active tab context (1302.299423ms)
✔ B4 section/download rights, reissue, relationship revocation and foreign UUIDs are checked on each new parent request (607.393375ms)
✔ B4 private documents stream only with both download rights, and teacher contact projections use shared work fields (853.150956ms)
✔ B4 expired links, suspended schools, CSRF and exchange throttles deny without creating a parent identity (1149.438611ms)
✔ B1 delegated grants and invitation acceptance stay inside the current expiry ceiling; backdated assignments require a reason (761.334875ms)
✔ B2 shrinking class capacity checks planned future occupancy peaks, rather than only today (177.152504ms)
✔ B5 dated groups retain moves and same-day cancellations, require current class versions and end group-leader duties (617.441862ms)
✔ B5 position holders serialize and remain valid conduct sources; locked source history cannot be shortened (535.429799ms)
✔ B5 seating validates effective enrollment and unique seats, preserves dated revisions and denies subject-only reads (689.444897ms)
✔ B2/B5 a transfer closes dated groups/positions and retains cancelled future plans atomically (454.864202ms)
✔ B5 timetable materializes bounded future lessons, publishes child-only projections and preserves past/source history (809.157717ms)
✔ B5 timetable rejects teacher/room collisions and revoked assignments, skips holidays and revalidates source versions (1166.823306ms)
✔ B5 duties publish only individual tasks, reject foreign enrollment and retain immutable publication/withdraw history (679.627911ms)
✔ B5 group duties expand the effective group at publication and retain the individual targets after later moves (847.435681ms)
✔ B5 activities count only explicit participants, preserve published states and require current source/review authority (1120.977774ms)
✔ B5 approved activity results are explicit conduct sources and locked approved facts protect their source history (478.457652ms)
✔ B5 evidence stays private until review and publication; parent documents remain child-bound and filter file availability (20918.945445ms)
✔ B5 class announcements retain immutable publication across edits, bind one recipient and reject foreign class reads (2747.930813ms)
✔ B5 public school announcements sanitize content and keep draft/private replacements out of the public projection (2764.578123ms)
✔ B5 scheduled announcements wait for their due time, publish once through a worker and safely replay after an acknowledgement loss (1455.59338ms)
✔ B5 scheduled publication rechecks the creator grant and reports a failed queue without exposing a parent snapshot (1515.360133ms)
✔ B5 announcement attachments remain private to one child, obey link download rights and disappear when archived or withdrawn (1647.959625ms)
✔ B5 school settings persist with version guards, affect only new link expiry and suppress work contacts without changing old link permissions (1104.646823ms)
✔ B5 disabling homeroom publication takes effect inside existing sessions and restores only after an explicit setting change (899.815015ms)
✔ B3 configured second approval rejects self approval in API and SQL, while a different scoped approver permits atomic adjustment (750.985426ms)
✔ B5 personal notifications paginate across actual memberships, deduplicate publication events and deny foreign recipients and cross-user cursors (1253.42263ms)
✔ B5 withdrawn announcements redact retained staff notifications instead of exposing a stale published target (36251.580288ms)
✔ B5 dashboards count real scoped rows, keep homeroom and subject tasks separate and immediately recheck revocation (4147.093629ms)
✔ B5 teacher schedule is own dated teaching and announcement feed reads only current publications across draft edits (3675.045738ms)
✔ B5 dashboard attendance counters and publication tasks follow persisted marks, publish/withdraw and current school policy (2135.509725ms)
✔ B2 platform creates only metadata drafts, bootstraps admin roles/invitations and requires an active administrator for activation (4044.499624ms)
✔ B5 platform settings and operation records persist actual state, redact artifacts and reauthorize command replays (6765.11919ms)
✔ B1 platform admin invitations obey operator expiry ceilings and acceptance rolls back after authority expires (134.245959ms)
✔ B5 support tickets persist both sides, preserve queue states and exact timestamp pagination, and deny other schools (379.463103ms)
✔ B1 support requests require independent current school consent, retain immutable scope and bind tickets/classes/actions/time (305.745081ms)
✔ B1 explicitly selected support grants authorize only scoped metadata GETs, audit the actual operator and force read-only SQL (231.804752ms)
✔ B1 school-wide support metadata never exposes import rows/downloads and expires without fallback to operator privileges (3485.046781ms)
✔ B1 an operator who also has school-admin rights still cannot self-approve or combine selected support scope with ordinary rights (201.32323ms)
✔ B5 signed native keysets cross a nullable sort boundary without dropping or repeating persisted schools (18239.501808ms)
✔ B5 report SQL uses real scoped counts and immutable CSV export content while live attendance changes (1543.064437ms)
✔ B5 published report exports pin revisions across replacement and withdrawal without exposing drafts (1483.941771ms)
✔ B5 export XLSX/PDF are actual files with literal formula text, Vietnamese font and private download authorization (1229.308698ms)
✔ B5 subject reports remain own lesson attendance and scoped activities without school/family/conduct/export access (4871.931845ms)
✔ B5 export workers and all file paths reauthorize revocation, expiry and cancellation, and replay completed work safely (936.503937ms)
✔ B5 conduct/activity/progress/link reports use actual pinned scores, explicit participant denominators and anonymous link use (929.08502ms)
✔ B6 organization display fields persist with versions and tenant-safe references instead of being silently ignored (382.275795ms)
✔ B6 year wizard creates bounded terms, weeks, published holidays and independent draft rules atomically and idempotently (653.150858ms)
✔ B6 class form assigns homeroom atomically, denies foreign/backdated inputs, requires handover and preserves archived history (935.79623ms)
✔ B6 organization projections scope counts in SQL and a year-only grant cannot copy or publish rules (6107.486043ms)
✔ B6 purpose-bound form pickers use current write authority, exclude contacts/roles/counts and deny normal directory access (399.6008ms)
✔ B6 rollover preview uses exact end-year enrollment, minimal workflow authority and immediate revocation (642.244542ms)
✔ B6 platform school wizard creates its optional admin invitation atomically and redacts form metadata (13432.798852ms)
✔ B6 platform school form readers never lend admin or read authority to a create-only operator (184.057787ms)
✔ B6 school overview keeps current scoped totals, actual setup and publication metadata without lending school-wide reads (2991.212324ms)
✔ B6 support choices/counts are scoped SQL metadata, ticket message/status save atomically and an operator only relinquishes its own grant (318.443444ms)
✔ B6 platform audit filters exact actors and whole local date boundaries before pagination and denies school-only staff (137.477723ms)
✔ B6 school support metadata does not borrow consent authority, counts in SQL and rechecks permission before replay (492.649534ms)
✔ B6 school audit uses the school timezone and exact SQL filters with tenant-safe history options (257.275067ms)
✔ B6 operational probes use worker-only cycle evidence, actual backup records and purpose-bound aggregate authority (3780.091035ms)
✔ B6 atomic school-role replacement retains expiry/class scopes, detects independent grants and rolls back all failures (456.840406ms)
✔ B6 school-role replacement prevents self edits, last-admin removal, ceiling/expiry breaches and unauthorized cached replay (425.008828ms)
✔ B6 ending a membership revokes all current/future grants and assignments without deleting history or other schools (540.063883ms)
✔ B6 native school invitations persist all roles/profile, replay once and accept multiple or zero grants atomically (366.483272ms)
✔ B6 zero-role invitation still rechecks current inviter membership and mail authority before acceptance (191.606877ms)
✔ B6 expired staff invitations cannot be revoked as pending or delivered, and preserve their history (166.17406ms)
✔ B6 staff directory combines authorized pending invitations in SQL, searches folded work data and counts before keysets (514.178931ms)
✔ B6 directory read does not lend invitation, role catalog, assignment or export authority and revocation invalidates opaque scope cursors (397.734423ms)
✔ B6 Vietnamese composite keysets preserve given/full-name order, case/diacritic ties and nullable departments in both directions (584.012316ms)
✔ B6 locked identities keep their directory lifecycle but have no effective grants, and active KPI does not fabricate access (207.934422ms)
✔ B6 member details return real coarse other-school counts and work contacts without opening another tenant (356.143938ms)
✔ B6 member aggregate checks current school authority, target membership and SQL role before returning any count (298.953097ms)
✔ B6 member effective permissions and assignment history follow native grant time, membership, identity and assignment dates (670.517208ms)
✔ B6 member role choices respect action-specific delegation expiry without borrowing a role catalog (356.00349ms)
✔ B6 member history filters member, assignment and grant events before counting/keysets, with independent audit authority (527.363896ms)
✔ B6 personal notifications traverse more than 100 real own memberships without truncating global totals or opaque pages (55901.493683ms)
✔ B6 assignment preview is read-only, uses school-local instants and preserves displayed source versions before saving (544.799242ms)
✔ B6 assignment preview compares exact subject scopes, rejects overlapping windows and rechecks expired delegation on repeated POST (752.936745ms)
✔ B6 assignment preview detects source member changes, rejects malformed/foreign proposals and advertises future/configured publication timing (417.945764ms)
✔ B6 assignment matrix returns actual nullable cells and minimal work names under independent assignment-read authority (461.419ms)
✔ B6 assignment matrix keeps an unconfigured year explicit and archived display reference separate from authority (311.22194ms)
✔ B6 role metadata keeps native scopes and real counts without lending member/audit access or treating custom class grants as assignments (524.812209ms)
✔ B6 role details show only independently authorized holders/history and save scoped deltas with a displayed version (9967.672856ms)
✔ B6 future held roles and immutable system templates cannot be edited by their holder (308.645294ms)
✔ B6 editing live roles cannot expand permissions beyond the current editor expiry ceiling (305.945416ms)
✔ B6 handover preview reads real current source/counts under purpose authority without member, family or role catalog access (800.118241ms)
✔ B6 handover applies exactly once with school-local cutoffs, durable receipts, own-actor recovery and preserved source authorship (1871.42504ms)
✔ B6 changed handover sources fail before submission or application and require an explicit review of the same pending receipt (2548.92331ms)
✔ B6 open-item changes invalidate handover review and linked source grants are never extended at the cutoff (2146.294971ms)
✔ B6 handover receipts remain actor/school bound, recheck delegation and deny immutable-source replacement (1739.998411ms)
✔ B6 student creation allocates actual codes and atomically retains enrollment, gender and a separate unverified guardian (880.646894ms)
✔ B6 student form failures roll back every row and optional contacts require independent current authority on replay (1497.947754ms)
✔ B6 student edits retain displayed versions and never replay internal notes after private profile authority is revoked (1178.777385ms)
✔ B6 student unknown historic gender remains null and invalid gender/guardian state cannot be fabricated (493.309746ms)
✔ B6 real CSV gender mapping normalizes supported values, preserves unmapped sources and retains invalid rows (5080.426832ms)
✔ B6 native student directory applies Vietnamese keysets, exact SQL filters and minimal selected identifiers (514.680045ms)
✔ B6 native student projections separate school roster authority from family, note and link authority in the same session (447.86802ms)
✔ B6 archived student history uses an explicit included date and stored group, position and teacher sources (287.048744ms)
✔ B6 subject pupil projection remains minimal and class history cannot retain family access after enrollment ends (434.236232ms)
✔ B6 pupil link metadata reflects real events, bounded recent history and revocation without returning reusable secrets (408.37202ms)
✔ B6 an unconfigured school directory returns actual null year context without fabricated class or student data (172.311855ms)
✔ B6 verified family counters remain verified when receiving permission is explicitly disabled (214.730135ms)
✔ B6 atomic guardian save creates unverified contacts, replays one receipt and prevents duplicate new commands (279.437698ms)
✔ B6 atomic guardian save serializes competing displayed student versions (210.26913ms)
✔ B6 guardian form grants class family authority without student read or unscoped sibling data (379.321256ms)
✔ B6 atomic guardian edits preserve verified receiving choices and reject stale contact versions without partial priority changes (360.651363ms)
✔ B6 guardian save detects independently changed primary references and preserves every row on failure (338.017637ms)
✔ B6 guardian save rejects masked phones, foreign pairings and mutation of archived contacts (300.307011ms)
✔ B6 guardian form and cached saves recheck enrollment end and grant expiry in the same session (408.127059ms)
✔ B6 atomic guardian save rolls back contacts, relationships, primary changes, audit and receipt after a real SQL fault (253.400254ms)
✔ B6 school guardian directory uses SQL folded search, literal wildcards, signed keysets and independent link counters (434.094419ms)
✔ B6 class guardian reads exclude all unscoped sibling relationships and immediately lose access after enrollment or grant ends (317.982213ms)
✔ B6 shared guardian contact edits require management of every affected class and current read authority even for a replay (703.144892ms)
✔ B6 guardian profile exposes real verification and revocation metadata but removes link and audit panels when their separate rights end (555.822581ms)
✔ B6 partial student write acknowledgements redact unsubmitted protected fields including stored old receipts (367.763809ms)
✔ B6 bounded school class overview preserves query results, local JIT preference and the five-second runtime timeout (198.195236ms)
✔ B6 native invitation choices require current invitation authority, preserve delegation ceilings and never borrow a role catalog (474.276652ms)
✔ B6 native staff activity is SQL-bounded to staff targets, rechecks audit authority and keeps foreign and family records out (302.864865ms)
✔ B6 student-create choices use current class write authority without borrowing roster, year or class readers (521.773554ms)
✔ B6 parent-issue purpose readers paginate over 1000 pupils, keep current class/time authority and expose no contact or token (818.703266ms)
✔ B6 reviewed parent issuance rejects stale sources, rotates atomically, converts local dates and never replays secrets (665.804062ms)
✔ B6 parent metadata directory keeps manage scope, current capabilities, real counts and no borrowed contact/catalog data (924.433267ms)
✔ B6 parent metadata masks independently authorized contact, paginates anonymous history and tracks only actual replacement facts (1473.408098ms)
✔ B6 parent attendance month exposes only real child sessions and published scoped holiday labels without borrowing overview (1437.735965ms)
✔ B6 parent attendance calendar SQL function checks exact child/year/school/current session and cannot expose raw calendar tables (764.231363ms)
✔ B6 parent teacher directory uses own live class assignments, shared work fields and only current published schedule weekdays (998.807509ms)
✔ B6 parent teacher SQL denies foreign or missing context, honors current enrollment/grant/contact changes and never grants raw memberships (749.342881ms)
✔ B6 parent monthly denominator includes only actual own DAILY publications and keeps LESSON attendance separate (1046.260664ms)
ℹ tests 165
ℹ suites 0
ℹ pass 165
ℹ fail 0
ℹ cancelled 0
ℹ skipped 0
ℹ todo 0
ℹ duration_ms 500918.314676
