 Container edumanage_backend_test-runner-run-9eaf4c974611 Creating
 Container edumanage_backend_test-runner-run-9eaf4c974611 Created
✔ B5 all 264 supplied operations and explicit frontend workflow extensions have registered real handlers (495.628944ms)
✔ BE01 migration replay is a no-op, mismatch fails and metadata remains intact (73.255034ms)
✔ BE02 cross-school enrollment FK rejects write using the real runtime role (9.72273ms)
✔ BE03 no-tenant denies and SET LOCAL cannot leak across a reused connection (3.786835ms)
✔ BE04 bootstrap only exposes the authenticated user memberships without tenant (14.902483ms)
✔ BE05 HOMEROOM A plus SUBJECT B cannot authorize seating or guardians in B (6474.000747ms)
✔ BE06 revoked membership is checked during an existing session and B stays independent (52.551017ms)
✔ B6 self context carries only own current duties and separates self-profile from school contacts (11583.265182ms)
✔ BE08 CSRF, credential validation, cookie flags, session rotation and rate limiting (398.015182ms)
✔ BE10 concurrent profile patches serialize with a single version winner (234.717829ms)
✔ B6 password/session commands use actual cookies, reject bad passwords and revoke every session after change (1025.742238ms)
{"checkpoint":"parent-without-context","queryMs":5.365,"planExecutionMs":0.017,"planRows":0}
✔ BE21 parent runtime role cannot select raw student rows (29.660011ms)
✔ B0 health ready checks actual migrations, database and private storage (25.978686ms)
✔ B2 class lists use SQL scope and cross-school details deny before serialization (452.873776ms)
✔ BE09 idempotent organization create/retry/concurrency performs one write (204.38409ms)
✔ B2 required idempotency, class capacity/reference validation and version conflicts (365.935911ms)
✔ B2 signed cursor rejects scope/filter modification and delivers distinct pages (4493.044317ms)
✔ B2 subject student projection omits family/internal notes and denies guardians (431.072683ms)
✔ B2 guardian create does not merge matching phone, relationships start unverified (134.333372ms)
✔ BE07 existing identity invitation requires its session and preserves password/other school (5608.825863ms)
✔ B1 password reset token is encrypted, single-use and revokes all prior sessions (157.0041ms)
✔ B2 staff delegation stays within the ceiling, custom class scope and immediate revocation (932.857031ms)
✔ B2 transfers serialize capacity, handover removes the old teacher and rollover binds its preview (1757.798403ms)
✔ B2 scoped guardian creation cannot acquire an unrelated family through relationship IDs (470.1704ms)
✔ B2/B5 uploads remain private until worker processing, leases serialize and local mail erases encrypted secrets (226460.302879ms)
✔ B2 imports parse real CSV, bind stale previews, avoid name/phone merges and retain invalid rows safely (11052.541275ms)
✔ B2/B5 timetable import checks assignments and overlapping slots, creates only a draft and deduplicates retries (7036.969941ms)
✔ B2 imports update only verified codes, create class drafts and staff invitations with work profiles (16382.851615ms)
✔ B2 large import resumes after a lost chunk without duplicating applied rows and checks current school authority (10782.202456ms)
✔ B3 attendance starts unmarked, versions every source change and publishes immutable one-student projections (575.679234ms)
✔ B3 subject attendance requires its actual lesson and cannot borrow daily access from another class (626.30874ms)
✔ B3 a simultaneous attendance edit and publish has one winner and never publishes a mixed source version (192.736596ms)
✔ B3 rule sets require explicit points, immutable issuance and effective week application (471.767061ms)
✔ B3 conduct reviews preserve facts, lock READY projections and publish only the exact pinned source (875.435443ms)
✔ B3 conduct linked attendance detects stale sources and subject teachers see only their own lesson facts (1055.066277ms)
✔ B3 approved adjustments retain old facts and atomically replace the current publication with a reviewed preview (543.039843ms)
✔ B3 a simultaneous conduct record and lock/publish has one source winner (296.846772ms)
✔ B3 attendance linkage deduplicates, excludes corrected drafts and leaves locked scores unchanged with explicit warnings (605.460271ms)
✔ B4 private parent links expose only published child projections, preserve staff cookies and bind the active tab context (2677.08566ms)
✔ B4 section/download rights, reissue, relationship revocation and foreign UUIDs are checked on each new parent request (646.03702ms)
✔ B4 private documents stream only with both download rights, and teacher contact projections use shared work fields (1046.822673ms)
✔ B4 expired links, suspended schools, CSRF and exchange throttles deny without creating a parent identity (481.429247ms)
✔ B1 delegated grants and invitation acceptance stay inside the current expiry ceiling; backdated assignments require a reason (336.784758ms)
✔ B2 shrinking class capacity checks planned future occupancy peaks, rather than only today (134.912604ms)
✔ B5 dated groups retain moves and same-day cancellations, require current class versions and end group-leader duties (575.266711ms)
✔ B5 position holders serialize and remain valid conduct sources; locked source history cannot be shortened (498.048671ms)
✔ B5 seating validates effective enrollment and unique seats, preserves dated revisions and denies subject-only reads (693.16564ms)
✔ B2/B5 a transfer closes dated groups/positions and retains cancelled future plans atomically (406.830998ms)
✔ B5 timetable materializes bounded future lessons, publishes child-only projections and preserves past/source history (802.405162ms)
✔ B5 timetable rejects teacher/room collisions and revoked assignments, skips holidays and revalidates source versions (1122.651758ms)
✔ B5 duties publish only individual tasks, reject foreign enrollment and retain immutable publication/withdraw history (568.671375ms)
✔ B5 group duties expand the effective group at publication and retain the individual targets after later moves (786.553542ms)
✔ B5 activities count only explicit participants, preserve published states and require current source/review authority (1117.670879ms)
✔ B5 approved activity results are explicit conduct sources and locked approved facts protect their source history (447.707152ms)
✔ B5 evidence stays private until review and publication; parent documents remain child-bound and filter file availability (29586.732385ms)
✔ B5 class announcements retain immutable publication across edits, bind one recipient and reject foreign class reads (2557.589606ms)
✔ B5 public school announcements sanitize content and keep draft/private replacements out of the public projection (3151.199981ms)
✔ B5 scheduled announcements wait for their due time, publish once through a worker and safely replay after an acknowledgement loss (1535.422089ms)
✔ B5 scheduled publication rechecks the creator grant and reports a failed queue without exposing a parent snapshot (1642.357931ms)
✔ B5 announcement attachments remain private to one child, obey link download rights and disappear when archived or withdrawn (1990.582456ms)
✔ B5 school settings persist with version guards, affect only new link expiry and suppress work contacts without changing old link permissions (1150.146624ms)
✔ B5 disabling homeroom publication takes effect inside existing sessions and restores only after an explicit setting change (1076.246455ms)
✔ B3 configured second approval rejects self approval in API and SQL, while a different scoped approver permits atomic adjustment (707.351396ms)
✔ B5 personal notifications paginate across actual memberships, deduplicate publication events and deny foreign recipients and cross-user cursors (1669.812479ms)
✔ B5 withdrawn announcements redact retained staff notifications instead of exposing a stale published target (57882.031948ms)
✔ B5 dashboards count real scoped rows, keep homeroom and subject tasks separate and immediately recheck revocation (5764.758505ms)
✔ B5 teacher schedule is own dated teaching and announcement feed reads only current publications across draft edits (4143.378676ms)
✔ B5 dashboard attendance counters and publication tasks follow persisted marks, publish/withdraw and current school policy (1327.511806ms)
✔ B2 platform creates only metadata drafts, bootstraps admin roles/invitations and requires an active administrator for activation (5251.175234ms)
✔ B5 platform settings and operation records persist actual state, redact artifacts and reauthorize command replays (231.579397ms)
✔ B1 platform admin invitations obey operator expiry ceilings and acceptance rolls back after authority expires (129.330471ms)
✔ B5 support tickets persist both sides, preserve queue states and exact timestamp pagination, and deny other schools (391.944694ms)
✔ B1 support requests require independent current school consent, retain immutable scope and bind tickets/classes/actions/time (409.629918ms)
✔ B1 explicitly selected support grants authorize only scoped metadata GETs, audit the actual operator and force read-only SQL (352.814167ms)
✔ B1 school-wide support metadata never exposes import rows/downloads and expires without fallback to operator privileges (3566.242843ms)
✔ B1 an operator who also has school-admin rights still cannot self-approve or combine selected support scope with ordinary rights (203.973085ms)
✖ B5 signed native keysets cross a nullable sort boundary without dropping or repeating persisted schools (5220.384869ms)
✔ B5 report SQL uses real scoped counts and immutable CSV export content while live attendance changes (1123.372631ms)
✔ B5 published report exports pin revisions across replacement and withdrawal without exposing drafts (1108.651791ms)
✔ B5 export XLSX/PDF are actual files with literal formula text, Vietnamese font and private download authorization (1458.203153ms)
✔ B5 subject reports remain own lesson attendance and scoped activities without school/family/conduct/export access (6414.006711ms)
✔ B5 export workers and all file paths reauthorize revocation, expiry and cancellation, and replay completed work safely (1237.656714ms)
✔ B5 conduct/activity/progress/link reports use actual pinned scores, explicit participant denominators and anonymous link use (893.546002ms)
✔ B6 organization display fields persist with versions and tenant-safe references instead of being silently ignored (435.306304ms)
✔ B6 year wizard creates bounded terms, weeks, published holidays and independent draft rules atomically and idempotently (587.241022ms)
✔ B6 class form assigns homeroom atomically, denies foreign/backdated inputs, requires handover and preserves archived history (935.404099ms)
✔ B6 organization projections scope counts in SQL and a year-only grant cannot copy or publish rules (6602.586254ms)
✔ B6 purpose-bound form pickers use current write authority, exclude contacts/roles/counts and deny normal directory access (405.37806ms)
✔ B6 rollover preview uses exact end-year enrollment, minimal workflow authority and immediate revocation (602.930621ms)
✔ B6 platform school wizard creates its optional admin invitation atomically and redacts form metadata (8841.816313ms)
✔ B6 platform school form readers never lend admin or read authority to a create-only operator (187.665012ms)
✔ B6 school overview keeps current scoped totals, actual setup and publication metadata without lending school-wide reads (3456.06782ms)
✔ B6 support choices/counts are scoped SQL metadata, ticket message/status save atomically and an operator only relinquishes its own grant (304.068408ms)
✔ B6 platform audit filters exact actors and whole local date boundaries before pagination and denies school-only staff (122.403624ms)
✔ B6 school support metadata does not borrow consent authority, counts in SQL and rechecks permission before replay (537.530307ms)
✔ B6 school audit uses the school timezone and exact SQL filters with tenant-safe history options (233.379539ms)
✔ B6 operational probes use worker-only cycle evidence, actual backup records and purpose-bound aggregate authority (5445.286005ms)
✔ B6 atomic school-role replacement retains expiry/class scopes, detects independent grants and rolls back all failures (493.173967ms)
✔ B6 school-role replacement prevents self edits, last-admin removal, ceiling/expiry breaches and unauthorized cached replay (366.623911ms)
✔ B6 ending a membership revokes all current/future grants and assignments without deleting history or other schools (489.08728ms)
✔ B6 native school invitations persist all roles/profile, replay once and accept multiple or zero grants atomically (388.778713ms)
✔ B6 zero-role invitation still rechecks current inviter membership and mail authority before acceptance (230.69136ms)
✔ B6 expired staff invitations cannot be revoked as pending or delivered, and preserve their history (172.626944ms)
✔ B6 staff directory combines authorized pending invitations in SQL, searches folded work data and counts before keysets (496.724479ms)
✔ B6 directory read does not lend invitation, role catalog, assignment or export authority and revocation invalidates opaque scope cursors (350.947158ms)
✔ B6 Vietnamese composite keysets preserve given/full-name order, case/diacritic ties and nullable departments in both directions (618.152231ms)
✔ B6 locked identities keep their directory lifecycle but have no effective grants, and active KPI does not fabricate access (192.755805ms)
✔ B6 member details return real coarse other-school counts and work contacts without opening another tenant (353.882143ms)
✔ B6 member aggregate checks current school authority, target membership and SQL role before returning any count (321.331754ms)
✔ B6 member effective permissions and assignment history follow native grant time, membership, identity and assignment dates (774.098331ms)
✔ B6 member role choices respect action-specific delegation expiry without borrowing a role catalog (340.080503ms)
✔ B6 member history filters member, assignment and grant events before counting/keysets, with independent audit authority (517.682468ms)
✔ B6 personal notifications traverse more than 100 real own memberships without truncating global totals or opaque pages (76338.656303ms)
✔ B6 assignment preview is read-only, uses school-local instants and preserves displayed source versions before saving (537.524469ms)
✔ B6 assignment preview compares exact subject scopes, rejects overlapping windows and rechecks expired delegation on repeated POST (751.994534ms)
✔ B6 assignment preview detects source member changes, rejects malformed/foreign proposals and advertises future/configured publication timing (375.235063ms)
✔ B6 assignment matrix returns actual nullable cells and minimal work names under independent assignment-read authority (458.861212ms)
✔ B6 assignment matrix keeps an unconfigured year explicit and archived display reference separate from authority (297.438726ms)
✔ B6 role metadata keeps native scopes and real counts without lending member/audit access or treating custom class grants as assignments (510.795142ms)
✔ B6 role details show only independently authorized holders/history and save scoped deltas with a displayed version (14415.302684ms)
✔ B6 future held roles and immutable system templates cannot be edited by their holder (783.82796ms)
✔ B6 editing live roles cannot expand permissions beyond the current editor expiry ceiling (865.354994ms)
✔ B6 handover preview reads real current source/counts under purpose authority without member, family or role catalog access (1095.228766ms)
✔ B6 handover applies exactly once with school-local cutoffs, durable receipts, own-actor recovery and preserved source authorship (2001.174188ms)
✔ B6 changed handover sources fail before submission or application and require an explicit review of the same pending receipt (2635.131936ms)
✔ B6 open-item changes invalidate handover review and linked source grants are never extended at the cutoff (2343.637625ms)
✔ B6 handover receipts remain actor/school bound, recheck delegation and deny immutable-source replacement (1287.471443ms)
✔ B6 student creation allocates actual codes and atomically retains enrollment, gender and a separate unverified guardian (265.238963ms)
✔ B6 student form failures roll back every row and optional contacts require independent current authority on replay (408.301494ms)
✔ B6 student edits retain displayed versions and never replay internal notes after private profile authority is revoked (338.871395ms)
✔ B6 student unknown historic gender remains null and invalid gender/guardian state cannot be fabricated (176.870623ms)
✔ B6 real CSV gender mapping normalizes supported values, preserves unmapped sources and retains invalid rows (8619.972439ms)
✔ B6 native student directory applies Vietnamese keysets, exact SQL filters and minimal selected identifiers (544.403123ms)
✔ B6 native student projections separate school roster authority from family, note and link authority in the same session (404.3647ms)
✔ B6 archived student history uses an explicit included date and stored group, position and teacher sources (250.938072ms)
✔ B6 subject pupil projection remains minimal and class history cannot retain family access after enrollment ends (389.41917ms)
✔ B6 pupil link metadata reflects real events, bounded recent history and revocation without returning reusable secrets (303.27258ms)
✔ B6 an unconfigured school directory returns actual null year context without fabricated class or student data (155.710523ms)
✔ B6 verified family counters remain verified when receiving permission is explicitly disabled (215.376852ms)
✔ B6 atomic guardian save creates unverified contacts, replays one receipt and prevents duplicate new commands (292.533159ms)
✔ B6 atomic guardian save serializes competing displayed student versions (203.267052ms)
✔ B6 guardian form grants class family authority without student read or unscoped sibling data (392.024978ms)
✔ B6 atomic guardian edits preserve verified receiving choices and reject stale contact versions without partial priority changes (333.726656ms)
✔ B6 guardian save detects independently changed primary references and preserves every row on failure (323.058671ms)
✔ B6 guardian save rejects masked phones, foreign pairings and mutation of archived contacts (291.95779ms)
✔ B6 guardian form and cached saves recheck enrollment end and grant expiry in the same session (364.072141ms)
✔ B6 atomic guardian save rolls back contacts, relationships, primary changes, audit and receipt after a real SQL fault (248.761092ms)
✔ B6 school guardian directory uses SQL folded search, literal wildcards, signed keysets and independent link counters (452.663208ms)
✔ B6 class guardian reads exclude all unscoped sibling relationships and immediately lose access after enrollment or grant ends (333.695232ms)
✔ B6 shared guardian contact edits require management of every affected class and current read authority even for a replay (666.530099ms)
✔ B6 guardian profile exposes real verification and revocation metadata but removes link and audit panels when their separate rights end (468.674696ms)
✔ B6 partial student write acknowledgements redact unsubmitted protected fields including stored old receipts (253.238794ms)
✔ B6 bounded school class overview preserves query results, local JIT preference and the five-second runtime timeout (182.583994ms)
✔ B6 native invitation choices require current invitation authority, preserve delegation ceilings and never borrow a role catalog (881.527462ms)
✔ B6 native staff activity is SQL-bounded to staff targets, rechecks audit authority and keeps foreign and family records out (772.934587ms)
✔ B6 student-create choices use current class write authority without borrowing roster, year or class readers (1055.6138ms)
✔ B6 parent-issue purpose readers paginate over 1000 pupils, keep current class/time authority and expose no contact or token (730.789195ms)
✔ B6 reviewed parent issuance rejects stale sources, rotates atomically, converts local dates and never replays secrets (603.15955ms)
✔ B6 parent metadata directory keeps manage scope, current capabilities, real counts and no borrowed contact/catalog data (860.815357ms)
✔ B6 parent metadata masks independently authorized contact, paginates anonymous history and tracks only actual replacement facts (1251.556937ms)
✔ B6 parent attendance month exposes only real child sessions and published scoped holiday labels without borrowing overview (1371.815509ms)
✔ B6 parent attendance calendar SQL function checks exact child/year/school/current session and cannot expose raw calendar tables (569.752111ms)
✔ B6 parent teacher directory uses own live class assignments, shared work fields and only current published schedule weekdays (991.08042ms)
✔ B6 parent teacher SQL denies foreign or missing context, honors current enrollment/grant/contact changes and never grants raw memberships (609.777736ms)
✔ B6 parent monthly denominator includes only actual own DAILY publications and keeps LESSON attendance separate (1077.95817ms)
✔ B6 parent published dated projections retain old enrollment history and exclude old-class plans from the transfer cutoff (776.202695ms)
✔ B6 parent duty schedule includes all published batch rows and current source statuses, denies other scopes and follows withdrawal (1078.95388ms)
✔ B6 parent timetable week keeps pinned published period/status/work labels, own holiday calendar and independent preview through replacement and withdrawal (2865.136831ms)
✔ B6 parent timetable week SQL denies foreign/current-section contexts and raw sources, clips the year and follows transfer or link revocation (828.781146ms)
✔ B6 parent documents complete directory and metadata use actual published reports, independent view/download rights and matching scoped previews (2058.840625ms)
✔ B6 parent file guards deny raw storage, foreign contexts, expiry and revocation committed between file open and final stream check (744.846984ms)
✔ B6 parent published activity directory and detail pin the own-child state and metadata until replacement or withdrawal (995.243238ms)
✔ B6 parent published announcements pin rich content and scope kinds while attachments retain current independent rights (3847.587396ms)
✔ B6 parent conduct display pins published own decimals and metadata and exposes only the same child revision history through adjustment and withdrawal (2222.317434ms)
✔ B6 parent conduct metadata and history deny wrong school child year section session, raw sources and revoked relationships (1671.590932ms)
{"checkpoint":"platform-school-page-real-cohort","schools":2647,"firstRows":1,"firstMs":6.519990000058897}
✔ B6 platform school pagination counts its real base cohort without computing every school aggregate and preserves filters search metadata and current denial (236.703951ms)
✔ B6 parent published overview bounds each own shared panel, chooses actual publication time and follows withdrawal without borrowing sections (2954.751367ms)
✔ B6 parent overview counts every real DAILY slot beyond a mixed ten-row page, excludes LESSON future and draft facts and rechecks current section rights (1769.194945ms)
✔ B6 parent overview snapshot denies foreign school child year missing session and independent preview authority without raw-source grants (454.895213ms)
ℹ tests 179
ℹ suites 0
ℹ pass 178
ℹ fail 1
ℹ cancelled 0
ℹ skipped 0
ℹ todo 0
ℹ duration_ms 657395.784274

✖ failing tests:

test at tests/integration/foundation.test.mjs:1690:1
✖ B5 signed native keysets cross a nullable sort boundary without dropping or repeating persisted schools (5220.384869ms)
  AssertionError [ERR_ASSERTION]: {"type":"urn:edumanage:problem:internal_error","title":"INTERNAL_ERROR","status":500,"code":"INTERNAL_ERROR","requestId":"f0747aa1-e765-4f7d-944c-81bc3858371d"}

  500 !== 200

      at TestContext.<anonymous> (file:///srv/api/tests/integration/foundation.test.mjs:1694:102)
      at process.processTicksAndRejections (node:internal/process/task_queues:104:5)
      at async Test.run (node:internal/test_runner/test:1409:7)
      at async Test.processPendingSubtests (node:internal/test_runner/test:974:7) {
    generatedMessage: false,
    code: 'ERR_ASSERTION',
    actual: 500,
    expected: 200,
    operator: 'strictEqual',
    diff: 'simple'
  }

exitCode=1
