
 RUN  v3.2.7 D:/Edu

 ✓ tests/unit/api-lists-fragments.test.ts (10 tests) 46ms
 ✓ tests/unit/api-session.test.ts (9 tests) 62ms
 ✓ tests/unit/api-auth-adapter.test.ts (7 tests) 50ms
 ✓ tests/unit/api-rollover-adapter.test.ts (8 tests) 70ms
 ✓ tests/unit/api-school-adapter.test.ts (23 tests) 75ms
 ✓ tests/unit/api-platform-adapter.test.ts (13 tests) 59ms
stdout | tests/unit/seed.test.ts > demo seed invariants > prints sizes
{
  students: 155,
  att: 3732,
  conduct: 265,
  lessons: 120,
  bytes: 1430325
}

 ✓ tests/unit/seed.test.ts (7 tests) 75ms
 ✓ tests/unit/api-role-adapter.test.ts (5 tests) 37ms
 ✓ tests/unit/api-assignment-adapter.test.ts (8 tests) 45ms
 ✓ tests/unit/api-students-adapter.test.ts (19 tests) 125ms
 ✓ tests/unit/api-guardians-adapter.test.ts (21 tests) 132ms
 ✓ tests/unit/api-staff-activation.test.ts (8 tests) 58ms
 ✓ tests/unit/api-support-adapter.test.ts (13 tests) 90ms
 ✓ tests/unit/api-handover-adapter.test.ts (8 tests) 99ms
 ✓ tests/unit/api-client.test.ts (11 tests) 95ms
 ✓ tests/unit/api-parent-issue-adapter.test.ts (8 tests) 96ms
 ✓ tests/unit/api-member-details.test.ts (5 tests) 21ms
 ✓ tests/unit/api-staff-directory.test.ts (6 tests) 40ms
 ✓ tests/unit/api-parent-access-adapter.test.ts (8 tests) 72ms
 ✓ tests/unit/api-session-adapter.test.ts (2 tests) 43ms
 ✓ tests/unit/api-staff-adapter.test.ts (9 tests) 77ms
 ✓ tests/unit/api-scope-guard.test.ts (5 tests) 12ms
 ✓ tests/unit/api-query-boundary.test.ts (5 tests) 52ms
 ✓ tests/unit/api-context.test.ts (1 test) 8ms
 ✓ tests/unit/permissions.test.ts (9 tests) 7ms
 ✓ tests/unit/api-parent-credential.test.ts (3 tests) 9ms
 ✓ tests/unit/api-school-read-capability.test.ts (1 test) 5ms
 ✓ tests/unit/api-native-facade.test.ts (3 tests) 4043ms
   ✓ connected root boundary > has no runtime route dependency on fixtures, IndexedDB, legacy repositories or demo sessions  4031ms
 ✓ tests/unit/flows.test.ts (25 tests) 8680ms
   ✓ NV-03 / Q17 — revoking an assignment blocks the next read/write > revoked homeroom cannot lock or record morning attendance  490ms
   ✓ F03 / F04 / F05 — record → review → lock ≠ publish → adjust > parent sees 97 only after publish, then 102 after an approved + published adjustment  2082ms
   ✓ F07 / Q21 — attendance-linked conduct is never double counted > late in attendance creates one record; manual late is refused; re-save does not duplicate  526ms
   ✓ F07 / Q21 — attendance-linked conduct is never double counted > Q20 — unmarked is never counted as present and blocks publishing  359ms
   ✓ F12 / NV-14 / Q40 — network error and conflicts > simulated network error saves nothing and a retry succeeds once  497ms
   ✓ F12 / NV-14 / Q40 — network error and conflicts > stale version is rejected instead of overwriting  329ms
   ✓ F09 / Q36 — import with errors never duplicates or overwrites > previews row errors, commits valid rows, re-import skips  380ms
   ✓ F04 — school B policy: only school leaders publish > homeroom at B can lock but not publish; principal publishes  636ms
   ✓ SC07 / NV-13 — new school year rollover > creates a year, enrols chosen students into new classes, leaves the old year untouched  715ms
   ✓ F11 / Q35 — lesson change with effective date and conflict detection > detects a teacher already teaching another class; publishing is blocked; past dates refused  485ms

 Test Files  29 passed (29)
      Tests  260 passed (260)
   Start at  13:09:00
   Duration  11.57s (transform 6.08s, setup 1.93s, collect 15.48s, tests 14.28s, environment 8ms, prepare 4.83s)
