 Container edumanage_backend_test-runner-run-94bdd8f61801 Creating
 Container edumanage_backend_test-runner-run-94bdd8f61801 Created
✔ B5 all 264 supplied operations and explicit frontend workflow extensions have registered real handlers (509.540952ms)
✔ BE01 migration replay is a no-op, mismatch fails and metadata remains intact (89.038391ms)
✔ BE02 cross-school enrollment FK rejects write using the real runtime role (10.358158ms)
✔ BE03 no-tenant denies and SET LOCAL cannot leak across a reused connection (4.054616ms)
✔ BE04 bootstrap only exposes the authenticated user memberships without tenant (16.676662ms)
✔ BE05 HOMEROOM A plus SUBJECT B cannot authorize seating or guardians in B (6747.577253ms)
✔ BE06 revoked membership is checked during an existing session and B stays independent (55.421167ms)
✔ B6 self context carries only own current duties and separates self-profile from school contacts (11944.745032ms)
✔ BE08 CSRF, credential validation, cookie flags, session rotation and rate limiting (90.07256ms)
✔ BE10 concurrent profile patches serialize with a single version winner (51.692298ms)
✔ B6 password/session commands use actual cookies, reject bad passwords and revoke every session after change (327.096257ms)
{"checkpoint":"parent-without-context","queryMs":5.172,"planExecutionMs":0.016,"planRows":0}
✔ BE21 parent runtime role cannot select raw student rows (15.073477ms)
✔ B0 health ready checks actual migrations, database and private storage (26.894766ms)
✔ B2 class lists use SQL scope and cross-school details deny before serialization (286.564946ms)
✔ BE09 idempotent organization create/retry/concurrency performs one write (75.35535ms)
✔ B2 required idempotency, class capacity/reference validation and version conflicts (129.124588ms)
✔ B2 signed cursor rejects scope/filter modification and delivers distinct pages (3914.843891ms)
✔ B2 subject student projection omits family/internal notes and denies guardians (423.672374ms)
✔ B2 guardian create does not merge matching phone, relationships start unverified (140.786219ms)
✔ BE07 existing identity invitation requires its session and preserves password/other school (5537.480323ms)
✔ B1 password reset token is encrypted, single-use and revokes all prior sessions (133.810249ms)
✔ B2 staff delegation stays within the ceiling, custom class scope and immediate revocation (893.99378ms)
✔ B2 transfers serialize capacity, handover removes the old teacher and rollover binds its preview (1702.742455ms)
✔ B2 scoped guardian creation cannot acquire an unrelated family through relationship IDs (513.154622ms)
✔ B2/B5 uploads remain private until worker processing, leases serialize and local mail erases encrypted secrets (203618.390141ms)
✔ B2 imports parse real CSV, bind stale previews, avoid name/phone merges and retain invalid rows safely (10847.784772ms)
✔ B2/B5 timetable import checks assignments and overlapping slots, creates only a draft and deduplicates retries (6435.100657ms)
✔ B2 imports update only verified codes, create class drafts and staff invitations with work profiles (15182.414293ms)
✔ B2 large import resumes after a lost chunk without duplicating applied rows and checks current school authority (9421.561668ms)
✔ B3 attendance starts unmarked, versions every source change and publishes immutable one-student projections (535.356053ms)
✔ B3 subject attendance requires its actual lesson and cannot borrow daily access from another class (633.468957ms)
✔ B3 a simultaneous attendance edit and publish has one winner and never publishes a mixed source version (180.347924ms)
✔ B3 rule sets require explicit points, immutable issuance and effective week application (464.125839ms)
✔ B3 conduct reviews preserve facts, lock READY projections and publish only the exact pinned source (920.832445ms)
✔ B3 conduct linked attendance detects stale sources and subject teachers see only their own lesson facts (1052.421723ms)
✔ B3 approved adjustments retain old facts and atomically replace the current publication with a reviewed preview (615.657429ms)
✔ B3 a simultaneous conduct record and lock/publish has one source winner (264.525896ms)
✔ B3 attendance linkage deduplicates, excludes corrected drafts and leaves locked scores unchanged with explicit warnings (480.390933ms)
✔ B4 private parent links expose only published child projections, preserve staff cookies and bind the active tab context (1134.363389ms)
✔ B4 section/download rights, reissue, relationship revocation and foreign UUIDs are checked on each new parent request (536.562209ms)
✔ B4 private documents stream only with both download rights, and teacher contact projections use shared work fields (946.319633ms)
✔ B4 expired links, suspended schools, CSRF and exchange throttles deny without creating a parent identity (488.660689ms)
✔ B1 delegated grants and invitation acceptance stay inside the current expiry ceiling; backdated assignments require a reason (329.569549ms)
✔ B2 shrinking class capacity checks planned future occupancy peaks, rather than only today (126.068492ms)
✔ B5 dated groups retain moves and same-day cancellations, require current class versions and end group-leader duties (573.815455ms)
✔ B5 position holders serialize and remain valid conduct sources; locked source history cannot be shortened (471.115603ms)
✔ B5 seating validates effective enrollment and unique seats, preserves dated revisions and denies subject-only reads (681.445612ms)
✔ B2/B5 a transfer closes dated groups/positions and retains cancelled future plans atomically (391.733663ms)
✔ B5 timetable materializes bounded future lessons, publishes child-only projections and preserves past/source history (779.414295ms)
✔ B5 timetable rejects teacher/room collisions and revoked assignments, skips holidays and revalidates source versions (1136.649639ms)
✔ B5 duties publish only individual tasks, reject foreign enrollment and retain immutable publication/withdraw history (490.410989ms)
✔ B5 group duties expand the effective group at publication and retain the individual targets after later moves (701.035256ms)
✔ B5 activities count only explicit participants, preserve published states and require current source/review authority (1049.680347ms)
✔ B5 approved activity results are explicit conduct sources and locked approved facts protect their source history (423.10578ms)
✔ B5 evidence stays private until review and publication; parent documents remain child-bound and filter file availability (24069.145155ms)
✔ B5 class announcements retain immutable publication across edits, bind one recipient and reject foreign class reads (2284.324937ms)
✔ B5 public school announcements sanitize content and keep draft/private replacements out of the public projection (2702.179423ms)
✔ B5 scheduled announcements wait for their due time, publish once through a worker and safely replay after an acknowledgement loss (1459.461332ms)
✔ B5 scheduled publication rechecks the creator grant and reports a failed queue without exposing a parent snapshot (1527.643698ms)
✔ B5 announcement attachments remain private to one child, obey link download rights and disappear when archived or withdrawn (1636.200729ms)
✔ B5 school settings persist with version guards, affect only new link expiry and suppress work contacts without changing old link permissions (1031.256576ms)
✔ B5 disabling homeroom publication takes effect inside existing sessions and restores only after an explicit setting change (825.476098ms)
✔ B3 configured second approval rejects self approval in API and SQL, while a different scoped approver permits atomic adjustment (638.467974ms)
✔ B5 personal notifications paginate across actual memberships, deduplicate publication events and deny foreign recipients and cross-user cursors (1234.152218ms)
✔ B5 withdrawn announcements redact retained staff notifications instead of exposing a stale published target (47913.479979ms)
✔ B5 dashboards count real scoped rows, keep homeroom and subject tasks separate and immediately recheck revocation (4335.286186ms)
✔ B5 teacher schedule is own dated teaching and announcement feed reads only current publications across draft edits (3215.928608ms)
✔ B5 dashboard attendance counters and publication tasks follow persisted marks, publish/withdraw and current school policy (1031.424965ms)
✔ B2 platform creates only metadata drafts, bootstraps admin roles/invitations and requires an active administrator for activation (4569.04128ms)
✔ B5 platform settings and operation records persist actual state, redact artifacts and reauthorize command replays (250.373235ms)
✔ B1 platform admin invitations obey operator expiry ceilings and acceptance rolls back after authority expires (119.153628ms)
✔ B5 support tickets persist both sides, preserve queue states and exact timestamp pagination, and deny other schools (356.623576ms)
✔ B1 support requests require independent current school consent, retain immutable scope and bind tickets/classes/actions/time (264.437816ms)
✔ B1 explicitly selected support grants authorize only scoped metadata GETs, audit the actual operator and force read-only SQL (226.426864ms)
✔ B1 school-wide support metadata never exposes import rows/downloads and expires without fallback to operator privileges (3507.44153ms)
✔ B1 an operator who also has school-admin rights still cannot self-approve or combine selected support scope with ordinary rights (198.608572ms)
✔ B5 signed native keysets cross a nullable sort boundary without dropping or repeating persisted schools (900.093082ms)
✔ B5 report SQL uses real scoped counts and immutable CSV export content while live attendance changes (1163.989576ms)
✔ B5 published report exports pin revisions across replacement and withdrawal without exposing drafts (2124.349578ms)
✔ B5 export XLSX/PDF are actual files with literal formula text, Vietnamese font and private download authorization (1494.335235ms)
✔ B5 subject reports remain own lesson attendance and scoped activities without school/family/conduct/export access (6349.971518ms)
✔ B5 export workers and all file paths reauthorize revocation, expiry and cancellation, and replay completed work safely (1236.137584ms)
✔ B5 conduct/activity/progress/link reports use actual pinned scores, explicit participant denominators and anonymous link use (966.370153ms)
✔ B6 organization display fields persist with versions and tenant-safe references instead of being silently ignored (473.078328ms)
✔ B6 year wizard creates bounded terms, weeks, published holidays and independent draft rules atomically and idempotently (702.004018ms)
✔ B6 class form assigns homeroom atomically, denies foreign/backdated inputs, requires handover and preserves archived history (858.788827ms)
✔ B6 organization projections scope counts in SQL and a year-only grant cannot copy or publish rules (6019.19113ms)
✔ B6 purpose-bound form pickers use current write authority, exclude contacts/roles/counts and deny normal directory access (384.805394ms)
✔ B6 rollover preview uses exact end-year enrollment, minimal workflow authority and immediate revocation (1333.288072ms)
✔ B6 platform school wizard creates its optional admin invitation atomically and redacts form metadata (9828.268669ms)
✔ B6 platform school form readers never lend admin or read authority to a create-only operator (598.887403ms)
✔ B6 school overview keeps current scoped totals, actual setup and publication metadata without lending school-wide reads (3587.794941ms)
✔ B6 support choices/counts are scoped SQL metadata, ticket message/status save atomically and an operator only relinquishes its own grant (681.99542ms)
✔ B6 platform audit filters exact actors and whole local date boundaries before pagination and denies school-only staff (117.148153ms)
✔ B6 school support metadata does not borrow consent authority, counts in SQL and rechecks permission before replay (434.894482ms)
✔ B6 school audit uses the school timezone and exact SQL filters with tenant-safe history options (235.912784ms)
✔ B6 operational probes use worker-only cycle evidence, actual backup records and purpose-bound aggregate authority (5113.528438ms)
✔ B6 atomic school-role replacement retains expiry/class scopes, detects independent grants and rolls back all failures (468.550532ms)
✔ B6 school-role replacement prevents self edits, last-admin removal, ceiling/expiry breaches and unauthorized cached replay (596.371215ms)
✔ B6 ending a membership revokes all current/future grants and assignments without deleting history or other schools (607.883995ms)
✔ B6 native school invitations persist all roles/profile, replay once and accept multiple or zero grants atomically (405.086322ms)
✔ B6 zero-role invitation still rechecks current inviter membership and mail authority before acceptance (210.248632ms)
✔ B6 expired staff invitations cannot be revoked as pending or delivered, and preserve their history (189.800617ms)
✔ B6 staff directory combines authorized pending invitations in SQL, searches folded work data and counts before keysets (612.827396ms)
✔ B6 directory read does not lend invitation, role catalog, assignment or export authority and revocation invalidates opaque scope cursors (428.787446ms)
✔ B6 Vietnamese composite keysets preserve given/full-name order, case/diacritic ties and nullable departments in both directions (661.077209ms)
✔ B6 locked identities keep their directory lifecycle but have no effective grants, and active KPI does not fabricate access (213.117363ms)
✔ B6 member details return real coarse other-school counts and work contacts without opening another tenant (357.063471ms)
✔ B6 member aggregate checks current school authority, target membership and SQL role before returning any count (326.793505ms)
✔ B6 member effective permissions and assignment history follow native grant time, membership, identity and assignment dates (770.759991ms)
✔ B6 member role choices respect action-specific delegation expiry without borrowing a role catalog (432.284956ms)
✔ B6 member history filters member, assignment and grant events before counting/keysets, with independent audit authority (560.570575ms)
✔ B6 personal notifications traverse more than 100 real own memberships without truncating global totals or opaque pages (76562.92736ms)
✔ B6 assignment preview is read-only, uses school-local instants and preserves displayed source versions before saving (513.461345ms)
✔ B6 assignment preview compares exact subject scopes, rejects overlapping windows and rechecks expired delegation on repeated POST (782.944735ms)
✔ B6 assignment preview detects source member changes, rejects malformed/foreign proposals and advertises future/configured publication timing (367.76205ms)
✔ B6 assignment matrix returns actual nullable cells and minimal work names under independent assignment-read authority (472.019038ms)
✔ B6 assignment matrix keeps an unconfigured year explicit and archived display reference separate from authority (296.419688ms)
✔ B6 role metadata keeps native scopes and real counts without lending member/audit access or treating custom class grants as assignments (471.445007ms)
✔ B6 role details show only independently authorized holders/history and save scoped deltas with a displayed version (13990.877076ms)
✔ B6 future held roles and immutable system templates cannot be edited by their holder (726.677842ms)
✔ B6 editing live roles cannot expand permissions beyond the current editor expiry ceiling (825.312274ms)
✔ B6 handover preview reads real current source/counts under purpose authority without member, family or role catalog access (1043.134807ms)
✔ B6 handover applies exactly once with school-local cutoffs, durable receipts, own-actor recovery and preserved source authorship (1646.776368ms)
✔ B6 changed handover sources fail before submission or application and require an explicit review of the same pending receipt (2198.363457ms)
✔ B6 open-item changes invalidate handover review and linked source grants are never extended at the cutoff (2035.175146ms)
✔ B6 handover receipts remain actor/school bound, recheck delegation and deny immutable-source replacement (1663.385821ms)
✔ B6 student creation allocates actual codes and atomically retains enrollment, gender and a separate unverified guardian (667.465469ms)
✔ B6 student form failures roll back every row and optional contacts require independent current authority on replay (720.335717ms)
✔ B6 student edits retain displayed versions and never replay internal notes after private profile authority is revoked (342.913775ms)
✔ B6 student unknown historic gender remains null and invalid gender/guardian state cannot be fabricated (168.627095ms)
✔ B6 real CSV gender mapping normalizes supported values, preserves unmapped sources and retains invalid rows (8119.16147ms)
✔ B6 native student directory applies Vietnamese keysets, exact SQL filters and minimal selected identifiers (608.086089ms)
✔ B6 native student projections separate school roster authority from family, note and link authority in the same session (444.195427ms)
✔ B6 archived student history uses an explicit included date and stored group, position and teacher sources (282.071099ms)
✔ B6 subject pupil projection remains minimal and class history cannot retain family access after enrollment ends (412.352092ms)
✔ B6 pupil link metadata reflects real events, bounded recent history and revocation without returning reusable secrets (295.882119ms)
✔ B6 an unconfigured school directory returns actual null year context without fabricated class or student data (172.031ms)
✔ B6 verified family counters remain verified when receiving permission is explicitly disabled (225.313441ms)
✔ B6 atomic guardian save creates unverified contacts, replays one receipt and prevents duplicate new commands (275.240484ms)
✔ B6 atomic guardian save serializes competing displayed student versions (206.509625ms)
✔ B6 guardian form grants class family authority without student read or unscoped sibling data (392.242335ms)
✔ B6 atomic guardian edits preserve verified receiving choices and reject stale contact versions without partial priority changes (326.492618ms)
✔ B6 guardian save detects independently changed primary references and preserves every row on failure (327.05325ms)
✔ B6 guardian save rejects masked phones, foreign pairings and mutation of archived contacts (293.452438ms)
✔ B6 guardian form and cached saves recheck enrollment end and grant expiry in the same session (367.354516ms)
✔ B6 atomic guardian save rolls back contacts, relationships, primary changes, audit and receipt after a real SQL fault (251.423692ms)
✔ B6 school guardian directory uses SQL folded search, literal wildcards, signed keysets and independent link counters (560.901825ms)
✔ B6 class guardian reads exclude all unscoped sibling relationships and immediately lose access after enrollment or grant ends (1095.892503ms)
✔ B6 shared guardian contact edits require management of every affected class and current read authority even for a replay (1827.53353ms)
✔ B6 guardian profile exposes real verification and revocation metadata but removes link and audit panels when their separate rights end (1394.081483ms)
✔ B6 partial student write acknowledgements redact unsubmitted protected fields including stored old receipts (864.001021ms)
✔ B6 bounded school class overview preserves query results, local JIT preference and the five-second runtime timeout (397.00901ms)
✔ B6 native invitation choices require current invitation authority, preserve delegation ceilings and never borrow a role catalog (984.852916ms)
✔ B6 native staff activity is SQL-bounded to staff targets, rechecks audit authority and keeps foreign and family records out (336.80438ms)
✔ B6 student-create choices use current class write authority without borrowing roster, year or class readers (385.350881ms)
✔ B6 parent-issue purpose readers paginate over 1000 pupils, keep current class/time authority and expose no contact or token (592.153715ms)
✔ B6 reviewed parent issuance rejects stale sources, rotates atomically, converts local dates and never replays secrets (586.645608ms)
✔ B6 parent metadata directory keeps manage scope, current capabilities, real counts and no borrowed contact/catalog data (845.089748ms)
✔ B6 parent metadata masks independently authorized contact, paginates anonymous history and tracks only actual replacement facts (1161.90858ms)
✔ B6 parent attendance month exposes only real child sessions and published scoped holiday labels without borrowing overview (1175.812864ms)
✔ B6 parent attendance calendar SQL function checks exact child/year/school/current session and cannot expose raw calendar tables (515.295683ms)
✔ B6 parent teacher directory uses own live class assignments, shared work fields and only current published schedule weekdays (869.49392ms)
✔ B6 parent teacher SQL denies foreign or missing context, honors current enrollment/grant/contact changes and never grants raw memberships (516.634198ms)
✔ B6 parent monthly denominator includes only actual own DAILY publications and keeps LESSON attendance separate (863.494562ms)
✔ B6 parent published dated projections retain old enrollment history and exclude old-class plans from the transfer cutoff (770.031236ms)
✔ B6 parent duty schedule includes all published batch rows and current source statuses, denies other scopes and follows withdrawal (1103.68146ms)
✔ B6 parent timetable week keeps pinned published period/status/work labels, own holiday calendar and independent preview through replacement and withdrawal (2879.222733ms)
✔ B6 parent timetable week SQL denies foreign/current-section contexts and raw sources, clips the year and follows transfer or link revocation (1806.390641ms)
✔ B6 parent documents complete directory and metadata use actual published reports, independent view/download rights and matching scoped previews (2249.207031ms)
✔ B6 parent file guards deny raw storage, foreign contexts, expiry and revocation committed between file open and final stream check (722.247187ms)
✔ B6 parent published activity directory and detail pin the own-child state and metadata until replacement or withdrawal (970.657055ms)
✔ B6 parent published announcements pin rich content and scope kinds while attachments retain current independent rights (1807.633506ms)
✔ B6 parent conduct display pins published own decimals and metadata and exposes only the same child revision history through adjustment and withdrawal (760.692289ms)
✔ B6 parent conduct metadata and history deny wrong school child year section session, raw sources and revoked relationships (517.051439ms)
{"checkpoint":"platform-school-page-real-cohort","schools":2725,"firstRows":1,"firstMs":6.494396000052802}
✔ B6 platform school pagination counts its real base cohort without computing every school aggregate and preserves filters search metadata and current denial (114.226637ms)
✔ B6 parent published overview bounds each own shared panel, chooses actual publication time and follows withdrawal without borrowing sections (2152.129575ms)
✔ B6 parent overview counts every real DAILY slot beyond a mixed ten-row page, excludes LESSON future and draft facts and rechecks current section rights (1699.758755ms)
✔ B6 parent overview snapshot denies foreign school child year missing session and independent preview authority without raw-source grants (481.507665ms)
✔ B6 platform administrator search labels preserve current aggregate semantics and restore tenant context while denying other roles (420.479201ms)
ℹ tests 180
ℹ suites 0
ℹ pass 180
ℹ fail 0
ℹ cancelled 0
ℹ skipped 0
ℹ todo 0
ℹ duration_ms 602222.644422
exitCode=0
