 Container edumanage_backend_test-runner-run-d3081132779e Creating
 Container edumanage_backend_test-runner-run-d3081132779e Created
✔ B5 all 264 supplied operations and explicit frontend workflow extensions have registered real handlers (581.734077ms)
✔ BE01 migration replay is a no-op, mismatch fails and metadata remains intact (88.251024ms)
✔ BE02 cross-school enrollment FK rejects write using the real runtime role (20.386969ms)
✔ BE03 no-tenant denies and SET LOCAL cannot leak across a reused connection (7.56852ms)
✔ BE04 bootstrap only exposes the authenticated user memberships without tenant (23.871814ms)
✔ BE05 HOMEROOM A plus SUBJECT B cannot authorize seating or guardians in B (6563.879824ms)
✔ BE06 revoked membership is checked during an existing session and B stays independent (58.180879ms)
✔ B6 self context carries only own current duties and separates self-profile from school contacts (12931.030513ms)
✔ BE08 CSRF, credential validation, cookie flags, session rotation and rate limiting (122.807754ms)
✔ BE10 concurrent profile patches serialize with a single version winner (62.944246ms)
✔ B6 password/session commands use actual cookies, reject bad passwords and revoke every session after change (386.73193ms)
{"checkpoint":"parent-without-context","queryMs":6.742,"planExecutionMs":0.017,"planRows":0}
✔ BE21 parent runtime role cannot select raw student rows (17.30071ms)
✔ B0 health ready checks actual migrations, database and private storage (28.993648ms)
✔ B2 class lists use SQL scope and cross-school details deny before serialization (326.436928ms)
✔ BE09 idempotent organization create/retry/concurrency performs one write (87.342777ms)
✔ B2 required idempotency, class capacity/reference validation and version conflicts (176.947473ms)
✔ B2 signed cursor rejects scope/filter modification and delivers distinct pages (4447.31873ms)
✔ B2 subject student projection omits family/internal notes and denies guardians (446.61419ms)
✔ B2 guardian create does not merge matching phone, relationships start unverified (177.697359ms)
✔ BE07 existing identity invitation requires its session and preserves password/other school (6413.47321ms)
✔ B1 password reset token is encrypted, single-use and revokes all prior sessions (181.288854ms)
✔ B2 staff delegation stays within the ceiling, custom class scope and immediate revocation (1137.78091ms)
✔ B2 transfers serialize capacity, handover removes the old teacher and rollover binds its preview (2207.857439ms)
✔ B2 scoped guardian creation cannot acquire an unrelated family through relationship IDs (575.95283ms)
✔ B2/B5 uploads remain private until worker processing, leases serialize and local mail erases encrypted secrets (196945.538219ms)
✔ B2 imports parse real CSV, bind stale previews, avoid name/phone merges and retain invalid rows safely (6787.596393ms)
✔ B2/B5 timetable import checks assignments and overlapping slots, creates only a draft and deduplicates retries (3897.370756ms)
✔ B2 imports update only verified codes, create class drafts and staff invitations with work profiles (11328.655742ms)
✔ B2 large import resumes after a lost chunk without duplicating applied rows and checks current school authority (8450.388994ms)
✔ B3 attendance starts unmarked, versions every source change and publishes immutable one-student projections (770.957214ms)
✔ B3 subject attendance requires its actual lesson and cannot borrow daily access from another class (801.185736ms)
✔ B3 a simultaneous attendance edit and publish has one winner and never publishes a mixed source version (269.766353ms)
✔ B3 rule sets require explicit points, immutable issuance and effective week application (602.011339ms)
✔ B3 conduct reviews preserve facts, lock READY projections and publish only the exact pinned source (1165.331586ms)
✔ B3 conduct linked attendance detects stale sources and subject teachers see only their own lesson facts (1268.83909ms)
✔ B3 approved adjustments retain old facts and atomically replace the current publication with a reviewed preview (672.733828ms)
✔ B3 a simultaneous conduct record and lock/publish has one source winner (312.314206ms)
✔ B3 attendance linkage deduplicates, excludes corrected drafts and leaves locked scores unchanged with explicit warnings (618.326839ms)
✔ B4 private parent links expose only published child projections, preserve staff cookies and bind the active tab context (1296.159672ms)
✔ B4 section/download rights, reissue, relationship revocation and foreign UUIDs are checked on each new parent request (576.920703ms)
✔ B4 private documents stream only with both download rights, and teacher contact projections use shared work fields (968.529552ms)
✔ B4 expired links, suspended schools, CSRF and exchange throttles deny without creating a parent identity (601.123724ms)
✔ B1 delegated grants and invitation acceptance stay inside the current expiry ceiling; backdated assignments require a reason (394.238212ms)
✔ B2 shrinking class capacity checks planned future occupancy peaks, rather than only today (164.571383ms)
✔ B5 dated groups retain moves and same-day cancellations, require current class versions and end group-leader duties (707.411628ms)
✔ B5 position holders serialize and remain valid conduct sources; locked source history cannot be shortened (528.205381ms)
✔ B5 seating validates effective enrollment and unique seats, preserves dated revisions and denies subject-only reads (721.786595ms)
✔ B2/B5 a transfer closes dated groups/positions and retains cancelled future plans atomically (433.337769ms)
✔ B5 timetable materializes bounded future lessons, publishes child-only projections and preserves past/source history (828.546341ms)
✔ B5 timetable rejects teacher/room collisions and revoked assignments, skips holidays and revalidates source versions (1112.547875ms)
✔ B5 duties publish only individual tasks, reject foreign enrollment and retain immutable publication/withdraw history (484.966852ms)
✔ B5 group duties expand the effective group at publication and retain the individual targets after later moves (742.246988ms)
✔ B5 activities count only explicit participants, preserve published states and require current source/review authority (1346.829853ms)
✔ B5 approved activity results are explicit conduct sources and locked approved facts protect their source history (551.324298ms)
✔ B5 evidence stays private until review and publication; parent documents remain child-bound and filter file availability (27726.830953ms)
✔ B5 class announcements retain immutable publication across edits, bind one recipient and reject foreign class reads (3225.095254ms)
✔ B5 public school announcements sanitize content and keep draft/private replacements out of the public projection (3630.521451ms)
✔ B5 scheduled announcements wait for their due time, publish once through a worker and safely replay after an acknowledgement loss (2064.314677ms)
✔ B5 scheduled publication rechecks the creator grant and reports a failed queue without exposing a parent snapshot (1631.191512ms)
✔ B5 announcement attachments remain private to one child, obey link download rights and disappear when archived or withdrawn (1650.892536ms)
✔ B5 school settings persist with version guards, affect only new link expiry and suppress work contacts without changing old link permissions (1131.058153ms)
✔ B5 disabling homeroom publication takes effect inside existing sessions and restores only after an explicit setting change (921.486888ms)
✔ B3 configured second approval rejects self approval in API and SQL, while a different scoped approver permits atomic adjustment (733.524575ms)
✔ B5 personal notifications paginate across actual memberships, deduplicate publication events and deny foreign recipients and cross-user cursors (1309.676128ms)
✔ B5 withdrawn announcements redact retained staff notifications instead of exposing a stale published target (49647.309719ms)
✔ B5 dashboards count real scoped rows, keep homeroom and subject tasks separate and immediately recheck revocation (5453.912207ms)
✔ B5 teacher schedule is own dated teaching and announcement feed reads only current publications across draft edits (4460.363722ms)
✔ B5 dashboard attendance counters and publication tasks follow persisted marks, publish/withdraw and current school policy (1429.624681ms)
✔ B2 platform creates only metadata drafts, bootstraps admin roles/invitations and requires an active administrator for activation (5261.984732ms)
✖ B5 platform settings and operation records persist actual state, redact artifacts and reauthorize command replays (9997.581796ms)
✔ B1 platform admin invitations obey operator expiry ceilings and acceptance rolls back after authority expires (165.657847ms)
✔ B5 support tickets persist both sides, preserve queue states and exact timestamp pagination, and deny other schools (412.598616ms)
✔ B1 support requests require independent current school consent, retain immutable scope and bind tickets/classes/actions/time (391.740995ms)
✔ B1 explicitly selected support grants authorize only scoped metadata GETs, audit the actual operator and force read-only SQL (344.53556ms)
✔ B1 school-wide support metadata never exposes import rows/downloads and expires without fallback to operator privileges (3524.131103ms)
✔ B1 an operator who also has school-admin rights still cannot self-approve or combine selected support scope with ordinary rights (213.818235ms)
✔ B5 signed native keysets cross a nullable sort boundary without dropping or repeating persisted schools (23764.406452ms)
✔ B5 report SQL uses real scoped counts and immutable CSV export content while live attendance changes (1086.488327ms)
✔ B5 published report exports pin revisions across replacement and withdrawal without exposing drafts (1092.963492ms)
✔ B5 export XLSX/PDF are actual files with literal formula text, Vietnamese font and private download authorization (1296.982474ms)
✔ B5 subject reports remain own lesson attendance and scoped activities without school/family/conduct/export access (5941.315819ms)
✔ B5 export workers and all file paths reauthorize revocation, expiry and cancellation, and replay completed work safely (1017.52352ms)
✔ B5 conduct/activity/progress/link reports use actual pinned scores, explicit participant denominators and anonymous link use (1081.100756ms)
✔ B6 organization display fields persist with versions and tenant-safe references instead of being silently ignored (444.336279ms)
✔ B6 year wizard creates bounded terms, weeks, published holidays and independent draft rules atomically and idempotently (721.186667ms)
✔ B6 class form assigns homeroom atomically, denies foreign/backdated inputs, requires handover and preserves archived history (1117.67888ms)
✔ B6 organization projections scope counts in SQL and a year-only grant cannot copy or publish rules (6749.412935ms)
✔ B6 purpose-bound form pickers use current write authority, exclude contacts/roles/counts and deny normal directory access (416.649965ms)
✔ B6 rollover preview uses exact end-year enrollment, minimal workflow authority and immediate revocation (744.725187ms)
✔ B6 platform school wizard creates its optional admin invitation atomically and redacts form metadata (15973.42095ms)
✔ B6 platform school form readers never lend admin or read authority to a create-only operator (169.872828ms)
✔ B6 school overview keeps current scoped totals, actual setup and publication metadata without lending school-wide reads (3380.102514ms)
✔ B6 support choices/counts are scoped SQL metadata, ticket message/status save atomically and an operator only relinquishes its own grant (337.606832ms)
✔ B6 platform audit filters exact actors and whole local date boundaries before pagination and denies school-only staff (149.154289ms)
✔ B6 school support metadata does not borrow consent authority, counts in SQL and rechecks permission before replay (489.518985ms)
✔ B6 school audit uses the school timezone and exact SQL filters with tenant-safe history options (348.943994ms)
✔ B6 operational probes use worker-only cycle evidence, actual backup records and purpose-bound aggregate authority (4943.596114ms)
✔ B6 atomic school-role replacement retains expiry/class scopes, detects independent grants and rolls back all failures (504.508412ms)
✔ B6 school-role replacement prevents self edits, last-admin removal, ceiling/expiry breaches and unauthorized cached replay (444.606075ms)
✔ B6 ending a membership revokes all current/future grants and assignments without deleting history or other schools (486.434394ms)
✔ B6 native school invitations persist all roles/profile, replay once and accept multiple or zero grants atomically (333.134227ms)
✔ B6 zero-role invitation still rechecks current inviter membership and mail authority before acceptance (185.502297ms)
✔ B6 expired staff invitations cannot be revoked as pending or delivered, and preserve their history (162.440602ms)
✔ B6 staff directory combines authorized pending invitations in SQL, searches folded work data and counts before keysets (496.45505ms)
✔ B6 directory read does not lend invitation, role catalog, assignment or export authority and revocation invalidates opaque scope cursors (388.757323ms)
✔ B6 Vietnamese composite keysets preserve given/full-name order, case/diacritic ties and nullable departments in both directions (586.820659ms)
✔ B6 locked identities keep their directory lifecycle but have no effective grants, and active KPI does not fabricate access (194.916245ms)
✔ B6 member details return real coarse other-school counts and work contacts without opening another tenant (357.813436ms)
✔ B6 member aggregate checks current school authority, target membership and SQL role before returning any count (322.873381ms)
✔ B6 member effective permissions and assignment history follow native grant time, membership, identity and assignment dates (784.704776ms)
✔ B6 member role choices respect action-specific delegation expiry without borrowing a role catalog (357.340663ms)
✔ B6 member history filters member, assignment and grant events before counting/keysets, with independent audit authority (592.37407ms)
✔ B6 personal notifications traverse more than 100 real own memberships without truncating global totals or opaque pages (93374.520159ms)
✔ B6 assignment preview is read-only, uses school-local instants and preserves displayed source versions before saving (587.840308ms)
✔ B6 assignment preview compares exact subject scopes, rejects overlapping windows and rechecks expired delegation on repeated POST (825.36248ms)
✔ B6 assignment preview detects source member changes, rejects malformed/foreign proposals and advertises future/configured publication timing (459.146089ms)
✔ B6 assignment matrix returns actual nullable cells and minimal work names under independent assignment-read authority (601.514761ms)
✔ B6 assignment matrix keeps an unconfigured year explicit and archived display reference separate from authority (318.99262ms)
✔ B6 role metadata keeps native scopes and real counts without lending member/audit access or treating custom class grants as assignments (511.734987ms)
✔ B6 role details show only independently authorized holders/history and save scoped deltas with a displayed version (14372.653034ms)
✔ B6 future held roles and immutable system templates cannot be edited by their holder (316.235603ms)
✔ B6 editing live roles cannot expand permissions beyond the current editor expiry ceiling (328.585702ms)
✔ B6 handover preview reads real current source/counts under purpose authority without member, family or role catalog access (595.084004ms)
✔ B6 handover applies exactly once with school-local cutoffs, durable receipts, own-actor recovery and preserved source authorship (1756.098564ms)
✔ B6 changed handover sources fail before submission or application and require an explicit review of the same pending receipt (2819.321182ms)
✔ B6 open-item changes invalidate handover review and linked source grants are never extended at the cutoff (2246.151338ms)
✔ B6 handover receipts remain actor/school bound, recheck delegation and deny immutable-source replacement (1570.979056ms)
✔ B6 student creation allocates actual codes and atomically retains enrollment, gender and a separate unverified guardian (583.609964ms)
✔ B6 student form failures roll back every row and optional contacts require independent current authority on replay (903.785859ms)
✔ B6 student edits retain displayed versions and never replay internal notes after private profile authority is revoked (895.192746ms)
✔ B6 student unknown historic gender remains null and invalid gender/guardian state cannot be fabricated (495.601793ms)
✔ B6 real CSV gender mapping normalizes supported values, preserves unmapped sources and retains invalid rows (5027.262879ms)
✔ B6 native student directory applies Vietnamese keysets, exact SQL filters and minimal selected identifiers (575.331899ms)
✔ B6 native student projections separate school roster authority from family, note and link authority in the same session (406.388077ms)
✔ B6 archived student history uses an explicit included date and stored group, position and teacher sources (245.199077ms)
✔ B6 subject pupil projection remains minimal and class history cannot retain family access after enrollment ends (441.271157ms)
✔ B6 pupil link metadata reflects real events, bounded recent history and revocation without returning reusable secrets (308.085653ms)
✔ B6 an unconfigured school directory returns actual null year context without fabricated class or student data (191.623113ms)
✔ B6 verified family counters remain verified when receiving permission is explicitly disabled (210.01074ms)
✔ B6 atomic guardian save creates unverified contacts, replays one receipt and prevents duplicate new commands (294.257449ms)
✔ B6 atomic guardian save serializes competing displayed student versions (210.822011ms)
✔ B6 guardian form grants class family authority without student read or unscoped sibling data (389.189806ms)
✔ B6 atomic guardian edits preserve verified receiving choices and reject stale contact versions without partial priority changes (334.955128ms)
✔ B6 guardian save detects independently changed primary references and preserves every row on failure (303.096473ms)
✔ B6 guardian save rejects masked phones, foreign pairings and mutation of archived contacts (317.367258ms)
✔ B6 guardian form and cached saves recheck enrollment end and grant expiry in the same session (358.322487ms)
✔ B6 atomic guardian save rolls back contacts, relationships, primary changes, audit and receipt after a real SQL fault (248.87378ms)
✔ B6 school guardian directory uses SQL folded search, literal wildcards, signed keysets and independent link counters (434.448486ms)
✔ B6 class guardian reads exclude all unscoped sibling relationships and immediately lose access after enrollment or grant ends (322.383138ms)
✔ B6 shared guardian contact edits require management of every affected class and current read authority even for a replay (696.572346ms)
✔ B6 guardian profile exposes real verification and revocation metadata but removes link and audit panels when their separate rights end (460.463823ms)
✔ B6 partial student write acknowledgements redact unsubmitted protected fields including stored old receipts (249.552407ms)
✔ B6 bounded school class overview preserves query results, local JIT preference and the five-second runtime timeout (171.713492ms)
✔ B6 native invitation choices require current invitation authority, preserve delegation ceilings and never borrow a role catalog (532.874294ms)
✔ B6 native staff activity is SQL-bounded to staff targets, rechecks audit authority and keeps foreign and family records out (675.876899ms)
✔ B6 student-create choices use current class write authority without borrowing roster, year or class readers (1204.560855ms)
✔ B6 parent-issue purpose readers paginate over 1000 pupils, keep current class/time authority and expose no contact or token (623.351333ms)
✔ B6 reviewed parent issuance rejects stale sources, rotates atomically, converts local dates and never replays secrets (579.091113ms)
✔ B6 parent metadata directory keeps manage scope, current capabilities, real counts and no borrowed contact/catalog data (836.263665ms)
✔ B6 parent metadata masks independently authorized contact, paginates anonymous history and tracks only actual replacement facts (1176.655961ms)
✔ B6 parent attendance month exposes only real child sessions and published scoped holiday labels without borrowing overview (1283.086483ms)
✔ B6 parent attendance calendar SQL function checks exact child/year/school/current session and cannot expose raw calendar tables (535.915844ms)
✔ B6 parent teacher directory uses own live class assignments, shared work fields and only current published schedule weekdays (908.74903ms)
✔ B6 parent teacher SQL denies foreign or missing context, honors current enrollment/grant/contact changes and never grants raw memberships (559.621498ms)
✔ B6 parent monthly denominator includes only actual own DAILY publications and keeps LESSON attendance separate (886.28788ms)
✔ B6 parent published dated projections retain old enrollment history and exclude old-class plans from the transfer cutoff (714.356208ms)
✔ B6 parent duty schedule includes all published batch rows and current source statuses, denies other scopes and follows withdrawal (1046.207709ms)
✔ B6 parent timetable week keeps pinned published period/status/work labels, own holiday calendar and independent preview through replacement and withdrawal (2951.632243ms)
✔ B6 parent timetable week SQL denies foreign/current-section contexts and raw sources, clips the year and follows transfer or link revocation (793.681032ms)
✔ B6 parent documents complete directory and metadata use actual published reports, independent view/download rights and matching scoped previews (2402.959465ms)
✔ B6 parent file guards deny raw storage, foreign contexts, expiry and revocation committed between file open and final stream check (532.978517ms)
✔ B6 parent published activity directory and detail pin the own-child state and metadata until replacement or withdrawal (1036.630864ms)
✔ B6 parent published announcements pin rich content and scope kinds while attachments retain current independent rights (1563.069969ms)
✔ B6 parent conduct display pins published own decimals and metadata and exposes only the same child revision history through adjustment and withdrawal (761.893559ms)
✔ B6 parent conduct metadata and history deny wrong school child year section session, raw sources and revoked relationships (566.31617ms)
ℹ tests 175
ℹ suites 0
ℹ pass 174
ℹ fail 1
ℹ cancelled 0
ℹ skipped 0
ℹ todo 0
ℹ duration_ms 644299.201199

✖ failing tests:

test at tests/integration/foundation.test.mjs:1611:1
✖ B5 platform settings and operation records persist actual state, redact artifacts and reauthorize command replays (9997.581796ms)
  AssertionError [ERR_ASSERTION]: {"type":"urn:edumanage:problem:internal_error","title":"INTERNAL_ERROR","status":500,"code":"INTERNAL_ERROR","requestId":"c00a31c5-479f-4706-a8c4-7b2b8d23e094"}

  500 !== 200

      at TestContext.<anonymous> (file:///srv/api/tests/integration/foundation.test.mjs:1619:294)
      at process.processTicksAndRejections (node:internal/process/task_queues:104:5)
      at async Test.run (node:internal/test_runner/test:1409:7)
      at async Test.processPendingSubtests (node:internal/test_runner/test:974:7) {
    generatedMessage: false,
    code: 'ERR_ASSERTION',
    actual: 500,
    expected: 200,
    operator: 'strictEqual',
    diff: 'simple'
  }

exitCode=1
