 Container edumanage_backend_test-postgres-1 Running 
 Container edumanage_backend_test-postgres-1 Waiting 
 Container edumanage_backend_test-postgres-1 Healthy 
 Container edumanage_backend_test-runner-run-b541e979eef8 Creating 
 Container edumanage_backend_test-runner-run-b541e979eef8 Created 
✔ B5 all 264 supplied operations and explicit frontend workflow extensions have registered real handlers (392.822652ms)
✔ BE01 migration replay is a no-op, mismatch fails and metadata remains intact (79.84001ms)
✔ BE02 cross-school enrollment FK rejects write using the real runtime role (11.181393ms)
✔ BE03 no-tenant denies and SET LOCAL cannot leak across a reused connection (3.72528ms)
✔ BE04 bootstrap only exposes the authenticated user memberships without tenant (4.839367ms)
✔ BE05 HOMEROOM A plus SUBJECT B cannot authorize seating or guardians in B (274.305386ms)
✔ BE06 revoked membership is checked during an existing session and B stays independent (44.064693ms)
✔ B6 self context carries only own current duties and separates self-profile from school contacts (151.076148ms)
✔ BE08 CSRF, credential validation, cookie flags, session rotation and rate limiting (127.091447ms)
✔ BE10 concurrent profile patches serialize with a single version winner (59.175728ms)
✔ B6 password/session commands use actual cookies, reject bad passwords and revoke every session after change (332.461858ms)
{"checkpoint":"parent-without-context","queryMs":5.789,"planExecutionMs":0.015,"planRows":0}
✔ BE21 parent runtime role cannot select raw student rows (15.440784ms)
✔ B0 health ready checks actual migrations, database and private storage (19.832421ms)
✔ B2 class lists use SQL scope and cross-school details deny before serialization (230.96741ms)
✔ BE09 idempotent organization create/retry/concurrency performs one write (91.708434ms)
✔ B2 required idempotency, class capacity/reference validation and version conflicts (134.752843ms)
✔ B2 signed cursor rejects scope/filter modification and delivers distinct pages (1523.673381ms)
✔ B2 subject student projection omits family/internal notes and denies guardians (351.018713ms)
✔ B2 guardian create does not merge matching phone, relationships start unverified (111.988953ms)
✔ BE07 existing identity invitation requires its session and preserves password/other school (238.409667ms)
✔ B1 password reset token is encrypted, single-use and revokes all prior sessions (138.906447ms)
✔ B2 staff delegation stays within the ceiling, custom class scope and immediate revocation (717.779583ms)
✔ B2 transfers serialize capacity, handover removes the old teacher and rollover binds its preview (1001.988729ms)
✔ B2 scoped guardian creation cannot acquire an unrelated family through relationship IDs (408.543331ms)
✔ B2/B5 uploads remain private until worker processing, leases serialize and local mail erases encrypted secrets (9391.502885ms)
✔ B2 imports parse real CSV, bind stale previews, avoid name/phone merges and retain invalid rows safely (3408.326067ms)
✔ B2/B5 timetable import checks assignments and overlapping slots, creates only a draft and deduplicates retries (2115.133805ms)
✔ B2 imports update only verified codes, create class drafts and staff invitations with work profiles (4939.217734ms)
✔ B2 large import resumes after a lost chunk without duplicating applied rows and checks current school authority (3872.904135ms)
✔ B3 attendance starts unmarked, versions every source change and publishes immutable one-student projections (525.959736ms)
✔ B3 subject attendance requires its actual lesson and cannot borrow daily access from another class (568.006587ms)
✔ B3 a simultaneous attendance edit and publish has one winner and never publishes a mixed source version (166.295916ms)
✔ B3 rule sets require explicit points, immutable issuance and effective week application (432.337941ms)
✔ B3 conduct reviews preserve facts, lock READY projections and publish only the exact pinned source (783.449929ms)
✔ B3 conduct linked attendance detects stale sources and subject teachers see only their own lesson facts (960.977671ms)
✔ B3 approved adjustments retain old facts and atomically replace the current publication with a reviewed preview (493.036026ms)
✔ B3 a simultaneous conduct record and lock/publish has one source winner (242.985625ms)
✔ B3 attendance linkage deduplicates, excludes corrected drafts and leaves locked scores unchanged with explicit warnings (449.308092ms)
✔ B4 private parent links expose only published child projections, preserve staff cookies and bind the active tab context (889.749805ms)
✔ B4 section/download rights, reissue, relationship revocation and foreign UUIDs are checked on each new parent request (495.43826ms)
✔ B4 private documents stream only with both download rights, and teacher contact projections use shared work fields (638.35268ms)
✔ B4 expired links, suspended schools, CSRF and exchange throttles deny without creating a parent identity (475.172142ms)
✔ B1 delegated grants and invitation acceptance stay inside the current expiry ceiling; backdated assignments require a reason (270.443725ms)
✔ B2 shrinking class capacity checks planned future occupancy peaks, rather than only today (112.903761ms)
✔ B5 dated groups retain moves and same-day cancellations, require current class versions and end group-leader duties (523.537242ms)
✔ B5 position holders serialize and remain valid conduct sources; locked source history cannot be shortened (447.762966ms)
✔ B5 seating validates effective enrollment and unique seats, preserves dated revisions and denies subject-only reads (617.161157ms)
✔ B2/B5 a transfer closes dated groups/positions and retains cancelled future plans atomically (371.594074ms)
✔ B5 timetable materializes bounded future lessons, publishes child-only projections and preserves past/source history (677.526125ms)
✔ B5 timetable rejects teacher/room collisions and revoked assignments, skips holidays and revalidates source versions (983.274333ms)
✔ B5 duties publish only individual tasks, reject foreign enrollment and retain immutable publication/withdraw history (443.588813ms)
✔ B5 group duties expand the effective group at publication and retain the individual targets after later moves (635.109061ms)
✔ B5 activities count only explicit participants, preserve published states and require current source/review authority (966.576261ms)
✔ B5 approved activity results are explicit conduct sources and locked approved facts protect their source history (386.231137ms)
✔ B5 evidence stays private until review and publication; parent documents remain child-bound and filter file availability (1397.508265ms)
✔ B5 class announcements retain immutable publication across edits, bind one recipient and reject foreign class reads (1855.073019ms)
✔ B5 public school announcements sanitize content and keep draft/private replacements out of the public projection (1561.377446ms)
✔ B5 scheduled announcements wait for their due time, publish once through a worker and safely replay after an acknowledgement loss (1176.560704ms)
✔ B5 scheduled publication rechecks the creator grant and reports a failed queue without exposing a parent snapshot (1403.647379ms)
✔ B5 announcement attachments remain private to one child, obey link download rights and disappear when archived or withdrawn (1274.526225ms)
✔ B5 school settings persist with version guards, affect only new link expiry and suppress work contacts without changing old link permissions (937.361227ms)
✔ B5 disabling homeroom publication takes effect inside existing sessions and restores only after an explicit setting change (690.351374ms)
✔ B3 configured second approval rejects self approval in API and SQL, while a different scoped approver permits atomic adjustment (551.583512ms)
✔ B5 personal notifications paginate across actual memberships, deduplicate publication events and deny foreign recipients and cross-user cursors (1004.097207ms)
✔ B5 withdrawn announcements redact retained staff notifications instead of exposing a stale published target (1141.512782ms)
✔ B5 dashboards count real scoped rows, keep homeroom and subject tasks separate and immediately recheck revocation (6048.681951ms)
✔ B5 teacher schedule is own dated teaching and announcement feed reads only current publications across draft edits (2037.872534ms)
✔ B5 dashboard attendance counters and publication tasks follow persisted marks, publish/withdraw and current school policy (898.542166ms)
✔ B2 platform creates only metadata drafts, bootstraps admin roles/invitations and requires an active administrator for activation (1357.833614ms)
✔ B5 platform settings and operation records persist actual state, redact artifacts and reauthorize command replays (730.492352ms)
✔ B1 platform admin invitations obey operator expiry ceilings and acceptance rolls back after authority expires (120.046024ms)
✔ B5 support tickets persist both sides, preserve queue states and exact timestamp pagination, and deny other schools (300.930733ms)
✔ B1 support requests require independent current school consent, retain immutable scope and bind tickets/classes/actions/time (245.693453ms)
✔ B1 explicitly selected support grants authorize only scoped metadata GETs, audit the actual operator and force read-only SQL (221.568209ms)
✔ B1 school-wide support metadata never exposes import rows/downloads and expires without fallback to operator privileges (3442.36324ms)
✔ B1 an operator who also has school-admin rights still cannot self-approve or combine selected support scope with ordinary rights (192.491298ms)
✔ B5 signed native keysets cross a nullable sort boundary without dropping or repeating persisted schools (1295.437974ms)
✔ B5 report SQL uses real scoped counts and immutable CSV export content while live attendance changes (720.46151ms)
✔ B5 published report exports pin revisions across replacement and withdrawal without exposing drafts (760.572462ms)
✔ B5 export XLSX/PDF are actual files with literal formula text, Vietnamese font and private download authorization (859.990185ms)
✔ B5 subject reports remain own lesson attendance and scoped activities without school/family/conduct/export access (275.808912ms)
✔ B5 export workers and all file paths reauthorize revocation, expiry and cancellation, and replay completed work safely (721.385118ms)
✔ B5 conduct/activity/progress/link reports use actual pinned scores, explicit participant denominators and anonymous link use (770.459304ms)
✔ B6 organization display fields persist with versions and tenant-safe references instead of being silently ignored (348.91566ms)
✔ B6 year wizard creates bounded terms, weeks, published holidays and independent draft rules atomically and idempotently (505.194936ms)
✔ B6 class form assigns homeroom atomically, denies foreign/backdated inputs, requires handover and preserves archived history (701.405952ms)
✔ B6 organization projections scope counts in SQL and a year-only grant cannot copy or publish rules (3624.795059ms)
✔ B6 purpose-bound form pickers use current write authority, exclude contacts/roles/counts and deny normal directory access (333.47844ms)
✔ B6 rollover preview uses exact end-year enrollment, minimal workflow authority and immediate revocation (500.178755ms)
✔ B6 platform school wizard creates its optional admin invitation atomically and redacts form metadata (1004.001285ms)
✔ B6 platform school form readers never lend admin or read authority to a create-only operator (167.467461ms)
✔ B6 school overview keeps current scoped totals, actual setup and publication metadata without lending school-wide reads (5140.187221ms)
ℹ tests 92
ℹ suites 0
ℹ pass 92
ℹ fail 0
ℹ cancelled 0
ℹ skipped 0
ℹ todo 0
ℹ duration_ms 90825.100653
