
 RUN  v3.2.7 D:/Edu

 ✓ tests/unit/api-session-adapter.test.ts (2 tests) 31ms
 ✓ tests/unit/api-rollover-adapter.test.ts (8 tests) 75ms
 ✓ tests/unit/api-parent-attendance-adapter.test.ts (6 tests) 85ms
 ✓ tests/unit/api-school-adapter.test.ts (23 tests) 104ms
 ✓ tests/unit/api-platform-adapter.test.ts (13 tests) 63ms
stdout | tests/unit/seed.test.ts > demo seed invariants > prints sizes
{
  students: 155,
  att: 3732,
  conduct: 265,
  lessons: 120,
  bytes: 1430325
}

 ✓ tests/unit/seed.test.ts (7 tests) 88ms
 ✓ tests/unit/api-parent-access-adapter.test.ts (8 tests) 81ms
 ✓ tests/unit/api-assignment-adapter.test.ts (8 tests) 51ms
 ✓ tests/unit/api-guardians-adapter.test.ts (21 tests) 73ms
 ✓ tests/unit/api-parent-intake-adapter.test.ts (11 tests) 140ms
 ✓ tests/unit/api-students-adapter.test.ts (19 tests) 97ms
 ✓ tests/unit/api-staff-activation.test.ts (8 tests) 74ms
 ✓ tests/unit/api-support-adapter.test.ts (13 tests) 118ms
 ✓ tests/unit/api-parent-session.test.ts (8 tests) 16ms
 ✓ tests/unit/api-staff-directory.test.ts (6 tests) 39ms
 ✓ tests/unit/api-client.test.ts (11 tests) 81ms
 ✓ tests/unit/api-staff-adapter.test.ts (9 tests) 63ms
 ✓ tests/unit/api-parent-issue-adapter.test.ts (8 tests) 69ms
 ✓ tests/unit/api-handover-adapter.test.ts (8 tests) 65ms
 ✓ tests/unit/api-auth-adapter.test.ts (7 tests) 74ms
 ✓ tests/unit/api-role-adapter.test.ts (5 tests) 52ms
 ✓ tests/unit/api-session.test.ts (9 tests) 88ms
 ✓ tests/unit/api-query-boundary.test.ts (5 tests) 60ms
 ✓ tests/unit/api-lists-fragments.test.ts (10 tests) 61ms
 ✓ tests/unit/api-parent-context.test.ts (5 tests) 12ms
 ✓ tests/unit/api-member-details.test.ts (5 tests) 26ms
 ✓ tests/unit/api-scope-guard.test.ts (5 tests) 11ms
 ✓ tests/unit/api-parent-credential.test.ts (3 tests) 8ms
 ✓ tests/unit/permissions.test.ts (9 tests) 12ms
 ✓ tests/unit/api-school-read-capability.test.ts (1 test) 5ms
 ✓ tests/unit/api-context.test.ts (1 test) 8ms
 ✓ tests/unit/api-native-facade.test.ts (3 tests) 3981ms
   ✓ connected root boundary > has no runtime route dependency on fixtures, IndexedDB, legacy repositories or demo sessions  3966ms
 ✓ tests/unit/flows.test.ts (25 tests) 8515ms
   ✓ NV-03 / Q17 — revoking an assignment blocks the next read/write > revoked homeroom cannot lock or record morning attendance  527ms
   ✓ F03 / F04 / F05 — record → review → lock ≠ publish → adjust > parent sees 97 only after publish, then 102 after an approved + published adjustment  2038ms
   ✓ F07 / Q21 — attendance-linked conduct is never double counted > late in attendance creates one record; manual late is refused; re-save does not duplicate  503ms
   ✓ F07 / Q21 — attendance-linked conduct is never double counted > Q20 — unmarked is never counted as present and blocks publishing  349ms
   ✓ F12 / NV-14 / Q40 — network error and conflicts > simulated network error saves nothing and a retry succeeds once  471ms
   ✓ F12 / NV-14 / Q40 — network error and conflicts > stale version is rejected instead of overwriting  325ms
   ✓ F09 / Q36 — import with errors never duplicates or overwrites > previews row errors, commits valid rows, re-import skips  353ms
   ✓ F04 — school B policy: only school leaders publish > homeroom at B can lock but not publish; principal publishes  614ms
   ✓ SC07 / NV-13 — new school year rollover > creates a year, enrols chosen students into new classes, leaves the old year untouched  682ms
   ✓ F11 / Q35 — lesson change with effective date and conflict detection > detects a teacher already teaching another class; publishing is blocked; past dates refused  498ms

 Test Files  33 passed (33)
      Tests  290 passed (290)
   Start at  14:26:28
   Duration  11.78s (transform 7.89s, setup 1.92s, collect 16.79s, tests 14.33s, environment 17ms, prepare 5.48s)
