 Container edumanage_backend_test-runner-run-e7f66133c5ab Creating
 Container edumanage_backend_test-runner-run-e7f66133c5ab Created
✔ staff preview context has a minimal context schema and independent school authority (8.4282ms)
✔ all operation IDs are unique, including the explicit frontend workflow extensions (0.487975ms)
✔ atomic school roles require a displayed version and unique explicit role IDs without actor authority (7.825518ms)
✔ reviewed parent issuance requires every reviewed source version and rejects contact/token/actor fields (9.66264ms)
✔ parent staff metadata excludes bearer/private fields and history represents missing device/section explicitly (10.010677ms)
✔ school invite retains zero or multiple roles and the 1–30 day form without widening platform admin invitations (5.60919ms)
✔ login rejects spoofed role, school and unknown fields (1.586167ms)
✔ private user DTO rejects secrets and unknown properties (4.663971ms)
✔ platform first administrator supports server start time and rejects scope spoofing or excessive invitation lifetime (0.597984ms)
✔ school overview accepts explicit unavailable panels and rejects private directory fields (33.458508ms)
✔ directory represents invitations without fake memberships and keeps unavailable invitation KPI explicit (5.681713ms)
✔ member profile separates denied panels and exact native authority without exposing other school metadata (17.360647ms)
✔ invitation choices use invitation authority and never lend role metadata or contacts (1.971217ms)
✔ atomic guardian save requires displayed student and primary versions without verification or actor fields (9.878951ms)
✔ assignment preview is a CSRF-protected read-only POST and preserves explicit source versions without actor authority (1.865497ms)
✔ assignment matrix represents a real unconfigured year and empty cells without borrowing profiles, rosters or permissions (13.942386ms)
✔ role details retain exact native scopes and denied panels without exposing staff contacts or a fabricated editable system role (10.109506ms)
✔ handover receipts retain unknown legacy metadata and strict reviewed source fields without exposing the internal state (8.078888ms)
✔ student forms persist nullable gender and an atomic unverified guardian without accepting actor or result state (21.576597ms)
✔ student read models distinguish denied and unknown values and exclude reusable parent tokens (34.252724ms)
✔ guardian projections exclude student private profiles and audit snapshots and require explicit denied panels (17.442041ms)
✔ student-create options are a minimal write-purpose class projection without roster or borrowed catalogs (5.136628ms)
✔ parent context metadata distinguishes year, link and session bounds without child private fields (0.507983ms)
✔ parent attendance month preserves real session/holiday counts and rejects private fields or invented calendar states (5.18448ms)
✔ parent teacher directory requires explicit nullable work metadata and minimal unique weekdays without raw staff identity (6.106288ms)
✔ parent duty schedule exposes only concrete published tasks with explicit status and year/date metadata (13.557001ms)
✔ parent weekly timetable requires explicit published status, timezone and nullable pinned metadata without raw source fields (6.200017ms)
✔ parent document directory requires real independent capabilities and minimal report fields without storage keys (4.86769ms)
✔ parent shared content keeps pinned nullable metadata and independent attachments without raw sources or recipients (32.236017ms)
✔ parent conduct display exposes published own history and explicit absent metadata without staff rules or cohort identity (9.158739ms)
✔ parent published overview requires explicit section absence, DAILY week facts and bounded purpose previews without private source fields (23.858646ms)
✔ announcement HTML retains paragraph/list formatting while dropping executable markup, URLs and tracking resources (6.241807ms)
✔ operation evidence validates metadata values and omits secret-like values and unknown fields (1.873633ms)
✔ parent month keeps actual sessions, mixed days and unmarked outside the attendance denominator (41.636149ms)
✔ parent month infers neither Sunday holidays nor missing-day presence and preserves actual published holiday names (0.518153ms)
✔ parent month clips only to real exclusive year bounds and rejects malformed/outside-year selection (0.861633ms)
✔ parent month rejects missing calendar days, shifted date sources, unknown statuses and foreign date rows (0.826728ms)
✔ grant action and class scope stay together (0.918397ms)
✔ subject grants never authorize management without explicit subject policy (0.150285ms)
✔ end dates are exclusive and assignment is mandatory for default teacher grants (0.161606ms)
✔ a custom class grant authorizes only its delegated action and class (0.163961ms)
✔ a delegated grant cannot outlive an expiring authority, including an unbounded target or future start (0.208876ms)
✔ decimal scoring preserves fractional sums, negative penalties, explicit base, clamps and threshold boundaries (3.759608ms)
✔ fixed deltas reject overrides and manual deltas require bounds (0.621379ms)
✔ parent weekly timetable uses real Monday/calendar bounds and clips partial academic weeks (3.010824ms)
✔ parent weekly timetable rejects a source exceeding the total bound before response serialization (1.922405ms)
✔ XLSX parser bounds sparse dimensions and rejects formulas before workbook allocation (91.530764ms)
ℹ tests 47
ℹ suites 0
ℹ pass 47
ℹ fail 0
ℹ cancelled 0
ℹ skipped 0
ℹ todo 0
ℹ duration_ms 556.143193
exitCode=0
