
Running 84 tests using 1 worker

(node:49800) Warning: The 'NO_COLOR' env is ignored due to the 'FORCE_COLOR' env being set.
(Use `node --trace-warnings ...` to show where the warning was created)
  ok  1 tests\native-ui-contract\auth-contract.spec.ts:35:7 › Native browser contract with intercepted API responses — PostgreSQL E2E remains separate › ignores a persisted demo persona and requires actual API authentication (703ms)
  ok  2 tests\native-ui-contract\auth-contract.spec.ts:42:7 › Native browser contract with intercepted API responses — PostgreSQL E2E remains separate › keeps a failed login form and retries the same intent before navigating on acknowledgement (754ms)
  ok  3 tests\native-ui-contract\auth-contract.spec.ts:59:7 › Native browser contract with intercepted API responses — PostgreSQL E2E remains separate › accepts a new invitation only after a matching ACK and preserves the result after cache invalidation (884ms)
  ok  4 tests\native-ui-contract\auth-contract.spec.ts:81:7 › Native browser contract with intercepted API responses — PostgreSQL E2E remains separate › requires the invited existing identity and does not offer a password replacement (533ms)
  ok  5 tests\native-ui-contract\auth-contract.spec.ts:87:7 › Native browser contract with intercepted API responses — PostgreSQL E2E remains separate › keeps a reset draft after an invalid ACK and shows completion after authentication changes (681ms)
  ok  6 tests\native-ui-contract\auth-contract.spec.ts:97:7 › Native browser contract with intercepted API responses — PostgreSQL E2E remains separate › retains a dirty profile and its reviewed version across background refresh and resolves conflict explicitly (827ms)
  ok  7 tests\native-ui-contract\auth-contract.spec.ts:112:7 › Native browser contract with intercepted API responses — PostgreSQL E2E remains separate › allows an actual nullable own work phone and saves only after the server profile acknowledgement (583ms)
  ok  8 tests\native-ui-contract\parent-attendance-contract.spec.ts:18:5 › Parent actual month keeps both sessions, excludes unmarked from the ratio and does not turn Sunday into a holiday (671ms)
  ok  9 tests\native-ui-contract\parent-attendance-contract.spec.ts:21:5 › Parent month handles explicit previous-month emptiness and a mobile calendar without persisting private rows (600ms)
  ok 10 tests\native-ui-contract\parent-attendance-contract.spec.ts:24:5 › Parent forged aggregate receipt stays hidden until an explicit retry returns verified actual counts (575ms)
  ok 11 tests\native-ui-contract\parent-attendance-contract.spec.ts:27:5 › Parent section denial keeps its view, while invalid session removes all private month display (694ms)
  ok 12 tests\native-ui-contract\parent-attendance-contract.spec.ts:31:5 › Parent monthly attendance refuses a lesson-granularity receipt instead of mixing its denominator with daily attendance (595ms)
  ok 13 tests\native-ui-contract\parent-conduct-contract.spec.ts:27:5 › Parent conduct list, detail and print use official decimals, pinned class and rule, local line date and own actual revision history (1.3s)
  ok 14 tests\native-ui-contract\parent-conduct-contract.spec.ts:30:5 › Parent conduct mobile retains actual decimals without overflow and historical missing labels stay absent (815ms)
  ok 15 tests\native-ui-contract\parent-conduct-contract.spec.ts:33:5 › Parent conduct inconsistent history remains an error; withdrawal hides the score and terminal revocation clears the private view (1.2s)
  ok 16 tests\native-ui-contract\parent-documents-contract.spec.ts:27:5 › Parent documents show real capabilities and reports, view only uses private bytes and permitted download makes a new API call (954ms)
  ok 17 tests\native-ui-contract\parent-documents-contract.spec.ts:32:5 › Parent document mobile keeps the existing card layout and focus removes a revoked preview instead of retaining bytes (621ms)
  ok 18 tests\native-ui-contract\parent-documents-contract.spec.ts:35:5 › Parent document malformed/private metadata stays hidden; withdrawal becomes empty and terminal revocation clears the view (851ms)
  ok 19 tests\native-ui-contract\parent-duties-contract.spec.ts:18:5 › Parent duty cards preserve actual publication status and school date without assuming completed past tasks (621ms)
  ok 20 tests\native-ui-contract\parent-duties-contract.spec.ts:21:5 › Parent duty mobile retains readable upcoming/past cards and refreshes withdrawn publications to truthful empty states (534ms)
  ok 21 tests\native-ui-contract\parent-duties-contract.spec.ts:24:5 › Parent malformed duties stay hidden until retry; section denial keeps ownership and terminal revocation clears it (987ms)
  ok 22 tests\native-ui-contract\parent-intake-contract.spec.ts:25:5 › Parent native intake consumes fragment, persists only view ID and reloads the owned context (771ms)
  ok 23 tests\native-ui-contract\parent-intake-contract.spec.ts:29:5 › Parent opening a second link shows only that child and replaces the tab pointer (715ms)
  ok 24 tests\native-ui-contract\parent-intake-contract.spec.ts:32:5 › Parent query-string credentials cannot exchange and the unavailable page uses actual public contact (459ms)
  ok 25 tests\native-ui-contract\parent-intake-contract.spec.ts:35:5 › Parent invalid current session clears child content and only its own storage key (646ms)
  ok 26 tests\native-ui-contract\parent-intake-contract.spec.ts:38:5 › Parent other-tab cookie/view change fails closed without replacing the other tab child (1.1s)
  ok 27 tests\native-ui-contract\parent-intake-contract.spec.ts:41:5 › Parent landing and navigation respect a link whose overview is not shared on mobile (470ms)
  ok 28 tests\native-ui-contract\parent-overview-contract.spec.ts:28:5 › Parent overview preserves published facts and existing cards with real marked denominator, null classification and cancelled lesson (768ms)
  ok 29 tests\native-ui-contract\parent-overview-contract.spec.ts:31:5 › Parent overview mobile fits its viewport and overview-only permissions remove every unshared panel (848ms)
  ok 30 tests\native-ui-contract\parent-overview-contract.spec.ts:34:5 › Parent overview malformed totals stay errors, unmarked has no invented percentage and withdrawal/revocation hide current facts (1.3s)
  x  31 tests\native-ui-contract\parent-preview-contract.spec.ts:54:5 › SC25 staff shell previews native overview, attendance, conduct history, teachers, timetable and own duties through independent purposes (12.3s)
(node:35912) Warning: The 'NO_COLOR' env is ignored due to the 'FORCE_COLOR' env being set.
(Use `node --trace-warnings ...` to show where the warning was created)
  ok 32 tests\native-ui-contract\parent-preview-contract.spec.ts:60:5 › SC25 staff preview reads own activity and announcement details and actual private view bytes without lending downloads (1.8s)
  x  33 tests\native-ui-contract\parent-preview-contract.spec.ts:63:5 › SC25 mobile preview respects overview-only capabilities and denies direct unshared routes without requesting their panels (11.2s)
(node:43624) Warning: The 'NO_COLOR' env is ignored due to the 'FORCE_COLOR' env being set.
(Use `node --trace-warnings ...` to show where the warning was created)
  x  34 tests\native-ui-contract\parent-preview-contract.spec.ts:66:5 › SC25 current preview denial, invalid link and API outage remove old child content while preserving the public tab pointer (11.1s)
(node:40008) Warning: The 'NO_COLOR' env is ignored due to the 'FORCE_COLOR' env being set.
(Use `node --trace-warnings ...` to show where the warning was created)
  ok 35 tests\native-ui-contract\parent-shared-contract.spec.ts:27:5 › Parent activity list and detail keep the card design and actual own-child exempt status, school date and view-only evidence (1.2s)
  ok 36 tests\native-ui-contract\parent-shared-contract.spec.ts:30:5 › Parent announcements preserve search, actual audience labels and safe rich formatting without recipients or an active entity payload (999ms)
  ok 37 tests\native-ui-contract\parent-shared-contract.spec.ts:33:5 › Parent shared mobile layout stays within viewport and withdrawing detail removes previously displayed published content (867ms)
  ok 38 tests\native-ui-contract\parent-shared-contract.spec.ts:36:5 › Parent malformed publication HTML stays hidden; retry restores safe content and terminal revocation clears the view (883ms)
  ok 39 tests\native-ui-contract\parent-teachers-contract.spec.ts:18:5 › Parent teacher cards use work-only shared contacts, actual published weekdays and nullable school/contact hours (609ms)
  ok 40 tests\native-ui-contract\parent-teachers-contract.spec.ts:21:5 › Parent teacher mobile keeps current teacher work cards and explicit empty assignments without horizontal overflow (807ms)
  ok 41 tests\native-ui-contract\parent-teachers-contract.spec.ts:24:5 › Parent malformed teacher data stays hidden; focus revalidation suppresses changed work contacts and terminal revoke removes ownership (1.0s)
  ok 42 tests\native-ui-contract\parent-timetable-contract.spec.ts:20:5 › Parent weekly timetable keeps school clock, pinned periods/cancellation and all Sunday facts while navigation reads the selected week (803ms)
  ok 43 tests\native-ui-contract\parent-timetable-contract.spec.ts:24:5 › Parent timetable mobile retains all day cards without overflow and removes withdrawn lessons on current focus revalidation (548ms)
  ok 44 tests\native-ui-contract\parent-timetable-contract.spec.ts:27:5 › Parent malformed clock labels stay hidden until retry; denied module keeps the view and terminal revoke clears it (967ms)
  ok 45 tests\native-ui-contract\school-contract.spec.ts:22:7 › Native school browser contract — intercepted API, separate from PostgreSQL E2E › keeps school edits on a transient read failure and removes the private form on forbidden reads (748ms)
  ok 46 tests\native-ui-contract\school-contract.spec.ts:35:7 › Native school browser contract — intercepted API, separate from PostgreSQL E2E › accepts nullable public contacts and clears dirty state only after a matching profile ACK (636ms)
  ok 47 tests\native-ui-contract\school-contract.spec.ts:46:7 › Native school browser contract — intercepted API, separate from PostgreSQL E2E › opens a school without years and keeps year creation reachable (650ms)
  ok 48 tests\native-ui-contract\school-contract.spec.ts:59:7 › Native school browser contract — intercepted API, separate from PostgreSQL E2E › keeps a reviewed school profile through background refresh and reloads explicitly after conflict (873ms)
  ok 49 tests\native-ui-contract\school-contract.spec.ts:76:7 › Native school browser contract — intercepted API, separate from PostgreSQL E2E › creates a class with class authority alone, retains a wrong ACK and retries one atomic command (9.9s)
  ok 50 tests\native-ui-contract\school-contract.spec.ts:102:7 › Native school browser contract — intercepted API, separate from PostgreSQL E2E › shows the year calendar with year authority alone and labels denied class data (686ms)
  ok 51 tests\native-ui-contract\staff-contract.spec.ts:26:7 › Native staff browser contracts — intercepted API, separate from PostgreSQL E2E › renders denied assignment and history panels without inventing empty data or reading invitations (615ms)
  ok 52 tests\native-ui-contract\staff-contract.spec.ts:37:7 › Native staff browser contracts — intercepted API, separate from PostgreSQL E2E › keeps mixed action scopes and source version through refresh, retains read failures and reloads a role explicitly after conflict (1.1s)
  ok 53 tests\native-ui-contract\staff-contract.spec.ts:54:7 › Native staff browser contracts — intercepted API, separate from PostgreSQL E2E › creates an invitation through purpose-bound choices with zero roles and truthful queued delivery (819ms)
  ok 54 tests\native-ui-contract\staff-contract.spec.ts:66:7 › Native staff browser contracts — intercepted API, separate from PostgreSQL E2E › replaces school roles with the reviewed member version and actual delegation deadline without reading a role catalog (829ms)
  ok 55 tests\native-ui-contract\staff-contract.spec.ts:79:7 › Native staff browser contracts — intercepted API, separate from PostgreSQL E2E › saves the reviewed assignment dates and versions, retains a wrong ACK and manually retries the same key (960ms)
  ok 56 tests\native-ui-contract\staff-contract.spec.ts:94:7 › Native staff browser contracts — intercepted API, separate from PostgreSQL E2E › recovers a handover after a lost create ACK and reload, then reviews changed sources without creating a second receipt (1.5s)
  ok 57 tests\native-ui-contract\students-contract.spec.ts:44:7 › Native staff parent-link metadata browser contracts — intercepted API, separate from PostgreSQL E2E › class manage alone reads its directory choices, sends filters and exposes the explicit student/year URL restriction (954ms)
  ok 58 tests\native-ui-contract\students-contract.spec.ts:54:7 › Native staff parent-link metadata browser contracts — intercepted API, separate from PostgreSQL E2E › directory issuance searches one bounded page across 1600 candidates without reading a full roster (1.2s)
  ok 59 tests\native-ui-contract\students-contract.spec.ts:62:7 › Native staff parent-link metadata browser contracts — intercepted API, separate from PostgreSQL E2E › details preserve denied contact, real total opens, explicit null history fields and bounded sibling metadata (875ms)
  ok 60 tests\native-ui-contract\students-contract.spec.ts:69:7 › Native staff parent-link metadata browser contracts — intercepted API, separate from PostgreSQL E2E › revocation keeps the clicked version through a metadata refresh and retains the same key after an unconfirmed reason (791ms)
  ok 61 tests\native-ui-contract\students-contract.spec.ts:76:7 › Native staff parent-link metadata browser contracts — intercepted API, separate from PostgreSQL E2E › a conflict keeps the revocation reason and directs an explicit reload without adopting a new version (639ms)
  ok 62 tests\native-ui-contract\students-contract.spec.ts:81:7 › Native staff parent-link metadata browser contracts — intercepted API, separate from PostgreSQL E2E › loss of manage authority unmounts detail metadata and the open private revocation draft (681ms)
  ok 63 tests\native-ui-contract\students-contract.spec.ts:86:7 › Native staff parent-link metadata browser contracts — intercepted API, separate from PostgreSQL E2E › denied revoke authority removes the draft and exact recipient from the command error dialog (684ms)
  ok 64 tests\native-ui-contract\students-contract.spec.ts:91:7 › Native staff parent-link metadata browser contracts — intercepted API, separate from PostgreSQL E2E › directory rotation freezes the selected old link while background directory/source readers refresh (851ms)
  ok 65 tests\native-ui-contract\students-contract.spec.ts:101:7 › Native student and guardian browser contracts — intercepted API, separate from PostgreSQL E2E › uses directory year and class choices, preserves denied counters and sends server filters (805ms)
  ok 66 tests\native-ui-contract\students-contract.spec.ts:112:7 › Native student and guardian browser contracts — intercepted API, separate from PostgreSQL E2E › opens a class-write creation form without school, year or roster readers and creates atomically (895ms)
  ok 67 tests\native-ui-contract\students-contract.spec.ts:124:7 › Native student and guardian browser contracts — intercepted API, separate from PostgreSQL E2E › renders the minimal subject projection without family, notes, positions or stored link credentials (740ms)
  ok 68 tests\native-ui-contract\students-contract.spec.ts:133:7 › Native student and guardian browser contracts — intercepted API, separate from PostgreSQL E2E › renders existing link metadata without recovering a secret or borrowing issuance authority (770ms)
  ok 69 tests\native-ui-contract\students-contract.spec.ts:142:7 › Native student and guardian browser contracts — intercepted API, separate from PostgreSQL E2E › retains the student draft and displayed version through background read failure and a wrong mutation ACK (1.1s)
  ok 70 tests\native-ui-contract\students-contract.spec.ts:154:7 › Native student and guardian browser contracts — intercepted API, separate from PostgreSQL E2E › uses the atomic guardian source, keeps masked contact unchanged and freezes all reviewed versions (939ms)
  ok 71 tests\native-ui-contract\students-contract.spec.ts:166:7 › Native student and guardian browser contracts — intercepted API, separate from PostgreSQL E2E › retains a guardian draft on 409 and adopts changed contact, relationship and primary versions only after explicit reload (963ms)
  ok 72 tests\native-ui-contract\students-contract.spec.ts:178:7 › Native student and guardian browser contracts — intercepted API, separate from PostgreSQL E2E › requires an explicit receiving choice for verification and sends the clicked relationship version (874ms)
  ok 73 tests\native-ui-contract\students-contract.spec.ts:189:7 › Native student and guardian browser contracts — intercepted API, separate from PostgreSQL E2E › removes an open guardian draft when purpose authority is revoked (809ms)
  ok 74 tests\native-ui-contract\students-contract.spec.ts:201:7 › Native parent-link issuance browser contracts — intercepted API, separate from PostgreSQL E2E › issue-only class authority prepares the recipient without borrowed readers and displays a fragment link once (6.6s)
  ok 75 tests\native-ui-contract\students-contract.spec.ts:217:7 › Native parent-link issuance browser contracts — intercepted API, separate from PostgreSQL E2E › a verified relationship without receiving authority remains disabled (648ms)
  ok 76 tests\native-ui-contract\students-contract.spec.ts:224:7 › Native parent-link issuance browser contracts — intercepted API, separate from PostgreSQL E2E › source conflicts keep the reviewed draft and only an explicit reload adopts the new versions/defaults (1.0s)
  ok 77 tests\native-ui-contract\students-contract.spec.ts:232:7 › Native parent-link issuance browser contracts — intercepted API, separate from PostgreSQL E2E › lost acknowledgement retries the same command and disables resubmission after the one-time receipt is unavailable (1.0s)
  ok 78 tests\native-ui-contract\students-contract.spec.ts:238:7 › Native parent-link issuance browser contracts — intercepted API, separate from PostgreSQL E2E › rotation sends the displayed old link version and preserves explicit document download permission (806ms)
  ok 79 tests\native-ui-contract\students-contract.spec.ts:245:7 › Native parent-link issuance browser contracts — intercepted API, separate from PostgreSQL E2E › a source authorization failure on refresh removes the private issuance form (758ms)
  ok 80 tests\native-ui-contract\support-contract.spec.ts:26:7 › Native school support browser contracts — intercepted API, separate from PostgreSQL E2E › uses server ticket totals, message counts and filters without borrowing consent authority (777ms)
  ok 81 tests\native-ui-contract\support-contract.spec.ts:37:7 › Native school support browser contracts — intercepted API, separate from PostgreSQL E2E › keeps a ticket draft through read failure and mismatched create ACK, then manually retries the same intent (943ms)
  ok 82 tests\native-ui-contract\support-contract.spec.ts:51:7 › Native school support browser contracts — intercepted API, separate from PostgreSQL E2E › uses the reviewed support version through refresh and retains a required decline reason on conflict (852ms)
  ok 83 tests\native-ui-contract\support-contract.spec.ts:64:7 › Native school support browser contracts — intercepted API, separate from PostgreSQL E2E › retains an unconfirmed school message and sends the same key on manual retry (779ms)
  ok 84 tests\native-ui-contract\support-contract.spec.ts:76:7 › Native school support browser contracts — intercepted API, separate from PostgreSQL E2E › uses audit SQL filters and removes a private detail drawer when read authority is denied (786ms)


  1) tests\native-ui-contract\parent-preview-contract.spec.ts:54:5 › SC25 staff shell previews native overview, attendance, conduct history, teachers, timetable and own duties through independent purposes

    Error: expect(locator).toBeVisible() failed

    Locator: getByText('Tên giáo viên lúc công bố', { exact: true })
    Expected: visible
    Timeout: 10000ms
    Error: element(s) not found

    Call log:
      - Expect "toBeVisible" getByText('Tên giáo viên lúc công bố', { exact: true }) with timeout 10000ms
      - waiting for getByText('Tên giáo viên lúc công bố', { exact: true })


      56 |  await visit(page,'attendance');await expect(page.getByRole('heading',{name:'Chuyên cần của con',exact:true})).toBeVisible();await expect.poll(()=>state.calls.includes('attendance-month')).toBe(true);
      57 |  await visit(page,'conduct');await expect(page.getByText('Tuần nguồn 5',{exact:true})).toBeVisible();await page.getByRole('link',{name:/Tuần nguồn 5/}).click();await expect(page.locator('tfoot')).toContainText('100.00');await expect(page.getByText('Quy chế: Quy chế đã công bố (phiên bản 2)',{exact:true})).toBeVisible();
    > 58 |  await visit(page,'teachers');await expect(page.getByText('Giáo viên được chia sẻ',{exact:true})).toBeVisible();await visit(page,'timetable');await expect(page.getByText('Tên giáo viên lúc công bố',{exact:true})).toBeVisible();await visit(page,'duties');await expect(page.getByText('Nhiệm vụ riêng của con',{exact:true})).toBeVisible();await assertPointer(page,state);
         |                                                                                                                                                                                                                      ^
      59 | });
      60 | test('SC25 staff preview reads own activity and announcement details and actual private view bytes without lending downloads',async({page})=>{
      61 |  const state=ready();await routes(page,state);await visit(page,'activities');await expect(page.getByText('Được miễn',{exact:true})).toBeVisible();await page.getByRole('link',{name:/Hoạt động được miễn/}).click();await expect(page.getByRole('heading',{name:'Hoạt động được miễn',exact:true})).toBeVisible();await visit(page,'announcements');await page.getByRole('link',{name:/Thông báo dành riêng cho con/}).click();await expect(page.locator('article')).toContainText('Nội dung đã công bố');await visit(page,'documents');await expect(page.getByText('Kết quả thi đua Tuần nguồn 5',{exact:true})).toBeVisible();await page.getByRole('button',{name:'Xem: Tệp riêng để xem trước',exact:true}).click();const dialog=page.getByRole('dialog');await expect(dialog.getByRole('img',{name:'Xem trước: Tệp riêng để xem trước',exact:true})).toBeVisible();await expect.poll(()=>dialog.locator('img').evaluate((img:HTMLImageElement)=>img.naturalWidth)).toBe(1);await expect(dialog.getByRole('button',{name:'Tải xuống',exact:true})).toHaveCount(0);expect(state.views).toBe(1);await page.screenshot({path:`qa/backend/${prefix}-staff-preview-file.png`,fullPage:true});await assertPointer(page,state);
        at D:\Edu\tests\native-ui-contract\parent-preview-contract.spec.ts:58:214

    attachment #1: screenshot (image/png) ──────────────────────────────────────────────────────────
    qa\backend\b6-parent-preview-browser-artifacts-final\parent-preview-contract-SC-fa3a4-hrough-independent-purposes\test-failed-1.png
    ────────────────────────────────────────────────────────────────────────────────────────────────

    Error Context: qa\backend\b6-parent-preview-browser-artifacts-final\parent-preview-contract-SC-fa3a4-hrough-independent-purposes\error-context.md

    attachment #3: trace (application/zip) ─────────────────────────────────────────────────────────
    qa\backend\b6-parent-preview-browser-artifacts-final\parent-preview-contract-SC-fa3a4-hrough-independent-purposes\trace.zip
    Usage:

        npx playwright show-trace qa\backend\b6-parent-preview-browser-artifacts-final\parent-preview-contract-SC-fa3a4-hrough-independent-purposes\trace.zip

    ────────────────────────────────────────────────────────────────────────────────────────────────

  2) tests\native-ui-contract\parent-preview-contract.spec.ts:63:5 › SC25 mobile preview respects overview-only capabilities and denies direct unshared routes without requesting their panels

    Error: expect(locator).toBeVisible() failed

    Locator: getByText('Mục này chưa được nhà trường chia sẻ qua link của bạn', { exact: true })
    Expected: visible
    Timeout: 10000ms
    Error: element(s) not found

    Call log:
      - Expect "toBeVisible" getByText('Mục này chưa được nhà trường chia sẻ qua link của bạn', { exact: true }) with timeout 10000ms
      - waiting for getByText('Mục này chưa được nhà trường chia sẻ qua link của bạn', { exact: true })


      62 | });
      63 | test('SC25 mobile preview respects overview-only capabilities and denies direct unshared routes without requesting their panels',async({page})=>{
    > 64 |  const state=ready();state.mode='only';await routes(page,state);await page.setViewportSize({width:390,height:844});await visit(page);await expect(page.getByText('Con tổng quan API',{exact:true}).first()).toBeVisible();await expect(page.getByText('Điểm danh tuần này',{exact:true})).toHaveCount(0);expect(await page.evaluate(()=>document.documentElement.scrollWidth>innerWidth)).toBe(false);await page.screenshot({path:`qa/backend/${prefix}-staff-preview-mobile.png`,fullPage:true});await visit(page,'teachers');await expect(page.getByText('Mục này chưa được nhà trường chia sẻ qua link của bạn',{exact:true})).toBeVisible();expect(state.calls).not.toContain('teacher-directory');await assertPointer(page,state);
         |                                                                                                                                                                                                                                                                                                                                                                                                                                                                                                                                                                                                                                   ^
      65 | });
      66 | test('SC25 current preview denial, invalid link and API outage remove old child content while preserving the public tab pointer',async({page})=>{
      67 |  const state=ready();await routes(page,state);await visit(page);await expect(page.getByText('8/10',{exact:true})).toBeVisible();for(const mode of ['denied','invalid','failed'] as const){state.mode=mode;await page.reload();await expect(page.getByRole('heading',{name:'Xem trước trang phụ huynh',exact:true})).toBeVisible();await expect(page.getByRole('button',{name:'Thử lại',exact:true}).first()).toBeVisible();await expect(page.getByText('Con tổng quan API',{exact:true})).toHaveCount(0);await expect(page.getByText('8/10',{exact:true})).toHaveCount(0);await assertPointer(page,state);}
        at D:\Edu\tests\native-ui-contract\parent-preview-contract.spec.ts:64:611

    attachment #1: screenshot (image/png) ──────────────────────────────────────────────────────────
    qa\backend\b6-parent-preview-browser-artifacts-final\parent-preview-contract-SC-f1639-out-requesting-their-panels\test-failed-1.png
    ────────────────────────────────────────────────────────────────────────────────────────────────

    Error Context: qa\backend\b6-parent-preview-browser-artifacts-final\parent-preview-contract-SC-f1639-out-requesting-their-panels\error-context.md

    attachment #3: trace (application/zip) ─────────────────────────────────────────────────────────
    qa\backend\b6-parent-preview-browser-artifacts-final\parent-preview-contract-SC-f1639-out-requesting-their-panels\trace.zip
    Usage:

        npx playwright show-trace qa\backend\b6-parent-preview-browser-artifacts-final\parent-preview-contract-SC-f1639-out-requesting-their-panels\trace.zip

    ────────────────────────────────────────────────────────────────────────────────────────────────

  3) tests\native-ui-contract\parent-preview-contract.spec.ts:66:5 › SC25 current preview denial, invalid link and API outage remove old child content while preserving the public tab pointer

    Error: expect(locator).toBeVisible() failed

    Locator: getByRole('button', { name: 'Thử lại', exact: true }).first()
    Expected: visible
    Timeout: 10000ms
    Error: element(s) not found

    Call log:
      - Expect "toBeVisible" getByRole('button', { name: 'Thử lại', exact: true }).first() with timeout 10000ms
      - waiting for getByRole('button', { name: 'Thử lại', exact: true }).first()


      65 | });
      66 | test('SC25 current preview denial, invalid link and API outage remove old child content while preserving the public tab pointer',async({page})=>{
    > 67 |  const state=ready();await routes(page,state);await visit(page);await expect(page.getByText('8/10',{exact:true})).toBeVisible();for(const mode of ['denied','invalid','failed'] as const){state.mode=mode;await page.reload();await expect(page.getByRole('heading',{name:'Xem trước trang phụ huynh',exact:true})).toBeVisible();await expect(page.getByRole('button',{name:'Thử lại',exact:true}).first()).toBeVisible();await expect(page.getByText('Con tổng quan API',{exact:true})).toHaveCount(0);await expect(page.getByText('8/10',{exact:true})).toHaveCount(0);await assertPointer(page,state);}
         |                                                                                                                                                                                                                                                                                                                                                                                                              ^
      68 | });
      69 |
        at D:\Edu\tests\native-ui-contract\parent-preview-contract.spec.ts:67:398

    attachment #1: screenshot (image/png) ──────────────────────────────────────────────────────────
    qa\backend\b6-parent-preview-browser-artifacts-final\parent-preview-contract-SC-af54a-ving-the-public-tab-pointer\test-failed-1.png
    ────────────────────────────────────────────────────────────────────────────────────────────────

    Error Context: qa\backend\b6-parent-preview-browser-artifacts-final\parent-preview-contract-SC-af54a-ving-the-public-tab-pointer\error-context.md

    attachment #3: trace (application/zip) ─────────────────────────────────────────────────────────
    qa\backend\b6-parent-preview-browser-artifacts-final\parent-preview-contract-SC-af54a-ving-the-public-tab-pointer\trace.zip
    Usage:

        npx playwright show-trace qa\backend\b6-parent-preview-browser-artifacts-final\parent-preview-contract-SC-af54a-ving-the-public-tab-pointer\trace.zip

    ────────────────────────────────────────────────────────────────────────────────────────────────

  3 failed
    tests\native-ui-contract\parent-preview-contract.spec.ts:54:5 › SC25 staff shell previews native overview, attendance, conduct history, teachers, timetable and own duties through independent purposes
    tests\native-ui-contract\parent-preview-contract.spec.ts:63:5 › SC25 mobile preview respects overview-only capabilities and denies direct unshared routes without requesting their panels
    tests\native-ui-contract\parent-preview-contract.spec.ts:66:5 › SC25 current preview denial, invalid link and API outage remove old child content while preserving the public tab pointer
  81 passed (2.0m)
