 Container edumanage_backend_test-runner-run-122670c43579 Creating
 Container edumanage_backend_test-runner-run-122670c43579 Created
✖ B6 staff preview context returns only current own safe metadata without overview panels or cookie adoption and expires every temporary session (1160.820153ms)
✔ B6 staff preview context keeps current class year school and grant-time scope independent from issuance and public parent sessions (488.125642ms)
ℹ tests 2
ℹ suites 0
ℹ pass 1
ℹ fail 1
ℹ cancelled 0
ℹ skipped 0
ℹ todo 0
ℹ duration_ms 2581.061627

✖ failing tests:

test at tests/integration/foundation.test.mjs:3257:1
✖ B6 staff preview context returns only current own safe metadata without overview panels or cookie adoption and expires every temporary session (1160.820153ms)
  ReferenceError: validateSchema is not defined
      at TestContext.<anonymous> (file:///srv/api/tests/integration/foundation.test.mjs:3261:128)
      at process.processTicksAndRejections (node:internal/process/task_queues:104:5)
      at async Test.run (node:internal/test_runner/test:1409:7)
      at async startSubtestAfterBootstrap (node:internal/test_runner/harness:387:3)

exitCode=1
