 Container edumanage_backend_test-runner-run-d3cb54ef658e Creating
 Container edumanage_backend_test-runner-run-d3cb54ef658e Created
✖ B5 all 264 supplied operations and explicit frontend workflow extensions have registered real handlers (460.489804ms)
✔ BE01 migration replay is a no-op, mismatch fails and metadata remains intact (72.80202ms)
✔ BE02 cross-school enrollment FK rejects write using the real runtime role (11.877926ms)
✔ BE03 no-tenant denies and SET LOCAL cannot leak across a reused connection (4.658405ms)
✔ BE04 bootstrap only exposes the authenticated user memberships without tenant (10.186298ms)
✔ BE05 HOMEROOM A plus SUBJECT B cannot authorize seating or guardians in B (5357.763021ms)
✔ BE06 revoked membership is checked during an existing session and B stays independent (51.763163ms)
✔ B6 self context carries only own current duties and separates self-profile from school contacts (9936.650878ms)
✔ BE08 CSRF, credential validation, cookie flags, session rotation and rate limiting (117.445812ms)
✔ BE10 concurrent profile patches serialize with a single version winner (55.598669ms)
✔ B6 password/session commands use actual cookies, reject bad passwords and revoke every session after change (340.154767ms)
{"checkpoint":"parent-without-context","queryMs":5.707,"planExecutionMs":0.016,"planRows":0}
✔ BE21 parent runtime role cannot select raw student rows (15.909699ms)
✔ B0 health ready checks actual migrations, database and private storage (26.497212ms)
✔ B2 class lists use SQL scope and cross-school details deny before serialization (294.512114ms)
✔ BE09 idempotent organization create/retry/concurrency performs one write (129.224229ms)
✔ B2 required idempotency, class capacity/reference validation and version conflicts (245.01784ms)
✔ B2 signed cursor rejects scope/filter modification and delivers distinct pages (4013.747684ms)
✔ B2 subject student projection omits family/internal notes and denies guardians (383.515499ms)
✔ B2 guardian create does not merge matching phone, relationships start unverified (156.659509ms)
✔ BE07 existing identity invitation requires its session and preserves password/other school (4268.393676ms)
✔ B1 password reset token is encrypted, single-use and revokes all prior sessions (155.827625ms)
✔ B2 staff delegation stays within the ceiling, custom class scope and immediate revocation (919.028755ms)
✔ B2 transfers serialize capacity, handover removes the old teacher and rollover binds its preview (1783.35103ms)
✔ B2 scoped guardian creation cannot acquire an unrelated family through relationship IDs (491.55396ms)
✔ B2/B5 uploads remain private until worker processing, leases serialize and local mail erases encrypted secrets (170290.725576ms)
✔ B2 imports parse real CSV, bind stale previews, avoid name/phone merges and retain invalid rows safely (6972.396229ms)
✔ B2/B5 timetable import checks assignments and overlapping slots, creates only a draft and deduplicates retries (4382.245074ms)
✔ B2 imports update only verified codes, create class drafts and staff invitations with work profiles (9472.187377ms)
✔ B2 large import resumes after a lost chunk without duplicating applied rows and checks current school authority (6351.859425ms)
✔ B3 attendance starts unmarked, versions every source change and publishes immutable one-student projections (593.369273ms)
✔ B3 subject attendance requires its actual lesson and cannot borrow daily access from another class (629.797087ms)
✔ B3 a simultaneous attendance edit and publish has one winner and never publishes a mixed source version (191.13377ms)
✔ B3 rule sets require explicit points, immutable issuance and effective week application (441.364668ms)
✔ B3 conduct reviews preserve facts, lock READY projections and publish only the exact pinned source (1031.517901ms)
✔ B3 conduct linked attendance detects stale sources and subject teachers see only their own lesson facts (1291.50641ms)
✔ B3 approved adjustments retain old facts and atomically replace the current publication with a reviewed preview (631.794336ms)
✔ B3 a simultaneous conduct record and lock/publish has one source winner (311.333558ms)
✔ B3 attendance linkage deduplicates, excludes corrected drafts and leaves locked scores unchanged with explicit warnings (833.454162ms)
✔ B4 private parent links expose only published child projections, preserve staff cookies and bind the active tab context (3040.200019ms)
✔ B4 section/download rights, reissue, relationship revocation and foreign UUIDs are checked on each new parent request (1831.23031ms)
✔ B4 private documents stream only with both download rights, and teacher contact projections use shared work fields (1979.533961ms)
✔ B4 expired links, suspended schools, CSRF and exchange throttles deny without creating a parent identity (1534.467672ms)
✔ B1 delegated grants and invitation acceptance stay inside the current expiry ceiling; backdated assignments require a reason (355.960522ms)
✔ B2 shrinking class capacity checks planned future occupancy peaks, rather than only today (138.004201ms)
✔ B5 dated groups retain moves and same-day cancellations, require current class versions and end group-leader duties (661.959153ms)
✔ B5 position holders serialize and remain valid conduct sources; locked source history cannot be shortened (500.80677ms)
✔ B5 seating validates effective enrollment and unique seats, preserves dated revisions and denies subject-only reads (740.220645ms)
✔ B2/B5 a transfer closes dated groups/positions and retains cancelled future plans atomically (487.168903ms)
✔ B5 timetable materializes bounded future lessons, publishes child-only projections and preserves past/source history (906.638578ms)
✔ B5 timetable rejects teacher/room collisions and revoked assignments, skips holidays and revalidates source versions (1268.157015ms)
✔ B5 duties publish only individual tasks, reject foreign enrollment and retain immutable publication/withdraw history (532.290017ms)
✔ B5 group duties expand the effective group at publication and retain the individual targets after later moves (805.088506ms)
✔ B5 activities count only explicit participants, preserve published states and require current source/review authority (1162.323584ms)
✔ B5 approved activity results are explicit conduct sources and locked approved facts protect their source history (596.842522ms)
✔ B5 evidence stays private until review and publication; parent documents remain child-bound and filter file availability (20581.205221ms)
✔ B5 class announcements retain immutable publication across edits, bind one recipient and reject foreign class reads (2540.555604ms)
✔ B5 public school announcements sanitize content and keep draft/private replacements out of the public projection (2758.624173ms)
✔ B5 scheduled announcements wait for their due time, publish once through a worker and safely replay after an acknowledgement loss (1546.873182ms)
✔ B5 scheduled publication rechecks the creator grant and reports a failed queue without exposing a parent snapshot (1671.734146ms)
✔ B5 announcement attachments remain private to one child, obey link download rights and disappear when archived or withdrawn (1974.064765ms)
✔ B5 school settings persist with version guards, affect only new link expiry and suppress work contacts without changing old link permissions (1143.714279ms)
✔ B5 disabling homeroom publication takes effect inside existing sessions and restores only after an explicit setting change (935.153351ms)
✔ B3 configured second approval rejects self approval in API and SQL, while a different scoped approver permits atomic adjustment (1354.872288ms)
✔ B5 personal notifications paginate across actual memberships, deduplicate publication events and deny foreign recipients and cross-user cursors (1397.840317ms)
✔ B5 withdrawn announcements redact retained staff notifications instead of exposing a stale published target (40949.921659ms)
✔ B5 dashboards count real scoped rows, keep homeroom and subject tasks separate and immediately recheck revocation (5204.341415ms)
✔ B5 teacher schedule is own dated teaching and announcement feed reads only current publications across draft edits (4082.353658ms)
✔ B5 dashboard attendance counters and publication tasks follow persisted marks, publish/withdraw and current school policy (1744.938812ms)
✔ B2 platform creates only metadata drafts, bootstraps admin roles/invitations and requires an active administrator for activation (4666.676028ms)
✔ B5 platform settings and operation records persist actual state, redact artifacts and reauthorize command replays (7780.879024ms)
✔ B1 platform admin invitations obey operator expiry ceilings and acceptance rolls back after authority expires (450.662786ms)
✔ B5 support tickets persist both sides, preserve queue states and exact timestamp pagination, and deny other schools (1203.22593ms)
✔ B1 support requests require independent current school consent, retain immutable scope and bind tickets/classes/actions/time (847.18734ms)
✔ B1 explicitly selected support grants authorize only scoped metadata GETs, audit the actual operator and force read-only SQL (759.324659ms)
✔ B1 school-wide support metadata never exposes import rows/downloads and expires without fallback to operator privileges (4292.362473ms)
✔ B1 an operator who also has school-admin rights still cannot self-approve or combine selected support scope with ordinary rights (639.070542ms)
✔ B5 signed native keysets cross a nullable sort boundary without dropping or repeating persisted schools (20253.527425ms)
✔ B5 report SQL uses real scoped counts and immutable CSV export content while live attendance changes (959.400983ms)
✔ B5 published report exports pin revisions across replacement and withdrawal without exposing drafts (1003.383286ms)
✔ B5 export XLSX/PDF are actual files with literal formula text, Vietnamese font and private download authorization (1180.198503ms)
✔ B5 subject reports remain own lesson attendance and scoped activities without school/family/conduct/export access (4805.402162ms)
✔ B5 export workers and all file paths reauthorize revocation, expiry and cancellation, and replay completed work safely (910.663775ms)
✔ B5 conduct/activity/progress/link reports use actual pinned scores, explicit participant denominators and anonymous link use (957.598091ms)
✔ B6 organization display fields persist with versions and tenant-safe references instead of being silently ignored (368.724155ms)
✔ B6 year wizard creates bounded terms, weeks, published holidays and independent draft rules atomically and idempotently (583.0759ms)
✔ B6 class form assigns homeroom atomically, denies foreign/backdated inputs, requires handover and preserves archived history (981.337068ms)
✔ B6 organization projections scope counts in SQL and a year-only grant cannot copy or publish rules (5793.607686ms)
✔ B6 purpose-bound form pickers use current write authority, exclude contacts/roles/counts and deny normal directory access (373.87269ms)
✔ B6 rollover preview uses exact end-year enrollment, minimal workflow authority and immediate revocation (602.577494ms)
✔ B6 platform school wizard creates its optional admin invitation atomically and redacts form metadata (13432.571724ms)
✔ B6 platform school form readers never lend admin or read authority to a create-only operator (177.992209ms)
✔ B6 school overview keeps current scoped totals, actual setup and publication metadata without lending school-wide reads (2886.495255ms)
✔ B6 support choices/counts are scoped SQL metadata, ticket message/status save atomically and an operator only relinquishes its own grant (320.204459ms)
✔ B6 platform audit filters exact actors and whole local date boundaries before pagination and denies school-only staff (113.649962ms)
✔ B6 school support metadata does not borrow consent authority, counts in SQL and rechecks permission before replay (464.429989ms)
✔ B6 school audit uses the school timezone and exact SQL filters with tenant-safe history options (234.366532ms)
✔ B6 operational probes use worker-only cycle evidence, actual backup records and purpose-bound aggregate authority (3821.384462ms)
✔ B6 atomic school-role replacement retains expiry/class scopes, detects independent grants and rolls back all failures (430.397582ms)
✔ B6 school-role replacement prevents self edits, last-admin removal, ceiling/expiry breaches and unauthorized cached replay (358.499112ms)
✔ B6 ending a membership revokes all current/future grants and assignments without deleting history or other schools (531.970252ms)
✔ B6 native school invitations persist all roles/profile, replay once and accept multiple or zero grants atomically (338.504965ms)
✔ B6 zero-role invitation still rechecks current inviter membership and mail authority before acceptance (213.71688ms)
✔ B6 expired staff invitations cannot be revoked as pending or delivered, and preserve their history (189.201101ms)
✔ B6 staff directory combines authorized pending invitations in SQL, searches folded work data and counts before keysets (528.733998ms)
✔ B6 directory read does not lend invitation, role catalog, assignment or export authority and revocation invalidates opaque scope cursors (372.278334ms)
✔ B6 Vietnamese composite keysets preserve given/full-name order, case/diacritic ties and nullable departments in both directions (580.59374ms)
✔ B6 locked identities keep their directory lifecycle but have no effective grants, and active KPI does not fabricate access (202.90279ms)
✔ B6 member details return real coarse other-school counts and work contacts without opening another tenant (342.950907ms)
✔ B6 member aggregate checks current school authority, target membership and SQL role before returning any count (299.081657ms)
✔ B6 member effective permissions and assignment history follow native grant time, membership, identity and assignment dates (685.206674ms)
✔ B6 member role choices respect action-specific delegation expiry without borrowing a role catalog (367.980113ms)
✔ B6 member history filters member, assignment and grant events before counting/keysets, with independent audit authority (884.543668ms)
✔ B6 personal notifications traverse more than 100 real own memberships without truncating global totals or opaque pages (58127.434015ms)
✔ B6 assignment preview is read-only, uses school-local instants and preserves displayed source versions before saving (518.602916ms)
✔ B6 assignment preview compares exact subject scopes, rejects overlapping windows and rechecks expired delegation on repeated POST (744.255753ms)
✔ B6 assignment preview detects source member changes, rejects malformed/foreign proposals and advertises future/configured publication timing (362.731136ms)
✔ B6 assignment matrix returns actual nullable cells and minimal work names under independent assignment-read authority (450.351642ms)
✔ B6 assignment matrix keeps an unconfigured year explicit and archived display reference separate from authority (279.829947ms)
✔ B6 role metadata keeps native scopes and real counts without lending member/audit access or treating custom class grants as assignments (511.460231ms)
✔ B6 role details show only independently authorized holders/history and save scoped deltas with a displayed version (10257.295775ms)
✔ B6 future held roles and immutable system templates cannot be edited by their holder (291.018291ms)
✔ B6 editing live roles cannot expand permissions beyond the current editor expiry ceiling (304.739644ms)
✔ B6 handover preview reads real current source/counts under purpose authority without member, family or role catalog access (447.45848ms)
✔ B6 handover applies exactly once with school-local cutoffs, durable receipts, own-actor recovery and preserved source authorship (1177.494392ms)
✔ B6 changed handover sources fail before submission or application and require an explicit review of the same pending receipt (1910.444599ms)
✔ B6 open-item changes invalidate handover review and linked source grants are never extended at the cutoff (1621.989759ms)
✔ B6 handover receipts remain actor/school bound, recheck delegation and deny immutable-source replacement (890.827729ms)
✔ B6 student creation allocates actual codes and atomically retains enrollment, gender and a separate unverified guardian (277.352612ms)
✔ B6 student form failures roll back every row and optional contacts require independent current authority on replay (569.872925ms)
✔ B6 student edits retain displayed versions and never replay internal notes after private profile authority is revoked (1022.598588ms)
✔ B6 student unknown historic gender remains null and invalid gender/guardian state cannot be fabricated (266.923881ms)
✔ B6 real CSV gender mapping normalizes supported values, preserves unmapped sources and retains invalid rows (4449.378217ms)
✔ B6 native student directory applies Vietnamese keysets, exact SQL filters and minimal selected identifiers (591.48016ms)
✔ B6 native student projections separate school roster authority from family, note and link authority in the same session (427.432292ms)
✔ B6 archived student history uses an explicit included date and stored group, position and teacher sources (311.08385ms)
✔ B6 subject pupil projection remains minimal and class history cannot retain family access after enrollment ends (485.492328ms)
✔ B6 pupil link metadata reflects real events, bounded recent history and revocation without returning reusable secrets (314.784075ms)
✔ B6 an unconfigured school directory returns actual null year context without fabricated class or student data (173.472717ms)
✔ B6 verified family counters remain verified when receiving permission is explicitly disabled (228.547671ms)
✔ B6 atomic guardian save creates unverified contacts, replays one receipt and prevents duplicate new commands (302.842061ms)
✔ B6 atomic guardian save serializes competing displayed student versions (222.227236ms)
✔ B6 guardian form grants class family authority without student read or unscoped sibling data (421.947803ms)
✔ B6 atomic guardian edits preserve verified receiving choices and reject stale contact versions without partial priority changes (347.235641ms)
✔ B6 guardian save detects independently changed primary references and preserves every row on failure (331.100556ms)
✔ B6 guardian save rejects masked phones, foreign pairings and mutation of archived contacts (326.289556ms)
✔ B6 guardian form and cached saves recheck enrollment end and grant expiry in the same session (390.157798ms)
✔ B6 atomic guardian save rolls back contacts, relationships, primary changes, audit and receipt after a real SQL fault (262.278119ms)
✔ B6 school guardian directory uses SQL folded search, literal wildcards, signed keysets and independent link counters (467.233295ms)
✔ B6 class guardian reads exclude all unscoped sibling relationships and immediately lose access after enrollment or grant ends (365.063062ms)
✔ B6 shared guardian contact edits require management of every affected class and current read authority even for a replay (692.783961ms)
✔ B6 guardian profile exposes real verification and revocation metadata but removes link and audit panels when their separate rights end (490.428473ms)
✔ B6 partial student write acknowledgements redact unsubmitted protected fields including stored old receipts (275.504555ms)
✔ B6 bounded school class overview preserves query results, local JIT preference and the five-second runtime timeout (188.441544ms)
✔ B6 native invitation choices require current invitation authority, preserve delegation ceilings and never borrow a role catalog (435.591397ms)
✔ B6 native staff activity is SQL-bounded to staff targets, rechecks audit authority and keeps foreign and family records out (270.75241ms)
✔ B6 student-create choices use current class write authority without borrowing roster, year or class readers (455.159235ms)
✔ B6 parent-issue purpose readers paginate over 1000 pupils, keep current class/time authority and expose no contact or token (655.001411ms)
✔ B6 reviewed parent issuance rejects stale sources, rotates atomically, converts local dates and never replays secrets (627.311048ms)
✔ B6 parent metadata directory keeps manage scope, current capabilities, real counts and no borrowed contact/catalog data (910.754572ms)
✔ B6 parent metadata masks independently authorized contact, paginates anonymous history and tracks only actual replacement facts (1263.521663ms)
✔ B6 parent attendance month exposes only real child sessions and published scoped holiday labels without borrowing overview (1198.684747ms)
✔ B6 parent attendance calendar SQL function checks exact child/year/school/current session and cannot expose raw calendar tables (555.443254ms)
✔ B6 parent teacher directory uses own live class assignments, shared work fields and only current published schedule weekdays (914.890358ms)
✔ B6 parent teacher SQL denies foreign or missing context, honors current enrollment/grant/contact changes and never grants raw memberships (526.143532ms)
✔ B6 parent monthly denominator includes only actual own DAILY publications and keeps LESSON attendance separate (925.125182ms)
✔ B6 parent published dated projections retain old enrollment history and exclude old-class plans from the transfer cutoff (693.461701ms)
✔ B6 parent duty schedule includes all published batch rows and current source statuses, denies other scopes and follows withdrawal (973.043746ms)
ℹ tests 167
ℹ suites 0
ℹ pass 166
ℹ fail 1
ℹ cancelled 0
ℹ skipped 0
ℹ todo 0
ℹ duration_ms 527829.540731

✖ failing tests:

test at tests/integration/foundation.test.mjs:99:1
✖ B5 all 264 supplied operations and explicit frontend workflow extensions have registered real handlers (460.489804ms)
  AssertionError [ERR_ASSERTION]: Expected values to be strictly equal:

  316 !== 314

      at TestContext.<anonymous> (file:///srv/api/tests/integration/foundation.test.mjs:100:10)
      at Test.runInAsyncScope (node:async_hooks:227:14)
      at Test.run (node:internal/test_runner/test:1402:25)
      at process.processTicksAndRejections (node:internal/process/task_queues:104:5)
      at async startSubtestAfterBootstrap (node:internal/test_runner/harness:387:3) {
    generatedMessage: true,
    code: 'ERR_ASSERTION',
    actual: 316,
    expected: 314,
    operator: 'strictEqual',
    diff: 'simple'
  }

exitCode=1
