✔ all operation IDs are unique, including the explicit frontend workflow extensions (1.2356ms)
✔ atomic school roles require a displayed version and unique explicit role IDs without actor authority (9.1235ms)
✔ reviewed parent issuance requires every reviewed source version and rejects contact/token/actor fields (8.5113ms)
✔ parent staff metadata excludes bearer/private fields and history represents missing device/section explicitly (10.2806ms)
✔ school invite retains zero or multiple roles and the 1–30 day form without widening platform admin invitations (4.1711ms)
✔ login rejects spoofed role, school and unknown fields (0.9635ms)
✔ private user DTO rejects secrets and unknown properties (3.3949ms)
✔ platform first administrator supports server start time and rejects scope spoofing or excessive invitation lifetime (0.2384ms)
✔ school overview accepts explicit unavailable panels and rejects private directory fields (24.7385ms)
✔ directory represents invitations without fake memberships and keeps unavailable invitation KPI explicit (6.4792ms)
✔ member profile separates denied panels and exact native authority without exposing other school metadata (20.2423ms)
✔ invitation choices use invitation authority and never lend role metadata or contacts (2.1327ms)
✔ atomic guardian save requires displayed student and primary versions without verification or actor fields (10.9547ms)
✔ assignment preview is a CSRF-protected read-only POST and preserves explicit source versions without actor authority (2.7192ms)
✔ assignment matrix represents a real unconfigured year and empty cells without borrowing profiles, rosters or permissions (18.1628ms)
✔ role details retain exact native scopes and denied panels without exposing staff contacts or a fabricated editable system role (16.3028ms)
✔ handover receipts retain unknown legacy metadata and strict reviewed source fields without exposing the internal state (11.0657ms)
✔ student forms persist nullable gender and an atomic unverified guardian without accepting actor or result state (30.5292ms)
✔ student read models distinguish denied and unknown values and exclude reusable parent tokens (32.7264ms)
✔ guardian projections exclude student private profiles and audit snapshots and require explicit denied panels (15.3267ms)
✔ student-create options are a minimal write-purpose class projection without roster or borrowed catalogs (4.1896ms)
✔ parent context metadata distinguishes year, link and session bounds without child private fields (3.9103ms)
✔ parent attendance month preserves real session/holiday counts and rejects private fields or invented calendar states (4.6021ms)
✔ parent teacher directory requires explicit nullable work metadata and minimal unique weekdays without raw staff identity (5.0435ms)
✔ parent duty schedule exposes only concrete published tasks with explicit status and year/date metadata (11.9095ms)
✔ parent weekly timetable requires explicit published status, timezone and nullable pinned metadata without raw source fields (7.1297ms)
✔ parent document directory requires real independent capabilities and minimal report fields without storage keys (4.9471ms)
✖ parent shared content keeps pinned nullable metadata and independent attachments without raw sources or recipients (4.377ms)
✔ announcement HTML retains paragraph/list formatting while dropping executable markup, URLs and tracking resources (5.4621ms)
✔ operation evidence validates metadata values and omits secret-like values and unknown fields (1.5857ms)
✔ parent month keeps actual sessions, mixed days and unmarked outside the attendance denominator (19.8335ms)
✔ parent month infers neither Sunday holidays nor missing-day presence and preserves actual published holiday names (0.5919ms)
✔ parent month clips only to real exclusive year bounds and rejects malformed/outside-year selection (0.5945ms)
✔ parent month rejects missing calendar days, shifted date sources, unknown statuses and foreign date rows (0.714ms)
✔ grant action and class scope stay together (0.8043ms)
✔ subject grants never authorize management without explicit subject policy (0.1459ms)
✔ end dates are exclusive and assignment is mandatory for default teacher grants (0.2235ms)
✔ a custom class grant authorizes only its delegated action and class (0.2205ms)
✔ a delegated grant cannot outlive an expiring authority, including an unbounded target or future start (0.2898ms)
✔ decimal scoring preserves fractional sums, negative penalties, explicit base, clamps and threshold boundaries (3.8215ms)
✔ fixed deltas reject overrides and manual deltas require bounds (0.5037ms)
✔ parent weekly timetable uses real Monday/calendar bounds and clips partial academic weeks (4.1837ms)
✔ parent weekly timetable rejects a source exceeding the total bound before response serialization (1.7815ms)
✔ XLSX parser bounds sparse dimensions and rejects formulas before workbook allocation (103.1194ms)
ℹ tests 44
ℹ suites 0
ℹ pass 43
ℹ fail 1
ℹ cancelled 0
ℹ skipped 0
ℹ todo 0
ℹ duration_ms 490.8145

✖ failing tests:

test at tests\contract\schemas.test.mjs:199:1
✖ parent shared content keeps pinned nullable metadata and independent attachments without raw sources or recipients (4.377ms)
  Error: RESPONSE_CONTRACT_ERROR
      at validateSchema (D:\Edu\backend\dist\common\contract.js:30:15)
      at TestContext.<anonymous> (file:///D:/Edu/backend/tests/contract/schemas.test.mjs:201:2)
      at Test.runInAsyncScope (node:async_hooks:227:14)
      at Test.run (node:internal/test_runner/test:1382:25)
      at Test.processPendingSubtests (node:internal/test_runner/test:960:18)
      at Test.postRun (node:internal/test_runner/test:1522:19)
      at Test.run (node:internal/test_runner/test:1447:12)
      at async Test.processPendingSubtests (node:internal/test_runner/test:960:7) {
    status: 500,
    code: 'RESPONSE_CONTRACT_ERROR',
    fieldErrors: undefined,
    currentVersion: undefined,
    resultId: undefined
  }
exitCode=1
