✔ all operation IDs are unique, including the explicit frontend workflow extensions (0.7871ms)
✔ login rejects spoofed role, school and unknown fields (2.548ms)
✔ private user DTO rejects secrets and unknown properties (4.5865ms)
✔ school overview accepts explicit unavailable panels and rejects private directory fields (21.505ms)
✔ announcement HTML retains paragraph/list formatting while dropping executable markup, URLs and tracking resources (3.3413ms)
✔ grant action and class scope stay together (0.7367ms)
✔ subject grants never authorize management without explicit subject policy (0.1212ms)
✔ end dates are exclusive and assignment is mandatory for default teacher grants (0.1037ms)
✔ a custom class grant authorizes only its delegated action and class (0.1183ms)
✔ a delegated grant cannot outlive an expiring authority, including an unbounded target or future start (0.1525ms)
✔ decimal scoring preserves fractional sums, negative penalties, explicit base, clamps and threshold boundaries (2.4274ms)
✔ fixed deltas reject overrides and manual deltas require bounds (0.2905ms)
✔ XLSX parser bounds sparse dimensions and rejects formulas before workbook allocation (82.4705ms)
ℹ tests 13
ℹ suites 0
ℹ pass 13
ℹ fail 0
ℹ cancelled 0
ℹ skipped 0
ℹ todo 0
ℹ duration_ms 385.8427
