 Container edumanage_backend_test-runner-run-d9ef2a949635 Creating
 Container edumanage_backend_test-runner-run-d9ef2a949635 Created
✔ B5 all 264 supplied operations and explicit frontend workflow extensions have registered real handlers (534.793629ms)
✔ BE01 migration replay is a no-op, mismatch fails and metadata remains intact (80.673832ms)
✔ BE02 cross-school enrollment FK rejects write using the real runtime role (21.415432ms)
✔ BE03 no-tenant denies and SET LOCAL cannot leak across a reused connection (4.596789ms)
✔ BE04 bootstrap only exposes the authenticated user memberships without tenant (15.821101ms)
✔ BE05 HOMEROOM A plus SUBJECT B cannot authorize seating or guardians in B (5515.91376ms)
✔ BE06 revoked membership is checked during an existing session and B stays independent (53.487985ms)
✔ B6 self context carries only own current duties and separates self-profile from school contacts (9591.865762ms)
✔ BE08 CSRF, credential validation, cookie flags, session rotation and rate limiting (96.425634ms)
✔ BE10 concurrent profile patches serialize with a single version winner (71.503547ms)
✔ B6 password/session commands use actual cookies, reject bad passwords and revoke every session after change (357.712061ms)
{"checkpoint":"parent-without-context","queryMs":6.075,"planExecutionMs":0.016,"planRows":0}
✔ BE21 parent runtime role cannot select raw student rows (16.728072ms)
✔ B0 health ready checks actual migrations, database and private storage (27.110071ms)
✔ B2 class lists use SQL scope and cross-school details deny before serialization (279.364631ms)
✔ BE09 idempotent organization create/retry/concurrency performs one write (74.73888ms)
✔ B2 required idempotency, class capacity/reference validation and version conflicts (127.469798ms)
✔ B2 signed cursor rejects scope/filter modification and delivers distinct pages (3575.14953ms)
✔ B2 subject student projection omits family/internal notes and denies guardians (435.182398ms)
✔ B2 guardian create does not merge matching phone, relationships start unverified (120.318928ms)
✔ BE07 existing identity invitation requires its session and preserves password/other school (4452.990094ms)
✔ B1 password reset token is encrypted, single-use and revokes all prior sessions (141.847348ms)
✔ B2 staff delegation stays within the ceiling, custom class scope and immediate revocation (914.390919ms)
✔ B2 transfers serialize capacity, handover removes the old teacher and rollover binds its preview (1654.580067ms)
✔ B2 scoped guardian creation cannot acquire an unrelated family through relationship IDs (465.919042ms)
✔ B2/B5 uploads remain private until worker processing, leases serialize and local mail erases encrypted secrets (166894.474419ms)
✔ B2 imports parse real CSV, bind stale previews, avoid name/phone merges and retain invalid rows safely (5800.175839ms)
✔ B2/B5 timetable import checks assignments and overlapping slots, creates only a draft and deduplicates retries (3785.564981ms)
✔ B2 imports update only verified codes, create class drafts and staff invitations with work profiles (9035.875537ms)
✔ B2 large import resumes after a lost chunk without duplicating applied rows and checks current school authority (5752.51815ms)
✔ B3 attendance starts unmarked, versions every source change and publishes immutable one-student projections (533.933662ms)
✔ B3 subject attendance requires its actual lesson and cannot borrow daily access from another class (630.384256ms)
✔ B3 a simultaneous attendance edit and publish has one winner and never publishes a mixed source version (180.369863ms)
✔ B3 rule sets require explicit points, immutable issuance and effective week application (450.215831ms)
✔ B3 conduct reviews preserve facts, lock READY projections and publish only the exact pinned source (875.51399ms)
✔ B3 conduct linked attendance detects stale sources and subject teachers see only their own lesson facts (1037.139262ms)
✔ B3 approved adjustments retain old facts and atomically replace the current publication with a reviewed preview (516.405828ms)
✔ B3 a simultaneous conduct record and lock/publish has one source winner (260.238033ms)
✔ B3 attendance linkage deduplicates, excludes corrected drafts and leaves locked scores unchanged with explicit warnings (479.588739ms)
✔ B4 private parent links expose only published child projections, preserve staff cookies and bind the active tab context (1096.21986ms)
✔ B4 section/download rights, reissue, relationship revocation and foreign UUIDs are checked on each new parent request (616.253536ms)
✔ B4 private documents stream only with both download rights, and teacher contact projections use shared work fields (799.60303ms)
✔ B4 expired links, suspended schools, CSRF and exchange throttles deny without creating a parent identity (473.215544ms)
✔ B1 delegated grants and invitation acceptance stay inside the current expiry ceiling; backdated assignments require a reason (333.792461ms)
✔ B2 shrinking class capacity checks planned future occupancy peaks, rather than only today (132.185264ms)
✔ B5 dated groups retain moves and same-day cancellations, require current class versions and end group-leader duties (605.080849ms)
✔ B5 position holders serialize and remain valid conduct sources; locked source history cannot be shortened (497.784686ms)
✔ B5 seating validates effective enrollment and unique seats, preserves dated revisions and denies subject-only reads (721.116555ms)
✔ B2/B5 a transfer closes dated groups/positions and retains cancelled future plans atomically (428.113446ms)
✔ B5 timetable materializes bounded future lessons, publishes child-only projections and preserves past/source history (822.695676ms)
✔ B5 timetable rejects teacher/room collisions and revoked assignments, skips holidays and revalidates source versions (1061.392189ms)
✔ B5 duties publish only individual tasks, reject foreign enrollment and retain immutable publication/withdraw history (478.174891ms)
✔ B5 group duties expand the effective group at publication and retain the individual targets after later moves (675.824046ms)
✔ B5 activities count only explicit participants, preserve published states and require current source/review authority (978.520049ms)
✔ B5 approved activity results are explicit conduct sources and locked approved facts protect their source history (409.721681ms)
✔ B5 evidence stays private until review and publication; parent documents remain child-bound and filter file availability (21425.172574ms)
✔ B5 class announcements retain immutable publication across edits, bind one recipient and reject foreign class reads (2427.214825ms)
✔ B5 public school announcements sanitize content and keep draft/private replacements out of the public projection (2629.485265ms)
✔ B5 scheduled announcements wait for their due time, publish once through a worker and safely replay after an acknowledgement loss (1423.649164ms)
✔ B5 scheduled publication rechecks the creator grant and reports a failed queue without exposing a parent snapshot (1549.229268ms)
✔ B5 announcement attachments remain private to one child, obey link download rights and disappear when archived or withdrawn (1599.623289ms)
✔ B5 school settings persist with version guards, affect only new link expiry and suppress work contacts without changing old link permissions (1076.746447ms)
✔ B5 disabling homeroom publication takes effect inside existing sessions and restores only after an explicit setting change (850.916504ms)
✔ B3 configured second approval rejects self approval in API and SQL, while a different scoped approver permits atomic adjustment (664.710438ms)
✔ B5 personal notifications paginate across actual memberships, deduplicate publication events and deny foreign recipients and cross-user cursors (1208.435756ms)
✔ B5 withdrawn announcements redact retained staff notifications instead of exposing a stale published target (38841.444252ms)
✔ B5 dashboards count real scoped rows, keep homeroom and subject tasks separate and immediately recheck revocation (5273.562791ms)
✔ B5 teacher schedule is own dated teaching and announcement feed reads only current publications across draft edits (2777.528822ms)
✔ B5 dashboard attendance counters and publication tasks follow persisted marks, publish/withdraw and current school policy (994.988913ms)
✔ B2 platform creates only metadata drafts, bootstraps admin roles/invitations and requires an active administrator for activation (4118.118356ms)
✔ B5 platform settings and operation records persist actual state, redact artifacts and reauthorize command replays (6802.900775ms)
✔ B1 platform admin invitations obey operator expiry ceilings and acceptance rolls back after authority expires (373.933452ms)
✔ B5 support tickets persist both sides, preserve queue states and exact timestamp pagination, and deny other schools (1206.289663ms)
✔ B1 support requests require independent current school consent, retain immutable scope and bind tickets/classes/actions/time (990.770574ms)
✔ B1 explicitly selected support grants authorize only scoped metadata GETs, audit the actual operator and force read-only SQL (814.021148ms)
✔ B1 school-wide support metadata never exposes import rows/downloads and expires without fallback to operator privileges (4124.660926ms)
✔ B1 an operator who also has school-admin rights still cannot self-approve or combine selected support scope with ordinary rights (219.138476ms)
✔ B5 signed native keysets cross a nullable sort boundary without dropping or repeating persisted schools (19531.888325ms)
✔ B5 report SQL uses real scoped counts and immutable CSV export content while live attendance changes (875.182237ms)
✔ B5 published report exports pin revisions across replacement and withdrawal without exposing drafts (903.891745ms)
✔ B5 export XLSX/PDF are actual files with literal formula text, Vietnamese font and private download authorization (1057.421752ms)
✔ B5 subject reports remain own lesson attendance and scoped activities without school/family/conduct/export access (5005.626795ms)
✔ B5 export workers and all file paths reauthorize revocation, expiry and cancellation, and replay completed work safely (912.444447ms)
✔ B5 conduct/activity/progress/link reports use actual pinned scores, explicit participant denominators and anonymous link use (940.521086ms)
✔ B6 organization display fields persist with versions and tenant-safe references instead of being silently ignored (360.350457ms)
✔ B6 year wizard creates bounded terms, weeks, published holidays and independent draft rules atomically and idempotently (609.400551ms)
✔ B6 class form assigns homeroom atomically, denies foreign/backdated inputs, requires handover and preserves archived history (840.591264ms)
✔ B6 organization projections scope counts in SQL and a year-only grant cannot copy or publish rules (5860.984276ms)
✔ B6 purpose-bound form pickers use current write authority, exclude contacts/roles/counts and deny normal directory access (411.979316ms)
✔ B6 rollover preview uses exact end-year enrollment, minimal workflow authority and immediate revocation (629.963834ms)
✔ B6 platform school wizard creates its optional admin invitation atomically and redacts form metadata (13987.753924ms)
✔ B6 platform school form readers never lend admin or read authority to a create-only operator (468.097462ms)
✔ B6 school overview keeps current scoped totals, actual setup and publication metadata without lending school-wide reads (3158.073148ms)
✔ B6 support choices/counts are scoped SQL metadata, ticket message/status save atomically and an operator only relinquishes its own grant (330.048082ms)
✔ B6 platform audit filters exact actors and whole local date boundaries before pagination and denies school-only staff (168.436756ms)
✔ B6 school support metadata does not borrow consent authority, counts in SQL and rechecks permission before replay (532.479984ms)
✔ B6 school audit uses the school timezone and exact SQL filters with tenant-safe history options (254.733373ms)
✔ B6 operational probes use worker-only cycle evidence, actual backup records and purpose-bound aggregate authority (4155.198277ms)
✔ B6 atomic school-role replacement retains expiry/class scopes, detects independent grants and rolls back all failures (435.577248ms)
✔ B6 school-role replacement prevents self edits, last-admin removal, ceiling/expiry breaches and unauthorized cached replay (390.215146ms)
✔ B6 ending a membership revokes all current/future grants and assignments without deleting history or other schools (518.287066ms)
✔ B6 native school invitations persist all roles/profile, replay once and accept multiple or zero grants atomically (321.201041ms)
✔ B6 zero-role invitation still rechecks current inviter membership and mail authority before acceptance (200.108565ms)
✔ B6 expired staff invitations cannot be revoked as pending or delivered, and preserve their history (183.421252ms)
✔ B6 staff directory combines authorized pending invitations in SQL, searches folded work data and counts before keysets (519.856704ms)
✔ B6 directory read does not lend invitation, role catalog, assignment or export authority and revocation invalidates opaque scope cursors (381.532172ms)
✔ B6 Vietnamese composite keysets preserve given/full-name order, case/diacritic ties and nullable departments in both directions (521.619266ms)
✔ B6 locked identities keep their directory lifecycle but have no effective grants, and active KPI does not fabricate access (254.079267ms)
✔ B6 member details return real coarse other-school counts and work contacts without opening another tenant (453.849485ms)
✔ B6 member aggregate checks current school authority, target membership and SQL role before returning any count (391.965262ms)
✔ B6 member effective permissions and assignment history follow native grant time, membership, identity and assignment dates (741.487273ms)
✔ B6 member role choices respect action-specific delegation expiry without borrowing a role catalog (333.740363ms)
✔ B6 member history filters member, assignment and grant events before counting/keysets, with independent audit authority (523.827125ms)
✔ B6 personal notifications traverse more than 100 real own memberships without truncating global totals or opaque pages (58781.299828ms)
✔ B6 assignment preview is read-only, uses school-local instants and preserves displayed source versions before saving (515.545882ms)
✔ B6 assignment preview compares exact subject scopes, rejects overlapping windows and rechecks expired delegation on repeated POST (740.427254ms)
✔ B6 assignment preview detects source member changes, rejects malformed/foreign proposals and advertises future/configured publication timing (364.11053ms)
✔ B6 assignment matrix returns actual nullable cells and minimal work names under independent assignment-read authority (447.414765ms)
✔ B6 assignment matrix keeps an unconfigured year explicit and archived display reference separate from authority (280.445337ms)
✔ B6 role metadata keeps native scopes and real counts without lending member/audit access or treating custom class grants as assignments (461.200558ms)
✔ B6 role details show only independently authorized holders/history and save scoped deltas with a displayed version (10828.500213ms)
✔ B6 future held roles and immutable system templates cannot be edited by their holder (856.776743ms)
✔ B6 editing live roles cannot expand permissions beyond the current editor expiry ceiling (301.625463ms)
✔ B6 handover preview reads real current source/counts under purpose authority without member, family or role catalog access (445.829316ms)
✔ B6 handover applies exactly once with school-local cutoffs, durable receipts, own-actor recovery and preserved source authorship (1166.14854ms)
✔ B6 changed handover sources fail before submission or application and require an explicit review of the same pending receipt (1905.093306ms)
✔ B6 open-item changes invalidate handover review and linked source grants are never extended at the cutoff (1549.207133ms)
✔ B6 handover receipts remain actor/school bound, recheck delegation and deny immutable-source replacement (847.269093ms)
✔ B6 student creation allocates actual codes and atomically retains enrollment, gender and a separate unverified guardian (247.762251ms)
✔ B6 student form failures roll back every row and optional contacts require independent current authority on replay (388.852479ms)
✔ B6 student edits retain displayed versions and never replay internal notes after private profile authority is revoked (326.665821ms)
✔ B6 student unknown historic gender remains null and invalid gender/guardian state cannot be fabricated (164.414342ms)
✔ B6 real CSV gender mapping normalizes supported values, preserves unmapped sources and retains invalid rows (4192.217271ms)
✔ B6 native student directory applies Vietnamese keysets, exact SQL filters and minimal selected identifiers (554.367263ms)
✔ B6 native student projections separate school roster authority from family, note and link authority in the same session (393.519584ms)
✔ B6 archived student history uses an explicit included date and stored group, position and teacher sources (241.205609ms)
✔ B6 subject pupil projection remains minimal and class history cannot retain family access after enrollment ends (387.311848ms)
✔ B6 pupil link metadata reflects real events, bounded recent history and revocation without returning reusable secrets (321.54204ms)
✔ B6 an unconfigured school directory returns actual null year context without fabricated class or student data (155.655413ms)
✔ B6 verified family counters remain verified when receiving permission is explicitly disabled (210.524085ms)
✔ B6 atomic guardian save creates unverified contacts, replays one receipt and prevents duplicate new commands (274.397441ms)
✔ B6 atomic guardian save serializes competing displayed student versions (233.562652ms)
✔ B6 guardian form grants class family authority without student read or unscoped sibling data (369.390637ms)
✔ B6 atomic guardian edits preserve verified receiving choices and reject stale contact versions without partial priority changes (301.380871ms)
✔ B6 guardian save detects independently changed primary references and preserves every row on failure (300.326408ms)
✔ B6 guardian save rejects masked phones, foreign pairings and mutation of archived contacts (309.663166ms)
✔ B6 guardian form and cached saves recheck enrollment end and grant expiry in the same session (364.907499ms)
✔ B6 atomic guardian save rolls back contacts, relationships, primary changes, audit and receipt after a real SQL fault (251.077061ms)
✔ B6 school guardian directory uses SQL folded search, literal wildcards, signed keysets and independent link counters (456.813032ms)
✔ B6 class guardian reads exclude all unscoped sibling relationships and immediately lose access after enrollment or grant ends (312.897927ms)
✔ B6 shared guardian contact edits require management of every affected class and current read authority even for a replay (594.151175ms)
✔ B6 guardian profile exposes real verification and revocation metadata but removes link and audit panels when their separate rights end (439.432598ms)
✔ B6 partial student write acknowledgements redact unsubmitted protected fields including stored old receipts (243.587504ms)
✔ B6 bounded school class overview preserves query results, local JIT preference and the five-second runtime timeout (168.167215ms)
✔ B6 native invitation choices require current invitation authority, preserve delegation ceilings and never borrow a role catalog (373.863397ms)
✔ B6 native staff activity is SQL-bounded to staff targets, rechecks audit authority and keeps foreign and family records out (243.696649ms)
✔ B6 student-create choices use current class write authority without borrowing roster, year or class readers (388.254421ms)
✔ B6 parent-issue purpose readers paginate over 1000 pupils, keep current class/time authority and expose no contact or token (642.203442ms)
✔ B6 reviewed parent issuance rejects stale sources, rotates atomically, converts local dates and never replays secrets (567.386053ms)
✔ B6 parent metadata directory keeps manage scope, current capabilities, real counts and no borrowed contact/catalog data (759.811543ms)
✔ B6 parent metadata masks independently authorized contact, paginates anonymous history and tracks only actual replacement facts (1173.527929ms)
✔ B6 parent attendance month exposes only real child sessions and published scoped holiday labels without borrowing overview (1187.581277ms)
✔ B6 parent attendance calendar SQL function checks exact child/year/school/current session and cannot expose raw calendar tables (565.310175ms)
✔ B6 parent teacher directory uses own live class assignments, shared work fields and only current published schedule weekdays (878.807825ms)
✔ B6 parent teacher SQL denies foreign or missing context, honors current enrollment/grant/contact changes and never grants raw memberships (514.363473ms)
✔ B6 parent monthly denominator includes only actual own DAILY publications and keeps LESSON attendance separate (830.325533ms)
✔ B6 parent published dated projections retain old enrollment history and exclude old-class plans from the transfer cutoff (687.102064ms)
✔ B6 parent duty schedule includes all published batch rows and current source statuses, denies other scopes and follows withdrawal (976.629918ms)
✔ B6 parent timetable week keeps pinned published period/status/work labels, own holiday calendar and independent preview through replacement and withdrawal (3010.473085ms)
✔ B6 parent timetable week SQL denies foreign/current-section contexts and raw sources, clips the year and follows transfer or link revocation (1794.595252ms)
ℹ tests 169
ℹ suites 0
ℹ pass 169
ℹ fail 0
ℹ cancelled 0
ℹ skipped 0
ℹ todo 0
ℹ duration_ms 510986.61505
exitCode=0
