 Container edumanage_backend_test-runner-run-281127d5cbfc Creating
 Container edumanage_backend_test-runner-run-281127d5cbfc Created
✔ B5 all 264 supplied operations and explicit frontend workflow extensions have registered real handlers (491.859828ms)
✔ BE01 migration replay is a no-op, mismatch fails and metadata remains intact (83.177881ms)
✔ BE02 cross-school enrollment FK rejects write using the real runtime role (10.365765ms)
✔ BE03 no-tenant denies and SET LOCAL cannot leak across a reused connection (4.454836ms)
✔ BE04 bootstrap only exposes the authenticated user memberships without tenant (10.199497ms)
✔ BE05 HOMEROOM A plus SUBJECT B cannot authorize seating or guardians in B (6351.668345ms)
✔ BE06 revoked membership is checked during an existing session and B stays independent (56.798436ms)
✔ B6 self context carries only own current duties and separates self-profile from school contacts (12792.45891ms)
✔ BE08 CSRF, credential validation, cookie flags, session rotation and rate limiting (113.013095ms)
✔ BE10 concurrent profile patches serialize with a single version winner (58.724476ms)
✔ B6 password/session commands use actual cookies, reject bad passwords and revoke every session after change (381.021851ms)
{"checkpoint":"parent-without-context","queryMs":6.505,"planExecutionMs":0.017,"planRows":0}
✔ BE21 parent runtime role cannot select raw student rows (17.538522ms)
✔ B0 health ready checks actual migrations, database and private storage (29.894352ms)
✔ B2 class lists use SQL scope and cross-school details deny before serialization (433.742516ms)
✔ BE09 idempotent organization create/retry/concurrency performs one write (111.870859ms)
✔ B2 required idempotency, class capacity/reference validation and version conflicts (202.023645ms)
✔ B2 signed cursor rejects scope/filter modification and delivers distinct pages (4202.825756ms)
✔ B2 subject student projection omits family/internal notes and denies guardians (453.817512ms)
✔ B2 guardian create does not merge matching phone, relationships start unverified (130.229091ms)
✔ BE07 existing identity invitation requires its session and preserves password/other school (5579.15687ms)
✔ B1 password reset token is encrypted, single-use and revokes all prior sessions (152.826485ms)
✔ B2 staff delegation stays within the ceiling, custom class scope and immediate revocation (1015.230362ms)
✔ B2 transfers serialize capacity, handover removes the old teacher and rollover binds its preview (1732.458721ms)
✔ B2 scoped guardian creation cannot acquire an unrelated family through relationship IDs (469.535439ms)
✔ B2/B5 uploads remain private until worker processing, leases serialize and local mail erases encrypted secrets (193830.379616ms)
✔ B2 imports parse real CSV, bind stale previews, avoid name/phone merges and retain invalid rows safely (6545.209729ms)
✔ B2/B5 timetable import checks assignments and overlapping slots, creates only a draft and deduplicates retries (3613.833942ms)
✔ B2 imports update only verified codes, create class drafts and staff invitations with work profiles (9365.910716ms)
✔ B2 large import resumes after a lost chunk without duplicating applied rows and checks current school authority (6822.878946ms)
✔ B3 attendance starts unmarked, versions every source change and publishes immutable one-student projections (551.225979ms)
✔ B3 subject attendance requires its actual lesson and cannot borrow daily access from another class (663.979426ms)
✔ B3 a simultaneous attendance edit and publish has one winner and never publishes a mixed source version (204.111071ms)
✔ B3 rule sets require explicit points, immutable issuance and effective week application (487.551972ms)
✔ B3 conduct reviews preserve facts, lock READY projections and publish only the exact pinned source (1045.030613ms)
✔ B3 conduct linked attendance detects stale sources and subject teachers see only their own lesson facts (1068.5765ms)
✔ B3 approved adjustments retain old facts and atomically replace the current publication with a reviewed preview (581.591314ms)
✔ B3 a simultaneous conduct record and lock/publish has one source winner (287.272205ms)
✔ B3 attendance linkage deduplicates, excludes corrected drafts and leaves locked scores unchanged with explicit warnings (498.667578ms)
✔ B4 private parent links expose only published child projections, preserve staff cookies and bind the active tab context (1193.514908ms)
✔ B4 section/download rights, reissue, relationship revocation and foreign UUIDs are checked on each new parent request (700.794854ms)
✔ B4 private documents stream only with both download rights, and teacher contact projections use shared work fields (774.780653ms)
✔ B4 expired links, suspended schools, CSRF and exchange throttles deny without creating a parent identity (501.213539ms)
✔ B1 delegated grants and invitation acceptance stay inside the current expiry ceiling; backdated assignments require a reason (417.242885ms)
✔ B2 shrinking class capacity checks planned future occupancy peaks, rather than only today (143.78571ms)
✔ B5 dated groups retain moves and same-day cancellations, require current class versions and end group-leader duties (797.374925ms)
✔ B5 position holders serialize and remain valid conduct sources; locked source history cannot be shortened (599.734567ms)
✔ B5 seating validates effective enrollment and unique seats, preserves dated revisions and denies subject-only reads (727.557768ms)
✔ B2/B5 a transfer closes dated groups/positions and retains cancelled future plans atomically (448.601207ms)
✔ B5 timetable materializes bounded future lessons, publishes child-only projections and preserves past/source history (902.081228ms)
✔ B5 timetable rejects teacher/room collisions and revoked assignments, skips holidays and revalidates source versions (1233.603264ms)
✔ B5 duties publish only individual tasks, reject foreign enrollment and retain immutable publication/withdraw history (498.633435ms)
✔ B5 group duties expand the effective group at publication and retain the individual targets after later moves (743.766101ms)
✔ B5 activities count only explicit participants, preserve published states and require current source/review authority (1057.054917ms)
✔ B5 approved activity results are explicit conduct sources and locked approved facts protect their source history (508.583191ms)
✔ B5 evidence stays private until review and publication; parent documents remain child-bound and filter file availability (25698.407255ms)
✔ B5 class announcements retain immutable publication across edits, bind one recipient and reject foreign class reads (3547.576896ms)
✔ B5 public school announcements sanitize content and keep draft/private replacements out of the public projection (2682.194477ms)
✔ B5 scheduled announcements wait for their due time, publish once through a worker and safely replay after an acknowledgement loss (1442.889111ms)
✔ B5 scheduled publication rechecks the creator grant and reports a failed queue without exposing a parent snapshot (1577.134165ms)
✔ B5 announcement attachments remain private to one child, obey link download rights and disappear when archived or withdrawn (1500.713494ms)
✔ B5 school settings persist with version guards, affect only new link expiry and suppress work contacts without changing old link permissions (1194.272461ms)
✔ B5 disabling homeroom publication takes effect inside existing sessions and restores only after an explicit setting change (885.718143ms)
✔ B3 configured second approval rejects self approval in API and SQL, while a different scoped approver permits atomic adjustment (733.386237ms)
✔ B5 personal notifications paginate across actual memberships, deduplicate publication events and deny foreign recipients and cross-user cursors (1270.660067ms)
✔ B5 withdrawn announcements redact retained staff notifications instead of exposing a stale published target (48356.096892ms)
✔ B5 dashboards count real scoped rows, keep homeroom and subject tasks separate and immediately recheck revocation (5217.505166ms)
✔ B5 teacher schedule is own dated teaching and announcement feed reads only current publications across draft edits (4600.43869ms)
✔ B5 dashboard attendance counters and publication tasks follow persisted marks, publish/withdraw and current school policy (2587.764491ms)
✔ B2 platform creates only metadata drafts, bootstraps admin roles/invitations and requires an active administrator for activation (5337.358048ms)
✔ B5 platform settings and operation records persist actual state, redact artifacts and reauthorize command replays (241.654629ms)
✔ B1 platform admin invitations obey operator expiry ceilings and acceptance rolls back after authority expires (138.952139ms)
✔ B5 support tickets persist both sides, preserve queue states and exact timestamp pagination, and deny other schools (336.817932ms)
✔ B1 support requests require independent current school consent, retain immutable scope and bind tickets/classes/actions/time (303.770895ms)
✔ B1 explicitly selected support grants authorize only scoped metadata GETs, audit the actual operator and force read-only SQL (238.311979ms)
✔ B1 school-wide support metadata never exposes import rows/downloads and expires without fallback to operator privileges (3499.86186ms)
✔ B1 an operator who also has school-admin rights still cannot self-approve or combine selected support scope with ordinary rights (179.093493ms)
✔ B5 signed native keysets cross a nullable sort boundary without dropping or repeating persisted schools (23629.712914ms)
✔ B5 report SQL uses real scoped counts and immutable CSV export content while live attendance changes (884.81065ms)
✔ B5 published report exports pin revisions across replacement and withdrawal without exposing drafts (994.227298ms)
✔ B5 export XLSX/PDF are actual files with literal formula text, Vietnamese font and private download authorization (1034.642797ms)
✔ B5 subject reports remain own lesson attendance and scoped activities without school/family/conduct/export access (6973.815347ms)
✔ B5 export workers and all file paths reauthorize revocation, expiry and cancellation, and replay completed work safely (931.503905ms)
✔ B5 conduct/activity/progress/link reports use actual pinned scores, explicit participant denominators and anonymous link use (996.794141ms)
✔ B6 organization display fields persist with versions and tenant-safe references instead of being silently ignored (380.128404ms)
✔ B6 year wizard creates bounded terms, weeks, published holidays and independent draft rules atomically and idempotently (661.45273ms)
✔ B6 class form assigns homeroom atomically, denies foreign/backdated inputs, requires handover and preserves archived history (914.353273ms)
✔ B6 organization projections scope counts in SQL and a year-only grant cannot copy or publish rules (6826.868787ms)
✔ B6 purpose-bound form pickers use current write authority, exclude contacts/roles/counts and deny normal directory access (356.294285ms)
✔ B6 rollover preview uses exact end-year enrollment, minimal workflow authority and immediate revocation (587.001909ms)
✔ B6 platform school wizard creates its optional admin invitation atomically and redacts form metadata (9082.980764ms)
✔ B6 platform school form readers never lend admin or read authority to a create-only operator (166.572223ms)
✔ B6 school overview keeps current scoped totals, actual setup and publication metadata without lending school-wide reads (3423.418165ms)
✔ B6 support choices/counts are scoped SQL metadata, ticket message/status save atomically and an operator only relinquishes its own grant (349.584728ms)
✔ B6 platform audit filters exact actors and whole local date boundaries before pagination and denies school-only staff (131.332721ms)
✔ B6 school support metadata does not borrow consent authority, counts in SQL and rechecks permission before replay (529.808777ms)
✔ B6 school audit uses the school timezone and exact SQL filters with tenant-safe history options (350.70547ms)
✔ B6 operational probes use worker-only cycle evidence, actual backup records and purpose-bound aggregate authority (4861.045668ms)
✔ B6 atomic school-role replacement retains expiry/class scopes, detects independent grants and rolls back all failures (549.014952ms)
✔ B6 school-role replacement prevents self edits, last-admin removal, ceiling/expiry breaches and unauthorized cached replay (446.374396ms)
✔ B6 ending a membership revokes all current/future grants and assignments without deleting history or other schools (500.309427ms)
✔ B6 native school invitations persist all roles/profile, replay once and accept multiple or zero grants atomically (371.360128ms)
✔ B6 zero-role invitation still rechecks current inviter membership and mail authority before acceptance (203.802548ms)
✔ B6 expired staff invitations cannot be revoked as pending or delivered, and preserve their history (165.90634ms)
✔ B6 staff directory combines authorized pending invitations in SQL, searches folded work data and counts before keysets (522.053766ms)
✔ B6 directory read does not lend invitation, role catalog, assignment or export authority and revocation invalidates opaque scope cursors (467.069046ms)
✔ B6 Vietnamese composite keysets preserve given/full-name order, case/diacritic ties and nullable departments in both directions (709.455743ms)
✔ B6 locked identities keep their directory lifecycle but have no effective grants, and active KPI does not fabricate access (197.25098ms)
✔ B6 member details return real coarse other-school counts and work contacts without opening another tenant (377.007083ms)
✔ B6 member aggregate checks current school authority, target membership and SQL role before returning any count (391.610405ms)
✔ B6 member effective permissions and assignment history follow native grant time, membership, identity and assignment dates (767.208104ms)
✔ B6 member role choices respect action-specific delegation expiry without borrowing a role catalog (372.781217ms)
✔ B6 member history filters member, assignment and grant events before counting/keysets, with independent audit authority (602.655515ms)
✔ B6 personal notifications traverse more than 100 real own memberships without truncating global totals or opaque pages (78913.766908ms)
✔ B6 assignment preview is read-only, uses school-local instants and preserves displayed source versions before saving (718.928892ms)
✔ B6 assignment preview compares exact subject scopes, rejects overlapping windows and rechecks expired delegation on repeated POST (913.819542ms)
✔ B6 assignment preview detects source member changes, rejects malformed/foreign proposals and advertises future/configured publication timing (408.53982ms)
✔ B6 assignment matrix returns actual nullable cells and minimal work names under independent assignment-read authority (571.719899ms)
✔ B6 assignment matrix keeps an unconfigured year explicit and archived display reference separate from authority (322.256359ms)
✔ B6 role metadata keeps native scopes and real counts without lending member/audit access or treating custom class grants as assignments (528.109105ms)
✔ B6 role details show only independently authorized holders/history and save scoped deltas with a displayed version (15565.092825ms)
✔ B6 future held roles and immutable system templates cannot be edited by their holder (385.804466ms)
✔ B6 editing live roles cannot expand permissions beyond the current editor expiry ceiling (361.051697ms)
✔ B6 handover preview reads real current source/counts under purpose authority without member, family or role catalog access (783.540193ms)
✔ B6 handover applies exactly once with school-local cutoffs, durable receipts, own-actor recovery and preserved source authorship (2193.228453ms)
✔ B6 changed handover sources fail before submission or application and require an explicit review of the same pending receipt (2943.953436ms)
✔ B6 open-item changes invalidate handover review and linked source grants are never extended at the cutoff (2167.742181ms)
✔ B6 handover receipts remain actor/school bound, recheck delegation and deny immutable-source replacement (1740.55457ms)
✔ B6 student creation allocates actual codes and atomically retains enrollment, gender and a separate unverified guardian (650.243312ms)
✔ B6 student form failures roll back every row and optional contacts require independent current authority on replay (591.941172ms)
✔ B6 student edits retain displayed versions and never replay internal notes after private profile authority is revoked (365.236678ms)
✔ B6 student unknown historic gender remains null and invalid gender/guardian state cannot be fabricated (202.226212ms)
✔ B6 real CSV gender mapping normalizes supported values, preserves unmapped sources and retains invalid rows (9437.273702ms)
✔ B6 native student directory applies Vietnamese keysets, exact SQL filters and minimal selected identifiers (551.889233ms)
✔ B6 native student projections separate school roster authority from family, note and link authority in the same session (455.621344ms)
✔ B6 archived student history uses an explicit included date and stored group, position and teacher sources (261.310226ms)
✔ B6 subject pupil projection remains minimal and class history cannot retain family access after enrollment ends (563.32813ms)
✔ B6 pupil link metadata reflects real events, bounded recent history and revocation without returning reusable secrets (309.972351ms)
✔ B6 an unconfigured school directory returns actual null year context without fabricated class or student data (194.991246ms)
✔ B6 verified family counters remain verified when receiving permission is explicitly disabled (289.63997ms)
✔ B6 atomic guardian save creates unverified contacts, replays one receipt and prevents duplicate new commands (341.01531ms)
✔ B6 atomic guardian save serializes competing displayed student versions (211.836404ms)
✔ B6 guardian form grants class family authority without student read or unscoped sibling data (452.020075ms)
✔ B6 atomic guardian edits preserve verified receiving choices and reject stale contact versions without partial priority changes (338.77829ms)
✔ B6 guardian save detects independently changed primary references and preserves every row on failure (298.535796ms)
✔ B6 guardian save rejects masked phones, foreign pairings and mutation of archived contacts (331.323933ms)
✔ B6 guardian form and cached saves recheck enrollment end and grant expiry in the same session (398.522845ms)
✔ B6 atomic guardian save rolls back contacts, relationships, primary changes, audit and receipt after a real SQL fault (247.180144ms)
✔ B6 school guardian directory uses SQL folded search, literal wildcards, signed keysets and independent link counters (486.74679ms)
✔ B6 class guardian reads exclude all unscoped sibling relationships and immediately lose access after enrollment or grant ends (326.729375ms)
✔ B6 shared guardian contact edits require management of every affected class and current read authority even for a replay (719.131687ms)
✔ B6 guardian profile exposes real verification and revocation metadata but removes link and audit panels when their separate rights end (699.174451ms)
✔ B6 partial student write acknowledgements redact unsubmitted protected fields including stored old receipts (281.305867ms)
✔ B6 bounded school class overview preserves query results, local JIT preference and the five-second runtime timeout (175.663052ms)
✔ B6 native invitation choices require current invitation authority, preserve delegation ceilings and never borrow a role catalog (412.955724ms)
✔ B6 native staff activity is SQL-bounded to staff targets, rechecks audit authority and keeps foreign and family records out (361.812926ms)
✔ B6 student-create choices use current class write authority without borrowing roster, year or class readers (401.413722ms)
✔ B6 parent-issue purpose readers paginate over 1000 pupils, keep current class/time authority and expose no contact or token (666.512206ms)
✔ B6 reviewed parent issuance rejects stale sources, rotates atomically, converts local dates and never replays secrets (686.539702ms)
✔ B6 parent metadata directory keeps manage scope, current capabilities, real counts and no borrowed contact/catalog data (1083.463308ms)
✔ B6 parent metadata masks independently authorized contact, paginates anonymous history and tracks only actual replacement facts (1331.807308ms)
✔ B6 parent attendance month exposes only real child sessions and published scoped holiday labels without borrowing overview (1502.079635ms)
✔ B6 parent attendance calendar SQL function checks exact child/year/school/current session and cannot expose raw calendar tables (569.542327ms)
✔ B6 parent teacher directory uses own live class assignments, shared work fields and only current published schedule weekdays (1085.769387ms)
✔ B6 parent teacher SQL denies foreign or missing context, honors current enrollment/grant/contact changes and never grants raw memberships (610.101995ms)
✔ B6 parent monthly denominator includes only actual own DAILY publications and keeps LESSON attendance separate (1032.764313ms)
✔ B6 parent published dated projections retain old enrollment history and exclude old-class plans from the transfer cutoff (766.31325ms)
✔ B6 parent duty schedule includes all published batch rows and current source statuses, denies other scopes and follows withdrawal (1266.221353ms)
✔ B6 parent timetable week keeps pinned published period/status/work labels, own holiday calendar and independent preview through replacement and withdrawal (3511.124079ms)
✔ B6 parent timetable week SQL denies foreign/current-section contexts and raw sources, clips the year and follows transfer or link revocation (2017.307497ms)
✔ B6 parent documents complete directory and metadata use actual published reports, independent view/download rights and matching scoped previews (2582.744689ms)
✔ B6 parent file guards deny raw storage, foreign contexts, expiry and revocation committed between file open and final stream check (852.24689ms)
✔ B6 parent published activity directory and detail pin the own-child state and metadata until replacement or withdrawal (1218.502727ms)
✔ B6 parent published announcements pin rich content and scope kinds while attachments retain current independent rights (2051.123609ms)
✔ B6 parent conduct display pins published own decimals and metadata and exposes only the same child revision history through adjustment and withdrawal (842.98081ms)
✔ B6 parent conduct metadata and history deny wrong school child year section session, raw sources and revoked relationships (547.99614ms)
{"checkpoint":"platform-school-page-real-cohort","schools":2573,"firstRows":1,"firstMs":6.997665000031702}
✔ B6 platform school pagination counts its real base cohort without computing every school aggregate and preserves filters search metadata and current denial (153.014827ms)
ℹ tests 176
ℹ suites 0
ℹ pass 176
ℹ fail 0
ℹ cancelled 0
ℹ skipped 0
ℹ todo 0
ℹ duration_ms 608276.617449
exitCode=0
