 Container edumanage_backend_test-runner-run-9b97bd2049f8 Creating
 Container edumanage_backend_test-runner-run-9b97bd2049f8 Created
✔ B5 all 264 supplied operations and explicit frontend workflow extensions have registered real handlers (452.808681ms)
✔ BE01 migration replay is a no-op, mismatch fails and metadata remains intact (76.978577ms)
✔ BE02 cross-school enrollment FK rejects write using the real runtime role (10.722548ms)
✔ BE03 no-tenant denies and SET LOCAL cannot leak across a reused connection (4.247657ms)
✔ BE04 bootstrap only exposes the authenticated user memberships without tenant (10.04924ms)
✔ BE05 HOMEROOM A plus SUBJECT B cannot authorize seating or guardians in B (5548.048635ms)
✔ BE06 revoked membership is checked during an existing session and B stays independent (55.886762ms)
✔ B6 self context carries only own current duties and separates self-profile from school contacts (9851.220936ms)
✔ BE08 CSRF, credential validation, cookie flags, session rotation and rate limiting (105.721461ms)
✔ BE10 concurrent profile patches serialize with a single version winner (53.574157ms)
✔ B6 password/session commands use actual cookies, reject bad passwords and revoke every session after change (327.838118ms)
{"checkpoint":"parent-without-context","queryMs":5.561,"planExecutionMs":0.016,"planRows":0}
✔ BE21 parent runtime role cannot select raw student rows (15.53446ms)
✔ B0 health ready checks actual migrations, database and private storage (26.129868ms)
✔ B2 class lists use SQL scope and cross-school details deny before serialization (264.029052ms)
✔ BE09 idempotent organization create/retry/concurrency performs one write (75.379108ms)
✔ B2 required idempotency, class capacity/reference validation and version conflicts (128.701142ms)
✔ B2 signed cursor rejects scope/filter modification and delivers distinct pages (3664.01197ms)
✔ B2 subject student projection omits family/internal notes and denies guardians (390.084161ms)
✔ B2 guardian create does not merge matching phone, relationships start unverified (133.025897ms)
✔ BE07 existing identity invitation requires its session and preserves password/other school (4604.515512ms)
✔ B1 password reset token is encrypted, single-use and revokes all prior sessions (358.776688ms)
✔ B2 staff delegation stays within the ceiling, custom class scope and immediate revocation (962.572795ms)
✔ B2 transfers serialize capacity, handover removes the old teacher and rollover binds its preview (1961.667583ms)
✔ B2 scoped guardian creation cannot acquire an unrelated family through relationship IDs (862.005045ms)
✔ B2/B5 uploads remain private until worker processing, leases serialize and local mail erases encrypted secrets (171691.458649ms)
✔ B2 imports parse real CSV, bind stale previews, avoid name/phone merges and retain invalid rows safely (5763.906753ms)
✔ B2/B5 timetable import checks assignments and overlapping slots, creates only a draft and deduplicates retries (3965.777447ms)
✔ B2 imports update only verified codes, create class drafts and staff invitations with work profiles (10131.17867ms)
✔ B2 large import resumes after a lost chunk without duplicating applied rows and checks current school authority (7071.135968ms)
✔ B3 attendance starts unmarked, versions every source change and publishes immutable one-student projections (637.717977ms)
✔ B3 subject attendance requires its actual lesson and cannot borrow daily access from another class (686.72328ms)
✔ B3 a simultaneous attendance edit and publish has one winner and never publishes a mixed source version (235.775042ms)
✔ B3 rule sets require explicit points, immutable issuance and effective week application (540.360508ms)
✔ B3 conduct reviews preserve facts, lock READY projections and publish only the exact pinned source (1118.540157ms)
✔ B3 conduct linked attendance detects stale sources and subject teachers see only their own lesson facts (1299.67922ms)
✔ B3 approved adjustments retain old facts and atomically replace the current publication with a reviewed preview (632.725102ms)
✔ B3 a simultaneous conduct record and lock/publish has one source winner (342.016754ms)
✔ B3 attendance linkage deduplicates, excludes corrected drafts and leaves locked scores unchanged with explicit warnings (602.66094ms)
✔ B4 private parent links expose only published child projections, preserve staff cookies and bind the active tab context (1261.420046ms)
✔ B4 section/download rights, reissue, relationship revocation and foreign UUIDs are checked on each new parent request (534.554416ms)
✔ B4 private documents stream only with both download rights, and teacher contact projections use shared work fields (1415.063708ms)
✔ B4 expired links, suspended schools, CSRF and exchange throttles deny without creating a parent identity (986.643858ms)
✔ B1 delegated grants and invitation acceptance stay inside the current expiry ceiling; backdated assignments require a reason (330.743992ms)
✔ B2 shrinking class capacity checks planned future occupancy peaks, rather than only today (122.276781ms)
✔ B5 dated groups retain moves and same-day cancellations, require current class versions and end group-leader duties (604.021048ms)
✔ B5 position holders serialize and remain valid conduct sources; locked source history cannot be shortened (553.969386ms)
✔ B5 seating validates effective enrollment and unique seats, preserves dated revisions and denies subject-only reads (835.402396ms)
✔ B2/B5 a transfer closes dated groups/positions and retains cancelled future plans atomically (563.458845ms)
✔ B5 timetable materializes bounded future lessons, publishes child-only projections and preserves past/source history (1060.016179ms)
✔ B5 timetable rejects teacher/room collisions and revoked assignments, skips holidays and revalidates source versions (1252.340023ms)
✔ B5 duties publish only individual tasks, reject foreign enrollment and retain immutable publication/withdraw history (533.146128ms)
✔ B5 group duties expand the effective group at publication and retain the individual targets after later moves (902.238828ms)
✔ B5 activities count only explicit participants, preserve published states and require current source/review authority (1219.632023ms)
✔ B5 approved activity results are explicit conduct sources and locked approved facts protect their source history (474.807688ms)
✔ B5 evidence stays private until review and publication; parent documents remain child-bound and filter file availability (23721.008472ms)
✔ B5 class announcements retain immutable publication across edits, bind one recipient and reject foreign class reads (2711.10759ms)
✔ B5 public school announcements sanitize content and keep draft/private replacements out of the public projection (2931.437565ms)
✔ B5 scheduled announcements wait for their due time, publish once through a worker and safely replay after an acknowledgement loss (1482.204998ms)
✔ B5 scheduled publication rechecks the creator grant and reports a failed queue without exposing a parent snapshot (1707.785629ms)
✔ B5 announcement attachments remain private to one child, obey link download rights and disappear when archived or withdrawn (1756.369171ms)
✔ B5 school settings persist with version guards, affect only new link expiry and suppress work contacts without changing old link permissions (1069.043624ms)
✔ B5 disabling homeroom publication takes effect inside existing sessions and restores only after an explicit setting change (827.609469ms)
✔ B3 configured second approval rejects self approval in API and SQL, while a different scoped approver permits atomic adjustment (609.372066ms)
✔ B5 personal notifications paginate across actual memberships, deduplicate publication events and deny foreign recipients and cross-user cursors (1150.946136ms)
✔ B5 withdrawn announcements redact retained staff notifications instead of exposing a stale published target (38661.478907ms)
✔ B5 dashboards count real scoped rows, keep homeroom and subject tasks separate and immediately recheck revocation (4162.500772ms)
✔ B5 teacher schedule is own dated teaching and announcement feed reads only current publications across draft edits (3598.699013ms)
✔ B5 dashboard attendance counters and publication tasks follow persisted marks, publish/withdraw and current school policy (1101.428173ms)
✔ B2 platform creates only metadata drafts, bootstraps admin roles/invitations and requires an active administrator for activation (4071.391524ms)
✔ B5 platform settings and operation records persist actual state, redact artifacts and reauthorize command replays (7097.862682ms)
✔ B1 platform admin invitations obey operator expiry ceilings and acceptance rolls back after authority expires (317.812067ms)
✔ B5 support tickets persist both sides, preserve queue states and exact timestamp pagination, and deny other schools (822.207614ms)
✔ B1 support requests require independent current school consent, retain immutable scope and bind tickets/classes/actions/time (689.925998ms)
✔ B1 explicitly selected support grants authorize only scoped metadata GETs, audit the actual operator and force read-only SQL (750.794508ms)
✔ B1 school-wide support metadata never exposes import rows/downloads and expires without fallback to operator privileges (4247.654635ms)
✔ B1 an operator who also has school-admin rights still cannot self-approve or combine selected support scope with ordinary rights (750.271231ms)
✔ B5 signed native keysets cross a nullable sort boundary without dropping or repeating persisted schools (17851.331493ms)
✔ B5 report SQL uses real scoped counts and immutable CSV export content while live attendance changes (859.706522ms)
✔ B5 published report exports pin revisions across replacement and withdrawal without exposing drafts (944.367571ms)
✔ B5 export XLSX/PDF are actual files with literal formula text, Vietnamese font and private download authorization (1079.250859ms)
✔ B5 subject reports remain own lesson attendance and scoped activities without school/family/conduct/export access (5071.584928ms)
✔ B5 export workers and all file paths reauthorize revocation, expiry and cancellation, and replay completed work safely (846.19494ms)
✔ B5 conduct/activity/progress/link reports use actual pinned scores, explicit participant denominators and anonymous link use (865.753952ms)
✔ B6 organization display fields persist with versions and tenant-safe references instead of being silently ignored (346.650777ms)
✔ B6 year wizard creates bounded terms, weeks, published holidays and independent draft rules atomically and idempotently (559.649825ms)
✔ B6 class form assigns homeroom atomically, denies foreign/backdated inputs, requires handover and preserves archived history (838.417114ms)
✔ B6 organization projections scope counts in SQL and a year-only grant cannot copy or publish rules (5760.289319ms)
✔ B6 purpose-bound form pickers use current write authority, exclude contacts/roles/counts and deny normal directory access (352.879299ms)
✔ B6 rollover preview uses exact end-year enrollment, minimal workflow authority and immediate revocation (519.450655ms)
✔ B6 platform school wizard creates its optional admin invitation atomically and redacts form metadata (14052.432347ms)
✔ B6 platform school form readers never lend admin or read authority to a create-only operator (184.466657ms)
✔ B6 school overview keeps current scoped totals, actual setup and publication metadata without lending school-wide reads (3104.561161ms)
✔ B6 support choices/counts are scoped SQL metadata, ticket message/status save atomically and an operator only relinquishes its own grant (333.393506ms)
✔ B6 platform audit filters exact actors and whole local date boundaries before pagination and denies school-only staff (119.846702ms)
✔ B6 school support metadata does not borrow consent authority, counts in SQL and rechecks permission before replay (1324.171864ms)
✔ B6 school audit uses the school timezone and exact SQL filters with tenant-safe history options (873.985976ms)
✔ B6 operational probes use worker-only cycle evidence, actual backup records and purpose-bound aggregate authority (6423.756293ms)
✔ B6 atomic school-role replacement retains expiry/class scopes, detects independent grants and rolls back all failures (646.239487ms)
✔ B6 school-role replacement prevents self edits, last-admin removal, ceiling/expiry breaches and unauthorized cached replay (367.120155ms)
✔ B6 ending a membership revokes all current/future grants and assignments without deleting history or other schools (478.566645ms)
✔ B6 native school invitations persist all roles/profile, replay once and accept multiple or zero grants atomically (326.193933ms)
✔ B6 zero-role invitation still rechecks current inviter membership and mail authority before acceptance (190.621743ms)
✔ B6 expired staff invitations cannot be revoked as pending or delivered, and preserve their history (166.731354ms)
✔ B6 staff directory combines authorized pending invitations in SQL, searches folded work data and counts before keysets (479.530948ms)
✔ B6 directory read does not lend invitation, role catalog, assignment or export authority and revocation invalidates opaque scope cursors (346.902533ms)
✔ B6 Vietnamese composite keysets preserve given/full-name order, case/diacritic ties and nullable departments in both directions (539.376976ms)
✔ B6 locked identities keep their directory lifecycle but have no effective grants, and active KPI does not fabricate access (187.378076ms)
✔ B6 member details return real coarse other-school counts and work contacts without opening another tenant (363.743276ms)
✔ B6 member aggregate checks current school authority, target membership and SQL role before returning any count (288.947156ms)
✔ B6 member effective permissions and assignment history follow native grant time, membership, identity and assignment dates (652.810676ms)
✔ B6 member role choices respect action-specific delegation expiry without borrowing a role catalog (342.306326ms)
✔ B6 member history filters member, assignment and grant events before counting/keysets, with independent audit authority (510.727509ms)
✔ B6 personal notifications traverse more than 100 real own memberships without truncating global totals or opaque pages (61945.190921ms)
✔ B6 assignment preview is read-only, uses school-local instants and preserves displayed source versions before saving (510.704476ms)
✔ B6 assignment preview compares exact subject scopes, rejects overlapping windows and rechecks expired delegation on repeated POST (767.240061ms)
✔ B6 assignment preview detects source member changes, rejects malformed/foreign proposals and advertises future/configured publication timing (363.246408ms)
✔ B6 assignment matrix returns actual nullable cells and minimal work names under independent assignment-read authority (443.521699ms)
✔ B6 assignment matrix keeps an unconfigured year explicit and archived display reference separate from authority (274.375421ms)
✔ B6 role metadata keeps native scopes and real counts without lending member/audit access or treating custom class grants as assignments (460.703347ms)
✔ B6 role details show only independently authorized holders/history and save scoped deltas with a displayed version (11363.478871ms)
✔ B6 future held roles and immutable system templates cannot be edited by their holder (553.85997ms)
✔ B6 editing live roles cannot expand permissions beyond the current editor expiry ceiling (309.294804ms)
✔ B6 handover preview reads real current source/counts under purpose authority without member, family or role catalog access (451.826679ms)
✔ B6 handover applies exactly once with school-local cutoffs, durable receipts, own-actor recovery and preserved source authorship (1147.130045ms)
✔ B6 changed handover sources fail before submission or application and require an explicit review of the same pending receipt (1848.058885ms)
✔ B6 open-item changes invalidate handover review and linked source grants are never extended at the cutoff (1531.530289ms)
✔ B6 handover receipts remain actor/school bound, recheck delegation and deny immutable-source replacement (862.713915ms)
✔ B6 student creation allocates actual codes and atomically retains enrollment, gender and a separate unverified guardian (250.050049ms)
✔ B6 student form failures roll back every row and optional contacts require independent current authority on replay (377.549491ms)
✔ B6 student edits retain displayed versions and never replay internal notes after private profile authority is revoked (324.448522ms)
✔ B6 student unknown historic gender remains null and invalid gender/guardian state cannot be fabricated (160.988618ms)
✔ B6 real CSV gender mapping normalizes supported values, preserves unmapped sources and retains invalid rows (4081.932088ms)
✔ B6 native student directory applies Vietnamese keysets, exact SQL filters and minimal selected identifiers (546.787201ms)
✔ B6 native student projections separate school roster authority from family, note and link authority in the same session (390.005302ms)
✔ B6 archived student history uses an explicit included date and stored group, position and teacher sources (234.607578ms)
✔ B6 subject pupil projection remains minimal and class history cannot retain family access after enrollment ends (362.708997ms)
✔ B6 pupil link metadata reflects real events, bounded recent history and revocation without returning reusable secrets (273.359148ms)
✔ B6 an unconfigured school directory returns actual null year context without fabricated class or student data (150.708854ms)
✔ B6 verified family counters remain verified when receiving permission is explicitly disabled (200.713958ms)
✔ B6 atomic guardian save creates unverified contacts, replays one receipt and prevents duplicate new commands (288.762608ms)
✔ B6 atomic guardian save serializes competing displayed student versions (219.246531ms)
✔ B6 guardian form grants class family authority without student read or unscoped sibling data (349.00471ms)
✔ B6 atomic guardian edits preserve verified receiving choices and reject stale contact versions without partial priority changes (292.890112ms)
✔ B6 guardian save detects independently changed primary references and preserves every row on failure (288.893196ms)
✔ B6 guardian save rejects masked phones, foreign pairings and mutation of archived contacts (314.032099ms)
✔ B6 guardian form and cached saves recheck enrollment end and grant expiry in the same session (342.681318ms)
✔ B6 atomic guardian save rolls back contacts, relationships, primary changes, audit and receipt after a real SQL fault (237.502767ms)
✔ B6 school guardian directory uses SQL folded search, literal wildcards, signed keysets and independent link counters (456.516323ms)
✔ B6 class guardian reads exclude all unscoped sibling relationships and immediately lose access after enrollment or grant ends (327.800962ms)
✔ B6 shared guardian contact edits require management of every affected class and current read authority even for a replay (593.293874ms)
✔ B6 guardian profile exposes real verification and revocation metadata but removes link and audit panels when their separate rights end (424.659848ms)
✔ B6 partial student write acknowledgements redact unsubmitted protected fields including stored old receipts (238.536384ms)
✔ B6 bounded school class overview preserves query results, local JIT preference and the five-second runtime timeout (173.755954ms)
✔ B6 native invitation choices require current invitation authority, preserve delegation ceilings and never borrow a role catalog (383.597695ms)
✔ B6 native staff activity is SQL-bounded to staff targets, rechecks audit authority and keeps foreign and family records out (251.031078ms)
✔ B6 student-create choices use current class write authority without borrowing roster, year or class readers (396.710681ms)
✔ B6 parent-issue purpose readers paginate over 1000 pupils, keep current class/time authority and expose no contact or token (637.914206ms)
✔ B6 reviewed parent issuance rejects stale sources, rotates atomically, converts local dates and never replays secrets (671.486168ms)
✔ B6 parent metadata directory keeps manage scope, current capabilities, real counts and no borrowed contact/catalog data (1014.838846ms)
✔ B6 parent metadata masks independently authorized contact, paginates anonymous history and tracks only actual replacement facts (1541.546374ms)
✔ B6 parent attendance month exposes only real child sessions and published scoped holiday labels without borrowing overview (1376.734166ms)
✔ B6 parent attendance calendar SQL function checks exact child/year/school/current session and cannot expose raw calendar tables (575.997727ms)
✔ B6 parent teacher directory uses own live class assignments, shared work fields and only current published schedule weekdays (1013.532827ms)
✔ B6 parent teacher SQL denies foreign or missing context, honors current enrollment/grant/contact changes and never grants raw memberships (572.476081ms)
✔ B6 parent monthly denominator includes only actual own DAILY publications and keeps LESSON attendance separate (826.565051ms)
✔ B6 parent published dated projections retain old enrollment history and exclude old-class plans from the transfer cutoff (654.537839ms)
✔ B6 parent duty schedule includes all published batch rows and current source statuses, denies other scopes and follows withdrawal (1000.963587ms)
✔ B6 parent timetable week keeps pinned published period/status/work labels, own holiday calendar and independent preview through replacement and withdrawal (3003.311117ms)
✔ B6 parent timetable week SQL denies foreign/current-section contexts and raw sources, clips the year and follows transfer or link revocation (1723.138514ms)
✔ B6 parent documents complete directory and metadata use actual published reports, independent view/download rights and matching scoped previews (2592.118591ms)
✔ B6 parent file guards deny raw storage, foreign contexts, expiry and revocation committed between file open and final stream check (449.925116ms)
ℹ tests 171
ℹ suites 0
ℹ pass 171
ℹ fail 0
ℹ cancelled 0
ℹ skipped 0
ℹ todo 0
ℹ duration_ms 534035.690293
exitCode=0
