 Container edumanage_backend_test-postgres-1 Running
 Container edumanage_backend_test-postgres-1 Waiting
 Container edumanage_backend_test-postgres-1 Healthy
 Container edumanage_backend_test-runner-run-53ddd69b77eb Creating
 Container edumanage_backend_test-runner-run-53ddd69b77eb Created
✔ B5 all 264 supplied operations and explicit frontend workflow extensions have registered real handlers (464.469518ms)
✔ BE01 migration replay is a no-op, mismatch fails and metadata remains intact (63.543767ms)
✔ BE02 cross-school enrollment FK rejects write using the real runtime role (10.377965ms)
✔ BE03 no-tenant denies and SET LOCAL cannot leak across a reused connection (3.933157ms)
✔ BE04 bootstrap only exposes the authenticated user memberships without tenant (8.264801ms)
✔ BE05 HOMEROOM A plus SUBJECT B cannot authorize seating or guardians in B (4274.479784ms)
✔ BE06 revoked membership is checked during an existing session and B stays independent (46.337582ms)
✔ B6 self context carries only own current duties and separates self-profile from school contacts (7641.820969ms)
✔ BE08 CSRF, credential validation, cookie flags, session rotation and rate limiting (120.847362ms)
✔ BE10 concurrent profile patches serialize with a single version winner (65.614043ms)
✔ B6 password/session commands use actual cookies, reject bad passwords and revoke every session after change (364.243353ms)
{"checkpoint":"parent-without-context","queryMs":6.813,"planExecutionMs":0.016,"planRows":0}
✔ BE21 parent runtime role cannot select raw student rows (16.894271ms)
✔ B0 health ready checks actual migrations, database and private storage (27.143979ms)
✔ B2 class lists use SQL scope and cross-school details deny before serialization (319.256218ms)
✔ BE09 idempotent organization create/retry/concurrency performs one write (84.448419ms)
✔ B2 required idempotency, class capacity/reference validation and version conflicts (145.652828ms)
✔ B2 signed cursor rejects scope/filter modification and delivers distinct pages (3477.566311ms)
✔ B2 subject student projection omits family/internal notes and denies guardians (402.465183ms)
✔ B2 guardian create does not merge matching phone, relationships start unverified (119.464897ms)
✔ BE07 existing identity invitation requires its session and preserves password/other school (3482.936041ms)
✔ B1 password reset token is encrypted, single-use and revokes all prior sessions (140.039248ms)
✔ B2 staff delegation stays within the ceiling, custom class scope and immediate revocation (853.259274ms)
✔ B2 transfers serialize capacity, handover removes the old teacher and rollover binds its preview (1870.455394ms)
✔ B2 scoped guardian creation cannot acquire an unrelated family through relationship IDs (447.528208ms)
✔ B2/B5 uploads remain private until worker processing, leases serialize and local mail erases encrypted secrets (129154.261517ms)
✔ B2 imports parse real CSV, bind stale previews, avoid name/phone merges and retain invalid rows safely (5524.276538ms)
✔ B2/B5 timetable import checks assignments and overlapping slots, creates only a draft and deduplicates retries (3424.996792ms)
✔ B2 imports update only verified codes, create class drafts and staff invitations with work profiles (8544.148211ms)
✔ B2 large import resumes after a lost chunk without duplicating applied rows and checks current school authority (6042.654441ms)
✔ B3 attendance starts unmarked, versions every source change and publishes immutable one-student projections (579.072287ms)
✔ B3 subject attendance requires its actual lesson and cannot borrow daily access from another class (628.434822ms)
✔ B3 a simultaneous attendance edit and publish has one winner and never publishes a mixed source version (195.035078ms)
✔ B3 rule sets require explicit points, immutable issuance and effective week application (511.56727ms)
✔ B3 conduct reviews preserve facts, lock READY projections and publish only the exact pinned source (955.371322ms)
✔ B3 conduct linked attendance detects stale sources and subject teachers see only their own lesson facts (1117.522788ms)
✔ B3 approved adjustments retain old facts and atomically replace the current publication with a reviewed preview (628.890607ms)
✔ B3 a simultaneous conduct record and lock/publish has one source winner (287.074665ms)
✔ B3 attendance linkage deduplicates, excludes corrected drafts and leaves locked scores unchanged with explicit warnings (815.644088ms)
✔ B4 private parent links expose only published child projections, preserve staff cookies and bind the active tab context (3270.869021ms)
✔ B4 section/download rights, reissue, relationship revocation and foreign UUIDs are checked on each new parent request (1518.072887ms)
✔ B4 private documents stream only with both download rights, and teacher contact projections use shared work fields (1814.86148ms)
✔ B4 expired links, suspended schools, CSRF and exchange throttles deny without creating a parent identity (1630.256127ms)
✔ B1 delegated grants and invitation acceptance stay inside the current expiry ceiling; backdated assignments require a reason (347.59881ms)
✔ B2 shrinking class capacity checks planned future occupancy peaks, rather than only today (140.092584ms)
✔ B5 dated groups retain moves and same-day cancellations, require current class versions and end group-leader duties (607.161934ms)
✔ B5 position holders serialize and remain valid conduct sources; locked source history cannot be shortened (557.943471ms)
✔ B5 seating validates effective enrollment and unique seats, preserves dated revisions and denies subject-only reads (763.127108ms)
✔ B2/B5 a transfer closes dated groups/positions and retains cancelled future plans atomically (469.768801ms)
✔ B5 timetable materializes bounded future lessons, publishes child-only projections and preserves past/source history (786.757833ms)
✔ B5 timetable rejects teacher/room collisions and revoked assignments, skips holidays and revalidates source versions (1096.683823ms)
✔ B5 duties publish only individual tasks, reject foreign enrollment and retain immutable publication/withdraw history (487.60121ms)
✔ B5 group duties expand the effective group at publication and retain the individual targets after later moves (735.12377ms)
✔ B5 activities count only explicit participants, preserve published states and require current source/review authority (1064.89714ms)
✔ B5 approved activity results are explicit conduct sources and locked approved facts protect their source history (438.822363ms)
✔ B5 evidence stays private until review and publication; parent documents remain child-bound and filter file availability (16533.730714ms)
✔ B5 class announcements retain immutable publication across edits, bind one recipient and reject foreign class reads (2396.250111ms)
✔ B5 public school announcements sanitize content and keep draft/private replacements out of the public projection (2829.50248ms)
✔ B5 scheduled announcements wait for their due time, publish once through a worker and safely replay after an acknowledgement loss (1404.453073ms)
✔ B5 scheduled publication rechecks the creator grant and reports a failed queue without exposing a parent snapshot (1507.356208ms)
✔ B5 announcement attachments remain private to one child, obey link download rights and disappear when archived or withdrawn (1622.071313ms)
✔ B5 school settings persist with version guards, affect only new link expiry and suppress work contacts without changing old link permissions (1128.894007ms)
✔ B5 disabling homeroom publication takes effect inside existing sessions and restores only after an explicit setting change (1037.122565ms)
✔ B3 configured second approval rejects self approval in API and SQL, while a different scoped approver permits atomic adjustment (753.600453ms)
✔ B5 personal notifications paginate across actual memberships, deduplicate publication events and deny foreign recipients and cross-user cursors (1219.85982ms)
✔ B5 withdrawn announcements redact retained staff notifications instead of exposing a stale published target (30160.698628ms)
✔ B5 dashboards count real scoped rows, keep homeroom and subject tasks separate and immediately recheck revocation (5412.033985ms)
✔ B5 teacher schedule is own dated teaching and announcement feed reads only current publications across draft edits (3804.673136ms)
✔ B5 dashboard attendance counters and publication tasks follow persisted marks, publish/withdraw and current school policy (1743.725794ms)
✔ B2 platform creates only metadata drafts, bootstraps admin roles/invitations and requires an active administrator for activation (3935.535947ms)
✔ B5 platform settings and operation records persist actual state, redact artifacts and reauthorize command replays (5911.612726ms)
✔ B1 platform admin invitations obey operator expiry ceilings and acceptance rolls back after authority expires (360.18966ms)
✔ B5 support tickets persist both sides, preserve queue states and exact timestamp pagination, and deny other schools (1020.498624ms)
✔ B1 support requests require independent current school consent, retain immutable scope and bind tickets/classes/actions/time (827.395141ms)
✔ B1 explicitly selected support grants authorize only scoped metadata GETs, audit the actual operator and force read-only SQL (876.773103ms)
✔ B1 school-wide support metadata never exposes import rows/downloads and expires without fallback to operator privileges (4480.416764ms)
✔ B1 an operator who also has school-admin rights still cannot self-approve or combine selected support scope with ordinary rights (478.443792ms)
✔ B5 signed native keysets cross a nullable sort boundary without dropping or repeating persisted schools (15445.153594ms)
✔ B5 report SQL uses real scoped counts and immutable CSV export content while live attendance changes (928.092082ms)
✔ B5 published report exports pin revisions across replacement and withdrawal without exposing drafts (1023.39432ms)
✔ B5 export XLSX/PDF are actual files with literal formula text, Vietnamese font and private download authorization (1050.87032ms)
✔ B5 subject reports remain own lesson attendance and scoped activities without school/family/conduct/export access (3939.906637ms)
✔ B5 export workers and all file paths reauthorize revocation, expiry and cancellation, and replay completed work safely (841.234753ms)
✔ B5 conduct/activity/progress/link reports use actual pinned scores, explicit participant denominators and anonymous link use (895.101723ms)
✔ B6 organization display fields persist with versions and tenant-safe references instead of being silently ignored (373.100262ms)
✔ B6 year wizard creates bounded terms, weeks, published holidays and independent draft rules atomically and idempotently (610.21272ms)
✔ B6 class form assigns homeroom atomically, denies foreign/backdated inputs, requires handover and preserves archived history (1006.008802ms)
✔ B6 organization projections scope counts in SQL and a year-only grant cannot copy or publish rules (5582.362389ms)
✔ B6 purpose-bound form pickers use current write authority, exclude contacts/roles/counts and deny normal directory access (365.163408ms)
✔ B6 rollover preview uses exact end-year enrollment, minimal workflow authority and immediate revocation (552.920196ms)
✔ B6 platform school wizard creates its optional admin invitation atomically and redacts form metadata (11030.580498ms)
✔ B6 platform school form readers never lend admin or read authority to a create-only operator (176.431317ms)
✔ B6 school overview keeps current scoped totals, actual setup and publication metadata without lending school-wide reads (2931.123135ms)
✔ B6 support choices/counts are scoped SQL metadata, ticket message/status save atomically and an operator only relinquishes its own grant (334.519192ms)
✔ B6 platform audit filters exact actors and whole local date boundaries before pagination and denies school-only staff (118.850943ms)
✔ B6 school support metadata does not borrow consent authority, counts in SQL and rechecks permission before replay (459.063305ms)
✔ B6 school audit uses the school timezone and exact SQL filters with tenant-safe history options (265.689078ms)
✔ B6 operational probes use worker-only cycle evidence, actual backup records and purpose-bound aggregate authority (3364.219356ms)
✔ B6 atomic school-role replacement retains expiry/class scopes, detects independent grants and rolls back all failures (454.179839ms)
✔ B6 school-role replacement prevents self edits, last-admin removal, ceiling/expiry breaches and unauthorized cached replay (369.346703ms)
✔ B6 ending a membership revokes all current/future grants and assignments without deleting history or other schools (501.26687ms)
✔ B6 native school invitations persist all roles/profile, replay once and accept multiple or zero grants atomically (345.32765ms)
✔ B6 zero-role invitation still rechecks current inviter membership and mail authority before acceptance (194.051967ms)
✔ B6 expired staff invitations cannot be revoked as pending or delivered, and preserve their history (186.040847ms)
✔ B6 staff directory combines authorized pending invitations in SQL, searches folded work data and counts before keysets (523.413476ms)
✔ B6 directory read does not lend invitation, role catalog, assignment or export authority and revocation invalidates opaque scope cursors (363.416862ms)
✖ B6 Vietnamese composite keysets preserve given/full-name order, case/diacritic ties and nullable departments in both directions (616.712675ms)
✔ B6 locked identities keep their directory lifecycle but have no effective grants, and active KPI does not fabricate access (201.761336ms)
✔ B6 member details return real coarse other-school counts and work contacts without opening another tenant (333.094924ms)
✔ B6 member aggregate checks current school authority, target membership and SQL role before returning any count (349.477462ms)
✔ B6 member effective permissions and assignment history follow native grant time, membership, identity and assignment dates (723.166819ms)
✔ B6 member role choices respect action-specific delegation expiry without borrowing a role catalog (350.519843ms)
✔ B6 member history filters member, assignment and grant events before counting/keysets, with independent audit authority (532.832979ms)
✔ B6 personal notifications traverse more than 100 real own memberships without truncating global totals or opaque pages (62792.955853ms)
✔ B6 assignment preview is read-only, uses school-local instants and preserves displayed source versions before saving (594.057243ms)
✔ B6 assignment preview compares exact subject scopes, rejects overlapping windows and rechecks expired delegation on repeated POST (950.663099ms)
✔ B6 assignment preview detects source member changes, rejects malformed/foreign proposals and advertises future/configured publication timing (460.150948ms)
✔ B6 assignment matrix returns actual nullable cells and minimal work names under independent assignment-read authority (527.659169ms)
✔ B6 assignment matrix keeps an unconfigured year explicit and archived display reference separate from authority (305.873516ms)
✔ B6 role metadata keeps native scopes and real counts without lending member/audit access or treating custom class grants as assignments (539.575606ms)
✔ B6 role details show only independently authorized holders/history and save scoped deltas with a displayed version (9196.781957ms)
✔ B6 future held roles and immutable system templates cannot be edited by their holder (294.921251ms)
✔ B6 editing live roles cannot expand permissions beyond the current editor expiry ceiling (324.252839ms)
✔ B6 handover preview reads real current source/counts under purpose authority without member, family or role catalog access (452.932195ms)
✔ B6 handover applies exactly once with school-local cutoffs, durable receipts, own-actor recovery and preserved source authorship (1197.894684ms)
✔ B6 changed handover sources fail before submission or application and require an explicit review of the same pending receipt (1964.01471ms)
✔ B6 open-item changes invalidate handover review and linked source grants are never extended at the cutoff (1578.500944ms)
✔ B6 handover receipts remain actor/school bound, recheck delegation and deny immutable-source replacement (869.19332ms)
✔ B6 student creation allocates actual codes and atomically retains enrollment, gender and a separate unverified guardian (253.868389ms)
✔ B6 student form failures roll back every row and optional contacts require independent current authority on replay (417.190714ms)
✔ B6 student edits retain displayed versions and never replay internal notes after private profile authority is revoked (365.701177ms)
✔ B6 student unknown historic gender remains null and invalid gender/guardian state cannot be fabricated (164.829789ms)
✔ B6 real CSV gender mapping normalizes supported values, preserves unmapped sources and retains invalid rows (4379.913586ms)
✔ B6 native student directory applies Vietnamese keysets, exact SQL filters and minimal selected identifiers (635.113345ms)
✔ B6 native student projections separate school roster authority from family, note and link authority in the same session (618.406541ms)
✔ B6 archived student history uses an explicit included date and stored group, position and teacher sources (260.716414ms)
✔ B6 subject pupil projection remains minimal and class history cannot retain family access after enrollment ends (398.340002ms)
✔ B6 pupil link metadata reflects real events, bounded recent history and revocation without returning reusable secrets (314.003515ms)
✔ B6 an unconfigured school directory returns actual null year context without fabricated class or student data (159.837497ms)
✔ B6 verified family counters remain verified when receiving permission is explicitly disabled (218.418311ms)
✔ B6 atomic guardian save creates unverified contacts, replays one receipt and prevents duplicate new commands (296.104881ms)
✔ B6 atomic guardian save serializes competing displayed student versions (228.595532ms)
✔ B6 guardian form grants class family authority without student read or unscoped sibling data (417.873379ms)
✔ B6 atomic guardian edits preserve verified receiving choices and reject stale contact versions without partial priority changes (322.195834ms)
✔ B6 guardian save detects independently changed primary references and preserves every row on failure (304.016775ms)
✔ B6 guardian save rejects masked phones, foreign pairings and mutation of archived contacts (327.30913ms)
✔ B6 guardian form and cached saves recheck enrollment end and grant expiry in the same session (375.446844ms)
✔ B6 atomic guardian save rolls back contacts, relationships, primary changes, audit and receipt after a real SQL fault (249.318226ms)
✔ B6 school guardian directory uses SQL folded search, literal wildcards, signed keysets and independent link counters (497.518124ms)
✔ B6 class guardian reads exclude all unscoped sibling relationships and immediately lose access after enrollment or grant ends (341.082143ms)
✔ B6 shared guardian contact edits require management of every affected class and current read authority even for a replay (1414.17622ms)
✔ B6 guardian profile exposes real verification and revocation metadata but removes link and audit panels when their separate rights end (473.256207ms)
✔ B6 partial student write acknowledgements redact unsubmitted protected fields including stored old receipts (281.258947ms)
✔ B6 bounded school class overview preserves query results, local JIT preference and the five-second runtime timeout (192.560724ms)
✔ B6 native invitation choices require current invitation authority, preserve delegation ceilings and never borrow a role catalog (410.041444ms)
✔ B6 native staff activity is SQL-bounded to staff targets, rechecks audit authority and keeps foreign and family records out (271.114524ms)
✔ B6 student-create choices use current class write authority without borrowing roster, year or class readers (426.329733ms)
✔ B6 parent-issue purpose readers paginate over 1000 pupils, keep current class/time authority and expose no contact or token (683.488424ms)
✔ B6 reviewed parent issuance rejects stale sources, rotates atomically, converts local dates and never replays secrets (581.954536ms)
✔ B6 parent metadata directory keeps manage scope, current capabilities, real counts and no borrowed contact/catalog data (863.894296ms)
✔ B6 parent metadata masks independently authorized contact, paginates anonymous history and tracks only actual replacement facts (1188.07329ms)
✖ B6 parent attendance month exposes only real child sessions and published scoped holiday labels without borrowing overview (826.106229ms)
✔ B6 parent attendance calendar SQL function checks exact child/year/school/current session and cannot expose raw calendar tables (563.69083ms)
ℹ tests 162
ℹ suites 0
ℹ pass 160
ℹ fail 2
ℹ cancelled 0
ℹ skipped 0
ℹ todo 0
ℹ duration_ms 448002.031151

✖ failing tests:

test at tests/integration/foundation.test.mjs:2219:1
✖ B6 Vietnamese composite keysets preserve given/full-name order, case/diacritic ties and nullable departments in both directions (616.712675ms)
  AssertionError [ERR_ASSERTION]: Expected values to be strictly equal:

  37 !== 36

      at TestContext.<anonymous> (file:///srv/api/tests/integration/foundation.test.mjs:2237:10)
      at process.processTicksAndRejections (node:internal/process/task_queues:104:5)
      at async Test.run (node:internal/test_runner/test:1409:7)
      at async Test.processPendingSubtests (node:internal/test_runner/test:974:7) {
    generatedMessage: true,
    code: 'ERR_ASSERTION',
    actual: 37,
    expected: 36,
    operator: 'strictEqual',
    diff: 'simple'
  }

test at tests/integration/foundation.test.mjs:2915:1
✖ B6 parent attendance month exposes only real child sessions and published scoped holiday labels without borrowing overview (826.106229ms)
  AssertionError [ERR_ASSERTION]: Expected values to be strictly deep-equal:
  + actual - expected

    [
      'Ngày nghỉ trường công bố',
  +   'Ngày nghỉ trường công bố',
      'Ngày nghỉ đúng lớp'
    ]

      at TestContext.<anonymous> (file:///srv/api/tests/integration/foundation.test.mjs:2925:408)
      at process.processTicksAndRejections (node:internal/process/task_queues:104:5)
      at async Test.run (node:internal/test_runner/test:1409:7)
      at async Test.processPendingSubtests (node:internal/test_runner/test:974:7) {
    generatedMessage: true,
    code: 'ERR_ASSERTION',
    actual: [ 'Ngày nghỉ trường công bố', 'Ngày nghỉ trường công bố', 'Ngày nghỉ đúng lớp' ],
    expected: [ 'Ngày nghỉ trường công bố', 'Ngày nghỉ đúng lớp' ],
    operator: 'deepStrictEqual',
    diff: 'simple'
  }
