 Container edumanage_backend_test-runner-run-d62c0c4044e5 Creating 
 Container edumanage_backend_test-runner-run-d62c0c4044e5 Created 
TAP version 13
# Subtest: B5 all 264 supplied operations and explicit frontend workflow extensions have registered real handlers
ok 1 - B5 all 264 supplied operations and explicit frontend workflow extensions have registered real handlers
  ---
  duration_ms: 601.037648
  type: 'test'
  ...
# Subtest: BE01 migration replay is a no-op, mismatch fails and metadata remains intact
ok 2 - BE01 migration replay is a no-op, mismatch fails and metadata remains intact
  ---
  duration_ms: 91.756249
  type: 'test'
  ...
# Subtest: BE02 cross-school enrollment FK rejects write using the real runtime role
ok 3 - BE02 cross-school enrollment FK rejects write using the real runtime role
  ---
  duration_ms: 10.830514
  type: 'test'
  ...
# Subtest: BE03 no-tenant denies and SET LOCAL cannot leak across a reused connection
ok 4 - BE03 no-tenant denies and SET LOCAL cannot leak across a reused connection
  ---
  duration_ms: 4.307622
  type: 'test'
  ...
# Subtest: BE04 bootstrap only exposes the authenticated user memberships without tenant
ok 5 - BE04 bootstrap only exposes the authenticated user memberships without tenant
  ---
  duration_ms: 11.791934
  type: 'test'
  ...
# Subtest: BE05 HOMEROOM A plus SUBJECT B cannot authorize seating or guardians in B
ok 6 - BE05 HOMEROOM A plus SUBJECT B cannot authorize seating or guardians in B
  ---
  duration_ms: 8471.215677
  type: 'test'
  ...
# Subtest: BE06 revoked membership is checked during an existing session and B stays independent
ok 7 - BE06 revoked membership is checked during an existing session and B stays independent
  ---
  duration_ms: 55.894385
  type: 'test'
  ...
# Subtest: B6 self context carries only own current duties and separates self-profile from school contacts
ok 8 - B6 self context carries only own current duties and separates self-profile from school contacts
  ---
  duration_ms: 16466.493009
  type: 'test'
  ...
# Subtest: BE08 CSRF, credential validation, cookie flags, session rotation and rate limiting
ok 9 - BE08 CSRF, credential validation, cookie flags, session rotation and rate limiting
  ---
  duration_ms: 95.335499
  type: 'test'
  ...
# Subtest: BE10 concurrent profile patches serialize with a single version winner
ok 10 - BE10 concurrent profile patches serialize with a single version winner
  ---
  duration_ms: 57.622652
  type: 'test'
  ...
# Subtest: B6 password/session commands use actual cookies, reject bad passwords and revoke every session after change
ok 11 - B6 password/session commands use actual cookies, reject bad passwords and revoke every session after change
  ---
  duration_ms: 331.281904
  type: 'test'
  ...
# {"checkpoint":"parent-without-context","queryMs":6.14,"planExecutionMs":0.016,"planRows":0}
# Subtest: BE21 parent runtime role cannot select raw student rows
ok 12 - BE21 parent runtime role cannot select raw student rows
  ---
  duration_ms: 16.675439
  type: 'test'
  ...
# Subtest: B0 health ready checks actual migrations, database and private storage
ok 13 - B0 health ready checks actual migrations, database and private storage
  ---
  duration_ms: 28.833865
  type: 'test'
  ...
# Subtest: B2 class lists use SQL scope and cross-school details deny before serialization
ok 14 - B2 class lists use SQL scope and cross-school details deny before serialization
  ---
  duration_ms: 291.052741
  type: 'test'
  ...
# Subtest: BE09 idempotent organization create/retry/concurrency performs one write
ok 15 - BE09 idempotent organization create/retry/concurrency performs one write
  ---
  duration_ms: 76.987799
  type: 'test'
  ...
# Subtest: B2 required idempotency, class capacity/reference validation and version conflicts
ok 16 - B2 required idempotency, class capacity/reference validation and version conflicts
  ---
  duration_ms: 132.989264
  type: 'test'
  ...
# Subtest: B2 signed cursor rejects scope/filter modification and delivers distinct pages
ok 17 - B2 signed cursor rejects scope/filter modification and delivers distinct pages
  ---
  duration_ms: 3975.919901
  type: 'test'
  ...
# Subtest: B2 subject student projection omits family/internal notes and denies guardians
ok 18 - B2 subject student projection omits family/internal notes and denies guardians
  ---
  duration_ms: 435.51451
  type: 'test'
  ...
# Subtest: B2 guardian create does not merge matching phone, relationships start unverified
ok 19 - B2 guardian create does not merge matching phone, relationships start unverified
  ---
  duration_ms: 120.848459
  type: 'test'
  ...
# Subtest: BE07 existing identity invitation requires its session and preserves password/other school
ok 20 - BE07 existing identity invitation requires its session and preserves password/other school
  ---
  duration_ms: 7454.054948
  type: 'test'
  ...
# Subtest: B1 password reset token is encrypted, single-use and revokes all prior sessions
ok 21 - B1 password reset token is encrypted, single-use and revokes all prior sessions
  ---
  duration_ms: 149.33262
  type: 'test'
  ...
# Subtest: B2 staff delegation stays within the ceiling, custom class scope and immediate revocation
ok 22 - B2 staff delegation stays within the ceiling, custom class scope and immediate revocation
  ---
  duration_ms: 936.007465
  type: 'test'
  ...
# Subtest: B2 transfers serialize capacity, handover removes the old teacher and rollover binds its preview
ok 23 - B2 transfers serialize capacity, handover removes the old teacher and rollover binds its preview
  ---
  duration_ms: 1682.211092
  type: 'test'
  ...
# Subtest: B2 scoped guardian creation cannot acquire an unrelated family through relationship IDs
ok 24 - B2 scoped guardian creation cannot acquire an unrelated family through relationship IDs
  ---
  duration_ms: 498.437021
  type: 'test'
  ...
# Subtest: B2/B5 uploads remain private until worker processing, leases serialize and local mail erases encrypted secrets
ok 25 - B2/B5 uploads remain private until worker processing, leases serialize and local mail erases encrypted secrets
  ---
  duration_ms: 1935.216425
  type: 'test'
  ...
# Subtest: B2 imports parse real CSV, bind stale previews, avoid name/phone merges and retain invalid rows safely
ok 26 - B2 imports parse real CSV, bind stale previews, avoid name/phone merges and retain invalid rows safely
  ---
  duration_ms: 11589.161981
  type: 'test'
  ...
# Subtest: B2/B5 timetable import checks assignments and overlapping slots, creates only a draft and deduplicates retries
ok 27 - B2/B5 timetable import checks assignments and overlapping slots, creates only a draft and deduplicates retries
  ---
  duration_ms: 7053.319545
  type: 'test'
  ...
# Subtest: B2 imports update only verified codes, create class drafts and staff invitations with work profiles
ok 28 - B2 imports update only verified codes, create class drafts and staff invitations with work profiles
  ---
  duration_ms: 16574.197662
  type: 'test'
  ...
# Subtest: B2 large import resumes after a lost chunk without duplicating applied rows and checks current school authority
ok 29 - B2 large import resumes after a lost chunk without duplicating applied rows and checks current school authority
  ---
  duration_ms: 10019.691428
  type: 'test'
  ...
# Subtest: B3 attendance starts unmarked, versions every source change and publishes immutable one-student projections
ok 30 - B3 attendance starts unmarked, versions every source change and publishes immutable one-student projections
  ---
  duration_ms: 1195.262311
  type: 'test'
  ...
# Subtest: B3 subject attendance requires its actual lesson and cannot borrow daily access from another class
ok 31 - B3 subject attendance requires its actual lesson and cannot borrow daily access from another class
  ---
  duration_ms: 915.521605
  type: 'test'
  ...
# Subtest: B3 a simultaneous attendance edit and publish has one winner and never publishes a mixed source version
ok 32 - B3 a simultaneous attendance edit and publish has one winner and never publishes a mixed source version
  ---
  duration_ms: 461.166878
  type: 'test'
  ...
# Subtest: B3 rule sets require explicit points, immutable issuance and effective week application
ok 33 - B3 rule sets require explicit points, immutable issuance and effective week application
  ---
  duration_ms: 1055.848912
  type: 'test'
  ...
# Subtest: B3 conduct reviews preserve facts, lock READY projections and publish only the exact pinned source
ok 34 - B3 conduct reviews preserve facts, lock READY projections and publish only the exact pinned source
  ---
  duration_ms: 2617.63123
  type: 'test'
  ...
# Subtest: B3 conduct linked attendance detects stale sources and subject teachers see only their own lesson facts
ok 35 - B3 conduct linked attendance detects stale sources and subject teachers see only their own lesson facts
  ---
  duration_ms: 2186.080083
  type: 'test'
  ...
# Subtest: B3 approved adjustments retain old facts and atomically replace the current publication with a reviewed preview
ok 36 - B3 approved adjustments retain old facts and atomically replace the current publication with a reviewed preview
  ---
  duration_ms: 1328.550598
  type: 'test'
  ...
# Subtest: B3 a simultaneous conduct record and lock/publish has one source winner
ok 37 - B3 a simultaneous conduct record and lock/publish has one source winner
  ---
  duration_ms: 276.308459
  type: 'test'
  ...
# Subtest: B3 attendance linkage deduplicates, excludes corrected drafts and leaves locked scores unchanged with explicit warnings
ok 38 - B3 attendance linkage deduplicates, excludes corrected drafts and leaves locked scores unchanged with explicit warnings
  ---
  duration_ms: 497.840545
  type: 'test'
  ...
# Subtest: B4 private parent links expose only published child projections, preserve staff cookies and bind the active tab context
ok 39 - B4 private parent links expose only published child projections, preserve staff cookies and bind the active tab context
  ---
  duration_ms: 1188.679042
  type: 'test'
  ...
# Subtest: B4 section/download rights, reissue, relationship revocation and foreign UUIDs are checked on each new parent request
ok 40 - B4 section/download rights, reissue, relationship revocation and foreign UUIDs are checked on each new parent request
  ---
  duration_ms: 530.963603
  type: 'test'
  ...
# Subtest: B4 private documents stream only with both download rights, and teacher contact projections use shared work fields
ok 41 - B4 private documents stream only with both download rights, and teacher contact projections use shared work fields
  ---
  duration_ms: 969.818138
  type: 'test'
  ...
# Subtest: B4 expired links, suspended schools, CSRF and exchange throttles deny without creating a parent identity
ok 42 - B4 expired links, suspended schools, CSRF and exchange throttles deny without creating a parent identity
  ---
  duration_ms: 498.575962
  type: 'test'
  ...
# Subtest: B1 delegated grants and invitation acceptance stay inside the current expiry ceiling; backdated assignments require a reason
ok 43 - B1 delegated grants and invitation acceptance stay inside the current expiry ceiling; backdated assignments require a reason
  ---
  duration_ms: 342.441113
  type: 'test'
  ...
# Subtest: B2 shrinking class capacity checks planned future occupancy peaks, rather than only today
ok 44 - B2 shrinking class capacity checks planned future occupancy peaks, rather than only today
  ---
  duration_ms: 125.816085
  type: 'test'
  ...
# Subtest: B5 dated groups retain moves and same-day cancellations, require current class versions and end group-leader duties
ok 45 - B5 dated groups retain moves and same-day cancellations, require current class versions and end group-leader duties
  ---
  duration_ms: 583.738526
  type: 'test'
  ...
# Subtest: B5 position holders serialize and remain valid conduct sources; locked source history cannot be shortened
ok 46 - B5 position holders serialize and remain valid conduct sources; locked source history cannot be shortened
  ---
  duration_ms: 516.63503
  type: 'test'
  ...
# Subtest: B5 seating validates effective enrollment and unique seats, preserves dated revisions and denies subject-only reads
ok 47 - B5 seating validates effective enrollment and unique seats, preserves dated revisions and denies subject-only reads
  ---
  duration_ms: 710.375391
  type: 'test'
  ...
# Subtest: B2/B5 a transfer closes dated groups/positions and retains cancelled future plans atomically
ok 48 - B2/B5 a transfer closes dated groups/positions and retains cancelled future plans atomically
  ---
  duration_ms: 473.543587
  type: 'test'
  ...
# Subtest: B5 timetable materializes bounded future lessons, publishes child-only projections and preserves past/source history
ok 49 - B5 timetable materializes bounded future lessons, publishes child-only projections and preserves past/source history
  ---
  duration_ms: 834.000978
  type: 'test'
  ...
# Subtest: B5 timetable rejects teacher/room collisions and revoked assignments, skips holidays and revalidates source versions
ok 50 - B5 timetable rejects teacher/room collisions and revoked assignments, skips holidays and revalidates source versions
  ---
  duration_ms: 1207.712258
  type: 'test'
  ...
# Subtest: B6 class student attendance counts only exact enrolled morning sources and follows actual publication withdrawal without private notes
ok 51 - B6 class student attendance counts only exact enrolled morning sources and follows actual publication withdrawal without private notes
  ---
  duration_ms: 452.377067
  type: 'test'
  ...
# Subtest: B6 class student attendance and shared profile enforce fresh independent subject class and dated homeroom authority
ok 52 - B6 class student attendance and shared profile enforce fresh independent subject class and dated homeroom authority
  ---
  duration_ms: 713.494125
  type: 'test'
  ...
# Subtest: B6 public school news paginate more than 100 actual PUBLIC publications without private draft or cross-school identities
ok 53 - B6 public school news paginate more than 100 actual PUBLIC publications without private draft or cross-school identities
  ---
  duration_ms: 4992.831519
  type: 'test'
  ...
# Subtest: B6 platform overview aggregate returns actual school counts restores tenant context and denies school parent worker or revoked operators
ok 54 - B6 platform overview aggregate returns actual school counts restores tenant context and denies school parent worker or revoked operators
  ---
  duration_ms: 257.389942
  type: 'test'
  ...
# Subtest: B6 public news retain the immutable visible revision until republication and block new reads immediately on withdrawal
ok 55 - B6 public news retain the immutable visible revision until republication and block new reads immediately on withdrawal
  ---
  duration_ms: 294.625233
  type: 'test'
  ...
# Subtest: B6 public school identity allows official contact for suspended and archived schools but never draft identity or inactive news
ok 56 - B6 public school identity allows official contact for suspended and archived schools but never draft identity or inactive news
  ---
  duration_ms: 189.539563
  type: 'test'
  ...
# Subtest: B6 public attachments stream only actual ready current publication bytes and deny private expired archived foreign or stale files
ok 57 - B6 public attachments stream only actual ready current publication bytes and deny private expired archived foreign or stale files
  ---
  duration_ms: 9250.426535
  type: 'test'
  ...
# Subtest: B6 teacher announcement feed persists own publication reads across sessions and immutable edits while newer publications become unread
ok 58 - B6 teacher announcement feed persists own publication reads across sessions and immutable edits while newer publications become unread
  ---
  duration_ms: 738.931974
  type: 'test'
  ...
# Subtest: B6 teacher announcement bulk read is atomic and rejects stale sources foreign schools future expired and revoked grants even on replay
ok 59 - B6 teacher announcement bulk read is atomic and rejects stale sources foreign schools future expired and revoked grants even on replay
  ---
  duration_ms: 463.139621
  type: 'test'
  ...
# Subtest: B6 teacher announcement subject scope sees staff targets but conceals family content and another class
ok 60 - B6 teacher announcement subject scope sees staff targets but conceals family content and another class
  ---
  duration_ms: 485.947892
  type: 'test'
  ...
# Subtest: B6 teacher announcement student targets require enrollment valid today and never inherit former class access
ok 61 - B6 teacher announcement student targets require enrollment valid today and never inherit former class access
  ---
  duration_ms: 394.067289
  type: 'test'
  ...
# Subtest: B6 announcement workspace atomic save publish immutable edit withdraw and retained real history preserve exact source
ok 62 - B6 announcement workspace atomic save publish immutable edit withdraw and retained real history preserve exact source
  ---
  duration_ms: 546.318466
  type: 'test'
  ...
# Subtest: B6 announcement workspace schedule is a real outbox source and failed atomic publication leaves no draft or notification
ok 63 - B6 announcement workspace schedule is a real outbox source and failed atomic publication leaves no draft or notification
  ---
  duration_ms: 357.714215
  type: 'test'
  ...
# Subtest: B6 announcement workspace independent class read manage publish current grant expiry and replay never borrow school or other class rights
ok 64 - B6 announcement workspace independent class read manage publish current grant expiry and replay never borrow school or other class rights
  ---
  duration_ms: 417.214346
  type: 'test'
  ...
# Subtest: B6 announcement workspace school directory estimate public scope and mixed native targets keep independent current parent links
ok 65 - B6 announcement workspace school directory estimate public scope and mixed native targets keep independent current parent links
  ---
  duration_ms: 546.300648
  type: 'test'
  ...
# Subtest: B6 attendance workspace saves selected pupils only, preserves UNMARKED and exposes real versioned own history without internal facts
ok 66 - B6 attendance workspace saves selected pupils only, preserves UNMARKED and exposes real versioned own history without internal facts
  ---
  duration_ms: 416.17319
  type: 'test'
  ...
# Subtest: B6 attendance workspace concurrent create and replay enforce source roster record versions and fresh revocation
ok 67 - B6 attendance workspace concurrent create and replay enforce source roster record versions and fresh revocation
  ---
  duration_ms: 690.118644
  type: 'test'
  ...
# Subtest: B6 attendance workspace edits published sources atomically with reason immutable replacements and rollback on incomplete rows
ok 68 - B6 attendance workspace edits published sources atomically with reason immutable replacements and rollback on incomplete rows
  ---
  duration_ms: 530.83327
  type: 'test'
  ...
# Subtest: B6 attendance workspace weekly uses dated membership saved morning only and masks holiday future or other granularities
ok 69 - B6 attendance workspace weekly uses dated membership saved morning only and masks holiday future or other granularities
  ---
  duration_ms: 452.230126
  type: 'test'
  ...
# Subtest: B6 attendance workspace subject reads and records only own live lesson while daily rights and fresh assignment revocation remain independent
ok 70 - B6 attendance workspace subject reads and records only own live lesson while daily rights and fresh assignment revocation remain independent
  ---
  duration_ms: 440.068054
  type: 'test'
  ...
# Subtest: B6 class roster returns exact dated pupils organization and SQL search without contacts and masks historical family facts
ok 71 - B6 class roster returns exact dated pupils organization and SQL search without contacts and masks historical family facts
  ---
  duration_ms: 359.33985
  type: 'test'
  ...
# Subtest: B6 class roster separates subject pupil reads family link and organization authority and rechecks current revocation
ok 72 - B6 class roster separates subject pupil reads family link and organization authority and rechecks current revocation
  ---
  duration_ms: 316.311343
  type: 'test'
  ...
# Subtest: B6 class roster transfer choices preserve dated displayed enrollment versions and submit one idempotent request without moving pupils
ok 73 - B6 class roster transfer choices preserve dated displayed enrollment versions and submit one idempotent request without moving pupils
  ---
  duration_ms: 426.023154
  type: 'test'
  ...
# Subtest: B6 class duty board retains selected group targets edits dated published tasks atomically and follows parent withdrawal
ok 74 - B6 class duty board retains selected group targets edits dated published tasks atomically and follows parent withdrawal
  ---
  duration_ms: 1126.056771
  type: 'test'
  ...
# Subtest: B6 class duty board separates read manage publish and preview and denies revoked foreign or archived scope
ok 75 - B6 class duty board separates read manage publish and preview and denies revoked foreign or archived scope
  ---
  duration_ms: 441.335835
  type: 'test'
  ...
# Subtest: B6 class duty atomic publication race and idempotent replay create one source and reject stale displayed targets
ok 76 - B6 class duty atomic publication race and idempotent replay create one source and reject stale displayed targets
  ---
  duration_ms: 299.112109
  type: 'test'
  ...
# Subtest: B6 class duty selected targets use the canonical group publication flow and reject duplicate or foreign database targets
ok 77 - B6 class duty selected targets use the canonical group publication flow and reject duplicate or foreign database targets
  ---
  duration_ms: 438.913115
  type: 'test'
  ...
# Subtest: B5 duties publish only individual tasks, reject foreign enrollment and retain immutable publication/withdraw history
ok 78 - B5 duties publish only individual tasks, reject foreign enrollment and retain immutable publication/withdraw history
  ---
  duration_ms: 533.773502
  type: 'test'
  ...
# Subtest: B5 group duties expand the effective group at publication and retain the individual targets after later moves
ok 79 - B5 group duties expand the effective group at publication and retain the individual targets after later moves
  ---
  duration_ms: 788.550691
  type: 'test'
  ...
# Subtest: B5 activities count only explicit participants, preserve published states and require current source/review authority
ok 80 - B5 activities count only explicit participants, preserve published states and require current source/review authority
  ---
  duration_ms: 1153.743573
  type: 'test'
  ...
# Subtest: B5 approved activity results are explicit conduct sources and locked approved facts protect their source history
ok 81 - B5 approved activity results are explicit conduct sources and locked approved facts protect their source history
  ---
  duration_ms: 437.40565
  type: 'test'
  ...
# Subtest: B5 evidence stays private until review and publication; parent documents remain child-bound and filter file availability
ok 82 - B5 evidence stays private until review and publication; parent documents remain child-bound and filter file availability
  ---
  duration_ms: 33852.235247
  type: 'test'
  ...
# Subtest: B5 class announcements retain immutable publication across edits, bind one recipient and reject foreign class reads
ok 83 - B5 class announcements retain immutable publication across edits, bind one recipient and reject foreign class reads
  ---
  duration_ms: 3696.191675
  type: 'test'
  ...
# Subtest: B5 public school announcements sanitize content and keep draft/private replacements out of the public projection
ok 84 - B5 public school announcements sanitize content and keep draft/private replacements out of the public projection
  ---
  duration_ms: 6003.217241
  type: 'test'
  ...
# Subtest: B5 scheduled announcements wait for their due time, publish once through a worker and safely replay after an acknowledgement loss
ok 85 - B5 scheduled announcements wait for their due time, publish once through a worker and safely replay after an acknowledgement loss
  ---
  duration_ms: 1480.427632
  type: 'test'
  ...
# Subtest: B5 scheduled publication rechecks the creator grant and reports a failed queue without exposing a parent snapshot
ok 86 - B5 scheduled publication rechecks the creator grant and reports a failed queue without exposing a parent snapshot
  ---
  duration_ms: 1567.048874
  type: 'test'
  ...
# Subtest: B5 announcement attachments remain private to one child, obey link download rights and disappear when archived or withdrawn
ok 87 - B5 announcement attachments remain private to one child, obey link download rights and disappear when archived or withdrawn
  ---
  duration_ms: 1758.27512
  type: 'test'
  ...
# Subtest: B5 school settings persist with version guards, affect only new link expiry and suppress work contacts without changing old link permissions
ok 88 - B5 school settings persist with version guards, affect only new link expiry and suppress work contacts without changing old link permissions
  ---
  duration_ms: 1169.729644
  type: 'test'
  ...
# Subtest: B5 disabling homeroom publication takes effect inside existing sessions and restores only after an explicit setting change
ok 89 - B5 disabling homeroom publication takes effect inside existing sessions and restores only after an explicit setting change
  ---
  duration_ms: 823.317884
  type: 'test'
  ...
# Subtest: B3 configured second approval rejects self approval in API and SQL, while a different scoped approver permits atomic adjustment
ok 90 - B3 configured second approval rejects self approval in API and SQL, while a different scoped approver permits atomic adjustment
  ---
  duration_ms: 727.374098
  type: 'test'
  ...
# Subtest: B5 personal notifications paginate across actual memberships, deduplicate publication events and deny foreign recipients and cross-user cursors
ok 91 - B5 personal notifications paginate across actual memberships, deduplicate publication events and deny foreign recipients and cross-user cursors
  ---
  duration_ms: 1219.235028
  type: 'test'
  ...
# Subtest: B5 withdrawn announcements redact retained staff notifications instead of exposing a stale published target
ok 92 - B5 withdrawn announcements redact retained staff notifications instead of exposing a stale published target
  ---
  duration_ms: 63556.50198
  type: 'test'
  ...
# Subtest: B6 TE02 own class cards separate home and subject authority, actual next lessons and ended self history
ok 93 - B6 TE02 own class cards separate home and subject authority, actual next lessons and ended self history
  ---
  duration_ms: 9074.691263
  type: 'test'
  ...
# Subtest: B6 TE02 current self authority rejects future expired revoked and suspended membership without borrowing assignment history
ok 94 - B6 TE02 current self authority rejects future expired revoked and suspended membership without borrowing assignment history
  ---
  duration_ms: 617.911065
  type: 'test'
  ...
# Subtest: B6 class workspace header isolates school year class subject fields and actual publication link counters
ok 95 - B6 class workspace header isolates school year class subject fields and actual publication link counters
  ---
  duration_ms: 1733.040171
  type: 'test'
  ...
# Subtest: B6 class workspace header keeps custom CLASS and school-only authority independent of teacher self and hidden panels
ok 96 - B6 class workspace header keeps custom CLASS and school-only authority independent of teacher self and hidden panels
  ---
  duration_ms: 836.313142
  type: 'test'
  ...
# Subtest: B6 class workspace header does not invent a period and rechecks future expiry revoked and ended assignments
ok 97 - B6 class workspace header does not invent a period and rechecks future expiry revoked and ended assignments
  ---
  duration_ms: 667.17283
  type: 'test'
  ...
# Subtest: B6 class workspace overview keeps custom CLASS school-only foreign scope and current grant-time authority independent of panel readers
ok 98 - B6 class workspace overview keeps custom CLASS school-only foreign scope and current grant-time authority independent of panel readers
  ---
  duration_ms: 422.568505
  type: 'test'
  ...
# Subtest: B6 class workspace overview uses exact DAILY morning marks source publication withdrawal and distinct afternoon lesson denominators
ok 99 - B6 class workspace overview uses exact DAILY morning marks source publication withdrawal and distinct afternoon lesson denominators
  ---
  duration_ms: 949.9057
  type: 'test'
  ...
# Subtest: B6 class workspace overview separates home and own subject lessons groups and bounded activity progress with current revoke
ok 100 - B6 class workspace overview separates home and own subject lessons groups and bounded activity progress with current revoke
  ---
  duration_ms: 2020.234713
  type: 'test'
  ...
# Subtest: B6 class workspace overview respects actual holiday absence and archived or future year sources without inferred current tasks
ok 101 - B6 class workspace overview respects actual holiday absence and archived or future year sources without inferred current tasks
  ---
  duration_ms: 238.305049
  type: 'test'
  ...
# Subtest: B6 class workspace overview follows actual conduct review lock and adjustment transitions without exposing their private sources
ok 102 - B6 class workspace overview follows actual conduct review lock and adjustment transitions without exposing their private sources
  ---
  duration_ms: 892.346434
  type: 'test'
  ...
# Subtest: B6 class workspace overview accepts complete100-row panels and rejects larger sources before returning a partial success
ok 103 - B6 class workspace overview accepts complete100-row panels and rejects larger sources before returning a partial success
  ---
  duration_ms: 364.910121
  type: 'test'
  ...
# Subtest: B6 class organization workspaces keep exact dated group holders and immutable seating revisions without family contacts
ok 104 - B6 class organization workspaces keep exact dated group holders and immutable seating revisions without family contacts
  ---
  duration_ms: 507.998573
  type: 'test'
  ...
# Subtest: B6 class organization workspaces keep custom group and seating rights separate and immediately deny revoked class scope
ok 105 - B6 class organization workspaces keep custom group and seating rights separate and immediately deny revoked class scope
  ---
  duration_ms: 467.323214
  type: 'test'
  ...
# Subtest: B6 class organization atomic seating saves activate once reject stale revisions and preserve prior layouts on invalid future writes
ok 106 - B6 class organization atomic seating saves activate once reject stale revisions and preserve prior layouts on invalid future writes
  ---
  duration_ms: 309.600408
  type: 'test'
  ...
# Subtest: B5 dashboards count real scoped rows, keep homeroom and subject tasks separate and immediately recheck revocation
ok 107 - B5 dashboards count real scoped rows, keep homeroom and subject tasks separate and immediately recheck revocation
  ---
  duration_ms: 4376.263397
  type: 'test'
  ...
# Subtest: B5 teacher schedule is own dated teaching and announcement feed reads only current publications across draft edits
ok 108 - B5 teacher schedule is own dated teaching and announcement feed reads only current publications across draft edits
  ---
  duration_ms: 3710.312259
  type: 'test'
  ...
# Subtest: B5 dashboard attendance counters and publication tasks follow persisted marks, publish/withdraw and current school policy
ok 109 - B5 dashboard attendance counters and publication tasks follow persisted marks, publish/withdraw and current school policy
  ---
  duration_ms: 1020.71849
  type: 'test'
  ...
# Subtest: B2 platform creates only metadata drafts, bootstraps admin roles/invitations and requires an active administrator for activation
ok 110 - B2 platform creates only metadata drafts, bootstraps admin roles/invitations and requires an active administrator for activation
  ---
  duration_ms: 770.065898
  type: 'test'
  ...
# Subtest: B5 platform settings and operation records persist actual state, redact artifacts and reauthorize command replays
ok 111 - B5 platform settings and operation records persist actual state, redact artifacts and reauthorize command replays
  ---
  duration_ms: 215.328341
  type: 'test'
  ...
# Subtest: B1 platform admin invitations obey operator expiry ceilings and acceptance rolls back after authority expires
ok 112 - B1 platform admin invitations obey operator expiry ceilings and acceptance rolls back after authority expires
  ---
  duration_ms: 125.002095
  type: 'test'
  ...
# Subtest: B5 support tickets persist both sides, preserve queue states and exact timestamp pagination, and deny other schools
ok 113 - B5 support tickets persist both sides, preserve queue states and exact timestamp pagination, and deny other schools
  ---
  duration_ms: 329.825917
  type: 'test'
  ...
# Subtest: B1 support requests require independent current school consent, retain immutable scope and bind tickets/classes/actions/time
ok 114 - B1 support requests require independent current school consent, retain immutable scope and bind tickets/classes/actions/time
  ---
  duration_ms: 258.56269
  type: 'test'
  ...
# Subtest: B1 explicitly selected support grants authorize only scoped metadata GETs, audit the actual operator and force read-only SQL
ok 115 - B1 explicitly selected support grants authorize only scoped metadata GETs, audit the actual operator and force read-only SQL
  ---
  duration_ms: 232.369999
  type: 'test'
  ...
# Subtest: B1 school-wide support metadata never exposes import rows/downloads and expires without fallback to operator privileges
ok 116 - B1 school-wide support metadata never exposes import rows/downloads and expires without fallback to operator privileges
  ---
  duration_ms: 3485.611055
  type: 'test'
  ...
# Subtest: B1 an operator who also has school-admin rights still cannot self-approve or combine selected support scope with ordinary rights
ok 117 - B1 an operator who also has school-admin rights still cannot self-approve or combine selected support scope with ordinary rights
  ---
  duration_ms: 182.137058
  type: 'test'
  ...
# Subtest: B5 signed native keysets cross a nullable sort boundary without dropping or repeating persisted schools
ok 118 - B5 signed native keysets cross a nullable sort boundary without dropping or repeating persisted schools
  ---
  duration_ms: 1142.486622
  type: 'test'
  ...
# Subtest: B5 report SQL uses real scoped counts and immutable CSV export content while live attendance changes
ok 119 - B5 report SQL uses real scoped counts and immutable CSV export content while live attendance changes
  ---
  duration_ms: 1213.193311
  type: 'test'
  ...
# Subtest: B5 published report exports pin revisions across replacement and withdrawal without exposing drafts
ok 120 - B5 published report exports pin revisions across replacement and withdrawal without exposing drafts
  ---
  duration_ms: 1184.248143
  type: 'test'
  ...
# Subtest: B5 export XLSX/PDF are actual files with literal formula text, Vietnamese font and private download authorization
ok 121 - B5 export XLSX/PDF are actual files with literal formula text, Vietnamese font and private download authorization
  ---
  duration_ms: 1484.801467
  type: 'test'
  ...
# Subtest: B5 subject reports remain own lesson attendance and scoped activities without school/family/conduct/export access
ok 122 - B5 subject reports remain own lesson attendance and scoped activities without school/family/conduct/export access
  ---
  duration_ms: 8279.924451
  type: 'test'
  ...
# Subtest: B5 export workers and all file paths reauthorize revocation, expiry and cancellation, and replay completed work safely
ok 123 - B5 export workers and all file paths reauthorize revocation, expiry and cancellation, and replay completed work safely
  ---
  duration_ms: 1515.06543
  type: 'test'
  ...
# Subtest: B5 conduct/activity/progress/link reports use actual pinned scores, explicit participant denominators and anonymous link use
ok 124 - B5 conduct/activity/progress/link reports use actual pinned scores, explicit participant denominators and anonymous link use
  ---
  duration_ms: 919.184457
  type: 'test'
  ...
# Subtest: B6 organization display fields persist with versions and tenant-safe references instead of being silently ignored
ok 125 - B6 organization display fields persist with versions and tenant-safe references instead of being silently ignored
  ---
  duration_ms: 354.805049
  type: 'test'
  ...
# Subtest: B6 year wizard creates bounded terms, weeks, published holidays and independent draft rules atomically and idempotently
ok 126 - B6 year wizard creates bounded terms, weeks, published holidays and independent draft rules atomically and idempotently
  ---
  duration_ms: 576.288179
  type: 'test'
  ...
# Subtest: B6 class form assigns homeroom atomically, denies foreign/backdated inputs, requires handover and preserves archived history
ok 127 - B6 class form assigns homeroom atomically, denies foreign/backdated inputs, requires handover and preserves archived history
  ---
  duration_ms: 850.252731
  type: 'test'
  ...
# Subtest: B6 organization projections scope counts in SQL and a year-only grant cannot copy or publish rules
ok 128 - B6 organization projections scope counts in SQL and a year-only grant cannot copy or publish rules
  ---
  duration_ms: 6330.688534
  type: 'test'
  ...
# Subtest: B6 purpose-bound form pickers use current write authority, exclude contacts/roles/counts and deny normal directory access
ok 129 - B6 purpose-bound form pickers use current write authority, exclude contacts/roles/counts and deny normal directory access
  ---
  duration_ms: 358.909789
  type: 'test'
  ...
# Subtest: B6 rollover preview uses exact end-year enrollment, minimal workflow authority and immediate revocation
ok 130 - B6 rollover preview uses exact end-year enrollment, minimal workflow authority and immediate revocation
  ---
  duration_ms: 556.737859
  type: 'test'
  ...
# Subtest: B6 minimal platform school sort counts equal the operational projection, restore tenant scope and deny non-operators
ok 131 - B6 minimal platform school sort counts equal the operational projection, restore tenant scope and deny non-operators
  ---
  duration_ms: 1930.199583
  type: 'test'
  ...
# Subtest: B6 platform school wizard creates its optional admin invitation atomically and redacts form metadata
ok 132 - B6 platform school wizard creates its optional admin invitation atomically and redacts form metadata
  ---
  duration_ms: 890.212301
  type: 'test'
  ...
# Subtest: B6 platform school form readers never lend admin or read authority to a create-only operator
ok 133 - B6 platform school form readers never lend admin or read authority to a create-only operator
  ---
  duration_ms: 168.608625
  type: 'test'
  ...
# Subtest: B6 school overview keeps current scoped totals, actual setup and publication metadata without lending school-wide reads
ok 134 - B6 school overview keeps current scoped totals, actual setup and publication metadata without lending school-wide reads
  ---
  duration_ms: 3303.523015
  type: 'test'
  ...
# Subtest: B6 support choices/counts are scoped SQL metadata, ticket message/status save atomically and an operator only relinquishes its own grant
ok 135 - B6 support choices/counts are scoped SQL metadata, ticket message/status save atomically and an operator only relinquishes its own grant
  ---
  duration_ms: 381.16002
  type: 'test'
  ...
# Subtest: B6 platform audit filters exact actors and whole local date boundaries before pagination and denies school-only staff
ok 136 - B6 platform audit filters exact actors and whole local date boundaries before pagination and denies school-only staff
  ---
  duration_ms: 117.584489
  type: 'test'
  ...
# Subtest: B6 school support metadata does not borrow consent authority, counts in SQL and rechecks permission before replay
ok 137 - B6 school support metadata does not borrow consent authority, counts in SQL and rechecks permission before replay
  ---
  duration_ms: 441.931757
  type: 'test'
  ...
# Subtest: B6 school audit uses the school timezone and exact SQL filters with tenant-safe history options
ok 138 - B6 school audit uses the school timezone and exact SQL filters with tenant-safe history options
  ---
  duration_ms: 249.916071
  type: 'test'
  ...
# Subtest: B6 operational probes use worker-only cycle evidence, actual backup records and purpose-bound aggregate authority
ok 139 - B6 operational probes use worker-only cycle evidence, actual backup records and purpose-bound aggregate authority
  ---
  duration_ms: 6190.463111
  type: 'test'
  ...
# Subtest: B6 atomic school-role replacement retains expiry/class scopes, detects independent grants and rolls back all failures
ok 140 - B6 atomic school-role replacement retains expiry/class scopes, detects independent grants and rolls back all failures
  ---
  duration_ms: 422.678429
  type: 'test'
  ...
# Subtest: B6 school-role replacement prevents self edits, last-admin removal, ceiling/expiry breaches and unauthorized cached replay
ok 141 - B6 school-role replacement prevents self edits, last-admin removal, ceiling/expiry breaches and unauthorized cached replay
  ---
  duration_ms: 369.351091
  type: 'test'
  ...
# Subtest: B6 ending a membership revokes all current/future grants and assignments without deleting history or other schools
ok 142 - B6 ending a membership revokes all current/future grants and assignments without deleting history or other schools
  ---
  duration_ms: 521.337567
  type: 'test'
  ...
# Subtest: B6 native school invitations persist all roles/profile, replay once and accept multiple or zero grants atomically
ok 143 - B6 native school invitations persist all roles/profile, replay once and accept multiple or zero grants atomically
  ---
  duration_ms: 337.301264
  type: 'test'
  ...
# Subtest: B6 zero-role invitation still rechecks current inviter membership and mail authority before acceptance
ok 144 - B6 zero-role invitation still rechecks current inviter membership and mail authority before acceptance
  ---
  duration_ms: 196.308307
  type: 'test'
  ...
# Subtest: B6 expired staff invitations cannot be revoked as pending or delivered, and preserve their history
ok 145 - B6 expired staff invitations cannot be revoked as pending or delivered, and preserve their history
  ---
  duration_ms: 161.994297
  type: 'test'
  ...
# Subtest: B6 staff directory combines authorized pending invitations in SQL, searches folded work data and counts before keysets
ok 146 - B6 staff directory combines authorized pending invitations in SQL, searches folded work data and counts before keysets
  ---
  duration_ms: 488.236338
  type: 'test'
  ...
# Subtest: B6 directory read does not lend invitation, role catalog, assignment or export authority and revocation invalidates opaque scope cursors
ok 147 - B6 directory read does not lend invitation, role catalog, assignment or export authority and revocation invalidates opaque scope cursors
  ---
  duration_ms: 430.579777
  type: 'test'
  ...
# Subtest: B6 Vietnamese composite keysets preserve given/full-name order, case/diacritic ties and nullable departments in both directions
ok 148 - B6 Vietnamese composite keysets preserve given/full-name order, case/diacritic ties and nullable departments in both directions
  ---
  duration_ms: 549.86075
  type: 'test'
  ...
# Subtest: B6 locked identities keep their directory lifecycle but have no effective grants, and active KPI does not fabricate access
ok 149 - B6 locked identities keep their directory lifecycle but have no effective grants, and active KPI does not fabricate access
  ---
  duration_ms: 190.752111
  type: 'test'
  ...
# Subtest: B6 member details return real coarse other-school counts and work contacts without opening another tenant
ok 150 - B6 member details return real coarse other-school counts and work contacts without opening another tenant
  ---
  duration_ms: 363.637526
  type: 'test'
  ...
# Subtest: B6 member aggregate checks current school authority, target membership and SQL role before returning any count
ok 151 - B6 member aggregate checks current school authority, target membership and SQL role before returning any count
  ---
  duration_ms: 314.700191
  type: 'test'
  ...
# Subtest: B6 member effective permissions and assignment history follow native grant time, membership, identity and assignment dates
ok 152 - B6 member effective permissions and assignment history follow native grant time, membership, identity and assignment dates
  ---
  duration_ms: 717.905235
  type: 'test'
  ...
# Subtest: B6 member role choices respect action-specific delegation expiry without borrowing a role catalog
ok 153 - B6 member role choices respect action-specific delegation expiry without borrowing a role catalog
  ---
  duration_ms: 360.812254
  type: 'test'
  ...
# Subtest: B6 member history filters member, assignment and grant events before counting/keysets, with independent audit authority
ok 154 - B6 member history filters member, assignment and grant events before counting/keysets, with independent audit authority
  ---
  duration_ms: 532.563756
  type: 'test'
  ...
# Subtest: B6 personal notifications traverse more than 100 real own memberships without truncating global totals or opaque pages
ok 155 - B6 personal notifications traverse more than 100 real own memberships without truncating global totals or opaque pages
  ---
  duration_ms: 98736.53278
  type: 'test'
  ...
# Subtest: B6 assignment preview is read-only, uses school-local instants and preserves displayed source versions before saving
ok 156 - B6 assignment preview is read-only, uses school-local instants and preserves displayed source versions before saving
  ---
  duration_ms: 532.121941
  type: 'test'
  ...
# Subtest: B6 assignment preview compares exact subject scopes, rejects overlapping windows and rechecks expired delegation on repeated POST
ok 157 - B6 assignment preview compares exact subject scopes, rejects overlapping windows and rechecks expired delegation on repeated POST
  ---
  duration_ms: 730.906399
  type: 'test'
  ...
# Subtest: B6 assignment preview detects source member changes, rejects malformed/foreign proposals and advertises future/configured publication timing
ok 158 - B6 assignment preview detects source member changes, rejects malformed/foreign proposals and advertises future/configured publication timing
  ---
  duration_ms: 374.827909
  type: 'test'
  ...
# Subtest: B6 assignment matrix returns actual nullable cells and minimal work names under independent assignment-read authority
ok 159 - B6 assignment matrix returns actual nullable cells and minimal work names under independent assignment-read authority
  ---
  duration_ms: 446.166396
  type: 'test'
  ...
# Subtest: B6 assignment matrix keeps an unconfigured year explicit and archived display reference separate from authority
ok 160 - B6 assignment matrix keeps an unconfigured year explicit and archived display reference separate from authority
  ---
  duration_ms: 285.335916
  type: 'test'
  ...
# Subtest: B6 role metadata keeps native scopes and real counts without lending member/audit access or treating custom class grants as assignments
ok 161 - B6 role metadata keeps native scopes and real counts without lending member/audit access or treating custom class grants as assignments
  ---
  duration_ms: 471.253454
  type: 'test'
  ...
# Subtest: B6 role details show only independently authorized holders/history and save scoped deltas with a displayed version
ok 162 - B6 role details show only independently authorized holders/history and save scoped deltas with a displayed version
  ---
  duration_ms: 18180.213441
  type: 'test'
  ...
# Subtest: B6 future held roles and immutable system templates cannot be edited by their holder
ok 163 - B6 future held roles and immutable system templates cannot be edited by their holder
  ---
  duration_ms: 878.171074
  type: 'test'
  ...
# Subtest: B6 editing live roles cannot expand permissions beyond the current editor expiry ceiling
ok 164 - B6 editing live roles cannot expand permissions beyond the current editor expiry ceiling
  ---
  duration_ms: 792.14196
  type: 'test'
  ...
# Subtest: B6 handover preview reads real current source/counts under purpose authority without member, family or role catalog access
ok 165 - B6 handover preview reads real current source/counts under purpose authority without member, family or role catalog access
  ---
  duration_ms: 1022.686159
  type: 'test'
  ...
# Subtest: B6 handover applies exactly once with school-local cutoffs, durable receipts, own-actor recovery and preserved source authorship
ok 166 - B6 handover applies exactly once with school-local cutoffs, durable receipts, own-actor recovery and preserved source authorship
  ---
  duration_ms: 1783.283628
  type: 'test'
  ...
# Subtest: B6 changed handover sources fail before submission or application and require an explicit review of the same pending receipt
ok 167 - B6 changed handover sources fail before submission or application and require an explicit review of the same pending receipt
  ---
  duration_ms: 2362.25463
  type: 'test'
  ...
# Subtest: B6 open-item changes invalidate handover review and linked source grants are never extended at the cutoff
ok 168 - B6 open-item changes invalidate handover review and linked source grants are never extended at the cutoff
  ---
  duration_ms: 2101.274655
  type: 'test'
  ...
# Subtest: B6 handover receipts remain actor/school bound, recheck delegation and deny immutable-source replacement
ok 169 - B6 handover receipts remain actor/school bound, recheck delegation and deny immutable-source replacement
  ---
  duration_ms: 1013.097034
  type: 'test'
  ...
# Subtest: B6 student creation allocates actual codes and atomically retains enrollment, gender and a separate unverified guardian
ok 170 - B6 student creation allocates actual codes and atomically retains enrollment, gender and a separate unverified guardian
  ---
  duration_ms: 247.918195
  type: 'test'
  ...
# Subtest: B6 student form failures roll back every row and optional contacts require independent current authority on replay
ok 171 - B6 student form failures roll back every row and optional contacts require independent current authority on replay
  ---
  duration_ms: 393.642897
  type: 'test'
  ...
# Subtest: B6 student edits retain displayed versions and never replay internal notes after private profile authority is revoked
ok 172 - B6 student edits retain displayed versions and never replay internal notes after private profile authority is revoked
  ---
  duration_ms: 336.067147
  type: 'test'
  ...
# Subtest: B6 student unknown historic gender remains null and invalid gender/guardian state cannot be fabricated
ok 173 - B6 student unknown historic gender remains null and invalid gender/guardian state cannot be fabricated
  ---
  duration_ms: 165.39071
  type: 'test'
  ...
# Subtest: B6 real CSV gender mapping normalizes supported values, preserves unmapped sources and retains invalid rows
ok 174 - B6 real CSV gender mapping normalizes supported values, preserves unmapped sources and retains invalid rows
  ---
  duration_ms: 8720.317903
  type: 'test'
  ...
# Subtest: B6 native student directory applies Vietnamese keysets, exact SQL filters and minimal selected identifiers
ok 175 - B6 native student directory applies Vietnamese keysets, exact SQL filters and minimal selected identifiers
  ---
  duration_ms: 511.002677
  type: 'test'
  ...
# Subtest: B6 native student projections separate school roster authority from family, note and link authority in the same session
ok 176 - B6 native student projections separate school roster authority from family, note and link authority in the same session
  ---
  duration_ms: 377.879642
  type: 'test'
  ...
# Subtest: B6 archived student history uses an explicit included date and stored group, position and teacher sources
ok 177 - B6 archived student history uses an explicit included date and stored group, position and teacher sources
  ---
  duration_ms: 242.457779
  type: 'test'
  ...
# Subtest: B6 subject pupil projection remains minimal and class history cannot retain family access after enrollment ends
ok 178 - B6 subject pupil projection remains minimal and class history cannot retain family access after enrollment ends
  ---
  duration_ms: 378.723852
  type: 'test'
  ...
# Subtest: B6 pupil link metadata reflects real events, bounded recent history and revocation without returning reusable secrets
ok 179 - B6 pupil link metadata reflects real events, bounded recent history and revocation without returning reusable secrets
  ---
  duration_ms: 286.99127
  type: 'test'
  ...
# Subtest: B6 an unconfigured school directory returns actual null year context without fabricated class or student data
ok 180 - B6 an unconfigured school directory returns actual null year context without fabricated class or student data
  ---
  duration_ms: 154.053691
  type: 'test'
  ...
# Subtest: B6 verified family counters remain verified when receiving permission is explicitly disabled
ok 181 - B6 verified family counters remain verified when receiving permission is explicitly disabled
  ---
  duration_ms: 209.405097
  type: 'test'
  ...
# Subtest: B6 atomic guardian save creates unverified contacts, replays one receipt and prevents duplicate new commands
ok 182 - B6 atomic guardian save creates unverified contacts, replays one receipt and prevents duplicate new commands
  ---
  duration_ms: 273.36926
  type: 'test'
  ...
# Subtest: B6 atomic guardian save serializes competing displayed student versions
ok 183 - B6 atomic guardian save serializes competing displayed student versions
  ---
  duration_ms: 201.896747
  type: 'test'
  ...
# Subtest: B6 guardian form grants class family authority without student read or unscoped sibling data
ok 184 - B6 guardian form grants class family authority without student read or unscoped sibling data
  ---
  duration_ms: 384.488934
  type: 'test'
  ...
# Subtest: B6 atomic guardian edits preserve verified receiving choices and reject stale contact versions without partial priority changes
ok 185 - B6 atomic guardian edits preserve verified receiving choices and reject stale contact versions without partial priority changes
  ---
  duration_ms: 303.946617
  type: 'test'
  ...
# Subtest: B6 guardian save detects independently changed primary references and preserves every row on failure
ok 186 - B6 guardian save detects independently changed primary references and preserves every row on failure
  ---
  duration_ms: 297.408779
  type: 'test'
  ...
# Subtest: B6 guardian save rejects masked phones, foreign pairings and mutation of archived contacts
ok 187 - B6 guardian save rejects masked phones, foreign pairings and mutation of archived contacts
  ---
  duration_ms: 277.002043
  type: 'test'
  ...
# Subtest: B6 guardian form and cached saves recheck enrollment end and grant expiry in the same session
ok 188 - B6 guardian form and cached saves recheck enrollment end and grant expiry in the same session
  ---
  duration_ms: 352.302488
  type: 'test'
  ...
# Subtest: B6 atomic guardian save rolls back contacts, relationships, primary changes, audit and receipt after a real SQL fault
ok 189 - B6 atomic guardian save rolls back contacts, relationships, primary changes, audit and receipt after a real SQL fault
  ---
  duration_ms: 238.694661
  type: 'test'
  ...
# Subtest: B6 school guardian directory uses SQL folded search, literal wildcards, signed keysets and independent link counters
ok 190 - B6 school guardian directory uses SQL folded search, literal wildcards, signed keysets and independent link counters
  ---
  duration_ms: 422.223735
  type: 'test'
  ...
# Subtest: B6 class guardian reads exclude all unscoped sibling relationships and immediately lose access after enrollment or grant ends
ok 191 - B6 class guardian reads exclude all unscoped sibling relationships and immediately lose access after enrollment or grant ends
  ---
  duration_ms: 320.782048
  type: 'test'
  ...
# Subtest: B6 shared guardian contact edits require management of every affected class and current read authority even for a replay
ok 192 - B6 shared guardian contact edits require management of every affected class and current read authority even for a replay
  ---
  duration_ms: 637.920121
  type: 'test'
  ...
# Subtest: B6 guardian profile exposes real verification and revocation metadata but removes link and audit panels when their separate rights end
ok 193 - B6 guardian profile exposes real verification and revocation metadata but removes link and audit panels when their separate rights end
  ---
  duration_ms: 434.940416
  type: 'test'
  ...
# Subtest: B6 partial student write acknowledgements redact unsubmitted protected fields including stored old receipts
ok 194 - B6 partial student write acknowledgements redact unsubmitted protected fields including stored old receipts
  ---
  duration_ms: 250.095106
  type: 'test'
  ...
# Subtest: B6 bounded school class overview preserves query results, local JIT preference and the five-second runtime timeout
ok 195 - B6 bounded school class overview preserves query results, local JIT preference and the five-second runtime timeout
  ---
  duration_ms: 169.094262
  type: 'test'
  ...
# Subtest: B6 native invitation choices require current invitation authority, preserve delegation ceilings and never borrow a role catalog
ok 196 - B6 native invitation choices require current invitation authority, preserve delegation ceilings and never borrow a role catalog
  ---
  duration_ms: 353.666872
  type: 'test'
  ...
# Subtest: B6 native staff activity is SQL-bounded to staff targets, rechecks audit authority and keeps foreign and family records out
ok 197 - B6 native staff activity is SQL-bounded to staff targets, rechecks audit authority and keeps foreign and family records out
  ---
  duration_ms: 321.304444
  type: 'test'
  ...
# Subtest: B6 student-create choices use current class write authority without borrowing roster, year or class readers
ok 198 - B6 student-create choices use current class write authority without borrowing roster, year or class readers
  ---
  duration_ms: 402.033912
  type: 'test'
  ...
# Subtest: B6 parent-issue purpose readers paginate over 1000 pupils, keep current class/time authority and expose no contact or token
ok 199 - B6 parent-issue purpose readers paginate over 1000 pupils, keep current class/time authority and expose no contact or token
  ---
  duration_ms: 727.122583
  type: 'test'
  ...
# Subtest: B6 reviewed parent issuance rejects stale sources, rotates atomically, converts local dates and never replays secrets
ok 200 - B6 reviewed parent issuance rejects stale sources, rotates atomically, converts local dates and never replays secrets
  ---
  duration_ms: 668.116096
  type: 'test'
  ...
# Subtest: B6 parent metadata directory keeps manage scope, current capabilities, real counts and no borrowed contact/catalog data
ok 201 - B6 parent metadata directory keeps manage scope, current capabilities, real counts and no borrowed contact/catalog data
  ---
  duration_ms: 871.517833
  type: 'test'
  ...
# Subtest: B6 parent metadata masks independently authorized contact, paginates anonymous history and tracks only actual replacement facts
ok 202 - B6 parent metadata masks independently authorized contact, paginates anonymous history and tracks only actual replacement facts
  ---
  duration_ms: 1132.64556
  type: 'test'
  ...
# Subtest: B6 parent attendance month exposes only real child sessions and published scoped holiday labels without borrowing overview
ok 203 - B6 parent attendance month exposes only real child sessions and published scoped holiday labels without borrowing overview
  ---
  duration_ms: 1184.081638
  type: 'test'
  ...
# Subtest: B6 parent attendance calendar SQL function checks exact child/year/school/current session and cannot expose raw calendar tables
ok 204 - B6 parent attendance calendar SQL function checks exact child/year/school/current session and cannot expose raw calendar tables
  ---
  duration_ms: 536.753921
  type: 'test'
  ...
# Subtest: B6 parent teacher directory uses own live class assignments, shared work fields and only current published schedule weekdays
ok 205 - B6 parent teacher directory uses own live class assignments, shared work fields and only current published schedule weekdays
  ---
  duration_ms: 922.355486
  type: 'test'
  ...
# Subtest: B6 parent teacher SQL denies foreign or missing context, honors current enrollment/grant/contact changes and never grants raw memberships
ok 206 - B6 parent teacher SQL denies foreign or missing context, honors current enrollment/grant/contact changes and never grants raw memberships
  ---
  duration_ms: 535.900602
  type: 'test'
  ...
# Subtest: B6 parent monthly denominator includes only actual own DAILY publications and keeps LESSON attendance separate
ok 207 - B6 parent monthly denominator includes only actual own DAILY publications and keeps LESSON attendance separate
  ---
  duration_ms: 1042.833688
  type: 'test'
  ...
# Subtest: B6 parent published dated projections retain old enrollment history and exclude old-class plans from the transfer cutoff
ok 208 - B6 parent published dated projections retain old enrollment history and exclude old-class plans from the transfer cutoff
  ---
  duration_ms: 770.192327
  type: 'test'
  ...
# Subtest: B6 parent duty schedule includes all published batch rows and current source statuses, denies other scopes and follows withdrawal
ok 209 - B6 parent duty schedule includes all published batch rows and current source statuses, denies other scopes and follows withdrawal
  ---
  duration_ms: 1728.079398
  type: 'test'
  ...
# Subtest: B6 parent timetable week keeps pinned published period/status/work labels, own holiday calendar and independent preview through replacement and withdrawal
ok 210 - B6 parent timetable week keeps pinned published period/status/work labels, own holiday calendar and independent preview through replacement and withdrawal
  ---
  duration_ms: 2842.550182
  type: 'test'
  ...
# Subtest: B6 parent timetable week SQL denies foreign/current-section contexts and raw sources, clips the year and follows transfer or link revocation
ok 211 - B6 parent timetable week SQL denies foreign/current-section contexts and raw sources, clips the year and follows transfer or link revocation
  ---
  duration_ms: 831.814847
  type: 'test'
  ...
# Subtest: B6 parent documents complete directory and metadata use actual published reports, independent view/download rights and matching scoped previews
ok 212 - B6 parent documents complete directory and metadata use actual published reports, independent view/download rights and matching scoped previews
  ---
  duration_ms: 2153.199863
  type: 'test'
  ...
# Subtest: B6 parent file guards deny raw storage, foreign contexts, expiry and revocation committed between file open and final stream check
ok 213 - B6 parent file guards deny raw storage, foreign contexts, expiry and revocation committed between file open and final stream check
  ---
  duration_ms: 693.194906
  type: 'test'
  ...
# Subtest: B6 parent published activity directory and detail pin the own-child state and metadata until replacement or withdrawal
ok 214 - B6 parent published activity directory and detail pin the own-child state and metadata until replacement or withdrawal
  ---
  duration_ms: 1042.096412
  type: 'test'
  ...
# Subtest: B6 parent published announcements pin rich content and scope kinds while attachments retain current independent rights
ok 215 - B6 parent published announcements pin rich content and scope kinds while attachments retain current independent rights
  ---
  duration_ms: 2172.987999
  type: 'test'
  ...
# Subtest: B6 parent conduct display pins published own decimals and metadata and exposes only the same child revision history through adjustment and withdrawal
ok 216 - B6 parent conduct display pins published own decimals and metadata and exposes only the same child revision history through adjustment and withdrawal
  ---
  duration_ms: 1724.991013
  type: 'test'
  ...
# Subtest: B6 parent conduct metadata and history deny wrong school child year section session, raw sources and revoked relationships
ok 217 - B6 parent conduct metadata and history deny wrong school child year section session, raw sources and revoked relationships
  ---
  duration_ms: 557.494775
  type: 'test'
  ...
# {"checkpoint":"platform-school-page-real-cohort","schools":3505,"firstRows":1,"firstMs":6.490875000017695}
# Subtest: B6 platform school pagination counts its real base cohort without computing every school aggregate and preserves filters search metadata and current denial
ok 218 - B6 platform school pagination counts its real base cohort without computing every school aggregate and preserves filters search metadata and current denial
  ---
  duration_ms: 116.592404
  type: 'test'
  ...
# Subtest: B6 parent published overview bounds each own shared panel, chooses actual publication time and follows withdrawal without borrowing sections
ok 219 - B6 parent published overview bounds each own shared panel, chooses actual publication time and follows withdrawal without borrowing sections
  ---
  duration_ms: 2440.412332
  type: 'test'
  ...
# Subtest: B6 parent overview counts every real DAILY slot beyond a mixed ten-row page, excludes LESSON future and draft facts and rechecks current section rights
ok 220 - B6 parent overview counts every real DAILY slot beyond a mixed ten-row page, excludes LESSON future and draft facts and rechecks current section rights
  ---
  duration_ms: 1810.524309
  type: 'test'
  ...
# Subtest: B6 parent overview snapshot denies foreign school child year missing session and independent preview authority without raw-source grants
ok 221 - B6 parent overview snapshot denies foreign school child year missing session and independent preview authority without raw-source grants
  ---
  duration_ms: 451.405707
  type: 'test'
  ...
# Subtest: B6 platform administrator search labels preserve current aggregate semantics and restore tenant context while denying other roles
ok 222 - B6 platform administrator search labels preserve current aggregate semantics and restore tenant context while denying other roles
  ---
  duration_ms: 407.279861
  type: 'test'
  ...
# Subtest: B6 staff preview context returns only current own safe metadata without overview panels or cookie adoption and expires every temporary session
ok 223 - B6 staff preview context returns only current own safe metadata without overview panels or cookie adoption and expires every temporary session
  ---
  duration_ms: 449.726979
  type: 'test'
  ...
# Subtest: B6 staff preview context keeps current class year school and grant-time scope independent from issuance and public parent sessions
ok 224 - B6 staff preview context keeps current class year school and grant-time scope independent from issuance and public parent sessions
  ---
  duration_ms: 367.600288
  type: 'test'
  ...
1..224
# tests 224
# suites 0
# pass 224
# fail 0
# cancelled 0
# skipped 0
# todo 0
# duration_ms 507069.986658
EXIT_CODE=0
