 Container edumanage_backend_test-runner-run-b9e8eccb588f Creating
 Container edumanage_backend_test-runner-run-b9e8eccb588f Created
✔ B5 all 264 supplied operations and explicit frontend workflow extensions have registered real handlers (445.117907ms)
✔ BE01 migration replay is a no-op, mismatch fails and metadata remains intact (70.209758ms)
✔ BE02 cross-school enrollment FK rejects write using the real runtime role (10.207712ms)
✔ BE03 no-tenant denies and SET LOCAL cannot leak across a reused connection (3.96644ms)
✔ BE04 bootstrap only exposes the authenticated user memberships without tenant (10.11138ms)
✔ BE05 HOMEROOM A plus SUBJECT B cannot authorize seating or guardians in B (6497.459006ms)
✔ BE06 revoked membership is checked during an existing session and B stays independent (44.893055ms)
✔ B6 self context carries only own current duties and separates self-profile from school contacts (12330.008196ms)
✔ BE08 CSRF, credential validation, cookie flags, session rotation and rate limiting (97.481409ms)
✔ BE10 concurrent profile patches serialize with a single version winner (52.77562ms)
✔ B6 password/session commands use actual cookies, reject bad passwords and revoke every session after change (326.51697ms)
{"checkpoint":"parent-without-context","queryMs":5.623,"planExecutionMs":0.017,"planRows":0}
✔ BE21 parent runtime role cannot select raw student rows (15.925967ms)
✔ B0 health ready checks actual migrations, database and private storage (26.887177ms)
✔ B2 class lists use SQL scope and cross-school details deny before serialization (296.239219ms)
✔ BE09 idempotent organization create/retry/concurrency performs one write (83.705638ms)
✔ B2 required idempotency, class capacity/reference validation and version conflicts (138.99021ms)
✔ B2 signed cursor rejects scope/filter modification and delivers distinct pages (3593.543875ms)
✔ B2 subject student projection omits family/internal notes and denies guardians (419.088335ms)
✔ B2 guardian create does not merge matching phone, relationships start unverified (117.136011ms)
✔ BE07 existing identity invitation requires its session and preserves password/other school (6024.199192ms)
✔ B1 password reset token is encrypted, single-use and revokes all prior sessions (156.267052ms)
✔ B2 staff delegation stays within the ceiling, custom class scope and immediate revocation (896.98489ms)
✔ B2 transfers serialize capacity, handover removes the old teacher and rollover binds its preview (1661.288108ms)
✔ B2 scoped guardian creation cannot acquire an unrelated family through relationship IDs (469.017758ms)
✔ B2/B5 uploads remain private until worker processing, leases serialize and local mail erases encrypted secrets (213238.449978ms)
✔ B2 imports parse real CSV, bind stale previews, avoid name/phone merges and retain invalid rows safely (13411.506731ms)
✔ B2/B5 timetable import checks assignments and overlapping slots, creates only a draft and deduplicates retries (7845.01904ms)
✔ B2 imports update only verified codes, create class drafts and staff invitations with work profiles (18693.771297ms)
✔ B2 large import resumes after a lost chunk without duplicating applied rows and checks current school authority (10827.139018ms)
✔ B3 attendance starts unmarked, versions every source change and publishes immutable one-student projections (533.446753ms)
✔ B3 subject attendance requires its actual lesson and cannot borrow daily access from another class (662.822188ms)
✔ B3 a simultaneous attendance edit and publish has one winner and never publishes a mixed source version (196.53159ms)
✔ B3 rule sets require explicit points, immutable issuance and effective week application (485.779002ms)
✔ B3 conduct reviews preserve facts, lock READY projections and publish only the exact pinned source (1176.717496ms)
✔ B3 conduct linked attendance detects stale sources and subject teachers see only their own lesson facts (1747.332941ms)
✔ B3 approved adjustments retain old facts and atomically replace the current publication with a reviewed preview (682.505674ms)
✔ B3 a simultaneous conduct record and lock/publish has one source winner (331.821699ms)
✔ B3 attendance linkage deduplicates, excludes corrected drafts and leaves locked scores unchanged with explicit warnings (575.286569ms)
✔ B4 private parent links expose only published child projections, preserve staff cookies and bind the active tab context (1348.894748ms)
✔ B4 section/download rights, reissue, relationship revocation and foreign UUIDs are checked on each new parent request (672.412243ms)
✔ B4 private documents stream only with both download rights, and teacher contact projections use shared work fields (1216.327637ms)
✔ B4 expired links, suspended schools, CSRF and exchange throttles deny without creating a parent identity (610.562147ms)
✔ B1 delegated grants and invitation acceptance stay inside the current expiry ceiling; backdated assignments require a reason (365.23278ms)
✔ B2 shrinking class capacity checks planned future occupancy peaks, rather than only today (172.390923ms)
✔ B5 dated groups retain moves and same-day cancellations, require current class versions and end group-leader duties (667.861636ms)
✔ B5 position holders serialize and remain valid conduct sources; locked source history cannot be shortened (495.843132ms)
✔ B5 seating validates effective enrollment and unique seats, preserves dated revisions and denies subject-only reads (701.969634ms)
✔ B2/B5 a transfer closes dated groups/positions and retains cancelled future plans atomically (391.627301ms)
✔ B5 timetable materializes bounded future lessons, publishes child-only projections and preserves past/source history (798.786109ms)
✔ B5 timetable rejects teacher/room collisions and revoked assignments, skips holidays and revalidates source versions (1086.742298ms)
✔ B5 duties publish only individual tasks, reject foreign enrollment and retain immutable publication/withdraw history (457.849661ms)
✔ B5 group duties expand the effective group at publication and retain the individual targets after later moves (681.48799ms)
✔ B5 activities count only explicit participants, preserve published states and require current source/review authority (1041.015971ms)
✔ B5 approved activity results are explicit conduct sources and locked approved facts protect their source history (406.979234ms)
✔ B5 evidence stays private until review and publication; parent documents remain child-bound and filter file availability (27211.293865ms)
✔ B5 class announcements retain immutable publication across edits, bind one recipient and reject foreign class reads (3560.242744ms)
✔ B5 public school announcements sanitize content and keep draft/private replacements out of the public projection (2736.076419ms)
✔ B5 scheduled announcements wait for their due time, publish once through a worker and safely replay after an acknowledgement loss (1468.505967ms)
✔ B5 scheduled publication rechecks the creator grant and reports a failed queue without exposing a parent snapshot (1533.324143ms)
✔ B5 announcement attachments remain private to one child, obey link download rights and disappear when archived or withdrawn (1670.026874ms)
✔ B5 school settings persist with version guards, affect only new link expiry and suppress work contacts without changing old link permissions (1008.409078ms)
✔ B5 disabling homeroom publication takes effect inside existing sessions and restores only after an explicit setting change (854.069915ms)
✔ B3 configured second approval rejects self approval in API and SQL, while a different scoped approver permits atomic adjustment (693.272769ms)
✔ B5 personal notifications paginate across actual memberships, deduplicate publication events and deny foreign recipients and cross-user cursors (1300.31272ms)
✔ B5 withdrawn announcements redact retained staff notifications instead of exposing a stale published target (48377.119551ms)
✔ B5 dashboards count real scoped rows, keep homeroom and subject tasks separate and immediately recheck revocation (4190.92913ms)
✔ B5 teacher schedule is own dated teaching and announcement feed reads only current publications across draft edits (4615.755305ms)
✔ B5 dashboard attendance counters and publication tasks follow persisted marks, publish/withdraw and current school policy (1108.216958ms)
✔ B2 platform creates only metadata drafts, bootstraps admin roles/invitations and requires an active administrator for activation (4838.360428ms)
✔ B5 platform settings and operation records persist actual state, redact artifacts and reauthorize command replays (213.393053ms)
✔ B1 platform admin invitations obey operator expiry ceilings and acceptance rolls back after authority expires (116.263051ms)
✔ B5 support tickets persist both sides, preserve queue states and exact timestamp pagination, and deny other schools (311.943284ms)
✔ B1 support requests require independent current school consent, retain immutable scope and bind tickets/classes/actions/time (295.343142ms)
✔ B1 explicitly selected support grants authorize only scoped metadata GETs, audit the actual operator and force read-only SQL (241.919583ms)
✔ B1 school-wide support metadata never exposes import rows/downloads and expires without fallback to operator privileges (3509.35594ms)
✔ B1 an operator who also has school-admin rights still cannot self-approve or combine selected support scope with ordinary rights (180.800498ms)
✔ B5 signed native keysets cross a nullable sort boundary without dropping or repeating persisted schools (1145.472658ms)
✔ B5 report SQL uses real scoped counts and immutable CSV export content while live attendance changes (1229.337783ms)
✔ B5 published report exports pin revisions across replacement and withdrawal without exposing drafts (1202.694415ms)
✔ B5 export XLSX/PDF are actual files with literal formula text, Vietnamese font and private download authorization (1400.313379ms)
✔ B5 subject reports remain own lesson attendance and scoped activities without school/family/conduct/export access (6419.494539ms)
✔ B5 export workers and all file paths reauthorize revocation, expiry and cancellation, and replay completed work safely (2101.215339ms)
✔ B5 conduct/activity/progress/link reports use actual pinned scores, explicit participant denominators and anonymous link use (1250.395477ms)
✔ B6 organization display fields persist with versions and tenant-safe references instead of being silently ignored (372.28517ms)
✔ B6 year wizard creates bounded terms, weeks, published holidays and independent draft rules atomically and idempotently (559.405927ms)
✔ B6 class form assigns homeroom atomically, denies foreign/backdated inputs, requires handover and preserves archived history (882.18735ms)
✔ B6 organization projections scope counts in SQL and a year-only grant cannot copy or publish rules (6433.017658ms)
✔ B6 purpose-bound form pickers use current write authority, exclude contacts/roles/counts and deny normal directory access (393.526752ms)
✔ B6 rollover preview uses exact end-year enrollment, minimal workflow authority and immediate revocation (597.515223ms)
✔ B6 platform school wizard creates its optional admin invitation atomically and redacts form metadata (9165.83943ms)
✔ B6 platform school form readers never lend admin or read authority to a create-only operator (190.16183ms)
✔ B6 school overview keeps current scoped totals, actual setup and publication metadata without lending school-wide reads (3096.477011ms)
✔ B6 support choices/counts are scoped SQL metadata, ticket message/status save atomically and an operator only relinquishes its own grant (334.443214ms)
✔ B6 platform audit filters exact actors and whole local date boundaries before pagination and denies school-only staff (122.98737ms)
✔ B6 school support metadata does not borrow consent authority, counts in SQL and rechecks permission before replay (462.438061ms)
✔ B6 school audit uses the school timezone and exact SQL filters with tenant-safe history options (254.95517ms)
✔ B6 operational probes use worker-only cycle evidence, actual backup records and purpose-bound aggregate authority (5076.613001ms)
✔ B6 atomic school-role replacement retains expiry/class scopes, detects independent grants and rolls back all failures (461.435143ms)
✔ B6 school-role replacement prevents self edits, last-admin removal, ceiling/expiry breaches and unauthorized cached replay (430.1848ms)
✔ B6 ending a membership revokes all current/future grants and assignments without deleting history or other schools (604.194347ms)
✔ B6 native school invitations persist all roles/profile, replay once and accept multiple or zero grants atomically (385.269909ms)
✔ B6 zero-role invitation still rechecks current inviter membership and mail authority before acceptance (253.837004ms)
✔ B6 expired staff invitations cannot be revoked as pending or delivered, and preserve their history (172.678043ms)
✔ B6 staff directory combines authorized pending invitations in SQL, searches folded work data and counts before keysets (525.287077ms)
✔ B6 directory read does not lend invitation, role catalog, assignment or export authority and revocation invalidates opaque scope cursors (379.909341ms)
✔ B6 Vietnamese composite keysets preserve given/full-name order, case/diacritic ties and nullable departments in both directions (598.580907ms)
✔ B6 locked identities keep their directory lifecycle but have no effective grants, and active KPI does not fabricate access (212.72734ms)
✔ B6 member details return real coarse other-school counts and work contacts without opening another tenant (376.044653ms)
✔ B6 member aggregate checks current school authority, target membership and SQL role before returning any count (303.655978ms)
✔ B6 member effective permissions and assignment history follow native grant time, membership, identity and assignment dates (735.135317ms)
✔ B6 member role choices respect action-specific delegation expiry without borrowing a role catalog (372.799284ms)
✔ B6 member history filters member, assignment and grant events before counting/keysets, with independent audit authority (567.974607ms)
✔ B6 personal notifications traverse more than 100 real own memberships without truncating global totals or opaque pages (90019.203174ms)
✔ B6 assignment preview is read-only, uses school-local instants and preserves displayed source versions before saving (670.333703ms)
✔ B6 assignment preview compares exact subject scopes, rejects overlapping windows and rechecks expired delegation on repeated POST (908.578365ms)
✔ B6 assignment preview detects source member changes, rejects malformed/foreign proposals and advertises future/configured publication timing (427.816146ms)
✔ B6 assignment matrix returns actual nullable cells and minimal work names under independent assignment-read authority (643.274452ms)
✔ B6 assignment matrix keeps an unconfigured year explicit and archived display reference separate from authority (390.137989ms)
✔ B6 role metadata keeps native scopes and real counts without lending member/audit access or treating custom class grants as assignments (567.580501ms)
✔ B6 role details show only independently authorized holders/history and save scoped deltas with a displayed version (15282.86038ms)
✔ B6 future held roles and immutable system templates cannot be edited by their holder (362.716295ms)
✔ B6 editing live roles cannot expand permissions beyond the current editor expiry ceiling (349.127452ms)
✔ B6 handover preview reads real current source/counts under purpose authority without member, family or role catalog access (518.981199ms)
✔ B6 handover applies exactly once with school-local cutoffs, durable receipts, own-actor recovery and preserved source authorship (1321.501561ms)
✔ B6 changed handover sources fail before submission or application and require an explicit review of the same pending receipt (2201.481505ms)
✔ B6 open-item changes invalidate handover review and linked source grants are never extended at the cutoff (1779.270809ms)
✔ B6 handover receipts remain actor/school bound, recheck delegation and deny immutable-source replacement (972.733902ms)
✔ B6 student creation allocates actual codes and atomically retains enrollment, gender and a separate unverified guardian (286.626189ms)
✔ B6 student form failures roll back every row and optional contacts require independent current authority on replay (412.822963ms)
✔ B6 student edits retain displayed versions and never replay internal notes after private profile authority is revoked (428.532821ms)
✔ B6 student unknown historic gender remains null and invalid gender/guardian state cannot be fabricated (200.165636ms)
✔ B6 real CSV gender mapping normalizes supported values, preserves unmapped sources and retains invalid rows (9127.135989ms)
✔ B6 native student directory applies Vietnamese keysets, exact SQL filters and minimal selected identifiers (611.06455ms)
✔ B6 native student projections separate school roster authority from family, note and link authority in the same session (481.742818ms)
✔ B6 archived student history uses an explicit included date and stored group, position and teacher sources (290.169723ms)
✔ B6 subject pupil projection remains minimal and class history cannot retain family access after enrollment ends (419.385593ms)
✔ B6 pupil link metadata reflects real events, bounded recent history and revocation without returning reusable secrets (454.986352ms)
✔ B6 an unconfigured school directory returns actual null year context without fabricated class or student data (442.010656ms)
✔ B6 verified family counters remain verified when receiving permission is explicitly disabled (636.628217ms)
✔ B6 atomic guardian save creates unverified contacts, replays one receipt and prevents duplicate new commands (645.745145ms)
✔ B6 atomic guardian save serializes competing displayed student versions (573.911644ms)
✔ B6 guardian form grants class family authority without student read or unscoped sibling data (1034.368735ms)
✔ B6 atomic guardian edits preserve verified receiving choices and reject stale contact versions without partial priority changes (734.515462ms)
✔ B6 guardian save detects independently changed primary references and preserves every row on failure (717.987703ms)
✔ B6 guardian save rejects masked phones, foreign pairings and mutation of archived contacts (806.834579ms)
✔ B6 guardian form and cached saves recheck enrollment end and grant expiry in the same session (1013.047962ms)
✔ B6 atomic guardian save rolls back contacts, relationships, primary changes, audit and receipt after a real SQL fault (637.886657ms)
✔ B6 school guardian directory uses SQL folded search, literal wildcards, signed keysets and independent link counters (1197.461961ms)
✔ B6 class guardian reads exclude all unscoped sibling relationships and immediately lose access after enrollment or grant ends (1006.671391ms)
✔ B6 shared guardian contact edits require management of every affected class and current read authority even for a replay (1447.451942ms)
✔ B6 guardian profile exposes real verification and revocation metadata but removes link and audit panels when their separate rights end (561.922609ms)
✔ B6 partial student write acknowledgements redact unsubmitted protected fields including stored old receipts (285.523132ms)
✔ B6 bounded school class overview preserves query results, local JIT preference and the five-second runtime timeout (210.233064ms)
✔ B6 native invitation choices require current invitation authority, preserve delegation ceilings and never borrow a role catalog (469.427669ms)
✔ B6 native staff activity is SQL-bounded to staff targets, rechecks audit authority and keeps foreign and family records out (290.841683ms)
✔ B6 student-create choices use current class write authority without borrowing roster, year or class readers (470.789197ms)
✔ B6 parent-issue purpose readers paginate over 1000 pupils, keep current class/time authority and expose no contact or token (759.700758ms)
✔ B6 reviewed parent issuance rejects stale sources, rotates atomically, converts local dates and never replays secrets (681.949358ms)
✔ B6 parent metadata directory keeps manage scope, current capabilities, real counts and no borrowed contact/catalog data (903.730845ms)
✔ B6 parent metadata masks independently authorized contact, paginates anonymous history and tracks only actual replacement facts (1157.651179ms)
✔ B6 parent attendance month exposes only real child sessions and published scoped holiday labels without borrowing overview (1157.604673ms)
✔ B6 parent attendance calendar SQL function checks exact child/year/school/current session and cannot expose raw calendar tables (536.950593ms)
✔ B6 parent teacher directory uses own live class assignments, shared work fields and only current published schedule weekdays (865.790366ms)
✔ B6 parent teacher SQL denies foreign or missing context, honors current enrollment/grant/contact changes and never grants raw memberships (515.036063ms)
✔ B6 parent monthly denominator includes only actual own DAILY publications and keeps LESSON attendance separate (832.081484ms)
✔ B6 parent published dated projections retain old enrollment history and exclude old-class plans from the transfer cutoff (675.109473ms)
✔ B6 parent duty schedule includes all published batch rows and current source statuses, denies other scopes and follows withdrawal (1065.877762ms)
✔ B6 parent timetable week keeps pinned published period/status/work labels, own holiday calendar and independent preview through replacement and withdrawal (3229.254185ms)
✔ B6 parent timetable week SQL denies foreign/current-section contexts and raw sources, clips the year and follows transfer or link revocation (898.171679ms)
✔ B6 parent documents complete directory and metadata use actual published reports, independent view/download rights and matching scoped previews (2074.485824ms)
✔ B6 parent file guards deny raw storage, foreign contexts, expiry and revocation committed between file open and final stream check (669.063025ms)
✔ B6 parent published activity directory and detail pin the own-child state and metadata until replacement or withdrawal (995.04612ms)
✔ B6 parent published announcements pin rich content and scope kinds while attachments retain current independent rights (1854.854352ms)
✔ B6 parent conduct display pins published own decimals and metadata and exposes only the same child revision history through adjustment and withdrawal (865.519914ms)
✔ B6 parent conduct metadata and history deny wrong school child year section session, raw sources and revoked relationships (551.398084ms)
{"checkpoint":"platform-school-page-real-cohort","schools":2803,"firstRows":1,"firstMs":9.745748999994248}
✔ B6 platform school pagination counts its real base cohort without computing every school aggregate and preserves filters search metadata and current denial (142.420731ms)
✔ B6 parent published overview bounds each own shared panel, chooses actual publication time and follows withdrawal without borrowing sections (2265.438483ms)
✔ B6 parent overview counts every real DAILY slot beyond a mixed ten-row page, excludes LESSON future and draft facts and rechecks current section rights (1718.132718ms)
✔ B6 parent overview snapshot denies foreign school child year missing session and independent preview authority without raw-source grants (438.613103ms)
✔ B6 platform administrator search labels preserve current aggregate semantics and restore tenant context while denying other roles (402.716524ms)
✔ B6 staff preview context returns only current own safe metadata without overview panels or cookie adoption and expires every temporary session (404.081853ms)
✔ B6 staff preview context keeps current class year school and grant-time scope independent from issuance and public parent sessions (362.208936ms)
ℹ tests 182
ℹ suites 0
ℹ pass 182
ℹ fail 0
ℹ cancelled 0
ℹ skipped 0
ℹ todo 0
ℹ duration_ms 643576.833866
exitCode=0
