 Container edumanage_backend_test-postgres-1 Running
 Container edumanage_backend_test-postgres-1 Waiting
 Container edumanage_backend_test-postgres-1 Healthy
 Container edumanage_backend_test-runner-run-afe61f51bb17 Creating
 Container edumanage_backend_test-runner-run-afe61f51bb17 Created
✔ B5 all 264 supplied operations and explicit frontend workflow extensions have registered real handlers (436.783662ms)
✔ BE01 migration replay is a no-op, mismatch fails and metadata remains intact (75.152027ms)
✔ BE02 cross-school enrollment FK rejects write using the real runtime role (12.739929ms)
✔ BE03 no-tenant denies and SET LOCAL cannot leak across a reused connection (4.398467ms)
✔ BE04 bootstrap only exposes the authenticated user memberships without tenant (8.880944ms)
✔ BE05 HOMEROOM A plus SUBJECT B cannot authorize seating or guardians in B (3834.591405ms)
✔ BE06 revoked membership is checked during an existing session and B stays independent (62.28221ms)
✔ B6 self context carries only own current duties and separates self-profile from school contacts (7647.783422ms)
✔ BE08 CSRF, credential validation, cookie flags, session rotation and rate limiting (142.318576ms)
✔ BE10 concurrent profile patches serialize with a single version winner (62.547125ms)
✔ B6 password/session commands use actual cookies, reject bad passwords and revoke every session after change (367.034548ms)
{"checkpoint":"parent-without-context","queryMs":6.201,"planExecutionMs":0.016,"planRows":0}
✔ BE21 parent runtime role cannot select raw student rows (16.176756ms)
✔ B0 health ready checks actual migrations, database and private storage (25.918763ms)
✔ B2 class lists use SQL scope and cross-school details deny before serialization (270.38332ms)
✔ BE09 idempotent organization create/retry/concurrency performs one write (83.920041ms)
✔ B2 required idempotency, class capacity/reference validation and version conflicts (141.39259ms)
✔ B2 signed cursor rejects scope/filter modification and delivers distinct pages (3359.037732ms)
✔ B2 subject student projection omits family/internal notes and denies guardians (456.49654ms)
✔ B2 guardian create does not merge matching phone, relationships start unverified (145.877607ms)
✔ BE07 existing identity invitation requires its session and preserves password/other school (3533.872335ms)
✔ B1 password reset token is encrypted, single-use and revokes all prior sessions (147.728146ms)
✔ B2 staff delegation stays within the ceiling, custom class scope and immediate revocation (936.001852ms)
✔ B2 transfers serialize capacity, handover removes the old teacher and rollover binds its preview (1767.361073ms)
✔ B2 scoped guardian creation cannot acquire an unrelated family through relationship IDs (494.166182ms)
✔ B2/B5 uploads remain private until worker processing, leases serialize and local mail erases encrypted secrets (122119.378782ms)
✔ B2 imports parse real CSV, bind stale previews, avoid name/phone merges and retain invalid rows safely (6301.614668ms)
✔ B2/B5 timetable import checks assignments and overlapping slots, creates only a draft and deduplicates retries (4644.460067ms)
✔ B2 imports update only verified codes, create class drafts and staff invitations with work profiles (8944.839993ms)
✔ B2 large import resumes after a lost chunk without duplicating applied rows and checks current school authority (6168.012319ms)
✔ B3 attendance starts unmarked, versions every source change and publishes immutable one-student projections (599.276931ms)
✔ B3 subject attendance requires its actual lesson and cannot borrow daily access from another class (636.124471ms)
✔ B3 a simultaneous attendance edit and publish has one winner and never publishes a mixed source version (222.747236ms)
✔ B3 rule sets require explicit points, immutable issuance and effective week application (498.798802ms)
✔ B3 conduct reviews preserve facts, lock READY projections and publish only the exact pinned source (1001.918455ms)
✔ B3 conduct linked attendance detects stale sources and subject teachers see only their own lesson facts (1076.982405ms)
✔ B3 approved adjustments retain old facts and atomically replace the current publication with a reviewed preview (583.189942ms)
✔ B3 a simultaneous conduct record and lock/publish has one source winner (290.425519ms)
✔ B3 attendance linkage deduplicates, excludes corrected drafts and leaves locked scores unchanged with explicit warnings (565.994791ms)
✔ B4 private parent links expose only published child projections, preserve staff cookies and bind the active tab context (2121.769519ms)
✔ B4 section/download rights, reissue, relationship revocation and foreign UUIDs are checked on each new parent request (1724.440648ms)
✔ B4 private documents stream only with both download rights, and teacher contact projections use shared work fields (2094.80316ms)
✔ B4 expired links, suspended schools, CSRF and exchange throttles deny without creating a parent identity (1666.294636ms)
✔ B1 delegated grants and invitation acceptance stay inside the current expiry ceiling; backdated assignments require a reason (362.566691ms)
✔ B2 shrinking class capacity checks planned future occupancy peaks, rather than only today (127.185862ms)
✔ B5 dated groups retain moves and same-day cancellations, require current class versions and end group-leader duties (593.656022ms)
✔ B5 position holders serialize and remain valid conduct sources; locked source history cannot be shortened (586.634317ms)
✔ B5 seating validates effective enrollment and unique seats, preserves dated revisions and denies subject-only reads (803.139758ms)
✔ B2/B5 a transfer closes dated groups/positions and retains cancelled future plans atomically (505.682478ms)
✔ B5 timetable materializes bounded future lessons, publishes child-only projections and preserves past/source history (966.331519ms)
✔ B5 timetable rejects teacher/room collisions and revoked assignments, skips holidays and revalidates source versions (1127.751843ms)
✔ B5 duties publish only individual tasks, reject foreign enrollment and retain immutable publication/withdraw history (484.893567ms)
✔ B5 group duties expand the effective group at publication and retain the individual targets after later moves (807.940898ms)
✔ B5 activities count only explicit participants, preserve published states and require current source/review authority (1068.430936ms)
✔ B5 approved activity results are explicit conduct sources and locked approved facts protect their source history (459.558974ms)
✔ B5 evidence stays private until review and publication; parent documents remain child-bound and filter file availability (16727.961112ms)
✔ B5 class announcements retain immutable publication across edits, bind one recipient and reject foreign class reads (2430.82004ms)
✔ B5 public school announcements sanitize content and keep draft/private replacements out of the public projection (2586.928375ms)
✔ B5 scheduled announcements wait for their due time, publish once through a worker and safely replay after an acknowledgement loss (1506.107399ms)
✔ B5 scheduled publication rechecks the creator grant and reports a failed queue without exposing a parent snapshot (1554.502361ms)
✔ B5 announcement attachments remain private to one child, obey link download rights and disappear when archived or withdrawn (1670.341137ms)
✔ B5 school settings persist with version guards, affect only new link expiry and suppress work contacts without changing old link permissions (1090.049619ms)
✔ B5 disabling homeroom publication takes effect inside existing sessions and restores only after an explicit setting change (920.101848ms)
✔ B3 configured second approval rejects self approval in API and SQL, while a different scoped approver permits atomic adjustment (736.999552ms)
✔ B5 personal notifications paginate across actual memberships, deduplicate publication events and deny foreign recipients and cross-user cursors (1286.072369ms)
✔ B5 withdrawn announcements redact retained staff notifications instead of exposing a stale published target (28595.898988ms)
✔ B5 dashboards count real scoped rows, keep homeroom and subject tasks separate and immediately recheck revocation (3971.046338ms)
✔ B5 teacher schedule is own dated teaching and announcement feed reads only current publications across draft edits (2703.065674ms)
✔ B5 dashboard attendance counters and publication tasks follow persisted marks, publish/withdraw and current school policy (1448.998094ms)
✔ B2 platform creates only metadata drafts, bootstraps admin roles/invitations and requires an active administrator for activation (3962.312479ms)
✔ B5 platform settings and operation records persist actual state, redact artifacts and reauthorize command replays (5422.202325ms)
✔ B1 platform admin invitations obey operator expiry ceilings and acceptance rolls back after authority expires (136.537098ms)
✔ B5 support tickets persist both sides, preserve queue states and exact timestamp pagination, and deny other schools (341.119872ms)
✔ B1 support requests require independent current school consent, retain immutable scope and bind tickets/classes/actions/time (286.987753ms)
✔ B1 explicitly selected support grants authorize only scoped metadata GETs, audit the actual operator and force read-only SQL (253.484315ms)
✔ B1 school-wide support metadata never exposes import rows/downloads and expires without fallback to operator privileges (3517.548151ms)
✔ B1 an operator who also has school-admin rights still cannot self-approve or combine selected support scope with ordinary rights (211.606181ms)
✔ B5 signed native keysets cross a nullable sort boundary without dropping or repeating persisted schools (14822.054965ms)
✔ B5 report SQL uses real scoped counts and immutable CSV export content while live attendance changes (931.05324ms)
✔ B5 published report exports pin revisions across replacement and withdrawal without exposing drafts (976.847194ms)
✔ B5 export XLSX/PDF are actual files with literal formula text, Vietnamese font and private download authorization (1050.065957ms)
✔ B5 subject reports remain own lesson attendance and scoped activities without school/family/conduct/export access (3786.596507ms)
✔ B5 export workers and all file paths reauthorize revocation, expiry and cancellation, and replay completed work safely (964.987569ms)
✔ B5 conduct/activity/progress/link reports use actual pinned scores, explicit participant denominators and anonymous link use (984.550145ms)
✔ B6 organization display fields persist with versions and tenant-safe references instead of being silently ignored (443.760971ms)
✔ B6 year wizard creates bounded terms, weeks, published holidays and independent draft rules atomically and idempotently (693.652667ms)
✔ B6 class form assigns homeroom atomically, denies foreign/backdated inputs, requires handover and preserves archived history (935.715818ms)
✔ B6 organization projections scope counts in SQL and a year-only grant cannot copy or publish rules (5961.337865ms)
✔ B6 purpose-bound form pickers use current write authority, exclude contacts/roles/counts and deny normal directory access (386.011485ms)
✔ B6 rollover preview uses exact end-year enrollment, minimal workflow authority and immediate revocation (585.627087ms)
✔ B6 platform school wizard creates its optional admin invitation atomically and redacts form metadata (10801.201906ms)
✔ B6 platform school form readers never lend admin or read authority to a create-only operator (185.519043ms)
✔ B6 school overview keeps current scoped totals, actual setup and publication metadata without lending school-wide reads (2988.090487ms)
✔ B6 support choices/counts are scoped SQL metadata, ticket message/status save atomically and an operator only relinquishes its own grant (356.993716ms)
✔ B6 platform audit filters exact actors and whole local date boundaries before pagination and denies school-only staff (128.068684ms)
✔ B6 school support metadata does not borrow consent authority, counts in SQL and rechecks permission before replay (480.253751ms)
✔ B6 school audit uses the school timezone and exact SQL filters with tenant-safe history options (249.289894ms)
✔ B6 operational probes use worker-only cycle evidence, actual backup records and purpose-bound aggregate authority (3032.62008ms)
✔ B6 atomic school-role replacement retains expiry/class scopes, detects independent grants and rolls back all failures (956.076471ms)
✔ B6 school-role replacement prevents self edits, last-admin removal, ceiling/expiry breaches and unauthorized cached replay (933.120767ms)
✔ B6 ending a membership revokes all current/future grants and assignments without deleting history or other schools (849.366479ms)
✔ B6 native school invitations persist all roles/profile, replay once and accept multiple or zero grants atomically (383.135505ms)
✔ B6 zero-role invitation still rechecks current inviter membership and mail authority before acceptance (189.414065ms)
✔ B6 expired staff invitations cannot be revoked as pending or delivered, and preserve their history (175.711593ms)
✔ B6 staff directory combines authorized pending invitations in SQL, searches folded work data and counts before keysets (597.543666ms)
✔ B6 directory read does not lend invitation, role catalog, assignment or export authority and revocation invalidates opaque scope cursors (382.273188ms)
✔ B6 Vietnamese composite keysets preserve given/full-name order, case/diacritic ties and nullable departments in both directions (706.720292ms)
✔ B6 locked identities keep their directory lifecycle but have no effective grants, and active KPI does not fabricate access (206.159454ms)
✔ B6 member details return real coarse other-school counts and work contacts without opening another tenant (338.258288ms)
✔ B6 member aggregate checks current school authority, target membership and SQL role before returning any count (304.402522ms)
✔ B6 member effective permissions and assignment history follow native grant time, membership, identity and assignment dates (718.306125ms)
✔ B6 member role choices respect action-specific delegation expiry without borrowing a role catalog (354.377865ms)
✔ B6 member history filters member, assignment and grant events before counting/keysets, with independent audit authority (568.701018ms)
✔ B6 personal notifications traverse more than 100 real own memberships without truncating global totals or opaque pages (45530.155488ms)
✔ B6 assignment preview is read-only, uses school-local instants and preserves displayed source versions before saving (605.215932ms)
✔ B6 assignment preview compares exact subject scopes, rejects overlapping windows and rechecks expired delegation on repeated POST (829.098483ms)
✔ B6 assignment preview detects source member changes, rejects malformed/foreign proposals and advertises future/configured publication timing (389.157913ms)
✔ B6 assignment matrix returns actual nullable cells and minimal work names under independent assignment-read authority (488.522827ms)
✔ B6 assignment matrix keeps an unconfigured year explicit and archived display reference separate from authority (299.882769ms)
✔ B6 role metadata keeps native scopes and real counts without lending member/audit access or treating custom class grants as assignments (516.077017ms)
✔ B6 role details show only independently authorized holders/history and save scoped deltas with a displayed version (8302.245027ms)
✔ B6 future held roles and immutable system templates cannot be edited by their holder (307.031586ms)
✔ B6 editing live roles cannot expand permissions beyond the current editor expiry ceiling (325.095784ms)
✔ B6 handover preview reads real current source/counts under purpose authority without member, family or role catalog access (454.546145ms)
✔ B6 handover applies exactly once with school-local cutoffs, durable receipts, own-actor recovery and preserved source authorship (1185.528531ms)
✔ B6 changed handover sources fail before submission or application and require an explicit review of the same pending receipt (2031.585337ms)
✔ B6 open-item changes invalidate handover review and linked source grants are never extended at the cutoff (1604.853881ms)
✔ B6 handover receipts remain actor/school bound, recheck delegation and deny immutable-source replacement (948.53445ms)
✔ B6 student creation allocates actual codes and atomically retains enrollment, gender and a separate unverified guardian (366.056185ms)
✔ B6 student form failures roll back every row and optional contacts require independent current authority on replay (1064.604835ms)
✔ B6 student edits retain displayed versions and never replay internal notes after private profile authority is revoked (934.120848ms)
✔ B6 student unknown historic gender remains null and invalid gender/guardian state cannot be fabricated (427.989899ms)
✔ B6 real CSV gender mapping normalizes supported values, preserves unmapped sources and retains invalid rows (4834.518479ms)
✔ B6 native student directory applies Vietnamese keysets, exact SQL filters and minimal selected identifiers (643.504222ms)
✔ B6 native student projections separate school roster authority from family, note and link authority in the same session (522.847698ms)
✔ B6 archived student history uses an explicit included date and stored group, position and teacher sources (266.656663ms)
✔ B6 subject pupil projection remains minimal and class history cannot retain family access after enrollment ends (424.111765ms)
✔ B6 pupil link metadata reflects real events, bounded recent history and revocation without returning reusable secrets (296.525944ms)
✔ B6 an unconfigured school directory returns actual null year context without fabricated class or student data (169.975581ms)
✔ B6 verified family counters remain verified when receiving permission is explicitly disabled (245.326482ms)
✔ B6 atomic guardian save creates unverified contacts, replays one receipt and prevents duplicate new commands (336.25534ms)
✔ B6 atomic guardian save serializes competing displayed student versions (260.752816ms)
✔ B6 guardian form grants class family authority without student read or unscoped sibling data (544.058343ms)
✔ B6 atomic guardian edits preserve verified receiving choices and reject stale contact versions without partial priority changes (503.059718ms)
✔ B6 guardian save detects independently changed primary references and preserves every row on failure (539.526993ms)
✔ B6 guardian save rejects masked phones, foreign pairings and mutation of archived contacts (536.239688ms)
✔ B6 guardian form and cached saves recheck enrollment end and grant expiry in the same session (494.649434ms)
✔ B6 atomic guardian save rolls back contacts, relationships, primary changes, audit and receipt after a real SQL fault (324.05241ms)
✔ B6 school guardian directory uses SQL folded search, literal wildcards, signed keysets and independent link counters (520.237581ms)
✔ B6 class guardian reads exclude all unscoped sibling relationships and immediately lose access after enrollment or grant ends (346.939629ms)
✔ B6 shared guardian contact edits require management of every affected class and current read authority even for a replay (740.41862ms)
✔ B6 guardian profile exposes real verification and revocation metadata but removes link and audit panels when their separate rights end (1523.051287ms)
✔ B6 partial student write acknowledgements redact unsubmitted protected fields including stored old receipts (966.830179ms)
✔ B6 bounded school class overview preserves query results, local JIT preference and the five-second runtime timeout (490.544468ms)
✔ B6 native invitation choices require current invitation authority, preserve delegation ceilings and never borrow a role catalog (1220.914722ms)
✔ B6 native staff activity is SQL-bounded to staff targets, rechecks audit authority and keeps foreign and family records out (588.402735ms)
✔ B6 student-create choices use current class write authority without borrowing roster, year or class readers (460.73206ms)
✔ B6 parent-issue purpose readers paginate over 1000 pupils, keep current class/time authority and expose no contact or token (681.657988ms)
✔ B6 reviewed parent issuance rejects stale sources, rotates atomically, converts local dates and never replays secrets (702.389548ms)
✔ B6 parent metadata directory keeps manage scope, current capabilities, real counts and no borrowed contact/catalog data (1090.856165ms)
✔ B6 parent metadata masks independently authorized contact, paginates anonymous history and tracks only actual replacement facts (1402.468252ms)
ℹ tests 160
ℹ suites 0
ℹ pass 160
ℹ fail 0
ℹ cancelled 0
ℹ skipped 0
ℹ todo 0
ℹ duration_ms 422119.669904
