 Container edumanage_backend_test-postgres-1 Running
 Container edumanage_backend_test-postgres-1 Waiting
 Container edumanage_backend_test-postgres-1 Healthy
 Container edumanage_backend_test-runner-run-569d8b36f7a3 Creating
 Container edumanage_backend_test-runner-run-569d8b36f7a3 Created
✖ B5 all 264 supplied operations and explicit frontend workflow extensions have registered real handlers (515.431381ms)
✔ BE01 migration replay is a no-op, mismatch fails and metadata remains intact (61.938971ms)
✔ BE02 cross-school enrollment FK rejects write using the real runtime role (9.578104ms)
✔ BE03 no-tenant denies and SET LOCAL cannot leak across a reused connection (3.680491ms)
✔ BE04 bootstrap only exposes the authenticated user memberships without tenant (7.535525ms)
✔ BE05 HOMEROOM A plus SUBJECT B cannot authorize seating or guardians in B (3304.796746ms)
✔ BE06 revoked membership is checked during an existing session and B stays independent (150.510092ms)
✔ B6 self context carries only own current duties and separates self-profile from school contacts (7366.499667ms)
✔ BE08 CSRF, credential validation, cookie flags, session rotation and rate limiting (377.059765ms)
✔ BE10 concurrent profile patches serialize with a single version winner (194.913043ms)
✔ B6 password/session commands use actual cookies, reject bad passwords and revoke every session after change (1162.49123ms)
{"checkpoint":"parent-without-context","queryMs":5.646,"planExecutionMs":0.017,"planRows":0}
✔ BE21 parent runtime role cannot select raw student rows (28.447423ms)
✔ B0 health ready checks actual migrations, database and private storage (25.872042ms)
✔ B2 class lists use SQL scope and cross-school details deny before serialization (480.843689ms)
✔ BE09 idempotent organization create/retry/concurrency performs one write (224.305742ms)
✔ B2 required idempotency, class capacity/reference validation and version conflicts (371.255705ms)
✔ B2 signed cursor rejects scope/filter modification and delivers distinct pages (3278.43595ms)
✔ B2 subject student projection omits family/internal notes and denies guardians (731.702044ms)
✔ B2 guardian create does not merge matching phone, relationships start unverified (393.125358ms)
✔ BE07 existing identity invitation requires its session and preserves password/other school (3247.98415ms)
✔ B1 password reset token is encrypted, single-use and revokes all prior sessions (158.178236ms)
✔ B2 staff delegation stays within the ceiling, custom class scope and immediate revocation (824.509818ms)
✔ B2 transfers serialize capacity, handover removes the old teacher and rollover binds its preview (1664.51008ms)
✔ B2 scoped guardian creation cannot acquire an unrelated family through relationship IDs (463.02608ms)
✔ B2/B5 uploads remain private until worker processing, leases serialize and local mail erases encrypted secrets (105590.040573ms)
✔ B2 imports parse real CSV, bind stale previews, avoid name/phone merges and retain invalid rows safely (5168.316822ms)
✔ B2/B5 timetable import checks assignments and overlapping slots, creates only a draft and deduplicates retries (3139.134667ms)
✔ B2 imports update only verified codes, create class drafts and staff invitations with work profiles (7551.121627ms)
✔ B2 large import resumes after a lost chunk without duplicating applied rows and checks current school authority (5584.953481ms)
✔ B3 attendance starts unmarked, versions every source change and publishes immutable one-student projections (550.354061ms)
✔ B3 subject attendance requires its actual lesson and cannot borrow daily access from another class (553.206634ms)
✔ B3 a simultaneous attendance edit and publish has one winner and never publishes a mixed source version (184.070338ms)
✔ B3 rule sets require explicit points, immutable issuance and effective week application (430.669771ms)
✔ B3 conduct reviews preserve facts, lock READY projections and publish only the exact pinned source (2287.811269ms)
✔ B3 conduct linked attendance detects stale sources and subject teachers see only their own lesson facts (2492.070452ms)
✔ B3 approved adjustments retain old facts and atomically replace the current publication with a reviewed preview (1748.74374ms)
✔ B3 a simultaneous conduct record and lock/publish has one source winner (1189.634236ms)
✔ B3 attendance linkage deduplicates, excludes corrected drafts and leaves locked scores unchanged with explicit warnings (486.727764ms)
✔ B4 private parent links expose only published child projections, preserve staff cookies and bind the active tab context (993.384378ms)
✔ B4 section/download rights, reissue, relationship revocation and foreign UUIDs are checked on each new parent request (524.150103ms)
✔ B4 private documents stream only with both download rights, and teacher contact projections use shared work fields (683.215986ms)
✔ B4 expired links, suspended schools, CSRF and exchange throttles deny without creating a parent identity (475.25208ms)
✔ B1 delegated grants and invitation acceptance stay inside the current expiry ceiling; backdated assignments require a reason (323.123825ms)
✔ B2 shrinking class capacity checks planned future occupancy peaks, rather than only today (123.119601ms)
✔ B5 dated groups retain moves and same-day cancellations, require current class versions and end group-leader duties (555.309792ms)
✔ B5 position holders serialize and remain valid conduct sources; locked source history cannot be shortened (486.880719ms)
✔ B5 seating validates effective enrollment and unique seats, preserves dated revisions and denies subject-only reads (716.197489ms)
✔ B2/B5 a transfer closes dated groups/positions and retains cancelled future plans atomically (401.919703ms)
✔ B5 timetable materializes bounded future lessons, publishes child-only projections and preserves past/source history (849.022341ms)
✔ B5 timetable rejects teacher/room collisions and revoked assignments, skips holidays and revalidates source versions (1078.613929ms)
✔ B5 duties publish only individual tasks, reject foreign enrollment and retain immutable publication/withdraw history (502.599955ms)
✔ B5 group duties expand the effective group at publication and retain the individual targets after later moves (746.995817ms)
✔ B5 activities count only explicit participants, preserve published states and require current source/review authority (973.8842ms)
✔ B5 approved activity results are explicit conduct sources and locked approved facts protect their source history (459.379042ms)
✔ B5 evidence stays private until review and publication; parent documents remain child-bound and filter file availability (12945.170397ms)
✔ B5 class announcements retain immutable publication across edits, bind one recipient and reject foreign class reads (2253.511583ms)
✔ B5 public school announcements sanitize content and keep draft/private replacements out of the public projection (2404.948579ms)
✔ B5 scheduled announcements wait for their due time, publish once through a worker and safely replay after an acknowledgement loss (1353.222201ms)
✔ B5 scheduled publication rechecks the creator grant and reports a failed queue without exposing a parent snapshot (1481.923147ms)
✔ B5 announcement attachments remain private to one child, obey link download rights and disappear when archived or withdrawn (1408.262645ms)
✔ B5 school settings persist with version guards, affect only new link expiry and suppress work contacts without changing old link permissions (955.116141ms)
✔ B5 disabling homeroom publication takes effect inside existing sessions and restores only after an explicit setting change (773.931633ms)
✔ B3 configured second approval rejects self approval in API and SQL, while a different scoped approver permits atomic adjustment (620.711177ms)
✔ B5 personal notifications paginate across actual memberships, deduplicate publication events and deny foreign recipients and cross-user cursors (1165.352498ms)
✔ B5 withdrawn announcements redact retained staff notifications instead of exposing a stale published target (24635.007776ms)
✔ B5 dashboards count real scoped rows, keep homeroom and subject tasks separate and immediately recheck revocation (5403.236078ms)
✔ B5 teacher schedule is own dated teaching and announcement feed reads only current publications across draft edits (2687.632077ms)
✔ B5 dashboard attendance counters and publication tasks follow persisted marks, publish/withdraw and current school policy (1110.632719ms)
✔ B2 platform creates only metadata drafts, bootstraps admin roles/invitations and requires an active administrator for activation (2945.015318ms)
✔ B5 platform settings and operation records persist actual state, redact artifacts and reauthorize command replays (5407.687049ms)
✔ B1 platform admin invitations obey operator expiry ceilings and acceptance rolls back after authority expires (521.772256ms)
✔ B5 support tickets persist both sides, preserve queue states and exact timestamp pagination, and deny other schools (1334.484536ms)
✔ B1 support requests require independent current school consent, retain immutable scope and bind tickets/classes/actions/time (1058.139776ms)
✔ B1 explicitly selected support grants authorize only scoped metadata GETs, audit the actual operator and force read-only SQL (905.793291ms)
✔ B1 school-wide support metadata never exposes import rows/downloads and expires without fallback to operator privileges (4305.971094ms)
✔ B1 an operator who also has school-admin rights still cannot self-approve or combine selected support scope with ordinary rights (715.952691ms)
✔ B5 signed native keysets cross a nullable sort boundary without dropping or repeating persisted schools (14019.630593ms)
✔ B5 report SQL uses real scoped counts and immutable CSV export content while live attendance changes (1806.699179ms)
✔ B5 published report exports pin revisions across replacement and withdrawal without exposing drafts (2213.087689ms)
✔ B5 export XLSX/PDF are actual files with literal formula text, Vietnamese font and private download authorization (1974.965983ms)
✔ B5 subject reports remain own lesson attendance and scoped activities without school/family/conduct/export access (3531.4318ms)
✔ B5 export workers and all file paths reauthorize revocation, expiry and cancellation, and replay completed work safely (1153.848717ms)
✔ B5 conduct/activity/progress/link reports use actual pinned scores, explicit participant denominators and anonymous link use (1090.903217ms)
✔ B6 organization display fields persist with versions and tenant-safe references instead of being silently ignored (413.194653ms)
✔ B6 year wizard creates bounded terms, weeks, published holidays and independent draft rules atomically and idempotently (717.221623ms)
✔ B6 class form assigns homeroom atomically, denies foreign/backdated inputs, requires handover and preserves archived history (1106.767641ms)
✔ B6 organization projections scope counts in SQL and a year-only grant cannot copy or publish rules (6308.419009ms)
✔ B6 purpose-bound form pickers use current write authority, exclude contacts/roles/counts and deny normal directory access (398.093686ms)
✔ B6 rollover preview uses exact end-year enrollment, minimal workflow authority and immediate revocation (708.957678ms)
✔ B6 platform school wizard creates its optional admin invitation atomically and redacts form metadata (10191.276689ms)
✔ B6 platform school form readers never lend admin or read authority to a create-only operator (179.885089ms)
✔ B6 school overview keeps current scoped totals, actual setup and publication metadata without lending school-wide reads (2546.771097ms)
✔ B6 support choices/counts are scoped SQL metadata, ticket message/status save atomically and an operator only relinquishes its own grant (358.610611ms)
✔ B6 platform audit filters exact actors and whole local date boundaries before pagination and denies school-only staff (133.71264ms)
✔ B6 school support metadata does not borrow consent authority, counts in SQL and rechecks permission before replay (492.865064ms)
✔ B6 school audit uses the school timezone and exact SQL filters with tenant-safe history options (333.662673ms)
✔ B6 operational probes use worker-only cycle evidence, actual backup records and purpose-bound aggregate authority (3142.640129ms)
✔ B6 atomic school-role replacement retains expiry/class scopes, detects independent grants and rolls back all failures (503.13716ms)
✔ B6 school-role replacement prevents self edits, last-admin removal, ceiling/expiry breaches and unauthorized cached replay (416.776429ms)
✔ B6 ending a membership revokes all current/future grants and assignments without deleting history or other schools (552.223252ms)
✔ B6 native school invitations persist all roles/profile, replay once and accept multiple or zero grants atomically (377.189599ms)
✔ B6 zero-role invitation still rechecks current inviter membership and mail authority before acceptance (206.872543ms)
✔ B6 expired staff invitations cannot be revoked as pending or delivered, and preserve their history (175.138101ms)
✔ B6 staff directory combines authorized pending invitations in SQL, searches folded work data and counts before keysets (553.758827ms)
✔ B6 directory read does not lend invitation, role catalog, assignment or export authority and revocation invalidates opaque scope cursors (433.374446ms)
✔ B6 Vietnamese composite keysets preserve given/full-name order, case/diacritic ties and nullable departments in both directions (617.238403ms)
✔ B6 locked identities keep their directory lifecycle but have no effective grants, and active KPI does not fabricate access (229.546795ms)
✔ B6 member details return real coarse other-school counts and work contacts without opening another tenant (394.942096ms)
✔ B6 member aggregate checks current school authority, target membership and SQL role before returning any count (327.804957ms)
✔ B6 member effective permissions and assignment history follow native grant time, membership, identity and assignment dates (955.799516ms)
✔ B6 member role choices respect action-specific delegation expiry without borrowing a role catalog (492.613417ms)
✔ B6 member history filters member, assignment and grant events before counting/keysets, with independent audit authority (685.819736ms)
✔ B6 personal notifications traverse more than 100 real own memberships without truncating global totals or opaque pages (38993.99077ms)
✔ B6 assignment preview is read-only, uses school-local instants and preserves displayed source versions before saving (530.617634ms)
✔ B6 assignment preview compares exact subject scopes, rejects overlapping windows and rechecks expired delegation on repeated POST (905.412448ms)
✔ B6 assignment preview detects source member changes, rejects malformed/foreign proposals and advertises future/configured publication timing (433.025064ms)
✔ B6 assignment matrix returns actual nullable cells and minimal work names under independent assignment-read authority (498.716495ms)
✔ B6 assignment matrix keeps an unconfigured year explicit and archived display reference separate from authority (340.527408ms)
✔ B6 role metadata keeps native scopes and real counts without lending member/audit access or treating custom class grants as assignments (547.278691ms)
✔ B6 role details show only independently authorized holders/history and save scoped deltas with a displayed version (8356.214329ms)
✔ B6 future held roles and immutable system templates cannot be edited by their holder (972.899479ms)
✔ B6 editing live roles cannot expand permissions beyond the current editor expiry ceiling (967.856573ms)
✔ B6 handover preview reads real current source/counts under purpose authority without member, family or role catalog access (597.043376ms)
✔ B6 handover applies exactly once with school-local cutoffs, durable receipts, own-actor recovery and preserved source authorship (1473.870691ms)
✔ B6 changed handover sources fail before submission or application and require an explicit review of the same pending receipt (1982.102009ms)
✔ B6 open-item changes invalidate handover review and linked source grants are never extended at the cutoff (1644.553738ms)
✔ B6 handover receipts remain actor/school bound, recheck delegation and deny immutable-source replacement (1177.627282ms)
✔ B6 student creation allocates actual codes and atomically retains enrollment, gender and a separate unverified guardian (261.332462ms)
✔ B6 student form failures roll back every row and optional contacts require independent current authority on replay (506.270311ms)
✔ B6 student edits retain displayed versions and never replay internal notes after private profile authority is revoked (338.814047ms)
✔ B6 student unknown historic gender remains null and invalid gender/guardian state cannot be fabricated (164.275287ms)
✔ B6 real CSV gender mapping normalizes supported values, preserves unmapped sources and retains invalid rows (5187.892081ms)
✔ B6 native student directory applies Vietnamese keysets, exact SQL filters and minimal selected identifiers (685.933186ms)
✔ B6 native student projections separate school roster authority from family, note and link authority in the same session (459.151844ms)
✔ B6 archived student history uses an explicit included date and stored group, position and teacher sources (422.947946ms)
✔ B6 subject pupil projection remains minimal and class history cannot retain family access after enrollment ends (545.340194ms)
✔ B6 pupil link metadata reflects real events, bounded recent history and revocation without returning reusable secrets (310.702829ms)
✔ B6 an unconfigured school directory returns actual null year context without fabricated class or student data (178.962495ms)
✔ B6 verified family counters remain verified when receiving permission is explicitly disabled (223.742431ms)
✔ B6 atomic guardian save creates unverified contacts, replays one receipt and prevents duplicate new commands (371.848695ms)
✔ B6 atomic guardian save serializes competing displayed student versions (294.475318ms)
✔ B6 guardian form grants class family authority without student read or unscoped sibling data (512.723163ms)
✔ B6 atomic guardian edits preserve verified receiving choices and reject stale contact versions without partial priority changes (408.881327ms)
✔ B6 guardian save detects independently changed primary references and preserves every row on failure (384.025148ms)
✔ B6 guardian save rejects masked phones, foreign pairings and mutation of archived contacts (353.556903ms)
✔ B6 guardian form and cached saves recheck enrollment end and grant expiry in the same session (436.754699ms)
✔ B6 atomic guardian save rolls back contacts, relationships, primary changes, audit and receipt after a real SQL fault (268.045154ms)
✔ B6 school guardian directory uses SQL folded search, literal wildcards, signed keysets and independent link counters (469.211793ms)
✔ B6 class guardian reads exclude all unscoped sibling relationships and immediately lose access after enrollment or grant ends (341.426998ms)
✔ B6 shared guardian contact edits require management of every affected class and current read authority even for a replay (633.882958ms)
✔ B6 guardian profile exposes real verification and revocation metadata but removes link and audit panels when their separate rights end (453.025769ms)
✔ B6 partial student write acknowledgements redact unsubmitted protected fields including stored old receipts (284.407358ms)
✔ B6 bounded school class overview preserves query results, local JIT preference and the five-second runtime timeout (211.105298ms)
✔ B6 native invitation choices require current invitation authority, preserve delegation ceilings and never borrow a role catalog (439.170663ms)
✔ B6 native staff activity is SQL-bounded to staff targets, rechecks audit authority and keeps foreign and family records out (269.616323ms)
✔ B6 student-create choices use current class write authority without borrowing roster, year or class readers (446.433131ms)
✔ B6 parent-issue purpose readers paginate over 1000 pupils, keep current class/time authority and expose no contact or token (633.062354ms)
✔ B6 reviewed parent issuance rejects stale sources, rotates atomically, converts local dates and never replays secrets (682.431371ms)
ℹ tests 158
ℹ suites 0
ℹ pass 157
ℹ fail 1
ℹ cancelled 0
ℹ skipped 0
ℹ todo 0
ℹ duration_ms 385459.78501

✖ failing tests:

test at tests/integration/foundation.test.mjs:99:1
✖ B5 all 264 supplied operations and explicit frontend workflow extensions have registered real handlers (515.431381ms)
  AssertionError [ERR_ASSERTION]: Expected values to be strictly equal:

  306 !== 302

      at TestContext.<anonymous> (file:///srv/api/tests/integration/foundation.test.mjs:100:10)
      at Test.runInAsyncScope (node:async_hooks:227:14)
      at Test.run (node:internal/test_runner/test:1402:25)
      at process.processTicksAndRejections (node:internal/process/task_queues:104:5)
      at async startSubtestAfterBootstrap (node:internal/test_runner/harness:387:3) {
    generatedMessage: true,
    code: 'ERR_ASSERTION',
    actual: 306,
    expected: 302,
    operator: 'strictEqual',
    diff: 'simple'
  }
