✔ all operation IDs are unique, including the explicit frontend workflow extensions (1.7546ms)
✔ atomic school roles require a displayed version and unique explicit role IDs without actor authority (13.7039ms)
✔ reviewed parent issuance requires every reviewed source version and rejects contact/token/actor fields (13.5873ms)
✔ parent staff metadata excludes bearer/private fields and history represents missing device/section explicitly (16.4666ms)
✔ school invite retains zero or multiple roles and the 1–30 day form without widening platform admin invitations (6.4924ms)
✔ login rejects spoofed role, school and unknown fields (1.6193ms)
✔ private user DTO rejects secrets and unknown properties (4.6051ms)
✔ platform first administrator supports server start time and rejects scope spoofing or excessive invitation lifetime (0.3779ms)
✔ school overview accepts explicit unavailable panels and rejects private directory fields (34.1992ms)
✔ directory represents invitations without fake memberships and keeps unavailable invitation KPI explicit (10.0842ms)
✔ member profile separates denied panels and exact native authority without exposing other school metadata (26.9898ms)
✔ invitation choices use invitation authority and never lend role metadata or contacts (4.3362ms)
✔ atomic guardian save requires displayed student and primary versions without verification or actor fields (20.8289ms)
✔ assignment preview is a CSRF-protected read-only POST and preserves explicit source versions without actor authority (3.8354ms)
✔ assignment matrix represents a real unconfigured year and empty cells without borrowing profiles, rosters or permissions (29.5417ms)
✔ role details retain exact native scopes and denied panels without exposing staff contacts or a fabricated editable system role (20.4806ms)
✔ handover receipts retain unknown legacy metadata and strict reviewed source fields without exposing the internal state (14.4917ms)
✔ student forms persist nullable gender and an atomic unverified guardian without accepting actor or result state (29.2095ms)
✔ student read models distinguish denied and unknown values and exclude reusable parent tokens (39.2402ms)
✔ guardian projections exclude student private profiles and audit snapshots and require explicit denied panels (20.2405ms)
✔ student-create options are a minimal write-purpose class projection without roster or borrowed catalogs (6.4276ms)
✔ parent context metadata distinguishes year, link and session bounds without child private fields (7.2443ms)
✔ parent attendance month preserves real session/holiday counts and rejects private fields or invented calendar states (8.5876ms)
✔ parent teacher directory requires explicit nullable work metadata and minimal unique weekdays without raw staff identity (7.043ms)
✔ parent duty schedule exposes only concrete published tasks with explicit status and year/date metadata (15.9022ms)
✔ parent weekly timetable requires explicit published status, timezone and nullable pinned metadata without raw source fields (11ms)
✔ parent document directory requires real independent capabilities and minimal report fields without storage keys (9.5526ms)
✔ announcement HTML retains paragraph/list formatting while dropping executable markup, URLs and tracking resources (3.4483ms)
✔ operation evidence validates metadata values and omits secret-like values and unknown fields (1.8634ms)
✔ parent month keeps actual sessions, mixed days and unmarked outside the attendance denominator (14.9338ms)
✔ parent month infers neither Sunday holidays nor missing-day presence and preserves actual published holiday names (0.6273ms)
✔ parent month clips only to real exclusive year bounds and rejects malformed/outside-year selection (0.6157ms)
✔ parent month rejects missing calendar days, shifted date sources, unknown statuses and foreign date rows (0.7361ms)
✔ grant action and class scope stay together (1.1092ms)
✔ subject grants never authorize management without explicit subject policy (0.1875ms)
✔ end dates are exclusive and assignment is mandatory for default teacher grants (0.173ms)
✔ a custom class grant authorizes only its delegated action and class (0.2318ms)
✔ a delegated grant cannot outlive an expiring authority, including an unbounded target or future start (0.225ms)
✔ decimal scoring preserves fractional sums, negative penalties, explicit base, clamps and threshold boundaries (4.0456ms)
✔ fixed deltas reject overrides and manual deltas require bounds (0.4767ms)
✔ parent weekly timetable uses real Monday/calendar bounds and clips partial academic weeks (3.794ms)
✔ parent weekly timetable rejects a source exceeding the total bound before response serialization (1.7973ms)
✔ XLSX parser bounds sparse dimensions and rejects formulas before workbook allocation (124.6961ms)
ℹ tests 43
ℹ suites 0
ℹ pass 43
ℹ fail 0
ℹ cancelled 0
ℹ skipped 0
ℹ todo 0
ℹ duration_ms 1334.2635
exitCode=0
