 Container edumanage_backend_test-runner-run-d467aa421f79 Creating
 Container edumanage_backend_test-runner-run-d467aa421f79 Created
✔ B5 all 264 supplied operations and explicit frontend workflow extensions have registered real handlers (493.43181ms)
✔ BE01 migration replay is a no-op, mismatch fails and metadata remains intact (71.787738ms)
✔ BE02 cross-school enrollment FK rejects write using the real runtime role (10.209945ms)
✔ BE03 no-tenant denies and SET LOCAL cannot leak across a reused connection (3.953454ms)
✔ BE04 bootstrap only exposes the authenticated user memberships without tenant (8.646395ms)
✔ BE05 HOMEROOM A plus SUBJECT B cannot authorize seating or guardians in B (4939.10141ms)
✔ BE06 revoked membership is checked during an existing session and B stays independent (54.713437ms)
✔ B6 self context carries only own current duties and separates self-profile from school contacts (9407.562217ms)
✔ BE08 CSRF, credential validation, cookie flags, session rotation and rate limiting (343.374247ms)
✔ BE10 concurrent profile patches serialize with a single version winner (224.232299ms)
✔ B6 password/session commands use actual cookies, reject bad passwords and revoke every session after change (1169.374476ms)
{"checkpoint":"parent-without-context","queryMs":5.737,"planExecutionMs":0.016,"planRows":0}
✔ BE21 parent runtime role cannot select raw student rows (32.606856ms)
✔ B0 health ready checks actual migrations, database and private storage (27.009179ms)
✔ B2 class lists use SQL scope and cross-school details deny before serialization (482.905926ms)
✔ BE09 idempotent organization create/retry/concurrency performs one write (287.147285ms)
✔ B2 required idempotency, class capacity/reference validation and version conflicts (372.152909ms)
✔ B2 signed cursor rejects scope/filter modification and delivers distinct pages (3936.05809ms)
✔ B2 subject student projection omits family/internal notes and denies guardians (650.476255ms)
✔ B2 guardian create does not merge matching phone, relationships start unverified (379.903714ms)
✔ BE07 existing identity invitation requires its session and preserves password/other school (4833.177455ms)
✔ B1 password reset token is encrypted, single-use and revokes all prior sessions (155.195586ms)
✔ B2 staff delegation stays within the ceiling, custom class scope and immediate revocation (852.763955ms)
✔ B2 transfers serialize capacity, handover removes the old teacher and rollover binds its preview (1814.530229ms)
✔ B2 scoped guardian creation cannot acquire an unrelated family through relationship IDs (466.326782ms)
✔ B2/B5 uploads remain private until worker processing, leases serialize and local mail erases encrypted secrets (151282.242714ms)
✔ B2 imports parse real CSV, bind stale previews, avoid name/phone merges and retain invalid rows safely (5806.76849ms)
✔ B2/B5 timetable import checks assignments and overlapping slots, creates only a draft and deduplicates retries (3666.02368ms)
✔ B2 imports update only verified codes, create class drafts and staff invitations with work profiles (8700.722925ms)
✔ B2 large import resumes after a lost chunk without duplicating applied rows and checks current school authority (6316.802431ms)
✔ B3 attendance starts unmarked, versions every source change and publishes immutable one-student projections (606.614521ms)
✔ B3 subject attendance requires its actual lesson and cannot borrow daily access from another class (702.870545ms)
✔ B3 a simultaneous attendance edit and publish has one winner and never publishes a mixed source version (221.162361ms)
✔ B3 rule sets require explicit points, immutable issuance and effective week application (502.756121ms)
✔ B3 conduct reviews preserve facts, lock READY projections and publish only the exact pinned source (1008.257224ms)
✔ B3 conduct linked attendance detects stale sources and subject teachers see only their own lesson facts (1102.309152ms)
✔ B3 approved adjustments retain old facts and atomically replace the current publication with a reviewed preview (573.921617ms)
✔ B3 a simultaneous conduct record and lock/publish has one source winner (271.888898ms)
✔ B3 attendance linkage deduplicates, excludes corrected drafts and leaves locked scores unchanged with explicit warnings (482.446108ms)
✔ B4 private parent links expose only published child projections, preserve staff cookies and bind the active tab context (1085.612666ms)
✔ B4 section/download rights, reissue, relationship revocation and foreign UUIDs are checked on each new parent request (541.456068ms)
✔ B4 private documents stream only with both download rights, and teacher contact projections use shared work fields (829.888008ms)
✔ B4 expired links, suspended schools, CSRF and exchange throttles deny without creating a parent identity (491.76797ms)
✔ B1 delegated grants and invitation acceptance stay inside the current expiry ceiling; backdated assignments require a reason (328.391944ms)
✔ B2 shrinking class capacity checks planned future occupancy peaks, rather than only today (151.689615ms)
✔ B5 dated groups retain moves and same-day cancellations, require current class versions and end group-leader duties (592.513205ms)
✔ B5 position holders serialize and remain valid conduct sources; locked source history cannot be shortened (491.742089ms)
✔ B5 seating validates effective enrollment and unique seats, preserves dated revisions and denies subject-only reads (669.48936ms)
✔ B2/B5 a transfer closes dated groups/positions and retains cancelled future plans atomically (458.685687ms)
✔ B5 timetable materializes bounded future lessons, publishes child-only projections and preserves past/source history (962.026999ms)
✔ B5 timetable rejects teacher/room collisions and revoked assignments, skips holidays and revalidates source versions (1407.083207ms)
✔ B5 duties publish only individual tasks, reject foreign enrollment and retain immutable publication/withdraw history (532.541848ms)
✔ B5 group duties expand the effective group at publication and retain the individual targets after later moves (731.827139ms)
✔ B5 activities count only explicit participants, preserve published states and require current source/review authority (1148.152401ms)
✔ B5 approved activity results are explicit conduct sources and locked approved facts protect their source history (449.92961ms)
✔ B5 evidence stays private until review and publication; parent documents remain child-bound and filter file availability (21605.969081ms)
✔ B5 class announcements retain immutable publication across edits, bind one recipient and reject foreign class reads (5056.752701ms)
✔ B5 public school announcements sanitize content and keep draft/private replacements out of the public projection (2580.194767ms)
✔ B5 scheduled announcements wait for their due time, publish once through a worker and safely replay after an acknowledgement loss (1375.282749ms)
✔ B5 scheduled publication rechecks the creator grant and reports a failed queue without exposing a parent snapshot (1538.009778ms)
✔ B5 announcement attachments remain private to one child, obey link download rights and disappear when archived or withdrawn (1596.924776ms)
✔ B5 school settings persist with version guards, affect only new link expiry and suppress work contacts without changing old link permissions (1058.529798ms)
✔ B5 disabling homeroom publication takes effect inside existing sessions and restores only after an explicit setting change (912.320154ms)
✔ B3 configured second approval rejects self approval in API and SQL, while a different scoped approver permits atomic adjustment (698.883641ms)
✔ B5 personal notifications paginate across actual memberships, deduplicate publication events and deny foreign recipients and cross-user cursors (1245.810779ms)
✔ B5 withdrawn announcements redact retained staff notifications instead of exposing a stale published target (37818.118366ms)
✔ B5 dashboards count real scoped rows, keep homeroom and subject tasks separate and immediately recheck revocation (4501.495489ms)
✔ B5 teacher schedule is own dated teaching and announcement feed reads only current publications across draft edits (3765.477464ms)
✔ B5 dashboard attendance counters and publication tasks follow persisted marks, publish/withdraw and current school policy (2122.420654ms)
✔ B2 platform creates only metadata drafts, bootstraps admin roles/invitations and requires an active administrator for activation (4653.795785ms)
✔ B5 platform settings and operation records persist actual state, redact artifacts and reauthorize command replays (6679.438581ms)
✔ B1 platform admin invitations obey operator expiry ceilings and acceptance rolls back after authority expires (148.010858ms)
✔ B5 support tickets persist both sides, preserve queue states and exact timestamp pagination, and deny other schools (333.839363ms)
✔ B1 support requests require independent current school consent, retain immutable scope and bind tickets/classes/actions/time (259.814799ms)
✔ B1 explicitly selected support grants authorize only scoped metadata GETs, audit the actual operator and force read-only SQL (598.641936ms)
✔ B1 school-wide support metadata never exposes import rows/downloads and expires without fallback to operator privileges (4077.802897ms)
✔ B1 an operator who also has school-admin rights still cannot self-approve or combine selected support scope with ordinary rights (580.410477ms)
✔ B5 signed native keysets cross a nullable sort boundary without dropping or repeating persisted schools (18839.125494ms)
✔ B5 report SQL uses real scoped counts and immutable CSV export content while live attendance changes (874.453319ms)
✔ B5 published report exports pin revisions across replacement and withdrawal without exposing drafts (895.669435ms)
✔ B5 export XLSX/PDF are actual files with literal formula text, Vietnamese font and private download authorization (998.466316ms)
✔ B5 subject reports remain own lesson attendance and scoped activities without school/family/conduct/export access (5109.529596ms)
✔ B5 export workers and all file paths reauthorize revocation, expiry and cancellation, and replay completed work safely (881.131825ms)
✔ B5 conduct/activity/progress/link reports use actual pinned scores, explicit participant denominators and anonymous link use (941.078872ms)
✔ B6 organization display fields persist with versions and tenant-safe references instead of being silently ignored (374.995312ms)
✔ B6 year wizard creates bounded terms, weeks, published holidays and independent draft rules atomically and idempotently (638.338263ms)
✔ B6 class form assigns homeroom atomically, denies foreign/backdated inputs, requires handover and preserves archived history (878.239798ms)
✔ B6 organization projections scope counts in SQL and a year-only grant cannot copy or publish rules (5946.54452ms)
✔ B6 purpose-bound form pickers use current write authority, exclude contacts/roles/counts and deny normal directory access (360.640792ms)
✔ B6 rollover preview uses exact end-year enrollment, minimal workflow authority and immediate revocation (560.132298ms)
✔ B6 platform school wizard creates its optional admin invitation atomically and redacts form metadata (13240.316282ms)
✔ B6 platform school form readers never lend admin or read authority to a create-only operator (168.898316ms)
✔ B6 school overview keeps current scoped totals, actual setup and publication metadata without lending school-wide reads (3017.30087ms)
✔ B6 support choices/counts are scoped SQL metadata, ticket message/status save atomically and an operator only relinquishes its own grant (427.951566ms)
✔ B6 platform audit filters exact actors and whole local date boundaries before pagination and denies school-only staff (154.98964ms)
✔ B6 school support metadata does not borrow consent authority, counts in SQL and rechecks permission before replay (536.937543ms)
✔ B6 school audit uses the school timezone and exact SQL filters with tenant-safe history options (278.558485ms)
✔ B6 operational probes use worker-only cycle evidence, actual backup records and purpose-bound aggregate authority (3933.338734ms)
✔ B6 atomic school-role replacement retains expiry/class scopes, detects independent grants and rolls back all failures (483.804861ms)
✔ B6 school-role replacement prevents self edits, last-admin removal, ceiling/expiry breaches and unauthorized cached replay (366.160177ms)
✔ B6 ending a membership revokes all current/future grants and assignments without deleting history or other schools (485.592779ms)
✔ B6 native school invitations persist all roles/profile, replay once and accept multiple or zero grants atomically (340.225952ms)
✔ B6 zero-role invitation still rechecks current inviter membership and mail authority before acceptance (186.269061ms)
✔ B6 expired staff invitations cannot be revoked as pending or delivered, and preserve their history (164.96928ms)
✔ B6 staff directory combines authorized pending invitations in SQL, searches folded work data and counts before keysets (524.218853ms)
✔ B6 directory read does not lend invitation, role catalog, assignment or export authority and revocation invalidates opaque scope cursors (398.661785ms)
✔ B6 Vietnamese composite keysets preserve given/full-name order, case/diacritic ties and nullable departments in both directions (551.527485ms)
✔ B6 locked identities keep their directory lifecycle but have no effective grants, and active KPI does not fabricate access (196.979448ms)
✔ B6 member details return real coarse other-school counts and work contacts without opening another tenant (347.839435ms)
✔ B6 member aggregate checks current school authority, target membership and SQL role before returning any count (349.553723ms)
✔ B6 member effective permissions and assignment history follow native grant time, membership, identity and assignment dates (695.832384ms)
✔ B6 member role choices respect action-specific delegation expiry without borrowing a role catalog (367.762702ms)
✔ B6 member history filters member, assignment and grant events before counting/keysets, with independent audit authority (520.212622ms)
✔ B6 personal notifications traverse more than 100 real own memberships without truncating global totals or opaque pages (57713.207558ms)
✔ B6 assignment preview is read-only, uses school-local instants and preserves displayed source versions before saving (554.33322ms)
✔ B6 assignment preview compares exact subject scopes, rejects overlapping windows and rechecks expired delegation on repeated POST (749.876586ms)
✔ B6 assignment preview detects source member changes, rejects malformed/foreign proposals and advertises future/configured publication timing (402.137062ms)
✔ B6 assignment matrix returns actual nullable cells and minimal work names under independent assignment-read authority (456.097988ms)
✔ B6 assignment matrix keeps an unconfigured year explicit and archived display reference separate from authority (303.147156ms)
✔ B6 role metadata keeps native scopes and real counts without lending member/audit access or treating custom class grants as assignments (516.244273ms)
✔ B6 role details show only independently authorized holders/history and save scoped deltas with a displayed version (10672.061688ms)
✔ B6 future held roles and immutable system templates cannot be edited by their holder (705.150771ms)
✔ B6 editing live roles cannot expand permissions beyond the current editor expiry ceiling (761.130853ms)
✔ B6 handover preview reads real current source/counts under purpose authority without member, family or role catalog access (983.242321ms)
✔ B6 handover applies exactly once with school-local cutoffs, durable receipts, own-actor recovery and preserved source authorship (1761.277009ms)
✔ B6 changed handover sources fail before submission or application and require an explicit review of the same pending receipt (2429.911736ms)
✔ B6 open-item changes invalidate handover review and linked source grants are never extended at the cutoff (2131.978377ms)
✔ B6 handover receipts remain actor/school bound, recheck delegation and deny immutable-source replacement (1685.504925ms)
✔ B6 student creation allocates actual codes and atomically retains enrollment, gender and a separate unverified guardian (391.630137ms)
✔ B6 student form failures roll back every row and optional contacts require independent current authority on replay (421.636876ms)
✔ B6 student edits retain displayed versions and never replay internal notes after private profile authority is revoked (362.643796ms)
✔ B6 student unknown historic gender remains null and invalid gender/guardian state cannot be fabricated (165.043408ms)
✔ B6 real CSV gender mapping normalizes supported values, preserves unmapped sources and retains invalid rows (4424.262159ms)
✔ B6 native student directory applies Vietnamese keysets, exact SQL filters and minimal selected identifiers (519.418947ms)
✔ B6 native student projections separate school roster authority from family, note and link authority in the same session (431.764751ms)
✔ B6 archived student history uses an explicit included date and stored group, position and teacher sources (246.348382ms)
✔ B6 subject pupil projection remains minimal and class history cannot retain family access after enrollment ends (379.080627ms)
✔ B6 pupil link metadata reflects real events, bounded recent history and revocation without returning reusable secrets (309.588928ms)
✔ B6 an unconfigured school directory returns actual null year context without fabricated class or student data (170.055233ms)
✔ B6 verified family counters remain verified when receiving permission is explicitly disabled (229.391673ms)
✔ B6 atomic guardian save creates unverified contacts, replays one receipt and prevents duplicate new commands (290.746753ms)
✔ B6 atomic guardian save serializes competing displayed student versions (224.336487ms)
✔ B6 guardian form grants class family authority without student read or unscoped sibling data (375.005184ms)
✔ B6 atomic guardian edits preserve verified receiving choices and reject stale contact versions without partial priority changes (307.432103ms)
✔ B6 guardian save detects independently changed primary references and preserves every row on failure (300.544831ms)
✔ B6 guardian save rejects masked phones, foreign pairings and mutation of archived contacts (304.027852ms)
✔ B6 guardian form and cached saves recheck enrollment end and grant expiry in the same session (348.713016ms)
✔ B6 atomic guardian save rolls back contacts, relationships, primary changes, audit and receipt after a real SQL fault (238.597197ms)
✔ B6 school guardian directory uses SQL folded search, literal wildcards, signed keysets and independent link counters (421.63181ms)
✔ B6 class guardian reads exclude all unscoped sibling relationships and immediately lose access after enrollment or grant ends (315.796007ms)
✔ B6 shared guardian contact edits require management of every affected class and current read authority even for a replay (589.319917ms)
✔ B6 guardian profile exposes real verification and revocation metadata but removes link and audit panels when their separate rights end (536.494825ms)
✔ B6 partial student write acknowledgements redact unsubmitted protected fields including stored old receipts (380.482588ms)
✔ B6 bounded school class overview preserves query results, local JIT preference and the five-second runtime timeout (220.444264ms)
✔ B6 native invitation choices require current invitation authority, preserve delegation ceilings and never borrow a role catalog (403.223938ms)
✔ B6 native staff activity is SQL-bounded to staff targets, rechecks audit authority and keeps foreign and family records out (244.80104ms)
✔ B6 student-create choices use current class write authority without borrowing roster, year or class readers (391.326126ms)
✔ B6 parent-issue purpose readers paginate over 1000 pupils, keep current class/time authority and expose no contact or token (628.20141ms)
✔ B6 reviewed parent issuance rejects stale sources, rotates atomically, converts local dates and never replays secrets (627.099132ms)
✔ B6 parent metadata directory keeps manage scope, current capabilities, real counts and no borrowed contact/catalog data (813.61609ms)
✔ B6 parent metadata masks independently authorized contact, paginates anonymous history and tracks only actual replacement facts (1200.748563ms)
✔ B6 parent attendance month exposes only real child sessions and published scoped holiday labels without borrowing overview (1259.654828ms)
✔ B6 parent attendance calendar SQL function checks exact child/year/school/current session and cannot expose raw calendar tables (544.67137ms)
✔ B6 parent teacher directory uses own live class assignments, shared work fields and only current published schedule weekdays (893.295471ms)
✔ B6 parent teacher SQL denies foreign or missing context, honors current enrollment/grant/contact changes and never grants raw memberships (509.39705ms)
✔ B6 parent monthly denominator includes only actual own DAILY publications and keeps LESSON attendance separate (906.449264ms)
✔ B6 parent published dated projections retain old enrollment history and exclude old-class plans from the transfer cutoff (674.253374ms)
✔ B6 parent duty schedule includes all published batch rows and current source statuses, denies other scopes and follows withdrawal (1030.154172ms)
ℹ tests 167
ℹ suites 0
ℹ pass 167
ℹ fail 0
ℹ cancelled 0
ℹ skipped 0
ℹ todo 0
ℹ duration_ms 497180.31235
exitCode=0
