✔ all operation IDs are unique, including the explicit frontend workflow extensions (2.2286ms)
✔ atomic school roles require a displayed version and unique explicit role IDs without actor authority (15.5785ms)
✔ reviewed parent issuance requires every reviewed source version and rejects contact/token/actor fields (15.4188ms)
✔ parent staff metadata excludes bearer/private fields and history represents missing device/section explicitly (17.8297ms)
✔ school invite retains zero or multiple roles and the 1–30 day form without widening platform admin invitations (5.4213ms)
✔ login rejects spoofed role, school and unknown fields (0.9629ms)
✔ private user DTO rejects secrets and unknown properties (4.3237ms)
✔ platform first administrator supports server start time and rejects scope spoofing or excessive invitation lifetime (0.2876ms)
✔ school overview accepts explicit unavailable panels and rejects private directory fields (28.2989ms)
✔ directory represents invitations without fake memberships and keeps unavailable invitation KPI explicit (6.8163ms)
✔ member profile separates denied panels and exact native authority without exposing other school metadata (21.6032ms)
✔ invitation choices use invitation authority and never lend role metadata or contacts (3.3755ms)
✔ atomic guardian save requires displayed student and primary versions without verification or actor fields (15.4758ms)
✔ assignment preview is a CSRF-protected read-only POST and preserves explicit source versions without actor authority (3.0283ms)
✔ assignment matrix represents a real unconfigured year and empty cells without borrowing profiles, rosters or permissions (21.6463ms)
✔ role details retain exact native scopes and denied panels without exposing staff contacts or a fabricated editable system role (19.5955ms)
✔ handover receipts retain unknown legacy metadata and strict reviewed source fields without exposing the internal state (20.4064ms)
✔ student forms persist nullable gender and an atomic unverified guardian without accepting actor or result state (33.0923ms)
✔ student read models distinguish denied and unknown values and exclude reusable parent tokens (50.9985ms)
✔ guardian projections exclude student private profiles and audit snapshots and require explicit denied panels (29.7887ms)
✔ student-create options are a minimal write-purpose class projection without roster or borrowed catalogs (7.7322ms)
✔ parent context metadata distinguishes year, link and session bounds without child private fields (7.5172ms)
✔ parent attendance month preserves real session/holiday counts and rejects private fields or invented calendar states (11.2961ms)
✔ parent teacher directory requires explicit nullable work metadata and minimal unique weekdays without raw staff identity (8.0024ms)
✔ parent duty schedule exposes only concrete published tasks with explicit status and year/date metadata (18.4453ms)
✔ parent weekly timetable requires explicit published status, timezone and nullable pinned metadata without raw source fields (10.2312ms)
✔ parent document directory requires real independent capabilities and minimal report fields without storage keys (7.412ms)
✔ parent shared content keeps pinned nullable metadata and independent attachments without raw sources or recipients (22.6719ms)
✔ parent conduct display exposes published own history and explicit absent metadata without staff rules or cohort identity (6.2061ms)
✔ announcement HTML retains paragraph/list formatting while dropping executable markup, URLs and tracking resources (6.0653ms)
✔ operation evidence validates metadata values and omits secret-like values and unknown fields (1.9384ms)
✔ parent month keeps actual sessions, mixed days and unmarked outside the attendance denominator (42.2703ms)
✔ parent month infers neither Sunday holidays nor missing-day presence and preserves actual published holiday names (3.2555ms)
✔ parent month clips only to real exclusive year bounds and rejects malformed/outside-year selection (0.8687ms)
✔ parent month rejects missing calendar days, shifted date sources, unknown statuses and foreign date rows (0.852ms)
✔ grant action and class scope stay together (1.4376ms)
✔ subject grants never authorize management without explicit subject policy (0.379ms)
✔ end dates are exclusive and assignment is mandatory for default teacher grants (0.3271ms)
✔ a custom class grant authorizes only its delegated action and class (0.2657ms)
✔ a delegated grant cannot outlive an expiring authority, including an unbounded target or future start (0.2832ms)
✔ decimal scoring preserves fractional sums, negative penalties, explicit base, clamps and threshold boundaries (7.5428ms)
✔ fixed deltas reject overrides and manual deltas require bounds (0.5654ms)
✔ parent weekly timetable uses real Monday/calendar bounds and clips partial academic weeks (4.2007ms)
✔ parent weekly timetable rejects a source exceeding the total bound before response serialization (2.2416ms)
✔ XLSX parser bounds sparse dimensions and rejects formulas before workbook allocation (154.9568ms)
ℹ tests 45
ℹ suites 0
ℹ pass 45
ℹ fail 0
ℹ cancelled 0
ℹ skipped 0
ℹ todo 0
ℹ duration_ms 661.8748
exitCode=0
