✔ all operation IDs are unique, including the explicit frontend workflow extensions (1.7228ms)
✔ atomic school roles require a displayed version and unique explicit role IDs without actor authority (14.2196ms)
✔ reviewed parent issuance requires every reviewed source version and rejects contact/token/actor fields (14.0678ms)
✔ parent staff metadata excludes bearer/private fields and history represents missing device/section explicitly (11.1947ms)
✔ school invite retains zero or multiple roles and the 1–30 day form without widening platform admin invitations (4.3023ms)
✔ login rejects spoofed role, school and unknown fields (1.1752ms)
✔ private user DTO rejects secrets and unknown properties (4.7677ms)
✔ platform first administrator supports server start time and rejects scope spoofing or excessive invitation lifetime (0.3276ms)
✔ school overview accepts explicit unavailable panels and rejects private directory fields (35.0022ms)
✔ directory represents invitations without fake memberships and keeps unavailable invitation KPI explicit (10.6677ms)
✔ member profile separates denied panels and exact native authority without exposing other school metadata (21.4686ms)
✔ invitation choices use invitation authority and never lend role metadata or contacts (3.4643ms)
✔ atomic guardian save requires displayed student and primary versions without verification or actor fields (16.5289ms)
✔ assignment preview is a CSRF-protected read-only POST and preserves explicit source versions without actor authority (3.4738ms)
✔ assignment matrix represents a real unconfigured year and empty cells without borrowing profiles, rosters or permissions (20.1733ms)
✔ role details retain exact native scopes and denied panels without exposing staff contacts or a fabricated editable system role (19.8341ms)
✔ handover receipts retain unknown legacy metadata and strict reviewed source fields without exposing the internal state (14.0252ms)
✔ student forms persist nullable gender and an atomic unverified guardian without accepting actor or result state (28.2567ms)
✔ student read models distinguish denied and unknown values and exclude reusable parent tokens (35.8647ms)
✔ guardian projections exclude student private profiles and audit snapshots and require explicit denied panels (21.2617ms)
✔ student-create options are a minimal write-purpose class projection without roster or borrowed catalogs (3.6949ms)
✔ announcement HTML retains paragraph/list formatting while dropping executable markup, URLs and tracking resources (4.9983ms)
✔ operation evidence validates metadata values and omits secret-like values and unknown fields (1.7425ms)
✔ grant action and class scope stay together (1.1175ms)
✔ subject grants never authorize management without explicit subject policy (0.2015ms)
✔ end dates are exclusive and assignment is mandatory for default teacher grants (0.1928ms)
✔ a custom class grant authorizes only its delegated action and class (0.1748ms)
✔ a delegated grant cannot outlive an expiring authority, including an unbounded target or future start (0.1783ms)
✔ decimal scoring preserves fractional sums, negative penalties, explicit base, clamps and threshold boundaries (3.2218ms)
✔ fixed deltas reject overrides and manual deltas require bounds (0.3933ms)
✔ XLSX parser bounds sparse dimensions and rejects formulas before workbook allocation (108.8693ms)
ℹ tests 31
ℹ suites 0
ℹ pass 31
ℹ fail 0
ℹ cancelled 0
ℹ skipped 0
ℹ todo 0
ℹ duration_ms 511.2184
