 Container edumanage_backend_test-postgres-1 Running
 Container edumanage_backend_test-postgres-1 Waiting
 Container edumanage_backend_test-postgres-1 Healthy
 Container edumanage_backend_test-runner-run-6d7864bb977f Creating
 Container edumanage_backend_test-runner-run-6d7864bb977f Created
✖ B6 parent metadata directory keeps manage scope, current capabilities, real counts and no borrowed contact/catalog data (1355.832341ms)
✖ B6 parent metadata masks independently authorized contact, paginates anonymous history and tracks only actual replacement facts (461.078628ms)
ℹ tests 2
ℹ suites 0
ℹ pass 0
ℹ fail 2
ℹ cancelled 0
ℹ skipped 0
ℹ todo 0
ℹ duration_ms 2662.184124

✖ failing tests:

test at tests/integration/foundation.test.mjs:2861:1
✖ B6 parent metadata directory keeps manage scope, current capabilities, real counts and no borrowed contact/catalog data (1355.832341ms)
  AssertionError [ERR_ASSERTION]: {"type":"urn:edumanage:problem:internal_error","title":"INTERNAL_ERROR","status":500,"code":"INTERNAL_ERROR","requestId":"dbf2108f-6c2e-4cd6-bfed-f7de889a890d"}

  500 !== 200

      at TestContext.<anonymous> (file:///srv/api/tests/integration/foundation.test.mjs:2881:96)
      at process.processTicksAndRejections (node:internal/process/task_queues:104:5)
      at async Test.run (node:internal/test_runner/test:1409:7)
      at async startSubtestAfterBootstrap (node:internal/test_runner/harness:387:3) {
    generatedMessage: false,
    code: 'ERR_ASSERTION',
    actual: 500,
    expected: 200,
    operator: 'strictEqual',
    diff: 'simple'
  }

test at tests/integration/foundation.test.mjs:2890:1
✖ B6 parent metadata masks independently authorized contact, paginates anonymous history and tracks only actual replacement facts (461.078628ms)
  AssertionError [ERR_ASSERTION]: {"type":"urn:edumanage:problem:internal_error","title":"INTERNAL_ERROR","status":500,"code":"INTERNAL_ERROR","requestId":"4ec37592-d435-47f8-b80e-19aa0d62b3ab"}

  500 !== 200

      at TestContext.<anonymous> (file:///srv/api/tests/integration/foundation.test.mjs:2895:52)
      at process.processTicksAndRejections (node:internal/process/task_queues:104:5)
      at async Test.run (node:internal/test_runner/test:1409:7)
      at async Test.processPendingSubtests (node:internal/test_runner/test:974:7) {
    generatedMessage: false,
    code: 'ERR_ASSERTION',
    actual: 500,
    expected: 200,
    operator: 'strictEqual',
    diff: 'simple'
  }
