 Container edumanage_backend_test-postgres-1 Running
 Container edumanage_backend_test-postgres-1 Waiting
 Container edumanage_backend_test-postgres-1 Healthy
 Container edumanage_backend_test-runner-run-b78315fc5d2b Creating
 Container edumanage_backend_test-runner-run-b78315fc5d2b Created
✔ B5 all 264 supplied operations and explicit frontend workflow extensions have registered real handlers (534.892833ms)
✔ BE01 migration replay is a no-op, mismatch fails and metadata remains intact (98.329986ms)
✔ BE02 cross-school enrollment FK rejects write using the real runtime role (14.075323ms)
✔ BE03 no-tenant denies and SET LOCAL cannot leak across a reused connection (4.992818ms)
✔ BE04 bootstrap only exposes the authenticated user memberships without tenant (10.212369ms)
✔ BE05 HOMEROOM A plus SUBJECT B cannot authorize seating or guardians in B (4653.931717ms)
✔ BE06 revoked membership is checked during an existing session and B stays independent (42.001875ms)
✔ B6 self context carries only own current duties and separates self-profile from school contacts (8442.019093ms)
✔ BE08 CSRF, credential validation, cookie flags, session rotation and rate limiting (131.766159ms)
✔ BE10 concurrent profile patches serialize with a single version winner (55.430947ms)
✔ B6 password/session commands use actual cookies, reject bad passwords and revoke every session after change (340.29201ms)
{"checkpoint":"parent-without-context","queryMs":6.445,"planExecutionMs":0.017,"planRows":0}
✔ BE21 parent runtime role cannot select raw student rows (16.638076ms)
✔ B0 health ready checks actual migrations, database and private storage (27.744496ms)
✔ B2 class lists use SQL scope and cross-school details deny before serialization (323.082567ms)
✔ BE09 idempotent organization create/retry/concurrency performs one write (104.378234ms)
✔ B2 required idempotency, class capacity/reference validation and version conflicts (147.642039ms)
✔ B2 signed cursor rejects scope/filter modification and delivers distinct pages (3648.325661ms)
✔ B2 subject student projection omits family/internal notes and denies guardians (425.070327ms)
✔ B2 guardian create does not merge matching phone, relationships start unverified (199.304048ms)
✔ BE07 existing identity invitation requires its session and preserves password/other school (4106.945503ms)
✔ B1 password reset token is encrypted, single-use and revokes all prior sessions (204.31214ms)
✔ B2 staff delegation stays within the ceiling, custom class scope and immediate revocation (958.844117ms)
✔ B2 transfers serialize capacity, handover removes the old teacher and rollover binds its preview (2204.805761ms)
✔ B2 scoped guardian creation cannot acquire an unrelated family through relationship IDs (750.167406ms)
✔ B2/B5 uploads remain private until worker processing, leases serialize and local mail erases encrypted secrets (147621.996179ms)
✔ B2 imports parse real CSV, bind stale previews, avoid name/phone merges and retain invalid rows safely (5890.34839ms)
✔ B2/B5 timetable import checks assignments and overlapping slots, creates only a draft and deduplicates retries (3943.37536ms)
✔ B2 imports update only verified codes, create class drafts and staff invitations with work profiles (9452.60437ms)
✔ B2 large import resumes after a lost chunk without duplicating applied rows and checks current school authority (6425.727395ms)
✔ B3 attendance starts unmarked, versions every source change and publishes immutable one-student projections (624.414452ms)
✔ B3 subject attendance requires its actual lesson and cannot borrow daily access from another class (606.157196ms)
✔ B3 a simultaneous attendance edit and publish has one winner and never publishes a mixed source version (224.241271ms)
✔ B3 rule sets require explicit points, immutable issuance and effective week application (668.873059ms)
✔ B3 conduct reviews preserve facts, lock READY projections and publish only the exact pinned source (1195.478257ms)
✔ B3 conduct linked attendance detects stale sources and subject teachers see only their own lesson facts (1278.179058ms)
✔ B3 approved adjustments retain old facts and atomically replace the current publication with a reviewed preview (722.844189ms)
✔ B3 a simultaneous conduct record and lock/publish has one source winner (339.559424ms)
✔ B3 attendance linkage deduplicates, excludes corrected drafts and leaves locked scores unchanged with explicit warnings (619.789474ms)
✔ B4 private parent links expose only published child projections, preserve staff cookies and bind the active tab context (2549.181336ms)
✔ B4 section/download rights, reissue, relationship revocation and foreign UUIDs are checked on each new parent request (1958.110783ms)
✔ B4 private documents stream only with both download rights, and teacher contact projections use shared work fields (2587.746722ms)
✔ B4 expired links, suspended schools, CSRF and exchange throttles deny without creating a parent identity (1595.288925ms)
✔ B1 delegated grants and invitation acceptance stay inside the current expiry ceiling; backdated assignments require a reason (745.148514ms)
✔ B2 shrinking class capacity checks planned future occupancy peaks, rather than only today (330.340479ms)
✔ B5 dated groups retain moves and same-day cancellations, require current class versions and end group-leader duties (631.070412ms)
✔ B5 position holders serialize and remain valid conduct sources; locked source history cannot be shortened (501.370787ms)
✔ B5 seating validates effective enrollment and unique seats, preserves dated revisions and denies subject-only reads (713.148392ms)
✔ B2/B5 a transfer closes dated groups/positions and retains cancelled future plans atomically (414.280515ms)
✔ B5 timetable materializes bounded future lessons, publishes child-only projections and preserves past/source history (944.39344ms)
✔ B5 timetable rejects teacher/room collisions and revoked assignments, skips holidays and revalidates source versions (1244.509998ms)
✔ B5 duties publish only individual tasks, reject foreign enrollment and retain immutable publication/withdraw history (516.54773ms)
✔ B5 group duties expand the effective group at publication and retain the individual targets after later moves (810.953922ms)
✔ B5 activities count only explicit participants, preserve published states and require current source/review authority (1156.407924ms)
✔ B5 approved activity results are explicit conduct sources and locked approved facts protect their source history (499.531724ms)
✔ B5 evidence stays private until review and publication; parent documents remain child-bound and filter file availability (19023.256932ms)
✔ B5 class announcements retain immutable publication across edits, bind one recipient and reject foreign class reads (3230.131446ms)
✔ B5 public school announcements sanitize content and keep draft/private replacements out of the public projection (2850.623461ms)
✔ B5 scheduled announcements wait for their due time, publish once through a worker and safely replay after an acknowledgement loss (1448.018197ms)
✔ B5 scheduled publication rechecks the creator grant and reports a failed queue without exposing a parent snapshot (1561.634869ms)
✔ B5 announcement attachments remain private to one child, obey link download rights and disappear when archived or withdrawn (1509.901357ms)
✔ B5 school settings persist with version guards, affect only new link expiry and suppress work contacts without changing old link permissions (1412.161037ms)
✔ B5 disabling homeroom publication takes effect inside existing sessions and restores only after an explicit setting change (879.298406ms)
✔ B3 configured second approval rejects self approval in API and SQL, while a different scoped approver permits atomic adjustment (704.066261ms)
✔ B5 personal notifications paginate across actual memberships, deduplicate publication events and deny foreign recipients and cross-user cursors (1267.040681ms)
✔ B5 withdrawn announcements redact retained staff notifications instead of exposing a stale published target (31870.160456ms)
✔ B5 dashboards count real scoped rows, keep homeroom and subject tasks separate and immediately recheck revocation (4903.665848ms)
✔ B5 teacher schedule is own dated teaching and announcement feed reads only current publications across draft edits (2844.089658ms)
✔ B5 dashboard attendance counters and publication tasks follow persisted marks, publish/withdraw and current school policy (980.409186ms)
✔ B2 platform creates only metadata drafts, bootstraps admin roles/invitations and requires an active administrator for activation (3434.846046ms)
✔ B5 platform settings and operation records persist actual state, redact artifacts and reauthorize command replays (5690.316577ms)
✔ B1 platform admin invitations obey operator expiry ceilings and acceptance rolls back after authority expires (128.842339ms)
✔ B5 support tickets persist both sides, preserve queue states and exact timestamp pagination, and deny other schools (317.206735ms)
✔ B1 support requests require independent current school consent, retain immutable scope and bind tickets/classes/actions/time (254.930994ms)
✔ B1 explicitly selected support grants authorize only scoped metadata GETs, audit the actual operator and force read-only SQL (223.793285ms)
✔ B1 school-wide support metadata never exposes import rows/downloads and expires without fallback to operator privileges (3482.338771ms)
✔ B1 an operator who also has school-admin rights still cannot self-approve or combine selected support scope with ordinary rights (182.066109ms)
✔ B5 signed native keysets cross a nullable sort boundary without dropping or repeating persisted schools (15175.016317ms)
✔ B5 report SQL uses real scoped counts and immutable CSV export content while live attendance changes (875.179753ms)
✔ B5 published report exports pin revisions across replacement and withdrawal without exposing drafts (1033.150087ms)
✔ B5 export XLSX/PDF are actual files with literal formula text, Vietnamese font and private download authorization (1066.139923ms)
✔ B5 subject reports remain own lesson attendance and scoped activities without school/family/conduct/export access (4251.625732ms)
✔ B5 export workers and all file paths reauthorize revocation, expiry and cancellation, and replay completed work safely (895.52553ms)
✔ B5 conduct/activity/progress/link reports use actual pinned scores, explicit participant denominators and anonymous link use (938.728652ms)
✔ B6 organization display fields persist with versions and tenant-safe references instead of being silently ignored (431.366653ms)
✔ B6 year wizard creates bounded terms, weeks, published holidays and independent draft rules atomically and idempotently (597.094495ms)
✔ B6 class form assigns homeroom atomically, denies foreign/backdated inputs, requires handover and preserves archived history (871.415517ms)
✔ B6 organization projections scope counts in SQL and a year-only grant cannot copy or publish rules (5858.77507ms)
✔ B6 purpose-bound form pickers use current write authority, exclude contacts/roles/counts and deny normal directory access (394.472704ms)
✔ B6 rollover preview uses exact end-year enrollment, minimal workflow authority and immediate revocation (635.90291ms)
✔ B6 platform school wizard creates its optional admin invitation atomically and redacts form metadata (11748.997457ms)
✔ B6 platform school form readers never lend admin or read authority to a create-only operator (174.710735ms)
✔ B6 school overview keeps current scoped totals, actual setup and publication metadata without lending school-wide reads (2891.62302ms)
✔ B6 support choices/counts are scoped SQL metadata, ticket message/status save atomically and an operator only relinquishes its own grant (339.886498ms)
✔ B6 platform audit filters exact actors and whole local date boundaries before pagination and denies school-only staff (115.049369ms)
✔ B6 school support metadata does not borrow consent authority, counts in SQL and rechecks permission before replay (463.698526ms)
✔ B6 school audit uses the school timezone and exact SQL filters with tenant-safe history options (250.623896ms)
✔ B6 operational probes use worker-only cycle evidence, actual backup records and purpose-bound aggregate authority (3665.095775ms)
✔ B6 atomic school-role replacement retains expiry/class scopes, detects independent grants and rolls back all failures (467.124164ms)
✔ B6 school-role replacement prevents self edits, last-admin removal, ceiling/expiry breaches and unauthorized cached replay (407.499506ms)
✔ B6 ending a membership revokes all current/future grants and assignments without deleting history or other schools (517.115346ms)
✔ B6 native school invitations persist all roles/profile, replay once and accept multiple or zero grants atomically (366.896261ms)
✔ B6 zero-role invitation still rechecks current inviter membership and mail authority before acceptance (209.55516ms)
✔ B6 expired staff invitations cannot be revoked as pending or delivered, and preserve their history (180.712913ms)
✔ B6 staff directory combines authorized pending invitations in SQL, searches folded work data and counts before keysets (525.208103ms)
✔ B6 directory read does not lend invitation, role catalog, assignment or export authority and revocation invalidates opaque scope cursors (372.084493ms)
✔ B6 Vietnamese composite keysets preserve given/full-name order, case/diacritic ties and nullable departments in both directions (588.395368ms)
✔ B6 locked identities keep their directory lifecycle but have no effective grants, and active KPI does not fabricate access (195.436894ms)
✔ B6 member details return real coarse other-school counts and work contacts without opening another tenant (327.817797ms)
✔ B6 member aggregate checks current school authority, target membership and SQL role before returning any count (311.426649ms)
✔ B6 member effective permissions and assignment history follow native grant time, membership, identity and assignment dates (722.032554ms)
✔ B6 member role choices respect action-specific delegation expiry without borrowing a role catalog (343.543469ms)
✔ B6 member history filters member, assignment and grant events before counting/keysets, with independent audit authority (1099.949143ms)
✔ B6 personal notifications traverse more than 100 real own memberships without truncating global totals or opaque pages (50956.424598ms)
✔ B6 assignment preview is read-only, uses school-local instants and preserves displayed source versions before saving (526.649102ms)
✔ B6 assignment preview compares exact subject scopes, rejects overlapping windows and rechecks expired delegation on repeated POST (779.546824ms)
✔ B6 assignment preview detects source member changes, rejects malformed/foreign proposals and advertises future/configured publication timing (386.338636ms)
✔ B6 assignment matrix returns actual nullable cells and minimal work names under independent assignment-read authority (530.724148ms)
✔ B6 assignment matrix keeps an unconfigured year explicit and archived display reference separate from authority (339.869595ms)
✔ B6 role metadata keeps native scopes and real counts without lending member/audit access or treating custom class grants as assignments (477.169272ms)
✔ B6 role details show only independently authorized holders/history and save scoped deltas with a displayed version (9269.292116ms)
✔ B6 future held roles and immutable system templates cannot be edited by their holder (389.60013ms)
✔ B6 editing live roles cannot expand permissions beyond the current editor expiry ceiling (330.257961ms)
✔ B6 handover preview reads real current source/counts under purpose authority without member, family or role catalog access (471.469258ms)
✔ B6 handover applies exactly once with school-local cutoffs, durable receipts, own-actor recovery and preserved source authorship (1272.276599ms)
✔ B6 changed handover sources fail before submission or application and require an explicit review of the same pending receipt (1924.069694ms)
✔ B6 open-item changes invalidate handover review and linked source grants are never extended at the cutoff (1588.687859ms)
✔ B6 handover receipts remain actor/school bound, recheck delegation and deny immutable-source replacement (866.042429ms)
✔ B6 student creation allocates actual codes and atomically retains enrollment, gender and a separate unverified guardian (270.912959ms)
✔ B6 student form failures roll back every row and optional contacts require independent current authority on replay (437.611207ms)
✔ B6 student edits retain displayed versions and never replay internal notes after private profile authority is revoked (350.266269ms)
✔ B6 student unknown historic gender remains null and invalid gender/guardian state cannot be fabricated (171.02473ms)
✔ B6 real CSV gender mapping normalizes supported values, preserves unmapped sources and retains invalid rows (4535.922308ms)
✔ B6 native student directory applies Vietnamese keysets, exact SQL filters and minimal selected identifiers (567.350844ms)
✔ B6 native student projections separate school roster authority from family, note and link authority in the same session (400.986184ms)
✔ B6 archived student history uses an explicit included date and stored group, position and teacher sources (236.500736ms)
✔ B6 subject pupil projection remains minimal and class history cannot retain family access after enrollment ends (379.926352ms)
✔ B6 pupil link metadata reflects real events, bounded recent history and revocation without returning reusable secrets (318.832861ms)
✔ B6 an unconfigured school directory returns actual null year context without fabricated class or student data (180.842464ms)
✔ B6 verified family counters remain verified when receiving permission is explicitly disabled (220.060888ms)
✔ B6 atomic guardian save creates unverified contacts, replays one receipt and prevents duplicate new commands (273.617161ms)
✔ B6 atomic guardian save serializes competing displayed student versions (206.250761ms)
✔ B6 guardian form grants class family authority without student read or unscoped sibling data (364.913799ms)
✔ B6 atomic guardian edits preserve verified receiving choices and reject stale contact versions without partial priority changes (302.363076ms)
✔ B6 guardian save detects independently changed primary references and preserves every row on failure (345.123433ms)
✔ B6 guardian save rejects masked phones, foreign pairings and mutation of archived contacts (313.957513ms)
✔ B6 guardian form and cached saves recheck enrollment end and grant expiry in the same session (349.292762ms)
✔ B6 atomic guardian save rolls back contacts, relationships, primary changes, audit and receipt after a real SQL fault (238.764376ms)
✔ B6 school guardian directory uses SQL folded search, literal wildcards, signed keysets and independent link counters (418.07475ms)
✔ B6 class guardian reads exclude all unscoped sibling relationships and immediately lose access after enrollment or grant ends (360.438829ms)
✔ B6 shared guardian contact edits require management of every affected class and current read authority even for a replay (610.386544ms)
✔ B6 guardian profile exposes real verification and revocation metadata but removes link and audit panels when their separate rights end (482.073802ms)
✔ B6 partial student write acknowledgements redact unsubmitted protected fields including stored old receipts (289.638003ms)
✔ B6 bounded school class overview preserves query results, local JIT preference and the five-second runtime timeout (200.713134ms)
✔ B6 native invitation choices require current invitation authority, preserve delegation ceilings and never borrow a role catalog (550.363481ms)
✔ B6 native staff activity is SQL-bounded to staff targets, rechecks audit authority and keeps foreign and family records out (255.156061ms)
✔ B6 student-create choices use current class write authority without borrowing roster, year or class readers (386.714364ms)
✔ B6 parent-issue purpose readers paginate over 1000 pupils, keep current class/time authority and expose no contact or token (680.825265ms)
✔ B6 reviewed parent issuance rejects stale sources, rotates atomically, converts local dates and never replays secrets (704.727948ms)
✔ B6 parent metadata directory keeps manage scope, current capabilities, real counts and no borrowed contact/catalog data (793.116058ms)
✔ B6 parent metadata masks independently authorized contact, paginates anonymous history and tracks only actual replacement facts (1213.319009ms)
✔ B6 parent attendance month exposes only real child sessions and published scoped holiday labels without borrowing overview (1256.555338ms)
✔ B6 parent attendance calendar SQL function checks exact child/year/school/current session and cannot expose raw calendar tables (562.081915ms)
ℹ tests 162
ℹ suites 0
ℹ pass 162
ℹ fail 0
ℹ cancelled 0
ℹ skipped 0
ℹ todo 0
ℹ duration_ms 462105.938715
