 Container edumanage_backend_test-runner-run-6a8a71a23d66 Creating
 Container edumanage_backend_test-runner-run-6a8a71a23d66 Created
✔ all operation IDs are unique, including the explicit frontend workflow extensions (1.722786ms)
✔ atomic school roles require a displayed version and unique explicit role IDs without actor authority (12.49128ms)
✔ reviewed parent issuance requires every reviewed source version and rejects contact/token/actor fields (21.292159ms)
✔ parent staff metadata excludes bearer/private fields and history represents missing device/section explicitly (18.263667ms)
✔ school invite retains zero or multiple roles and the 1–30 day form without widening platform admin invitations (5.835189ms)
✔ login rejects spoofed role, school and unknown fields (1.552599ms)
✔ private user DTO rejects secrets and unknown properties (4.245168ms)
✔ platform first administrator supports server start time and rejects scope spoofing or excessive invitation lifetime (0.411727ms)
✔ school overview accepts explicit unavailable panels and rejects private directory fields (27.512046ms)
✔ directory represents invitations without fake memberships and keeps unavailable invitation KPI explicit (5.031633ms)
✔ member profile separates denied panels and exact native authority without exposing other school metadata (15.918122ms)
✔ invitation choices use invitation authority and never lend role metadata or contacts (1.898051ms)
✔ atomic guardian save requires displayed student and primary versions without verification or actor fields (9.907107ms)
✔ assignment preview is a CSRF-protected read-only POST and preserves explicit source versions without actor authority (1.865959ms)
✔ assignment matrix represents a real unconfigured year and empty cells without borrowing profiles, rosters or permissions (14.702649ms)
✔ role details retain exact native scopes and denied panels without exposing staff contacts or a fabricated editable system role (11.042678ms)
✔ handover receipts retain unknown legacy metadata and strict reviewed source fields without exposing the internal state (8.459609ms)
✔ student forms persist nullable gender and an atomic unverified guardian without accepting actor or result state (23.292384ms)
✔ student read models distinguish denied and unknown values and exclude reusable parent tokens (31.810908ms)
✔ guardian projections exclude student private profiles and audit snapshots and require explicit denied panels (16.224157ms)
✔ student-create options are a minimal write-purpose class projection without roster or borrowed catalogs (4.951494ms)
✔ parent context metadata distinguishes year, link and session bounds without child private fields (4.600843ms)
✔ parent attendance month preserves real session/holiday counts and rejects private fields or invented calendar states (5.333341ms)
✔ parent teacher directory requires explicit nullable work metadata and minimal unique weekdays without raw staff identity (4.910797ms)
✔ parent duty schedule exposes only concrete published tasks with explicit status and year/date metadata (10.003756ms)
✔ parent weekly timetable requires explicit published status, timezone and nullable pinned metadata without raw source fields (4.828313ms)
✔ parent document directory requires real independent capabilities and minimal report fields without storage keys (4.779791ms)
✔ parent shared content keeps pinned nullable metadata and independent attachments without raw sources or recipients (16.288911ms)
✔ parent conduct display exposes published own history and explicit absent metadata without staff rules or cohort identity (5.596544ms)
✔ parent published overview requires explicit section absence, DAILY week facts and bounded purpose previews without private source fields (16.906022ms)
✔ announcement HTML retains paragraph/list formatting while dropping executable markup, URLs and tracking resources (7.957904ms)
✔ operation evidence validates metadata values and omits secret-like values and unknown fields (2.013772ms)
✔ parent month keeps actual sessions, mixed days and unmarked outside the attendance denominator (11.526152ms)
✔ parent month infers neither Sunday holidays nor missing-day presence and preserves actual published holiday names (0.585299ms)
✔ parent month clips only to real exclusive year bounds and rejects malformed/outside-year selection (0.589437ms)
✔ parent month rejects missing calendar days, shifted date sources, unknown statuses and foreign date rows (0.778528ms)
✔ grant action and class scope stay together (0.864303ms)
✔ subject grants never authorize management without explicit subject policy (0.145008ms)
✔ end dates are exclusive and assignment is mandatory for default teacher grants (0.157161ms)
✔ a custom class grant authorizes only its delegated action and class (0.132073ms)
✔ a delegated grant cannot outlive an expiring authority, including an unbounded target or future start (0.179473ms)
✔ decimal scoring preserves fractional sums, negative penalties, explicit base, clamps and threshold boundaries (4.315813ms)
✔ fixed deltas reject overrides and manual deltas require bounds (0.349418ms)
✔ parent weekly timetable uses real Monday/calendar bounds and clips partial academic weeks (1.797217ms)
✔ parent weekly timetable rejects a source exceeding the total bound before response serialization (1.9065ms)
✔ XLSX parser bounds sparse dimensions and rejects formulas before workbook allocation (88.61381ms)
ℹ tests 46
ℹ suites 0
ℹ pass 46
ℹ fail 0
ℹ cancelled 0
ℹ skipped 0
ℹ todo 0
ℹ duration_ms 511.064927
exitCode=0
