
 RUN  v3.2.7 D:/Edu

 ✓ tests/unit/api-scope-guard.test.ts (5 tests) 8ms
 ✓ tests/unit/api-client.test.ts (11 tests) 32ms
 ✓ tests/unit/api-query-boundary.test.ts (5 tests) 30ms
 ✓ tests/unit/api-support-adapter.test.ts (5 tests) 33ms
 ✓ tests/unit/api-lists-fragments.test.ts (10 tests) 36ms
 ✓ tests/unit/api-session-adapter.test.ts (2 tests) 20ms
 ✓ tests/unit/api-session.test.ts (9 tests) 44ms
 ✓ tests/unit/api-rollover-adapter.test.ts (8 tests) 42ms
 ✓ tests/unit/api-school-adapter.test.ts (16 tests) 44ms
 ✓ tests/unit/api-platform-adapter.test.ts (12 tests) 42ms
 ✓ tests/unit/api-member-details.test.ts (5 tests) 19ms
 ✓ tests/unit/api-role-adapter.test.ts (5 tests) 34ms
 ✓ tests/unit/api-staff-directory.test.ts (6 tests) 36ms
 ✓ tests/unit/api-assignment-adapter.test.ts (8 tests) 38ms
 ✓ tests/unit/api-staff-adapter.test.ts (9 tests) 41ms
 ✓ tests/unit/api-context.test.ts (1 test) 4ms

 Test Files  16 passed (16)
      Tests  117 passed (117)
   Start at  01:52:44
   Duration  975ms (transform 1.13s, setup 855ms, collect 3.13s, tests 501ms, environment 3ms, prepare 1.92s)
