
 RUN  v3.2.7 D:/Edu

 ✓ tests/unit/api-context.test.ts (1 test) 9ms
 ✓ tests/unit/api-scope-guard.test.ts (5 tests) 9ms
 ✓ tests/unit/api-client.test.ts (11 tests) 40ms
 ✓ tests/unit/api-lists-fragments.test.ts (10 tests) 32ms
 ✓ tests/unit/api-support-adapter.test.ts (5 tests) 28ms
 ✓ tests/unit/api-session.test.ts (9 tests) 38ms
 ✓ tests/unit/api-session-adapter.test.ts (2 tests) 26ms
 ✓ tests/unit/api-platform-adapter.test.ts (12 tests) 37ms
 ✓ tests/unit/api-rollover-adapter.test.ts (8 tests) 52ms
 ✓ tests/unit/api-school-adapter.test.ts (16 tests) 45ms
 ✓ tests/unit/api-member-details.test.ts (5 tests) 18ms
 ✓ tests/unit/api-role-adapter.test.ts (5 tests) 33ms
 ✓ tests/unit/api-staff-directory.test.ts (6 tests) 34ms
 ✓ tests/unit/api-assignment-adapter.test.ts (8 tests) 39ms
 ✓ tests/unit/api-staff-adapter.test.ts (9 tests) 45ms

 Test Files  15 passed (15)
      Tests  112 passed (112)
   Start at  01:39:33
   Duration  950ms (transform 1.19s, setup 992ms, collect 3.76s, tests 485ms, environment 4ms, prepare 1.83s)
