 Container edumanage_backend_test-postgres-1 Running
 Container edumanage_backend_test-postgres-1 Waiting
 Container edumanage_backend_test-postgres-1 Healthy
 Container edumanage_backend_test-runner-run-443907ab7084 Creating
 Container edumanage_backend_test-runner-run-443907ab7084 Created
✔ B5 all 264 supplied operations and explicit frontend workflow extensions have registered real handlers (387.778971ms)
✔ BE01 migration replay is a no-op, mismatch fails and metadata remains intact (58.653174ms)
✔ BE02 cross-school enrollment FK rejects write using the real runtime role (8.699586ms)
✔ BE03 no-tenant denies and SET LOCAL cannot leak across a reused connection (3.583196ms)
✔ BE04 bootstrap only exposes the authenticated user memberships without tenant (5.342901ms)
✔ BE05 HOMEROOM A plus SUBJECT B cannot authorize seating or guardians in B (790.22094ms)
✔ BE06 revoked membership is checked during an existing session and B stays independent (58.702639ms)
✔ B6 self context carries only own current duties and separates self-profile from school contacts (1241.088995ms)
✔ BE08 CSRF, credential validation, cookie flags, session rotation and rate limiting (105.736664ms)
✔ BE10 concurrent profile patches serialize with a single version winner (49.915656ms)
✔ B6 password/session commands use actual cookies, reject bad passwords and revoke every session after change (345.005864ms)
{"checkpoint":"parent-without-context","queryMs":5.574,"planExecutionMs":0.016,"planRows":0}
✔ BE21 parent runtime role cannot select raw student rows (15.243285ms)
✔ B0 health ready checks actual migrations, database and private storage (25.311727ms)
✔ B2 class lists use SQL scope and cross-school details deny before serialization (181.992908ms)
✔ BE09 idempotent organization create/retry/concurrency performs one write (202.219006ms)
✔ B2 required idempotency, class capacity/reference validation and version conflicts (380.647646ms)
✔ B2 signed cursor rejects scope/filter modification and delivers distinct pages (2587.571806ms)
✔ B2 subject student projection omits family/internal notes and denies guardians (435.733338ms)
✔ B2 guardian create does not merge matching phone, relationships start unverified (273.835407ms)
✔ BE07 existing identity invitation requires its session and preserves password/other school (962.04493ms)
✔ B1 password reset token is encrypted, single-use and revokes all prior sessions (324.795823ms)
✔ B2 staff delegation stays within the ceiling, custom class scope and immediate revocation (1260.581836ms)
✔ B2 transfers serialize capacity, handover removes the old teacher and rollover binds its preview (2324.923009ms)
✔ B2 scoped guardian creation cannot acquire an unrelated family through relationship IDs (633.449649ms)
✔ B2/B5 uploads remain private until worker processing, leases serialize and local mail erases encrypted secrets (33123.885442ms)
✔ B2 imports parse real CSV, bind stale previews, avoid name/phone merges and retain invalid rows safely (4097.199526ms)
✔ B2/B5 timetable import checks assignments and overlapping slots, creates only a draft and deduplicates retries (2667.072538ms)
✔ B2 imports update only verified codes, create class drafts and staff invitations with work profiles (6220.33236ms)
✔ B2 large import resumes after a lost chunk without duplicating applied rows and checks current school authority (4628.547795ms)
✔ B3 attendance starts unmarked, versions every source change and publishes immutable one-student projections (484.52207ms)
✔ B3 subject attendance requires its actual lesson and cannot borrow daily access from another class (380.67646ms)
✔ B3 a simultaneous attendance edit and publish has one winner and never publishes a mixed source version (171.094462ms)
✔ B3 rule sets require explicit points, immutable issuance and effective week application (367.698391ms)
✔ B3 conduct reviews preserve facts, lock READY projections and publish only the exact pinned source (824.672558ms)
✔ B3 conduct linked attendance detects stale sources and subject teachers see only their own lesson facts (799.349596ms)
✔ B3 approved adjustments retain old facts and atomically replace the current publication with a reviewed preview (486.938584ms)
✔ B3 a simultaneous conduct record and lock/publish has one source winner (245.507004ms)
✔ B3 attendance linkage deduplicates, excludes corrected drafts and leaves locked scores unchanged with explicit warnings (433.877313ms)
✔ B4 private parent links expose only published child projections, preserve staff cookies and bind the active tab context (887.312137ms)
✔ B4 section/download rights, reissue, relationship revocation and foreign UUIDs are checked on each new parent request (485.248203ms)
✔ B4 private documents stream only with both download rights, and teacher contact projections use shared work fields (622.547202ms)
✔ B4 expired links, suspended schools, CSRF and exchange throttles deny without creating a parent identity (473.988982ms)
✔ B1 delegated grants and invitation acceptance stay inside the current expiry ceiling; backdated assignments require a reason (292.677485ms)
✔ B2 shrinking class capacity checks planned future occupancy peaks, rather than only today (112.697221ms)
✔ B5 dated groups retain moves and same-day cancellations, require current class versions and end group-leader duties (562.72551ms)
✔ B5 position holders serialize and remain valid conduct sources; locked source history cannot be shortened (457.911929ms)
✔ B5 seating validates effective enrollment and unique seats, preserves dated revisions and denies subject-only reads (689.514433ms)
✔ B2/B5 a transfer closes dated groups/positions and retains cancelled future plans atomically (387.721081ms)
✔ B5 timetable materializes bounded future lessons, publishes child-only projections and preserves past/source history (729.937754ms)
✔ B5 timetable rejects teacher/room collisions and revoked assignments, skips holidays and revalidates source versions (960.236173ms)
✔ B5 duties publish only individual tasks, reject foreign enrollment and retain immutable publication/withdraw history (426.631493ms)
✔ B5 group duties expand the effective group at publication and retain the individual targets after later moves (636.947834ms)
✔ B5 activities count only explicit participants, preserve published states and require current source/review authority (876.132168ms)
✔ B5 approved activity results are explicit conduct sources and locked approved facts protect their source history (387.142067ms)
✔ B5 evidence stays private until review and publication; parent documents remain child-bound and filter file availability (3471.78542ms)
✔ B5 class announcements retain immutable publication across edits, bind one recipient and reject foreign class reads (2005.484864ms)
✔ B5 public school announcements sanitize content and keep draft/private replacements out of the public projection (1906.183033ms)
✔ B5 scheduled announcements wait for their due time, publish once through a worker and safely replay after an acknowledgement loss (1270.275536ms)
✔ B5 scheduled publication rechecks the creator grant and reports a failed queue without exposing a parent snapshot (1356.101054ms)
✔ B5 announcement attachments remain private to one child, obey link download rights and disappear when archived or withdrawn (1291.86014ms)
✔ B5 school settings persist with version guards, affect only new link expiry and suppress work contacts without changing old link permissions (859.668792ms)
✔ B5 disabling homeroom publication takes effect inside existing sessions and restores only after an explicit setting change (712.005933ms)
✔ B3 configured second approval rejects self approval in API and SQL, while a different scoped approver permits atomic adjustment (540.078629ms)
✔ B5 personal notifications paginate across actual memberships, deduplicate publication events and deny foreign recipients and cross-user cursors (1155.634618ms)
✔ B5 withdrawn announcements redact retained staff notifications instead of exposing a stale published target (5420.457594ms)
✔ B5 dashboards count real scoped rows, keep homeroom and subject tasks separate and immediately recheck revocation (7062.766008ms)
✔ B5 teacher schedule is own dated teaching and announcement feed reads only current publications across draft edits (1873.290586ms)
✔ B5 dashboard attendance counters and publication tasks follow persisted marks, publish/withdraw and current school policy (900.933262ms)
✔ B2 platform creates only metadata drafts, bootstraps admin roles/invitations and requires an active administrator for activation (1287.067302ms)
✔ B5 platform settings and operation records persist actual state, redact artifacts and reauthorize command replays (1486.162449ms)
✔ B1 platform admin invitations obey operator expiry ceilings and acceptance rolls back after authority expires (115.466507ms)
✔ B5 support tickets persist both sides, preserve queue states and exact timestamp pagination, and deny other schools (287.851641ms)
✔ B1 support requests require independent current school consent, retain immutable scope and bind tickets/classes/actions/time (244.231253ms)
✔ B1 explicitly selected support grants authorize only scoped metadata GETs, audit the actual operator and force read-only SQL (218.983884ms)
✔ B1 school-wide support metadata never exposes import rows/downloads and expires without fallback to operator privileges (3456.447894ms)
✔ B1 an operator who also has school-admin rights still cannot self-approve or combine selected support scope with ordinary rights (178.949091ms)
✔ B5 signed native keysets cross a nullable sort boundary without dropping or repeating persisted schools (3460.800825ms)
✔ B5 report SQL uses real scoped counts and immutable CSV export content while live attendance changes (756.801547ms)
✔ B5 published report exports pin revisions across replacement and withdrawal without exposing drafts (801.463881ms)
✔ B5 export XLSX/PDF are actual files with literal formula text, Vietnamese font and private download authorization (901.035889ms)
✔ B5 subject reports remain own lesson attendance and scoped activities without school/family/conduct/export access (728.133946ms)
✔ B5 export workers and all file paths reauthorize revocation, expiry and cancellation, and replay completed work safely (1008.204583ms)
✔ B5 conduct/activity/progress/link reports use actual pinned scores, explicit participant denominators and anonymous link use (1786.346025ms)
✔ B6 organization display fields persist with versions and tenant-safe references instead of being silently ignored (1176.052271ms)
✔ B6 year wizard creates bounded terms, weeks, published holidays and independent draft rules atomically and idempotently (1731.83981ms)
✔ B6 class form assigns homeroom atomically, denies foreign/backdated inputs, requires handover and preserves archived history (1391.287464ms)
✔ B6 organization projections scope counts in SQL and a year-only grant cannot copy or publish rules (4618.261724ms)
✔ B6 purpose-bound form pickers use current write authority, exclude contacts/roles/counts and deny normal directory access (877.048802ms)
✔ B6 rollover preview uses exact end-year enrollment, minimal workflow authority and immediate revocation (1321.155543ms)
✔ B6 platform school wizard creates its optional admin invitation atomically and redacts form metadata (3296.454041ms)
✔ B6 platform school form readers never lend admin or read authority to a create-only operator (374.454364ms)
✔ B6 school overview keeps current scoped totals, actual setup and publication metadata without lending school-wide reads (6067.878975ms)
✔ B6 support choices/counts are scoped SQL metadata, ticket message/status save atomically and an operator only relinquishes its own grant (1046.625595ms)
✔ B6 platform audit filters exact actors and whole local date boundaries before pagination and denies school-only staff (308.246406ms)
✔ B6 school support metadata does not borrow consent authority, counts in SQL and rechecks permission before replay (1137.38098ms)
✔ B6 school audit uses the school timezone and exact SQL filters with tenant-safe history options (626.723571ms)
✔ B6 operational probes use worker-only cycle evidence, actual backup records and purpose-bound aggregate authority (1915.301561ms)
✔ B6 atomic school-role replacement retains expiry/class scopes, detects independent grants and rolls back all failures (451.356686ms)
✔ B6 school-role replacement prevents self edits, last-admin removal, ceiling/expiry breaches and unauthorized cached replay (357.483825ms)
✔ B6 ending a membership revokes all current/future grants and assignments without deleting history or other schools (474.689597ms)
✔ B6 native school invitations persist all roles/profile, replay once and accept multiple or zero grants atomically (340.638895ms)
✔ B6 zero-role invitation still rechecks current inviter membership and mail authority before acceptance (185.26645ms)
✔ B6 expired staff invitations cannot be revoked as pending or delivered, and preserve their history (201.303181ms)
✔ B6 staff directory combines authorized pending invitations in SQL, searches folded work data and counts before keysets (483.206499ms)
✔ B6 directory read does not lend invitation, role catalog, assignment or export authority and revocation invalidates opaque scope cursors (416.460423ms)
✔ B6 Vietnamese composite keysets preserve given/full-name order, case/diacritic ties and nullable departments in both directions (527.648318ms)
✔ B6 locked identities keep their directory lifecycle but have no effective grants, and active KPI does not fabricate access (187.907512ms)
✔ B6 member details return real coarse other-school counts and work contacts without opening another tenant (305.291861ms)
✔ B6 member aggregate checks current school authority, target membership and SQL role before returning any count (280.549713ms)
✔ B6 member effective permissions and assignment history follow native grant time, membership, identity and assignment dates (628.931728ms)
✔ B6 member role choices respect action-specific delegation expiry without borrowing a role catalog (308.709242ms)
✔ B6 member history filters member, assignment and grant events before counting/keysets, with independent audit authority (494.386888ms)
✔ B6 personal notifications traverse more than 100 real own memberships without truncating global totals or opaque pages (8360.653559ms)
✔ B6 assignment preview is read-only, uses school-local instants and preserves displayed source versions before saving (518.988805ms)
✔ B6 assignment preview compares exact subject scopes, rejects overlapping windows and rechecks expired delegation on repeated POST (709.966295ms)
✔ B6 assignment preview detects source member changes, rejects malformed/foreign proposals and advertises future/configured publication timing (356.885468ms)
✔ B6 assignment matrix returns actual nullable cells and minimal work names under independent assignment-read authority (443.936121ms)
✔ B6 assignment matrix keeps an unconfigured year explicit and archived display reference separate from authority (276.197763ms)
✔ B6 role metadata keeps native scopes and real counts without lending member/audit access or treating custom class grants as assignments (465.565078ms)
✔ B6 role details show only independently authorized holders/history and save scoped deltas with a displayed version (1754.044212ms)
✔ B6 future held roles and immutable system templates cannot be edited by their holder (279.928245ms)
✔ B6 editing live roles cannot expand permissions beyond the current editor expiry ceiling (295.432393ms)
ℹ tests 122
ℹ suites 0
ℹ pass 122
ℹ fail 0
ℹ cancelled 0
ℹ skipped 0
ℹ todo 0
ℹ duration_ms 168841.543923
