✔ native duty and attendance acknowledgements declare their actual HTTP200 without changing explicit HTTP201 creation (2.8333ms)
✔ teacher announcement reads require a displayed published source and actual HTTP200 receipts (15.0322ms)
✔ native announcement acknowledgements have an actual HTTP200 response schema and independent manage/publication permissions (4.4288ms)
✔ native attendance commands require displayed null or existing source versions and exclude private or subject rights overrides (5.7701ms)
✔ staff preview context has a minimal context schema and independent school authority (4.538ms)
✔ class workspace header has exact year routing and explicitly permits absent independent period metadata (11.6985ms)
✔ class workspace overview is exact-class staff read with nullable panels bounded previews and no private source objects (14.3217ms)
✔ native organization seating save requires the displayed revision and rejects actor or scope authority in its body (2.3037ms)
✔ one-pupil class attendance accepts valid empty public notes and excludes private source fields (3.3984ms)
✔ class roster purposes retain exact year scope and transfer requests accept only an optional displayed enrollment version (1.5461ms)
✔ native duty commands retain exact displayed source and publication versions without actor authority or silent group expansion (5.8546ms)
✔ all operation IDs are unique, including the explicit frontend workflow extensions (0.3975ms)
✔ atomic school roles require a displayed version and unique explicit role IDs without actor authority (4.3736ms)
✔ reviewed parent issuance requires every reviewed source version and rejects contact/token/actor fields (5.7104ms)
✔ parent staff metadata excludes bearer/private fields and history represents missing device/section explicitly (7.5763ms)
✔ school invite retains zero or multiple roles and the 1–30 day form without widening platform admin invitations (3.1133ms)
✔ login rejects spoofed role, school and unknown fields (0.7883ms)
✔ private user DTO rejects secrets and unknown properties (2.4598ms)
✔ platform first administrator supports server start time and rejects scope spoofing or excessive invitation lifetime (0.1683ms)
✔ school overview accepts explicit unavailable panels and rejects private directory fields (16.9009ms)
✔ directory represents invitations without fake memberships and keeps unavailable invitation KPI explicit (6.2154ms)
✔ member profile separates denied panels and exact native authority without exposing other school metadata (17.3072ms)
✔ invitation choices use invitation authority and never lend role metadata or contacts (1.9564ms)
✔ atomic guardian save requires displayed student and primary versions without verification or actor fields (8.7147ms)
✔ assignment preview is a CSRF-protected read-only POST and preserves explicit source versions without actor authority (1.9286ms)
✔ assignment matrix represents a real unconfigured year and empty cells without borrowing profiles, rosters or permissions (12.8002ms)
✔ role details retain exact native scopes and denied panels without exposing staff contacts or a fabricated editable system role (10.265ms)
✔ handover receipts retain unknown legacy metadata and strict reviewed source fields without exposing the internal state (8.2556ms)
✔ student forms persist nullable gender and an atomic unverified guardian without accepting actor or result state (20.3791ms)
✔ student read models distinguish denied and unknown values and exclude reusable parent tokens (30.8448ms)
✔ guardian projections exclude student private profiles and audit snapshots and require explicit denied panels (17.2654ms)
✔ student-create options are a minimal write-purpose class projection without roster or borrowed catalogs (3.3437ms)
✔ parent context metadata distinguishes year, link and session bounds without child private fields (0.3913ms)
✔ parent attendance month preserves real session/holiday counts and rejects private fields or invented calendar states (3.9394ms)
✔ parent teacher directory requires explicit nullable work metadata and minimal unique weekdays without raw staff identity (2.3775ms)
✔ parent duty schedule exposes only concrete published tasks with explicit status and year/date metadata (6.0957ms)
✔ parent weekly timetable requires explicit published status, timezone and nullable pinned metadata without raw source fields (4.7026ms)
✔ parent document directory requires real independent capabilities and minimal report fields without storage keys (5.0548ms)
✔ parent shared content keeps pinned nullable metadata and independent attachments without raw sources or recipients (16.1525ms)
✔ parent conduct display exposes published own history and explicit absent metadata without staff rules or cohort identity (5.8934ms)
✔ parent published overview requires explicit section absence, DAILY week facts and bounded purpose previews without private source fields (15.7454ms)
✔ native announcement semantic blocks round trip Vietnamese plaintext and line breaks without HTML execution (6.4911ms)
✔ native legacy HTML projection sanitizes executable tags and preserves real headings and list text only (1.282ms)
✔ announcement HTML retains paragraph/list formatting while dropping executable markup, URLs and tracking resources (5.3561ms)
✔ JSON acknowledgements validate their actual status and never send undeclared or private payloads (15.0486ms)
✔ operation evidence validates metadata values and omits secret-like values and unknown fields (1.3374ms)
✔ parent month keeps actual sessions, mixed days and unmarked outside the attendance denominator (16.6171ms)
✔ parent month infers neither Sunday holidays nor missing-day presence and preserves actual published holiday names (0.5217ms)
✔ parent month clips only to real exclusive year bounds and rejects malformed/outside-year selection (0.5268ms)
✔ parent month rejects missing calendar days, shifted date sources, unknown statuses and foreign date rows (0.5718ms)
✔ grant action and class scope stay together (0.7918ms)
✔ subject grants never authorize management without explicit subject policy (0.125ms)
✔ end dates are exclusive and assignment is mandatory for default teacher grants (0.1092ms)
✔ a custom class grant authorizes only its delegated action and class (0.1295ms)
✔ a delegated grant cannot outlive an expiring authority, including an unbounded target or future start (0.1634ms)
✔ decimal scoring preserves fractional sums, negative penalties, explicit base, clamps and threshold boundaries (4.2157ms)
✔ fixed deltas reject overrides and manual deltas require bounds (0.4731ms)
✔ parent weekly timetable uses real Monday/calendar bounds and clips partial academic weeks (3.7636ms)
✔ parent weekly timetable rejects a source exceeding the total bound before response serialization (1.7445ms)
✔ XLSX parser bounds sparse dimensions and rejects formulas before workbook allocation (91.1128ms)
ℹ tests 60
ℹ suites 0
ℹ pass 60
ℹ fail 0
ℹ cancelled 0
ℹ skipped 0
ℹ todo 0
ℹ duration_ms 520.7754
EXIT_CODE=0
