✔ all operation IDs are unique, including the explicit frontend workflow extensions (1.4026ms)
✔ atomic school roles require a displayed version and unique explicit role IDs without actor authority (14.0985ms)
✔ school invite retains zero or multiple roles and the 1–30 day form without widening platform admin invitations (7.8393ms)
✔ login rejects spoofed role, school and unknown fields (1.968ms)
✔ private user DTO rejects secrets and unknown properties (5.3391ms)
✔ platform first administrator supports server start time and rejects scope spoofing or excessive invitation lifetime (0.3184ms)
✔ school overview accepts explicit unavailable panels and rejects private directory fields (39.6877ms)
✔ directory represents invitations without fake memberships and keeps unavailable invitation KPI explicit (13.3266ms)
✔ member profile separates denied panels and exact native authority without exposing other school metadata (21.7968ms)
✔ assignment preview is a CSRF-protected read-only POST and preserves explicit source versions without actor authority (1.8316ms)
✔ assignment matrix represents a real unconfigured year and empty cells without borrowing profiles, rosters or permissions (15.6627ms)
✔ role details retain exact native scopes and denied panels without exposing staff contacts or a fabricated editable system role (14.4749ms)
✔ announcement HTML retains paragraph/list formatting while dropping executable markup, URLs and tracking resources (4.6902ms)
✔ operation evidence validates metadata values and omits secret-like values and unknown fields (1.3739ms)
✔ grant action and class scope stay together (0.8411ms)
✔ subject grants never authorize management without explicit subject policy (0.1325ms)
✔ end dates are exclusive and assignment is mandatory for default teacher grants (0.1103ms)
✔ a custom class grant authorizes only its delegated action and class (0.1255ms)
✔ a delegated grant cannot outlive an expiring authority, including an unbounded target or future start (0.1726ms)
✔ decimal scoring preserves fractional sums, negative penalties, explicit base, clamps and threshold boundaries (4.8989ms)
✔ fixed deltas reject overrides and manual deltas require bounds (0.9855ms)
✔ XLSX parser bounds sparse dimensions and rejects formulas before workbook allocation (78.7304ms)
ℹ tests 22
ℹ suites 0
ℹ pass 22
ℹ fail 0
ℹ cancelled 0
ℹ skipped 0
ℹ todo 0
ℹ duration_ms 591.6303
