✔ native duty and attendance acknowledgements declare their actual HTTP200 without changing explicit HTTP201 creation (1.496ms)
✔ teacher announcement reads require a displayed published source and actual HTTP200 receipts (13.6386ms)
✔ native announcement acknowledgements have an actual HTTP200 response schema and independent manage/publication permissions (3.183ms)
✔ native attendance commands require displayed null or existing source versions and exclude private or subject rights overrides (7.4181ms)
✔ staff preview context has a minimal context schema and independent school authority (4.5778ms)
✔ class workspace header has exact year routing and explicitly permits absent independent period metadata (10.6576ms)
✔ class workspace overview is exact-class staff read with nullable panels bounded previews and no private source objects (14.1812ms)
✔ native organization seating save requires the displayed revision and rejects actor or scope authority in its body (2.3054ms)
✔ one-pupil class attendance accepts valid empty public notes and excludes private source fields (3.2587ms)
✔ class roster purposes retain exact year scope and transfer requests accept only an optional displayed enrollment version (1.4413ms)
✔ native duty commands retain exact displayed source and publication versions without actor authority or silent group expansion (6.3101ms)
✔ all operation IDs are unique, including the explicit frontend workflow extensions (0.6907ms)
✔ atomic school roles require a displayed version and unique explicit role IDs without actor authority (8.6812ms)
✔ reviewed parent issuance requires every reviewed source version and rejects contact/token/actor fields (11.8585ms)
✔ parent staff metadata excludes bearer/private fields and history represents missing device/section explicitly (10.6899ms)
✔ school invite retains zero or multiple roles and the 1–30 day form without widening platform admin invitations (3.1285ms)
✔ login rejects spoofed role, school and unknown fields (0.7859ms)
✔ private user DTO rejects secrets and unknown properties (2.6383ms)
✔ platform first administrator supports server start time and rejects scope spoofing or excessive invitation lifetime (0.176ms)
✔ school overview accepts explicit unavailable panels and rejects private directory fields (16.7086ms)
✔ directory represents invitations without fake memberships and keeps unavailable invitation KPI explicit (4.6794ms)
✔ member profile separates denied panels and exact native authority without exposing other school metadata (14.1198ms)
✔ invitation choices use invitation authority and never lend role metadata or contacts (2.0047ms)
✔ atomic guardian save requires displayed student and primary versions without verification or actor fields (8.5886ms)
✔ assignment preview is a CSRF-protected read-only POST and preserves explicit source versions without actor authority (1.6616ms)
✔ assignment matrix represents a real unconfigured year and empty cells without borrowing profiles, rosters or permissions (12.8542ms)
✔ role details retain exact native scopes and denied panels without exposing staff contacts or a fabricated editable system role (10.6774ms)
✔ handover receipts retain unknown legacy metadata and strict reviewed source fields without exposing the internal state (8.6659ms)
✔ student forms persist nullable gender and an atomic unverified guardian without accepting actor or result state (20.9006ms)
✔ student read models distinguish denied and unknown values and exclude reusable parent tokens (26.4597ms)
✔ guardian projections exclude student private profiles and audit snapshots and require explicit denied panels (18.271ms)
✔ student-create options are a minimal write-purpose class projection without roster or borrowed catalogs (4.4835ms)
✔ parent context metadata distinguishes year, link and session bounds without child private fields (0.4347ms)
✔ parent attendance month preserves real session/holiday counts and rejects private fields or invented calendar states (4.5446ms)
✔ parent teacher directory requires explicit nullable work metadata and minimal unique weekdays without raw staff identity (2.6569ms)
✔ parent duty schedule exposes only concrete published tasks with explicit status and year/date metadata (9.2712ms)
✔ parent weekly timetable requires explicit published status, timezone and nullable pinned metadata without raw source fields (8.5315ms)
✔ parent document directory requires real independent capabilities and minimal report fields without storage keys (9.3395ms)
✔ parent shared content keeps pinned nullable metadata and independent attachments without raw sources or recipients (18.0787ms)
✔ parent conduct display exposes published own history and explicit absent metadata without staff rules or cohort identity (7.9791ms)
✔ parent published overview requires explicit section absence, DAILY week facts and bounded purpose previews without private source fields (18.1046ms)
✔ native announcement semantic blocks round trip Vietnamese plaintext and line breaks without HTML execution (5.9737ms)
✔ native legacy HTML projection sanitizes executable tags and preserves real headings and list text only (1.4306ms)
✔ announcement HTML retains paragraph/list formatting while dropping executable markup, URLs and tracking resources (5.6232ms)
✔ JSON acknowledgements validate their actual status and never send undeclared or private payloads (12.5144ms)
✔ operation evidence validates metadata values and omits secret-like values and unknown fields (1.3572ms)
✔ parent month keeps actual sessions, mixed days and unmarked outside the attendance denominator (19.4988ms)
✔ parent month infers neither Sunday holidays nor missing-day presence and preserves actual published holiday names (0.5799ms)
✔ parent month clips only to real exclusive year bounds and rejects malformed/outside-year selection (0.5685ms)
✔ parent month rejects missing calendar days, shifted date sources, unknown statuses and foreign date rows (0.7395ms)
✔ grant action and class scope stay together (0.8139ms)
✔ subject grants never authorize management without explicit subject policy (0.1333ms)
✔ end dates are exclusive and assignment is mandatory for default teacher grants (0.1142ms)
✔ a custom class grant authorizes only its delegated action and class (0.1272ms)
✔ a delegated grant cannot outlive an expiring authority, including an unbounded target or future start (0.1633ms)
✔ decimal scoring preserves fractional sums, negative penalties, explicit base, clamps and threshold boundaries (3.7151ms)
✔ fixed deltas reject overrides and manual deltas require bounds (0.4895ms)
✔ parent weekly timetable uses real Monday/calendar bounds and clips partial academic weeks (3.5288ms)
✔ parent weekly timetable rejects a source exceeding the total bound before response serialization (1.8676ms)
✔ XLSX parser bounds sparse dimensions and rejects formulas before workbook allocation (89.7046ms)
ℹ tests 60
ℹ suites 0
ℹ pass 60
ℹ fail 0
ℹ cancelled 0
ℹ skipped 0
ℹ todo 0
ℹ duration_ms 549.5833
EXIT_CODE=0
