✔ existing synchronous auth invitation position message and publication handlers have actual success schemas (1.8329ms)
✔ native duty and attendance acknowledgements declare their actual HTTP200 without changing explicit HTTP201 creation (0.5267ms)
✔ teacher announcement reads require a displayed published source and actual HTTP200 receipts (14.8424ms)
✔ native announcement acknowledgements have an actual HTTP200 response schema and independent manage/publication permissions (5.1573ms)
✔ native attendance commands require displayed null or existing source versions and exclude private or subject rights overrides (7.9264ms)
✔ staff preview context has a minimal context schema and independent school authority (4.7597ms)
✔ class workspace header has exact year routing and explicitly permits absent independent period metadata (14.2901ms)
✔ class workspace overview is exact-class staff read with nullable panels bounded previews and no private source objects (16.2725ms)
✔ native organization seating save requires the displayed revision and rejects actor or scope authority in its body (2.403ms)
✔ one-pupil class attendance accepts valid empty public notes and excludes private source fields (3.6905ms)
✔ class roster purposes retain exact year scope and transfer requests accept only an optional displayed enrollment version (1.4731ms)
✔ native duty commands retain exact displayed source and publication versions without actor authority or silent group expansion (5.0275ms)
✔ all operation IDs are unique, including the explicit frontend workflow extensions (0.3911ms)
✔ atomic school roles require a displayed version and unique explicit role IDs without actor authority (4.5286ms)
✔ reviewed parent issuance requires every reviewed source version and rejects contact/token/actor fields (6.673ms)
✔ parent staff metadata excludes bearer/private fields and history represents missing device/section explicitly (9.8256ms)
✔ school invite retains zero or multiple roles and the 1–30 day form without widening platform admin invitations (3.6796ms)
✔ login rejects spoofed role, school and unknown fields (0.824ms)
✔ private user DTO rejects secrets and unknown properties (2.5461ms)
✔ platform first administrator supports server start time and rejects scope spoofing or excessive invitation lifetime (0.1776ms)
✔ school overview accepts explicit unavailable panels and rejects private directory fields (17.6723ms)
✔ directory represents invitations without fake memberships and keeps unavailable invitation KPI explicit (4.9036ms)
✔ member profile separates denied panels and exact native authority without exposing other school metadata (14.2818ms)
✔ invitation choices use invitation authority and never lend role metadata or contacts (1.9948ms)
✔ atomic guardian save requires displayed student and primary versions without verification or actor fields (11.134ms)
✔ assignment preview is a CSRF-protected read-only POST and preserves explicit source versions without actor authority (1.9632ms)
✔ assignment matrix represents a real unconfigured year and empty cells without borrowing profiles, rosters or permissions (15.5749ms)
✔ role details retain exact native scopes and denied panels without exposing staff contacts or a fabricated editable system role (9.9065ms)
✔ handover receipts retain unknown legacy metadata and strict reviewed source fields without exposing the internal state (8.3842ms)
✔ student forms persist nullable gender and an atomic unverified guardian without accepting actor or result state (21.5951ms)
✔ student read models distinguish denied and unknown values and exclude reusable parent tokens (25.5818ms)
✔ guardian projections exclude student private profiles and audit snapshots and require explicit denied panels (18.6643ms)
✔ student-create options are a minimal write-purpose class projection without roster or borrowed catalogs (3.3195ms)
✔ parent context metadata distinguishes year, link and session bounds without child private fields (0.3631ms)
✔ parent attendance month preserves real session/holiday counts and rejects private fields or invented calendar states (4.0657ms)
✔ parent teacher directory requires explicit nullable work metadata and minimal unique weekdays without raw staff identity (2.5131ms)
✔ parent duty schedule exposes only concrete published tasks with explicit status and year/date metadata (6.5015ms)
✔ parent weekly timetable requires explicit published status, timezone and nullable pinned metadata without raw source fields (5.1215ms)
✔ parent document directory requires real independent capabilities and minimal report fields without storage keys (5.2978ms)
✔ parent shared content keeps pinned nullable metadata and independent attachments without raw sources or recipients (17.5096ms)
✔ parent conduct display exposes published own history and explicit absent metadata without staff rules or cohort identity (6.3754ms)
✔ parent published overview requires explicit section absence, DAILY week facts and bounded purpose previews without private source fields (16.6834ms)
✔ native announcement semantic blocks round trip Vietnamese plaintext and line breaks without HTML execution (8.8832ms)
✔ native legacy HTML projection sanitizes executable tags and preserves real headings and list text only (1.1995ms)
✔ announcement HTML retains paragraph/list formatting while dropping executable markup, URLs and tracking resources (6.2967ms)
✔ JSON acknowledgements validate their actual status and never send undeclared or private payloads (17.4881ms)
✔ operation evidence validates metadata values and omits secret-like values and unknown fields (1.3487ms)
✔ parent month keeps actual sessions, mixed days and unmarked outside the attendance denominator (19.2734ms)
✔ parent month infers neither Sunday holidays nor missing-day presence and preserves actual published holiday names (0.6839ms)
✔ parent month clips only to real exclusive year bounds and rejects malformed/outside-year selection (0.5877ms)
✔ parent month rejects missing calendar days, shifted date sources, unknown statuses and foreign date rows (0.7493ms)
✔ grant action and class scope stay together (0.8448ms)
✔ subject grants never authorize management without explicit subject policy (0.1911ms)
✔ end dates are exclusive and assignment is mandatory for default teacher grants (0.1541ms)
✔ a custom class grant authorizes only its delegated action and class (0.1706ms)
✔ a delegated grant cannot outlive an expiring authority, including an unbounded target or future start (0.2181ms)
✔ decimal scoring preserves fractional sums, negative penalties, explicit base, clamps and threshold boundaries (3.1852ms)
✔ fixed deltas reject overrides and manual deltas require bounds (0.3979ms)
✔ parent weekly timetable uses real Monday/calendar bounds and clips partial academic weeks (3.9823ms)
✔ parent weekly timetable rejects a source exceeding the total bound before response serialization (1.849ms)
✔ XLSX parser bounds sparse dimensions and rejects formulas before workbook allocation (87.6919ms)
ℹ tests 61
ℹ suites 0
ℹ pass 61
ℹ fail 0
ℹ cancelled 0
ℹ skipped 0
ℹ todo 0
ℹ duration_ms 559.7559
EXIT_CODE=0
