 Container edumanage_backend_test-postgres-1 Running 
 Container edumanage_backend_test-postgres-1 Waiting 
 Container edumanage_backend_test-postgres-1 Healthy 
 Container edumanage_backend_test-runner-run-292c5c275893 Creating 
 Container edumanage_backend_test-runner-run-292c5c275893 Created 
✔ B5 all 264 supplied operations and the explicit SC07 preview extension have registered real handlers (391.964477ms)
✔ BE01 migration replay is a no-op, mismatch fails and metadata remains intact (60.224873ms)
✔ BE02 cross-school enrollment FK rejects write using the real runtime role (19.436245ms)
✔ BE03 no-tenant denies and SET LOCAL cannot leak across a reused connection (6.132369ms)
✔ BE04 bootstrap only exposes the authenticated user memberships without tenant (4.091877ms)
✔ BE05 HOMEROOM A plus SUBJECT B cannot authorize seating or guardians in B (258.541956ms)
✔ BE06 revoked membership is checked during an existing session and B stays independent (44.258605ms)
✔ B6 self context carries only own current duties and separates self-profile from school contacts (132.333787ms)
✔ BE08 CSRF, credential validation, cookie flags, session rotation and rate limiting (102.673254ms)
✔ BE10 concurrent profile patches serialize with a single version winner (53.789463ms)
✔ B6 password/session commands use actual cookies, reject bad passwords and revoke every session after change (331.07467ms)
{"checkpoint":"parent-without-context","queryMs":5.591,"planExecutionMs":0.015,"planRows":0}
✔ BE21 parent runtime role cannot select raw student rows (15.333049ms)
✔ B0 health ready checks actual migrations, database and private storage (19.86803ms)
✔ B2 class lists use SQL scope and cross-school details deny before serialization (197.998897ms)
✔ BE09 idempotent organization create/retry/concurrency performs one write (74.724005ms)
✔ B2 required idempotency, class capacity/reference validation and version conflicts (128.902744ms)
✔ B2 signed cursor rejects scope/filter modification and delivers distinct pages (1447.928233ms)
✔ B2 subject student projection omits family/internal notes and denies guardians (318.503346ms)
✔ B2 guardian create does not merge matching phone, relationships start unverified (146.943661ms)
✔ BE07 existing identity invitation requires its session and preserves password/other school (240.194484ms)
✔ B1 password reset token is encrypted, single-use and revokes all prior sessions (133.087808ms)
✔ B2 staff delegation stays within the ceiling, custom class scope and immediate revocation (720.712486ms)
✔ B2 transfers serialize capacity, handover removes the old teacher and rollover binds its preview (1078.091351ms)
✔ B2 scoped guardian creation cannot acquire an unrelated family through relationship IDs (386.989704ms)
✔ B2/B5 uploads remain private until worker processing, leases serialize and local mail erases encrypted secrets (8190.26106ms)
✔ B2 imports parse real CSV, bind stale previews, avoid name/phone merges and retain invalid rows safely (3401.660772ms)
✔ B2/B5 timetable import checks assignments and overlapping slots, creates only a draft and deduplicates retries (1969.189155ms)
✔ B2 imports update only verified codes, create class drafts and staff invitations with work profiles (4771.637305ms)
✔ B2 large import resumes after a lost chunk without duplicating applied rows and checks current school authority (3922.190214ms)
✔ B3 attendance starts unmarked, versions every source change and publishes immutable one-student projections (500.7642ms)
✔ B3 subject attendance requires its actual lesson and cannot borrow daily access from another class (494.046804ms)
✔ B3 a simultaneous attendance edit and publish has one winner and never publishes a mixed source version (157.768642ms)
✔ B3 rule sets require explicit points, immutable issuance and effective week application (371.077956ms)
✔ B3 conduct reviews preserve facts, lock READY projections and publish only the exact pinned source (705.998254ms)
✔ B3 conduct linked attendance detects stale sources and subject teachers see only their own lesson facts (840.279242ms)
✔ B3 approved adjustments retain old facts and atomically replace the current publication with a reviewed preview (481.444738ms)
✔ B3 a simultaneous conduct record and lock/publish has one source winner (242.740788ms)
✔ B3 attendance linkage deduplicates, excludes corrected drafts and leaves locked scores unchanged with explicit warnings (436.891729ms)
✔ B4 private parent links expose only published child projections, preserve staff cookies and bind the active tab context (890.807756ms)
✔ B4 section/download rights, reissue, relationship revocation and foreign UUIDs are checked on each new parent request (500.971289ms)
✔ B4 private documents stream only with both download rights, and teacher contact projections use shared work fields (665.684441ms)
✔ B4 expired links, suspended schools, CSRF and exchange throttles deny without creating a parent identity (498.65204ms)
✔ B1 delegated grants and invitation acceptance stay inside the current expiry ceiling; backdated assignments require a reason (270.202358ms)
✔ B2 shrinking class capacity checks planned future occupancy peaks, rather than only today (141.825617ms)
✔ B5 dated groups retain moves and same-day cancellations, require current class versions and end group-leader duties (930.210824ms)
✔ B5 position holders serialize and remain valid conduct sources; locked source history cannot be shortened (1329.098307ms)
✔ B5 seating validates effective enrollment and unique seats, preserves dated revisions and denies subject-only reads (1380.306927ms)
✔ B2/B5 a transfer closes dated groups/positions and retains cancelled future plans atomically (803.580459ms)
✔ B5 timetable materializes bounded future lessons, publishes child-only projections and preserves past/source history (1438.537513ms)
✔ B5 timetable rejects teacher/room collisions and revoked assignments, skips holidays and revalidates source versions (915.660895ms)
✔ B5 duties publish only individual tasks, reject foreign enrollment and retain immutable publication/withdraw history (428.110907ms)
✔ B5 group duties expand the effective group at publication and retain the individual targets after later moves (613.505971ms)
✔ B5 activities count only explicit participants, preserve published states and require current source/review authority (942.588166ms)
✔ B5 approved activity results are explicit conduct sources and locked approved facts protect their source history (387.86028ms)
✔ B5 evidence stays private until review and publication; parent documents remain child-bound and filter file availability (1654.549126ms)
✔ B5 class announcements retain immutable publication across edits, bind one recipient and reject foreign class reads (1875.456899ms)
✔ B5 public school announcements sanitize content and keep draft/private replacements out of the public projection (1492.112994ms)
✔ B5 scheduled announcements wait for their due time, publish once through a worker and safely replay after an acknowledgement loss (1176.128708ms)
✔ B5 scheduled publication rechecks the creator grant and reports a failed queue without exposing a parent snapshot (1349.186277ms)
✔ B5 announcement attachments remain private to one child, obey link download rights and disappear when archived or withdrawn (1228.541349ms)
✔ B5 school settings persist with version guards, affect only new link expiry and suppress work contacts without changing old link permissions (918.590238ms)
✔ B5 disabling homeroom publication takes effect inside existing sessions and restores only after an explicit setting change (714.796291ms)
✔ B3 configured second approval rejects self approval in API and SQL, while a different scoped approver permits atomic adjustment (588.32414ms)
✔ B5 personal notifications paginate across actual memberships, deduplicate publication events and deny foreign recipients and cross-user cursors (1039.089217ms)
✔ B5 withdrawn announcements redact retained staff notifications instead of exposing a stale published target (1034.999416ms)
✖ B5 dashboards count real scoped rows, keep homeroom and subject tasks separate and immediately recheck revocation (2292.167306ms)
✔ B5 teacher schedule is own dated teaching and announcement feed reads only current publications across draft edits (2065.347726ms)
✔ B5 dashboard attendance counters and publication tasks follow persisted marks, publish/withdraw and current school policy (1825.943091ms)
✔ B2 platform creates only metadata drafts, bootstraps admin roles/invitations and requires an active administrator for activation (1440.210132ms)
✔ B5 platform settings and operation records persist actual state, redact artifacts and reauthorize command replays (813.215541ms)
✔ B1 platform admin invitations obey operator expiry ceilings and acceptance rolls back after authority expires (267.906213ms)
✔ B5 support tickets persist both sides, preserve queue states and exact timestamp pagination, and deny other schools (336.290841ms)
✔ B1 support requests require independent current school consent, retain immutable scope and bind tickets/classes/actions/time (247.677536ms)
✔ B1 explicitly selected support grants authorize only scoped metadata GETs, audit the actual operator and force read-only SQL (219.298521ms)
✔ B1 school-wide support metadata never exposes import rows/downloads and expires without fallback to operator privileges (3445.836694ms)
✔ B1 an operator who also has school-admin rights still cannot self-approve or combine selected support scope with ordinary rights (175.598084ms)
✔ B5 signed native keysets cross a nullable sort boundary without dropping or repeating persisted schools (204.47514ms)
✔ B5 report SQL uses real scoped counts and immutable CSV export content while live attendance changes (722.359594ms)
✔ B5 published report exports pin revisions across replacement and withdrawal without exposing drafts (767.530107ms)
✔ B5 export XLSX/PDF are actual files with literal formula text, Vietnamese font and private download authorization (858.213379ms)
✔ B5 subject reports remain own lesson attendance and scoped activities without school/family/conduct/export access (250.40839ms)
✔ B5 export workers and all file paths reauthorize revocation, expiry and cancellation, and replay completed work safely (759.620452ms)
✔ B5 conduct/activity/progress/link reports use actual pinned scores, explicit participant denominators and anonymous link use (806.745135ms)
✔ B6 organization display fields persist with versions and tenant-safe references instead of being silently ignored (385.239082ms)
✔ B6 year wizard creates bounded terms, weeks, published holidays and independent draft rules atomically and idempotently (518.143879ms)
✔ B6 class form assigns homeroom atomically, denies foreign/backdated inputs, requires handover and preserves archived history (716.977265ms)
✔ B6 organization projections scope counts in SQL and a year-only grant cannot copy or publish rules (3724.218398ms)
✔ B6 purpose-bound form pickers use current write authority, exclude contacts/roles/counts and deny normal directory access (577.484863ms)
✔ B6 rollover preview uses exact end-year enrollment, minimal workflow authority and immediate revocation (494.765883ms)
✖ B6 school overview keeps current scoped totals, actual setup and publication metadata without lending school-wide reads (1400.635659ms)
ℹ tests 90
ℹ suites 0
ℹ pass 88
ℹ fail 2
ℹ cancelled 0
ℹ skipped 0
ℹ todo 0
ℹ duration_ms 84084.786358

✖ failing tests:

test at tests/integration/foundation.test.mjs:1517:1
✖ B5 dashboards count real scoped rows, keep homeroom and subject tasks separate and immediately recheck revocation (2292.167306ms)
  AssertionError [ERR_ASSERTION]: {"type":"urn:edumanage:problem:overview_too_large","title":"OVERVIEW_TOO_LARGE","status":422,"code":"OVERVIEW_TOO_LARGE","requestId":"b02ca4d6-d6a6-4ed2-a750-1486717c51f9"}
  
  422 !== 200
  
      at TestContext.<anonymous> (file:///srv/api/tests/integration/foundation.test.mjs:1522:109)
      at process.processTicksAndRejections (node:internal/process/task_queues:104:5)
      at async Test.run (node:internal/test_runner/test:1409:7)
      at async Test.processPendingSubtests (node:internal/test_runner/test:974:7) {
    generatedMessage: false,
    code: 'ERR_ASSERTION',
    actual: 422,
    expected: 200,
    operator: 'strictEqual',
    diff: 'simple'
  }

test at tests/integration/foundation.test.mjs:1914:1
✖ B6 school overview keeps current scoped totals, actual setup and publication metadata without lending school-wide reads (1400.635659ms)
  AssertionError [ERR_ASSERTION]: {"type":"urn:edumanage:problem:overview_too_large","title":"OVERVIEW_TOO_LARGE","status":422,"code":"OVERVIEW_TOO_LARGE","requestId":"1a9c2404-fd25-43ea-b70b-5416c06ca767"}
  
  422 !== 200
  
      at TestContext.<anonymous> (file:///srv/api/tests/integration/foundation.test.mjs:1916:78)
      at process.processTicksAndRejections (node:internal/process/task_queues:104:5)
      at async Test.run (node:internal/test_runner/test:1409:7)
      at async Test.processPendingSubtests (node:internal/test_runner/test:974:7) {
    generatedMessage: false,
    code: 'ERR_ASSERTION',
    actual: 422,
    expected: 200,
    operator: 'strictEqual',
    diff: 'simple'
  }

