 Container edumanage_backend_test-postgres-1 Running
 Container edumanage_backend_test-postgres-1 Waiting
 Container edumanage_backend_test-postgres-1 Healthy
 Container edumanage_backend_test-runner-run-dbb7fe68ce47 Creating
 Container edumanage_backend_test-runner-run-dbb7fe68ce47 Created
✔ B5 all 264 supplied operations and explicit frontend workflow extensions have registered real handlers (446.184719ms)
✔ BE01 migration replay is a no-op, mismatch fails and metadata remains intact (58.981039ms)
✔ BE02 cross-school enrollment FK rejects write using the real runtime role (9.41766ms)
✔ BE03 no-tenant denies and SET LOCAL cannot leak across a reused connection (3.819373ms)
✔ BE04 bootstrap only exposes the authenticated user memberships without tenant (5.801497ms)
✔ BE05 HOMEROOM A plus SUBJECT B cannot authorize seating or guardians in B (1246.993728ms)
✔ BE06 revoked membership is checked during an existing session and B stays independent (113.253989ms)
✔ B6 self context carries only own current duties and separates self-profile from school contacts (2247.981164ms)
✔ BE08 CSRF, credential validation, cookie flags, session rotation and rate limiting (285.166495ms)
✔ BE10 concurrent profile patches serialize with a single version winner (207.605886ms)
✔ B6 password/session commands use actual cookies, reject bad passwords and revoke every session after change (753.884721ms)
{"checkpoint":"parent-without-context","queryMs":6.252,"planExecutionMs":0.019,"planRows":0}
✔ BE21 parent runtime role cannot select raw student rows (37.232565ms)
✔ B0 health ready checks actual migrations, database and private storage (24.783077ms)
✔ B2 class lists use SQL scope and cross-school details deny before serialization (383.91923ms)
✔ BE09 idempotent organization create/retry/concurrency performs one write (235.395275ms)
✔ B2 required idempotency, class capacity/reference validation and version conflicts (286.61775ms)
✔ B2 signed cursor rejects scope/filter modification and delivers distinct pages (2682.118414ms)
✔ B2 subject student projection omits family/internal notes and denies guardians (480.509633ms)
✔ B2 guardian create does not merge matching phone, relationships start unverified (267.320791ms)
✔ BE07 existing identity invitation requires its session and preserves password/other school (1459.357993ms)
✔ B1 password reset token is encrypted, single-use and revokes all prior sessions (140.391047ms)
✔ B2 staff delegation stays within the ceiling, custom class scope and immediate revocation (732.807304ms)
✔ B2 transfers serialize capacity, handover removes the old teacher and rollover binds its preview (1561.895767ms)
✔ B2 scoped guardian creation cannot acquire an unrelated family through relationship IDs (329.004954ms)
✔ B2/B5 uploads remain private until worker processing, leases serialize and local mail erases encrypted secrets (47489.442395ms)
✔ B2 imports parse real CSV, bind stale previews, avoid name/phone merges and retain invalid rows safely (4407.072586ms)
✔ B2/B5 timetable import checks assignments and overlapping slots, creates only a draft and deduplicates retries (2917.143685ms)
✔ B2 imports update only verified codes, create class drafts and staff invitations with work profiles (6571.980954ms)
✔ B2 large import resumes after a lost chunk without duplicating applied rows and checks current school authority (4947.240576ms)
✔ B3 attendance starts unmarked, versions every source change and publishes immutable one-student projections (496.438782ms)
✔ B3 subject attendance requires its actual lesson and cannot borrow daily access from another class (408.784026ms)
✔ B3 a simultaneous attendance edit and publish has one winner and never publishes a mixed source version (172.844679ms)
✔ B3 rule sets require explicit points, immutable issuance and effective week application (382.558777ms)
✔ B3 conduct reviews preserve facts, lock READY projections and publish only the exact pinned source (841.511856ms)
✔ B3 conduct linked attendance detects stale sources and subject teachers see only their own lesson facts (839.401786ms)
✔ B3 approved adjustments retain old facts and atomically replace the current publication with a reviewed preview (510.442251ms)
✔ B3 a simultaneous conduct record and lock/publish has one source winner (254.28142ms)
✔ B3 attendance linkage deduplicates, excludes corrected drafts and leaves locked scores unchanged with explicit warnings (497.059155ms)
✔ B4 private parent links expose only published child projections, preserve staff cookies and bind the active tab context (902.180853ms)
✔ B4 section/download rights, reissue, relationship revocation and foreign UUIDs are checked on each new parent request (587.8388ms)
✔ B4 private documents stream only with both download rights, and teacher contact projections use shared work fields (650.086733ms)
✔ B4 expired links, suspended schools, CSRF and exchange throttles deny without creating a parent identity (462.960879ms)
✔ B1 delegated grants and invitation acceptance stay inside the current expiry ceiling; backdated assignments require a reason (317.500011ms)
✔ B2 shrinking class capacity checks planned future occupancy peaks, rather than only today (135.138745ms)
✔ B5 dated groups retain moves and same-day cancellations, require current class versions and end group-leader duties (546.98205ms)
✔ B5 position holders serialize and remain valid conduct sources; locked source history cannot be shortened (460.616133ms)
✔ B5 seating validates effective enrollment and unique seats, preserves dated revisions and denies subject-only reads (617.976988ms)
✔ B2/B5 a transfer closes dated groups/positions and retains cancelled future plans atomically (383.157659ms)
✔ B5 timetable materializes bounded future lessons, publishes child-only projections and preserves past/source history (719.452842ms)
✔ B5 timetable rejects teacher/room collisions and revoked assignments, skips holidays and revalidates source versions (993.767748ms)
✔ B5 duties publish only individual tasks, reject foreign enrollment and retain immutable publication/withdraw history (455.752202ms)
✔ B5 group duties expand the effective group at publication and retain the individual targets after later moves (636.741125ms)
✔ B5 activities count only explicit participants, preserve published states and require current source/review authority (903.20726ms)
✔ B5 approved activity results are explicit conduct sources and locked approved facts protect their source history (401.096638ms)
✔ B5 evidence stays private until review and publication; parent documents remain child-bound and filter file availability (5423.267763ms)
✔ B5 class announcements retain immutable publication across edits, bind one recipient and reject foreign class reads (1946.207722ms)
✔ B5 public school announcements sanitize content and keep draft/private replacements out of the public projection (1986.588722ms)
✔ B5 scheduled announcements wait for their due time, publish once through a worker and safely replay after an acknowledgement loss (1327.95801ms)
✔ B5 scheduled publication rechecks the creator grant and reports a failed queue without exposing a parent snapshot (1396.212159ms)
✔ B5 announcement attachments remain private to one child, obey link download rights and disappear when archived or withdrawn (1485.759257ms)
✔ B5 school settings persist with version guards, affect only new link expiry and suppress work contacts without changing old link permissions (906.402268ms)
✔ B5 disabling homeroom publication takes effect inside existing sessions and restores only after an explicit setting change (747.95558ms)
✔ B3 configured second approval rejects self approval in API and SQL, while a different scoped approver permits atomic adjustment (564.586479ms)
✔ B5 personal notifications paginate across actual memberships, deduplicate publication events and deny foreign recipients and cross-user cursors (1067.111535ms)
✔ B5 withdrawn announcements redact retained staff notifications instead of exposing a stale published target (9062.42431ms)
✔ B5 dashboards count real scoped rows, keep homeroom and subject tasks separate and immediately recheck revocation (7088.044828ms)
✔ B5 teacher schedule is own dated teaching and announcement feed reads only current publications across draft edits (2036.803944ms)
✔ B5 dashboard attendance counters and publication tasks follow persisted marks, publish/withdraw and current school policy (922.700524ms)
✔ B2 platform creates only metadata drafts, bootstraps admin roles/invitations and requires an active administrator for activation (1653.328824ms)
✔ B5 platform settings and operation records persist actual state, redact artifacts and reauthorize command replays (2180.537373ms)
✔ B1 platform admin invitations obey operator expiry ceilings and acceptance rolls back after authority expires (258.341246ms)
✔ B5 support tickets persist both sides, preserve queue states and exact timestamp pagination, and deny other schools (300.947923ms)
✔ B1 support requests require independent current school consent, retain immutable scope and bind tickets/classes/actions/time (293.835691ms)
✔ B1 explicitly selected support grants authorize only scoped metadata GETs, audit the actual operator and force read-only SQL (227.588872ms)
✔ B1 school-wide support metadata never exposes import rows/downloads and expires without fallback to operator privileges (3466.707282ms)
✔ B1 an operator who also has school-admin rights still cannot self-approve or combine selected support scope with ordinary rights (179.420382ms)
✔ B5 signed native keysets cross a nullable sort boundary without dropping or repeating persisted schools (5478.992165ms)
✔ B5 report SQL uses real scoped counts and immutable CSV export content while live attendance changes (816.796231ms)
✔ B5 published report exports pin revisions across replacement and withdrawal without exposing drafts (1456.439962ms)
✔ B5 export XLSX/PDF are actual files with literal formula text, Vietnamese font and private download authorization (1747.453339ms)
✔ B5 subject reports remain own lesson attendance and scoped activities without school/family/conduct/export access (1334.610534ms)
✔ B5 export workers and all file paths reauthorize revocation, expiry and cancellation, and replay completed work safely (1504.910774ms)
✔ B5 conduct/activity/progress/link reports use actual pinned scores, explicit participant denominators and anonymous link use (1720.501632ms)
✔ B6 organization display fields persist with versions and tenant-safe references instead of being silently ignored (1000.268712ms)
✔ B6 year wizard creates bounded terms, weeks, published holidays and independent draft rules atomically and idempotently (1508.218335ms)
✔ B6 class form assigns homeroom atomically, denies foreign/backdated inputs, requires handover and preserves archived history (1398.815776ms)
✔ B6 organization projections scope counts in SQL and a year-only grant cannot copy or publish rules (4911.867836ms)
✔ B6 purpose-bound form pickers use current write authority, exclude contacts/roles/counts and deny normal directory access (894.124133ms)
✔ B6 rollover preview uses exact end-year enrollment, minimal workflow authority and immediate revocation (1514.53274ms)
✔ B6 platform school wizard creates its optional admin invitation atomically and redacts form metadata (4425.367351ms)
✔ B6 platform school form readers never lend admin or read authority to a create-only operator (166.212031ms)
✔ B6 school overview keeps current scoped totals, actual setup and publication metadata without lending school-wide reads (6002.00174ms)
✔ B6 support choices/counts are scoped SQL metadata, ticket message/status save atomically and an operator only relinquishes its own grant (324.93348ms)
✔ B6 platform audit filters exact actors and whole local date boundaries before pagination and denies school-only staff (112.304018ms)
✔ B6 school support metadata does not borrow consent authority, counts in SQL and rechecks permission before replay (447.357616ms)
✔ B6 school audit uses the school timezone and exact SQL filters with tenant-safe history options (233.233263ms)
✔ B6 operational probes use worker-only cycle evidence, actual backup records and purpose-bound aggregate authority (1444.011376ms)
✔ B6 atomic school-role replacement retains expiry/class scopes, detects independent grants and rolls back all failures (430.152466ms)
✔ B6 school-role replacement prevents self edits, last-admin removal, ceiling/expiry breaches and unauthorized cached replay (367.563249ms)
✔ B6 ending a membership revokes all current/future grants and assignments without deleting history or other schools (498.767146ms)
✔ B6 native school invitations persist all roles/profile, replay once and accept multiple or zero grants atomically (337.002911ms)
✔ B6 zero-role invitation still rechecks current inviter membership and mail authority before acceptance (180.136609ms)
✔ B6 expired staff invitations cannot be revoked as pending or delivered, and preserve their history (161.669905ms)
✔ B6 staff directory combines authorized pending invitations in SQL, searches folded work data and counts before keysets (493.185938ms)
✔ B6 directory read does not lend invitation, role catalog, assignment or export authority and revocation invalidates opaque scope cursors (343.435466ms)
✔ B6 Vietnamese composite keysets preserve given/full-name order, case/diacritic ties and nullable departments in both directions (531.968602ms)
✔ B6 locked identities keep their directory lifecycle but have no effective grants, and active KPI does not fabricate access (183.376846ms)
✔ B6 member details return real coarse other-school counts and work contacts without opening another tenant (302.838086ms)
✔ B6 member aggregate checks current school authority, target membership and SQL role before returning any count (266.717346ms)
✔ B6 member effective permissions and assignment history follow native grant time, membership, identity and assignment dates (643.527567ms)
✔ B6 member role choices respect action-specific delegation expiry without borrowing a role catalog (310.497715ms)
✔ B6 member history filters member, assignment and grant events before counting/keysets, with independent audit authority (493.501782ms)
✔ B6 personal notifications traverse more than 100 real own memberships without truncating global totals or opaque pages (14397.560224ms)
✔ B6 assignment preview is read-only, uses school-local instants and preserves displayed source versions before saving (502.321306ms)
✔ B6 assignment preview compares exact subject scopes, rejects overlapping windows and rechecks expired delegation on repeated POST (752.401531ms)
✔ B6 assignment preview detects source member changes, rejects malformed/foreign proposals and advertises future/configured publication timing (360.088144ms)
✔ B6 assignment matrix returns actual nullable cells and minimal work names under independent assignment-read authority (440.979906ms)
✔ B6 assignment matrix keeps an unconfigured year explicit and archived display reference separate from authority (275.451587ms)
✔ B6 role metadata keeps native scopes and real counts without lending member/audit access or treating custom class grants as assignments (467.631388ms)
✔ B6 role details show only independently authorized holders/history and save scoped deltas with a displayed version (2761.712367ms)
✔ B6 future held roles and immutable system templates cannot be edited by their holder (314.486167ms)
✔ B6 editing live roles cannot expand permissions beyond the current editor expiry ceiling (300.432706ms)
✔ B6 handover preview reads real current source/counts under purpose authority without member, family or role catalog access (434.150912ms)
✔ B6 handover applies exactly once with school-local cutoffs, durable receipts, own-actor recovery and preserved source authorship (1145.017239ms)
✔ B6 changed handover sources fail before submission or application and require an explicit review of the same pending receipt (1933.351598ms)
✔ B6 open-item changes invalidate handover review and linked source grants are never extended at the cutoff (1520.817694ms)
✔ B6 handover receipts remain actor/school bound, recheck delegation and deny immutable-source replacement (825.625114ms)
✔ B6 student creation allocates actual codes and atomically retains enrollment, gender and a separate unverified guardian (242.615776ms)
✔ B6 student form failures roll back every row and optional contacts require independent current authority on replay (379.514193ms)
✔ B6 student edits retain displayed versions and never replay internal notes after private profile authority is revoked (330.172614ms)
✔ B6 student unknown historic gender remains null and invalid gender/guardian state cannot be fabricated (160.846007ms)
✔ B6 real CSV gender mapping normalizes supported values, preserves unmapped sources and retains invalid rows (3372.082746ms)
ℹ tests 132
ℹ suites 0
ℹ pass 132
ℹ fail 0
ℹ cancelled 0
ℹ skipped 0
ℹ todo 0
ℹ duration_ms 214068.318768
