 Container edumanage_backend_test-postgres-1 Running 
 Container edumanage_backend_test-postgres-1 Waiting 
 Container edumanage_backend_test-postgres-1 Healthy 
 Container edumanage_backend_test-runner-run-09432929dd60 Creating 
 Container edumanage_backend_test-runner-run-09432929dd60 Created 
✔ B5 all 264 supplied operations and explicit frontend workflow extensions have registered real handlers (384.403492ms)
✔ BE01 migration replay is a no-op, mismatch fails and metadata remains intact (58.94529ms)
✔ BE02 cross-school enrollment FK rejects write using the real runtime role (9.93526ms)
✔ BE03 no-tenant denies and SET LOCAL cannot leak across a reused connection (3.881792ms)
✔ BE04 bootstrap only exposes the authenticated user memberships without tenant (3.806811ms)
✔ BE05 HOMEROOM A plus SUBJECT B cannot authorize seating or guardians in B (229.289533ms)
✔ BE06 revoked membership is checked during an existing session and B stays independent (50.704137ms)
✔ B6 self context carries only own current duties and separates self-profile from school contacts (119.30998ms)
✔ BE08 CSRF, credential validation, cookie flags, session rotation and rate limiting (95.475564ms)
✔ BE10 concurrent profile patches serialize with a single version winner (55.593075ms)
✔ B6 password/session commands use actual cookies, reject bad passwords and revoke every session after change (329.90241ms)
{"checkpoint":"parent-without-context","queryMs":5.687,"planExecutionMs":0.016,"planRows":0}
✔ BE21 parent runtime role cannot select raw student rows (15.447044ms)
✔ B0 health ready checks actual migrations, database and private storage (19.78149ms)
✔ B2 class lists use SQL scope and cross-school details deny before serialization (165.044031ms)
✔ BE09 idempotent organization create/retry/concurrency performs one write (73.623982ms)
✔ B2 required idempotency, class capacity/reference validation and version conflicts (124.441212ms)
✔ B2 signed cursor rejects scope/filter modification and delivers distinct pages (1490.516609ms)
✔ B2 subject student projection omits family/internal notes and denies guardians (257.567644ms)
✔ B2 guardian create does not merge matching phone, relationships start unverified (107.45128ms)
✔ BE07 existing identity invitation requires its session and preserves password/other school (219.40915ms)
✔ B1 password reset token is encrypted, single-use and revokes all prior sessions (137.895643ms)
✔ B2 staff delegation stays within the ceiling, custom class scope and immediate revocation (584.448543ms)
✔ B2 transfers serialize capacity, handover removes the old teacher and rollover binds its preview (957.526848ms)
✔ B2 scoped guardian creation cannot acquire an unrelated family through relationship IDs (327.875273ms)
✔ B2/B5 uploads remain private until worker processing, leases serialize and local mail erases encrypted secrets (10870.871067ms)
✔ B2 imports parse real CSV, bind stale previews, avoid name/phone merges and retain invalid rows safely (3447.258037ms)
✔ B2/B5 timetable import checks assignments and overlapping slots, creates only a draft and deduplicates retries (2058.04836ms)
✔ B2 imports update only verified codes, create class drafts and staff invitations with work profiles (5480.962126ms)
✔ B2 large import resumes after a lost chunk without duplicating applied rows and checks current school authority (3925.532878ms)
✔ B3 attendance starts unmarked, versions every source change and publishes immutable one-student projections (448.63808ms)
✔ B3 subject attendance requires its actual lesson and cannot borrow daily access from another class (357.817103ms)
✔ B3 a simultaneous attendance edit and publish has one winner and never publishes a mixed source version (152.079104ms)
✔ B3 rule sets require explicit points, immutable issuance and effective week application (326.884868ms)
✔ B3 conduct reviews preserve facts, lock READY projections and publish only the exact pinned source (672.964876ms)
✔ B3 conduct linked attendance detects stale sources and subject teachers see only their own lesson facts (690.000899ms)
✔ B3 approved adjustments retain old facts and atomically replace the current publication with a reviewed preview (475.196942ms)
✔ B3 a simultaneous conduct record and lock/publish has one source winner (246.22486ms)
✔ B3 attendance linkage deduplicates, excludes corrected drafts and leaves locked scores unchanged with explicit warnings (427.001454ms)
✔ B4 private parent links expose only published child projections, preserve staff cookies and bind the active tab context (889.29107ms)
✔ B4 section/download rights, reissue, relationship revocation and foreign UUIDs are checked on each new parent request (515.602305ms)
✔ B4 private documents stream only with both download rights, and teacher contact projections use shared work fields (618.116235ms)
✔ B4 expired links, suspended schools, CSRF and exchange throttles deny without creating a parent identity (454.074736ms)
✔ B1 delegated grants and invitation acceptance stay inside the current expiry ceiling; backdated assignments require a reason (255.119831ms)
✔ B2 shrinking class capacity checks planned future occupancy peaks, rather than only today (107.42364ms)
✔ B5 dated groups retain moves and same-day cancellations, require current class versions and end group-leader duties (516.193302ms)
✔ B5 position holders serialize and remain valid conduct sources; locked source history cannot be shortened (417.941365ms)
✔ B5 seating validates effective enrollment and unique seats, preserves dated revisions and denies subject-only reads (532.315296ms)
✔ B2/B5 a transfer closes dated groups/positions and retains cancelled future plans atomically (364.551687ms)
✔ B5 timetable materializes bounded future lessons, publishes child-only projections and preserves past/source history (683.577476ms)
✔ B5 timetable rejects teacher/room collisions and revoked assignments, skips holidays and revalidates source versions (840.885102ms)
✔ B5 duties publish only individual tasks, reject foreign enrollment and retain immutable publication/withdraw history (394.204299ms)
✔ B5 group duties expand the effective group at publication and retain the individual targets after later moves (577.152581ms)
✔ B5 activities count only explicit participants, preserve published states and require current source/review authority (849.211761ms)
✔ B5 approved activity results are explicit conduct sources and locked approved facts protect their source history (367.12123ms)
✔ B5 evidence stays private until review and publication; parent documents remain child-bound and filter file availability (1408.278322ms)
✔ B5 class announcements retain immutable publication across edits, bind one recipient and reject foreign class reads (1739.691173ms)
✔ B5 public school announcements sanitize content and keep draft/private replacements out of the public projection (1549.821612ms)
✔ B5 scheduled announcements wait for their due time, publish once through a worker and safely replay after an acknowledgement loss (1157.334829ms)
✔ B5 scheduled publication rechecks the creator grant and reports a failed queue without exposing a parent snapshot (1250.318818ms)
✔ B5 announcement attachments remain private to one child, obey link download rights and disappear when archived or withdrawn (1174.674137ms)
✔ B5 school settings persist with version guards, affect only new link expiry and suppress work contacts without changing old link permissions (789.672015ms)
✔ B5 disabling homeroom publication takes effect inside existing sessions and restores only after an explicit setting change (650.187669ms)
✔ B3 configured second approval rejects self approval in API and SQL, while a different scoped approver permits atomic adjustment (519.3556ms)
✔ B5 personal notifications paginate across actual memberships, deduplicate publication events and deny foreign recipients and cross-user cursors (938.397513ms)
✔ B5 withdrawn announcements redact retained staff notifications instead of exposing a stale published target (1191.308377ms)
✔ B5 dashboards count real scoped rows, keep homeroom and subject tasks separate and immediately recheck revocation (5840.540501ms)
✔ B5 teacher schedule is own dated teaching and announcement feed reads only current publications across draft edits (1522.681691ms)
✔ B5 dashboard attendance counters and publication tasks follow persisted marks, publish/withdraw and current school policy (852.027267ms)
✔ B2 platform creates only metadata drafts, bootstraps admin roles/invitations and requires an active administrator for activation (859.203517ms)
✔ B5 platform settings and operation records persist actual state, redact artifacts and reauthorize command replays (701.448758ms)
✔ B1 platform admin invitations obey operator expiry ceilings and acceptance rolls back after authority expires (130.739865ms)
✔ B5 support tickets persist both sides, preserve queue states and exact timestamp pagination, and deny other schools (332.336588ms)
✔ B1 support requests require independent current school consent, retain immutable scope and bind tickets/classes/actions/time (293.057292ms)
✔ B1 explicitly selected support grants authorize only scoped metadata GETs, audit the actual operator and force read-only SQL (246.881682ms)
✔ B1 school-wide support metadata never exposes import rows/downloads and expires without fallback to operator privileges (3472.186926ms)
✔ B1 an operator who also has school-admin rights still cannot self-approve or combine selected support scope with ordinary rights (178.205513ms)
✔ B5 signed native keysets cross a nullable sort boundary without dropping or repeating persisted schools (1351.595076ms)
✔ B5 report SQL uses real scoped counts and immutable CSV export content while live attendance changes (655.634732ms)
✔ B5 published report exports pin revisions across replacement and withdrawal without exposing drafts (717.102409ms)
✔ B5 export XLSX/PDF are actual files with literal formula text, Vietnamese font and private download authorization (834.418175ms)
✔ B5 subject reports remain own lesson attendance and scoped activities without school/family/conduct/export access (196.321205ms)
✔ B5 export workers and all file paths reauthorize revocation, expiry and cancellation, and replay completed work safely (716.902948ms)
✔ B5 conduct/activity/progress/link reports use actual pinned scores, explicit participant denominators and anonymous link use (779.189532ms)
✔ B6 organization display fields persist with versions and tenant-safe references instead of being silently ignored (340.666289ms)
✔ B6 year wizard creates bounded terms, weeks, published holidays and independent draft rules atomically and idempotently (512.076303ms)
✔ B6 class form assigns homeroom atomically, denies foreign/backdated inputs, requires handover and preserves archived history (638.590755ms)
✔ B6 organization projections scope counts in SQL and a year-only grant cannot copy or publish rules (3567.81328ms)
✔ B6 purpose-bound form pickers use current write authority, exclude contacts/roles/counts and deny normal directory access (342.688463ms)
✔ B6 rollover preview uses exact end-year enrollment, minimal workflow authority and immediate revocation (474.875831ms)
✔ B6 platform school wizard creates its optional admin invitation atomically and redacts form metadata (1268.679448ms)
✔ B6 platform school form readers never lend admin or read authority to a create-only operator (179.357225ms)
✔ B6 school overview keeps current scoped totals, actual setup and publication metadata without lending school-wide reads (5431.639891ms)
✔ B6 support choices/counts are scoped SQL metadata, ticket message/status save atomically and an operator only relinquishes its own grant (922.715796ms)
✔ B6 platform audit filters exact actors and whole local date boundaries before pagination and denies school-only staff (295.131546ms)
ℹ tests 94
ℹ suites 0
ℹ pass 94
ℹ fail 0
ℹ cancelled 0
ℹ skipped 0
ℹ todo 0
ℹ duration_ms 90556.80654
