✔ all operation IDs are unique, including the explicit frontend workflow extensions (1.2876ms)
✔ login rejects spoofed role, school and unknown fields (6.594ms)
✔ private user DTO rejects secrets and unknown properties (6.4894ms)
✔ platform first administrator supports server start time and rejects scope spoofing or excessive invitation lifetime (22.7958ms)
✔ school overview accepts explicit unavailable panels and rejects private directory fields (40.8795ms)
✔ announcement HTML retains paragraph/list formatting while dropping executable markup, URLs and tracking resources (5.1411ms)
✔ operation evidence validates metadata values and omits secret-like values and unknown fields (1.4075ms)
✔ grant action and class scope stay together (1.0082ms)
✔ subject grants never authorize management without explicit subject policy (0.1525ms)
✔ end dates are exclusive and assignment is mandatory for default teacher grants (0.1177ms)
✔ a custom class grant authorizes only its delegated action and class (0.141ms)
✔ a delegated grant cannot outlive an expiring authority, including an unbounded target or future start (0.1867ms)
✔ decimal scoring preserves fractional sums, negative penalties, explicit base, clamps and threshold boundaries (10.8066ms)
✔ fixed deltas reject overrides and manual deltas require bounds (0.5093ms)
✔ XLSX parser bounds sparse dimensions and rejects formulas before workbook allocation (103.801ms)
ℹ tests 15
ℹ suites 0
ℹ pass 15
ℹ fail 0
ℹ cancelled 0
ℹ skipped 0
ℹ todo 0
ℹ duration_ms 648.0293
