✔ all operation IDs are unique, including the explicit frontend workflow extensions (1.2489ms)
✔ atomic school roles require a displayed version and unique explicit role IDs without actor authority (5.2288ms)
✔ school invite retains zero or multiple roles and the 1–30 day form without widening platform admin invitations (6.7933ms)
✔ login rejects spoofed role, school and unknown fields (1.0998ms)
✔ private user DTO rejects secrets and unknown properties (3.476ms)
✔ platform first administrator supports server start time and rejects scope spoofing or excessive invitation lifetime (0.328ms)
✔ school overview accepts explicit unavailable panels and rejects private directory fields (26.1665ms)
✔ announcement HTML retains paragraph/list formatting while dropping executable markup, URLs and tracking resources (5.2544ms)
✔ operation evidence validates metadata values and omits secret-like values and unknown fields (1.3426ms)
✔ grant action and class scope stay together (0.7559ms)
✔ subject grants never authorize management without explicit subject policy (0.1271ms)
✔ end dates are exclusive and assignment is mandatory for default teacher grants (0.1133ms)
✔ a custom class grant authorizes only its delegated action and class (0.1728ms)
✔ a delegated grant cannot outlive an expiring authority, including an unbounded target or future start (0.1734ms)
✔ decimal scoring preserves fractional sums, negative penalties, explicit base, clamps and threshold boundaries (3.9576ms)
✔ fixed deltas reject overrides and manual deltas require bounds (0.4733ms)
✔ XLSX parser bounds sparse dimensions and rejects formulas before workbook allocation (83.3442ms)
ℹ tests 17
ℹ suites 0
ℹ pass 17
ℹ fail 0
ℹ cancelled 0
ℹ skipped 0
ℹ todo 0
ℹ duration_ms 439.8719
