 Container edumanage_backend_test-postgres-1 Running
 Container edumanage_backend_test-postgres-1 Waiting
 Container edumanage_backend_test-postgres-1 Healthy
 Container edumanage_backend_test-runner-run-a7b876788c1e Creating
 Container edumanage_backend_test-runner-run-a7b876788c1e Created
✔ B5 all 264 supplied operations and explicit frontend workflow extensions have registered real handlers (374.381592ms)
✔ BE01 migration replay is a no-op, mismatch fails and metadata remains intact (57.411183ms)
✔ BE02 cross-school enrollment FK rejects write using the real runtime role (9.564487ms)
✔ BE03 no-tenant denies and SET LOCAL cannot leak across a reused connection (3.82164ms)
✔ BE04 bootstrap only exposes the authenticated user memberships without tenant (4.98043ms)
✔ BE05 HOMEROOM A plus SUBJECT B cannot authorize seating or guardians in B (246.045496ms)
✔ BE06 revoked membership is checked during an existing session and B stays independent (48.140855ms)
✔ B6 self context carries only own current duties and separates self-profile from school contacts (178.598746ms)
✔ BE08 CSRF, credential validation, cookie flags, session rotation and rate limiting (90.255637ms)
✔ BE10 concurrent profile patches serialize with a single version winner (53.077398ms)
✔ B6 password/session commands use actual cookies, reject bad passwords and revoke every session after change (320.1292ms)
{"checkpoint":"parent-without-context","queryMs":5.643,"planExecutionMs":0.032,"planRows":0}
✔ BE21 parent runtime role cannot select raw student rows (15.554542ms)
✔ B0 health ready checks actual migrations, database and private storage (19.206781ms)
✔ B2 class lists use SQL scope and cross-school details deny before serialization (160.068269ms)
✔ BE09 idempotent organization create/retry/concurrency performs one write (71.458207ms)
✔ B2 required idempotency, class capacity/reference validation and version conflicts (119.026942ms)
✔ B2 signed cursor rejects scope/filter modification and delivers distinct pages (1610.281884ms)
✔ B2 subject student projection omits family/internal notes and denies guardians (251.524594ms)
✔ B2 guardian create does not merge matching phone, relationships start unverified (103.441881ms)
✔ BE07 existing identity invitation requires its session and preserves password/other school (236.072222ms)
✔ B1 password reset token is encrypted, single-use and revokes all prior sessions (133.715289ms)
✔ B2 staff delegation stays within the ceiling, custom class scope and immediate revocation (588.477922ms)
✔ B2 transfers serialize capacity, handover removes the old teacher and rollover binds its preview (944.796879ms)
✔ B2 scoped guardian creation cannot acquire an unrelated family through relationship IDs (332.901157ms)
✔ B2/B5 uploads remain private until worker processing, leases serialize and local mail erases encrypted secrets (14247.023638ms)
✔ B2 imports parse real CSV, bind stale previews, avoid name/phone merges and retain invalid rows safely (3548.589227ms)
✔ B2/B5 timetable import checks assignments and overlapping slots, creates only a draft and deduplicates retries (2192.372012ms)
✔ B2 imports update only verified codes, create class drafts and staff invitations with work profiles (5265.443648ms)
✔ B2 large import resumes after a lost chunk without duplicating applied rows and checks current school authority (4372.704056ms)
✔ B3 attendance starts unmarked, versions every source change and publishes immutable one-student projections (509.15385ms)
✔ B3 subject attendance requires its actual lesson and cannot borrow daily access from another class (378.427743ms)
✔ B3 a simultaneous attendance edit and publish has one winner and never publishes a mixed source version (161.899777ms)
✔ B3 rule sets require explicit points, immutable issuance and effective week application (340.435671ms)
✔ B3 conduct reviews preserve facts, lock READY projections and publish only the exact pinned source (728.229387ms)
✔ B3 conduct linked attendance detects stale sources and subject teachers see only their own lesson facts (716.926849ms)
✔ B3 approved adjustments retain old facts and atomically replace the current publication with a reviewed preview (460.59303ms)
✔ B3 a simultaneous conduct record and lock/publish has one source winner (221.770441ms)
✔ B3 attendance linkage deduplicates, excludes corrected drafts and leaves locked scores unchanged with explicit warnings (404.210066ms)
✔ B4 private parent links expose only published child projections, preserve staff cookies and bind the active tab context (812.570814ms)
✔ B4 section/download rights, reissue, relationship revocation and foreign UUIDs are checked on each new parent request (456.704837ms)
✔ B4 private documents stream only with both download rights, and teacher contact projections use shared work fields (581.88078ms)
✔ B4 expired links, suspended schools, CSRF and exchange throttles deny without creating a parent identity (428.131583ms)
✔ B1 delegated grants and invitation acceptance stay inside the current expiry ceiling; backdated assignments require a reason (250.196906ms)
✔ B2 shrinking class capacity checks planned future occupancy peaks, rather than only today (104.762028ms)
✔ B5 dated groups retain moves and same-day cancellations, require current class versions and end group-leader duties (482.827076ms)
✔ B5 position holders serialize and remain valid conduct sources; locked source history cannot be shortened (404.964045ms)
✔ B5 seating validates effective enrollment and unique seats, preserves dated revisions and denies subject-only reads (539.876924ms)
✔ B2/B5 a transfer closes dated groups/positions and retains cancelled future plans atomically (332.086957ms)
✔ B5 timetable materializes bounded future lessons, publishes child-only projections and preserves past/source history (628.884118ms)
✔ B5 timetable rejects teacher/room collisions and revoked assignments, skips holidays and revalidates source versions (860.778374ms)
✔ B5 duties publish only individual tasks, reject foreign enrollment and retain immutable publication/withdraw history (431.795768ms)
✔ B5 group duties expand the effective group at publication and retain the individual targets after later moves (602.561281ms)
✔ B5 activities count only explicit participants, preserve published states and require current source/review authority (809.486871ms)
✔ B5 approved activity results are explicit conduct sources and locked approved facts protect their source history (375.815296ms)
✔ B5 evidence stays private until review and publication; parent documents remain child-bound and filter file availability (1508.663341ms)
✔ B5 class announcements retain immutable publication across edits, bind one recipient and reject foreign class reads (1623.445792ms)
✔ B5 public school announcements sanitize content and keep draft/private replacements out of the public projection (1535.184942ms)
✔ B5 scheduled announcements wait for their due time, publish once through a worker and safely replay after an acknowledgement loss (1125.091204ms)
✔ B5 scheduled publication rechecks the creator grant and reports a failed queue without exposing a parent snapshot (1245.636312ms)
✔ B5 announcement attachments remain private to one child, obey link download rights and disappear when archived or withdrawn (1224.168464ms)
✔ B5 school settings persist with version guards, affect only new link expiry and suppress work contacts without changing old link permissions (825.910654ms)
✔ B5 disabling homeroom publication takes effect inside existing sessions and restores only after an explicit setting change (651.723986ms)
✔ B3 configured second approval rejects self approval in API and SQL, while a different scoped approver permits atomic adjustment (523.838366ms)
✔ B5 personal notifications paginate across actual memberships, deduplicate publication events and deny foreign recipients and cross-user cursors (915.963582ms)
✔ B5 withdrawn announcements redact retained staff notifications instead of exposing a stale published target (1621.986532ms)
✔ B5 dashboards count real scoped rows, keep homeroom and subject tasks separate and immediately recheck revocation (5996.321827ms)
✔ B5 teacher schedule is own dated teaching and announcement feed reads only current publications across draft edits (1568.437811ms)
✔ B5 dashboard attendance counters and publication tasks follow persisted marks, publish/withdraw and current school policy (797.054355ms)
✔ B2 platform creates only metadata drafts, bootstraps admin roles/invitations and requires an active administrator for activation (888.970988ms)
✔ B5 platform settings and operation records persist actual state, redact artifacts and reauthorize command replays (769.460635ms)
✔ B1 platform admin invitations obey operator expiry ceilings and acceptance rolls back after authority expires (115.067889ms)
✔ B5 support tickets persist both sides, preserve queue states and exact timestamp pagination, and deny other schools (280.328645ms)
✔ B1 support requests require independent current school consent, retain immutable scope and bind tickets/classes/actions/time (232.731445ms)
✔ B1 explicitly selected support grants authorize only scoped metadata GETs, audit the actual operator and force read-only SQL (211.926377ms)
✔ B1 school-wide support metadata never exposes import rows/downloads and expires without fallback to operator privileges (3424.606814ms)
✔ B1 an operator who also has school-admin rights still cannot self-approve or combine selected support scope with ordinary rights (187.935899ms)
✔ B5 signed native keysets cross a nullable sort boundary without dropping or repeating persisted schools (1880.177056ms)
✔ B5 report SQL uses real scoped counts and immutable CSV export content while live attendance changes (664.366309ms)
✔ B5 published report exports pin revisions across replacement and withdrawal without exposing drafts (698.946955ms)
✔ B5 export XLSX/PDF are actual files with literal formula text, Vietnamese font and private download authorization (789.162409ms)
✔ B5 subject reports remain own lesson attendance and scoped activities without school/family/conduct/export access (223.273726ms)
✔ B5 export workers and all file paths reauthorize revocation, expiry and cancellation, and replay completed work safely (666.149304ms)
✔ B5 conduct/activity/progress/link reports use actual pinned scores, explicit participant denominators and anonymous link use (683.995419ms)
✔ B6 organization display fields persist with versions and tenant-safe references instead of being silently ignored (320.23096ms)
✔ B6 year wizard creates bounded terms, weeks, published holidays and independent draft rules atomically and idempotently (468.017722ms)
✔ B6 class form assigns homeroom atomically, denies foreign/backdated inputs, requires handover and preserves archived history (583.611942ms)
✔ B6 organization projections scope counts in SQL and a year-only grant cannot copy or publish rules (3517.10262ms)
✔ B6 purpose-bound form pickers use current write authority, exclude contacts/roles/counts and deny normal directory access (308.906038ms)
✔ B6 rollover preview uses exact end-year enrollment, minimal workflow authority and immediate revocation (1023.513099ms)
✔ B6 platform school wizard creates its optional admin invitation atomically and redacts form metadata (1828.781071ms)
✔ B6 platform school form readers never lend admin or read authority to a create-only operator (415.097573ms)
✔ B6 school overview keeps current scoped totals, actual setup and publication metadata without lending school-wide reads (5259.685047ms)
✔ B6 support choices/counts are scoped SQL metadata, ticket message/status save atomically and an operator only relinquishes its own grant (885.051713ms)
✔ B6 platform audit filters exact actors and whole local date boundaries before pagination and denies school-only staff (410.303638ms)
✔ B6 school support metadata does not borrow consent authority, counts in SQL and rechecks permission before replay (1339.142751ms)
✔ B6 school audit uses the school timezone and exact SQL filters with tenant-safe history options (621.350486ms)
✔ B6 operational probes use worker-only cycle evidence, actual backup records and purpose-bound aggregate authority (1174.293922ms)
✔ B6 atomic school-role replacement retains expiry/class scopes, detects independent grants and rolls back all failures (1052.533152ms)
✔ B6 school-role replacement prevents self edits, last-admin removal, ceiling/expiry breaches and unauthorized cached replay (753.484847ms)
✔ B6 ending a membership revokes all current/future grants and assignments without deleting history or other schools (833.339909ms)
✔ B6 native school invitations persist all roles/profile, replay once and accept multiple or zero grants atomically (726.223889ms)
✔ B6 zero-role invitation still rechecks current inviter membership and mail authority before acceptance (197.715363ms)
✔ B6 expired staff invitations cannot be revoked as pending or delivered, and preserve their history (160.838655ms)
ℹ tests 103
ℹ suites 0
ℹ pass 103
ℹ fail 0
ℹ cancelled 0
ℹ skipped 0
ℹ todo 0
ℹ duration_ms 103105.373731
