 Container edumanage_backend_test-postgres-1 Running 
 Container edumanage_backend_test-postgres-1 Waiting 
 Container edumanage_backend_test-postgres-1 Healthy 
 Container edumanage_backend_test-runner-run-b3ab8cd9f773 Creating 
 Container edumanage_backend_test-runner-run-b3ab8cd9f773 Created 
✔ B5 all 264 supplied operations and the explicit SC07 preview extension have registered real handlers (392.436131ms)
✔ BE01 migration replay is a no-op, mismatch fails and metadata remains intact (71.430405ms)
✔ BE02 cross-school enrollment FK rejects write using the real runtime role (10.114909ms)
✔ BE03 no-tenant denies and SET LOCAL cannot leak across a reused connection (3.950155ms)
✔ BE04 bootstrap only exposes the authenticated user memberships without tenant (3.858479ms)
✔ BE05 HOMEROOM A plus SUBJECT B cannot authorize seating or guardians in B (281.406464ms)
✔ BE06 revoked membership is checked during an existing session and B stays independent (46.471377ms)
✔ B6 self context carries only own current duties and separates self-profile from school contacts (158.00222ms)
✔ BE08 CSRF, credential validation, cookie flags, session rotation and rate limiting (94.048121ms)
✔ BE10 concurrent profile patches serialize with a single version winner (55.383352ms)
✔ B6 password/session commands use actual cookies, reject bad passwords and revoke every session after change (336.983247ms)
{"checkpoint":"parent-without-context","queryMs":5.648,"planExecutionMs":0.016,"planRows":0}
✔ BE21 parent runtime role cannot select raw student rows (15.614287ms)
✔ B0 health ready checks actual migrations, database and private storage (19.102421ms)
✔ B2 class lists use SQL scope and cross-school details deny before serialization (207.703727ms)
✔ BE09 idempotent organization create/retry/concurrency performs one write (76.241882ms)
✔ B2 required idempotency, class capacity/reference validation and version conflicts (128.771342ms)
✔ B2 signed cursor rejects scope/filter modification and delivers distinct pages (1487.750769ms)
✔ B2 subject student projection omits family/internal notes and denies guardians (408.838184ms)
✔ B2 guardian create does not merge matching phone, relationships start unverified (119.3076ms)
✔ BE07 existing identity invitation requires its session and preserves password/other school (239.221447ms)
✔ B1 password reset token is encrypted, single-use and revokes all prior sessions (169.911379ms)
✔ B2 staff delegation stays within the ceiling, custom class scope and immediate revocation (724.239925ms)
✔ B2 transfers serialize capacity, handover removes the old teacher and rollover binds its preview (1038.8905ms)
✔ B2 scoped guardian creation cannot acquire an unrelated family through relationship IDs (405.690245ms)
✔ B2/B5 uploads remain private until worker processing, leases serialize and local mail erases encrypted secrets (8798.858273ms)
✔ B2 imports parse real CSV, bind stale previews, avoid name/phone merges and retain invalid rows safely (3306.405834ms)
✔ B2/B5 timetable import checks assignments and overlapping slots, creates only a draft and deduplicates retries (2022.212051ms)
✔ B2 imports update only verified codes, create class drafts and staff invitations with work profiles (5056.978122ms)
✔ B2 large import resumes after a lost chunk without duplicating applied rows and checks current school authority (3948.432034ms)
✔ B3 attendance starts unmarked, versions every source change and publishes immutable one-student projections (477.153622ms)
✔ B3 subject attendance requires its actual lesson and cannot borrow daily access from another class (527.445104ms)
✔ B3 a simultaneous attendance edit and publish has one winner and never publishes a mixed source version (159.382673ms)
✔ B3 rule sets require explicit points, immutable issuance and effective week application (389.025545ms)
✔ B3 conduct reviews preserve facts, lock READY projections and publish only the exact pinned source (703.610487ms)
✔ B3 conduct linked attendance detects stale sources and subject teachers see only their own lesson facts (1253.090372ms)
✔ B3 approved adjustments retain old facts and atomically replace the current publication with a reviewed preview (1241.652878ms)
✔ B3 a simultaneous conduct record and lock/publish has one source winner (589.814628ms)
✔ B3 attendance linkage deduplicates, excludes corrected drafts and leaves locked scores unchanged with explicit warnings (1079.823379ms)
✔ B4 private parent links expose only published child projections, preserve staff cookies and bind the active tab context (2988.141396ms)
✔ B4 section/download rights, reissue, relationship revocation and foreign UUIDs are checked on each new parent request (639.046373ms)
✔ B4 private documents stream only with both download rights, and teacher contact projections use shared work fields (623.489638ms)
✔ B4 expired links, suspended schools, CSRF and exchange throttles deny without creating a parent identity (467.120359ms)
✔ B1 delegated grants and invitation acceptance stay inside the current expiry ceiling; backdated assignments require a reason (270.035354ms)
✔ B2 shrinking class capacity checks planned future occupancy peaks, rather than only today (112.884631ms)
✔ B5 dated groups retain moves and same-day cancellations, require current class versions and end group-leader duties (520.481223ms)
✔ B5 position holders serialize and remain valid conduct sources; locked source history cannot be shortened (438.716465ms)
✔ B5 seating validates effective enrollment and unique seats, preserves dated revisions and denies subject-only reads (604.351186ms)
✔ B2/B5 a transfer closes dated groups/positions and retains cancelled future plans atomically (416.125801ms)
✔ B5 timetable materializes bounded future lessons, publishes child-only projections and preserves past/source history (715.507591ms)
✔ B5 timetable rejects teacher/room collisions and revoked assignments, skips holidays and revalidates source versions (949.998605ms)
✔ B5 duties publish only individual tasks, reject foreign enrollment and retain immutable publication/withdraw history (468.337848ms)
✔ B5 group duties expand the effective group at publication and retain the individual targets after later moves (640.730267ms)
✔ B5 activities count only explicit participants, preserve published states and require current source/review authority (899.34766ms)
✔ B5 approved activity results are explicit conduct sources and locked approved facts protect their source history (388.127973ms)
✔ B5 evidence stays private until review and publication; parent documents remain child-bound and filter file availability (1408.149597ms)
✔ B5 class announcements retain immutable publication across edits, bind one recipient and reject foreign class reads (1884.094495ms)
✔ B5 public school announcements sanitize content and keep draft/private replacements out of the public projection (1686.017168ms)
✔ B5 scheduled announcements wait for their due time, publish once through a worker and safely replay after an acknowledgement loss (1174.952067ms)
✔ B5 scheduled publication rechecks the creator grant and reports a failed queue without exposing a parent snapshot (1411.502967ms)
✔ B5 announcement attachments remain private to one child, obey link download rights and disappear when archived or withdrawn (1332.399851ms)
✔ B5 school settings persist with version guards, affect only new link expiry and suppress work contacts without changing old link permissions (877.009723ms)
✔ B5 disabling homeroom publication takes effect inside existing sessions and restores only after an explicit setting change (686.282172ms)
✔ B3 configured second approval rejects self approval in API and SQL, while a different scoped approver permits atomic adjustment (559.631015ms)
✔ B5 personal notifications paginate across actual memberships, deduplicate publication events and deny foreign recipients and cross-user cursors (986.975784ms)
✔ B5 withdrawn announcements redact retained staff notifications instead of exposing a stale published target (1077.822891ms)
✔ B5 dashboards count real scoped rows, keep homeroom and subject tasks separate and immediately recheck revocation (6023.18293ms)
✔ B5 teacher schedule is own dated teaching and announcement feed reads only current publications across draft edits (1968.464874ms)
✔ B5 dashboard attendance counters and publication tasks follow persisted marks, publish/withdraw and current school policy (871.778549ms)
✔ B2 platform creates only metadata drafts, bootstraps admin roles/invitations and requires an active administrator for activation (1465.25934ms)
✔ B5 platform settings and operation records persist actual state, redact artifacts and reauthorize command replays (544.506189ms)
✔ B1 platform admin invitations obey operator expiry ceilings and acceptance rolls back after authority expires (120.101115ms)
✔ B5 support tickets persist both sides, preserve queue states and exact timestamp pagination, and deny other schools (300.615007ms)
✔ B1 support requests require independent current school consent, retain immutable scope and bind tickets/classes/actions/time (254.066519ms)
✔ B1 explicitly selected support grants authorize only scoped metadata GETs, audit the actual operator and force read-only SQL (231.220657ms)
✔ B1 school-wide support metadata never exposes import rows/downloads and expires without fallback to operator privileges (3448.410951ms)
✔ B1 an operator who also has school-admin rights still cannot self-approve or combine selected support scope with ordinary rights (190.53253ms)
✔ B5 signed native keysets cross a nullable sort boundary without dropping or repeating persisted schools (209.818165ms)
✔ B5 report SQL uses real scoped counts and immutable CSV export content while live attendance changes (720.713104ms)
✔ B5 published report exports pin revisions across replacement and withdrawal without exposing drafts (785.310116ms)
✔ B5 export XLSX/PDF are actual files with literal formula text, Vietnamese font and private download authorization (868.695265ms)
✔ B5 subject reports remain own lesson attendance and scoped activities without school/family/conduct/export access (269.439199ms)
✔ B5 export workers and all file paths reauthorize revocation, expiry and cancellation, and replay completed work safely (735.356889ms)
✔ B5 conduct/activity/progress/link reports use actual pinned scores, explicit participant denominators and anonymous link use (779.4978ms)
✔ B6 organization display fields persist with versions and tenant-safe references instead of being silently ignored (347.757288ms)
✔ B6 year wizard creates bounded terms, weeks, published holidays and independent draft rules atomically and idempotently (500.829822ms)
✔ B6 class form assigns homeroom atomically, denies foreign/backdated inputs, requires handover and preserves archived history (682.914368ms)
✔ B6 organization projections scope counts in SQL and a year-only grant cannot copy or publish rules (3642.570232ms)
✔ B6 purpose-bound form pickers use current write authority, exclude contacts/roles/counts and deny normal directory access (343.933547ms)
✔ B6 rollover preview uses exact end-year enrollment, minimal workflow authority and immediate revocation (495.096885ms)
✔ B6 school overview keeps current scoped totals, actual setup and publication metadata without lending school-wide reads (5023.621539ms)
ℹ tests 90
ℹ suites 0
ℹ pass 90
ℹ fail 0
ℹ cancelled 0
ℹ skipped 0
ℹ todo 0
ℹ duration_ms 91841.449207
