 Container edumanage_backend_test-postgres-1 Running
 Container edumanage_backend_test-postgres-1 Waiting
 Container edumanage_backend_test-postgres-1 Healthy
 Container edumanage_backend_test-runner-run-1b482bddc700 Creating
 Container edumanage_backend_test-runner-run-1b482bddc700 Created
✔ B5 all 264 supplied operations and explicit frontend workflow extensions have registered real handlers (405.259278ms)
✔ BE01 migration replay is a no-op, mismatch fails and metadata remains intact (61.121258ms)
✔ BE02 cross-school enrollment FK rejects write using the real runtime role (9.371979ms)
✔ BE03 no-tenant denies and SET LOCAL cannot leak across a reused connection (3.847765ms)
✔ BE04 bootstrap only exposes the authenticated user memberships without tenant (5.476311ms)
✔ BE05 HOMEROOM A plus SUBJECT B cannot authorize seating or guardians in B (1116.08934ms)
✔ BE06 revoked membership is checked during an existing session and B stays independent (50.900845ms)
✔ B6 self context carries only own current duties and separates self-profile from school contacts (1866.623985ms)
✔ BE08 CSRF, credential validation, cookie flags, session rotation and rate limiting (100.752944ms)
✔ BE10 concurrent profile patches serialize with a single version winner (52.978404ms)
✔ B6 password/session commands use actual cookies, reject bad passwords and revoke every session after change (329.005806ms)
{"checkpoint":"parent-without-context","queryMs":5.533,"planExecutionMs":0.016,"planRows":0}
✔ BE21 parent runtime role cannot select raw student rows (15.633612ms)
✔ B0 health ready checks actual migrations, database and private storage (23.62007ms)
✖ B2 class lists use SQL scope and cross-school details deny before serialization (82.108999ms)
✔ BE09 idempotent organization create/retry/concurrency performs one write (98.453023ms)
✔ B2 required idempotency, class capacity/reference validation and version conflicts (136.407579ms)
✔ B2 signed cursor rejects scope/filter modification and delivers distinct pages (2701.498942ms)
✔ B2 subject student projection omits family/internal notes and denies guardians (296.398878ms)
✔ B2 guardian create does not merge matching phone, relationships start unverified (116.314419ms)
✔ BE07 existing identity invitation requires its session and preserves password/other school (994.087501ms)
✔ B1 password reset token is encrypted, single-use and revokes all prior sessions (158.450696ms)
✔ B2 staff delegation stays within the ceiling, custom class scope and immediate revocation (813.369683ms)
✔ B2 transfers serialize capacity, handover removes the old teacher and rollover binds its preview (1680.966412ms)
✔ B2 scoped guardian creation cannot acquire an unrelated family through relationship IDs (350.216503ms)
✔ B2/B5 uploads remain private until worker processing, leases serialize and local mail erases encrypted secrets (44589.599266ms)
✔ B2 imports parse real CSV, bind stale previews, avoid name/phone merges and retain invalid rows safely (4576.801124ms)
✔ B2/B5 timetable import checks assignments and overlapping slots, creates only a draft and deduplicates retries (3055.607627ms)
✔ B2 imports update only verified codes, create class drafts and staff invitations with work profiles (6782.921282ms)
✔ B2 large import resumes after a lost chunk without duplicating applied rows and checks current school authority (4729.000345ms)
✔ B3 attendance starts unmarked, versions every source change and publishes immutable one-student projections (533.747925ms)
✔ B3 subject attendance requires its actual lesson and cannot borrow daily access from another class (405.695251ms)
✔ B3 a simultaneous attendance edit and publish has one winner and never publishes a mixed source version (182.325758ms)
✔ B3 rule sets require explicit points, immutable issuance and effective week application (416.527124ms)
✔ B3 conduct reviews preserve facts, lock READY projections and publish only the exact pinned source (889.805262ms)
✔ B3 conduct linked attendance detects stale sources and subject teachers see only their own lesson facts (858.213051ms)
✔ B3 approved adjustments retain old facts and atomically replace the current publication with a reviewed preview (523.996013ms)
✔ B3 a simultaneous conduct record and lock/publish has one source winner (250.197519ms)
✔ B3 attendance linkage deduplicates, excludes corrected drafts and leaves locked scores unchanged with explicit warnings (458.302421ms)
✔ B4 private parent links expose only published child projections, preserve staff cookies and bind the active tab context (927.806129ms)
✔ B4 section/download rights, reissue, relationship revocation and foreign UUIDs are checked on each new parent request (513.296446ms)
✔ B4 private documents stream only with both download rights, and teacher contact projections use shared work fields (647.457944ms)
✔ B4 expired links, suspended schools, CSRF and exchange throttles deny without creating a parent identity (462.768889ms)
✔ B1 delegated grants and invitation acceptance stay inside the current expiry ceiling; backdated assignments require a reason (294.91321ms)
✔ B2 shrinking class capacity checks planned future occupancy peaks, rather than only today (183.574447ms)
✔ B5 dated groups retain moves and same-day cancellations, require current class versions and end group-leader duties (763.163909ms)
✔ B5 position holders serialize and remain valid conduct sources; locked source history cannot be shortened (468.102769ms)
✔ B5 seating validates effective enrollment and unique seats, preserves dated revisions and denies subject-only reads (617.219005ms)
✔ B2/B5 a transfer closes dated groups/positions and retains cancelled future plans atomically (392.418759ms)
✔ B5 timetable materializes bounded future lessons, publishes child-only projections and preserves past/source history (764.036869ms)
✔ B5 timetable rejects teacher/room collisions and revoked assignments, skips holidays and revalidates source versions (1042.337829ms)
✔ B5 duties publish only individual tasks, reject foreign enrollment and retain immutable publication/withdraw history (469.412045ms)
✔ B5 group duties expand the effective group at publication and retain the individual targets after later moves (650.353143ms)
✔ B5 activities count only explicit participants, preserve published states and require current source/review authority (973.887323ms)
✔ B5 approved activity results are explicit conduct sources and locked approved facts protect their source history (401.23806ms)
✔ B5 evidence stays private until review and publication; parent documents remain child-bound and filter file availability (4989.925728ms)
✔ B5 class announcements retain immutable publication across edits, bind one recipient and reject foreign class reads (2057.308547ms)
✔ B5 public school announcements sanitize content and keep draft/private replacements out of the public projection (2042.443261ms)
✔ B5 scheduled announcements wait for their due time, publish once through a worker and safely replay after an acknowledgement loss (1340.491489ms)
✔ B5 scheduled publication rechecks the creator grant and reports a failed queue without exposing a parent snapshot (1407.964154ms)
✔ B5 announcement attachments remain private to one child, obey link download rights and disappear when archived or withdrawn (1338.857804ms)
✔ B5 school settings persist with version guards, affect only new link expiry and suppress work contacts without changing old link permissions (891.799664ms)
✔ B5 disabling homeroom publication takes effect inside existing sessions and restores only after an explicit setting change (742.489076ms)
✔ B3 configured second approval rejects self approval in API and SQL, while a different scoped approver permits atomic adjustment (582.092115ms)
✔ B5 personal notifications paginate across actual memberships, deduplicate publication events and deny foreign recipients and cross-user cursors (1228.849993ms)
✔ B5 withdrawn announcements redact retained staff notifications instead of exposing a stale published target (8229.796984ms)
✔ B5 dashboards count real scoped rows, keep homeroom and subject tasks separate and immediately recheck revocation (7299.435048ms)
✔ B5 teacher schedule is own dated teaching and announcement feed reads only current publications across draft edits (2117.303993ms)
✔ B5 dashboard attendance counters and publication tasks follow persisted marks, publish/withdraw and current school policy (921.138401ms)
✔ B2 platform creates only metadata drafts, bootstraps admin roles/invitations and requires an active administrator for activation (1599.704711ms)
✔ B5 platform settings and operation records persist actual state, redact artifacts and reauthorize command replays (2103.013707ms)
✔ B1 platform admin invitations obey operator expiry ceilings and acceptance rolls back after authority expires (122.950888ms)
✔ B5 support tickets persist both sides, preserve queue states and exact timestamp pagination, and deny other schools (299.054899ms)
✔ B1 support requests require independent current school consent, retain immutable scope and bind tickets/classes/actions/time (245.664877ms)
✔ B1 explicitly selected support grants authorize only scoped metadata GETs, audit the actual operator and force read-only SQL (221.19549ms)
✔ B1 school-wide support metadata never exposes import rows/downloads and expires without fallback to operator privileges (3514.856367ms)
✔ B1 an operator who also has school-admin rights still cannot self-approve or combine selected support scope with ordinary rights (182.730457ms)
✔ B5 signed native keysets cross a nullable sort boundary without dropping or repeating persisted schools (4965.137896ms)
✔ B5 report SQL uses real scoped counts and immutable CSV export content while live attendance changes (1435.930956ms)
✔ B5 published report exports pin revisions across replacement and withdrawal without exposing drafts (1857.80907ms)
✔ B5 export XLSX/PDF are actual files with literal formula text, Vietnamese font and private download authorization (2034.26756ms)
✔ B5 subject reports remain own lesson attendance and scoped activities without school/family/conduct/export access (1268.990208ms)
✔ B5 export workers and all file paths reauthorize revocation, expiry and cancellation, and replay completed work safely (2239.83083ms)
✔ B5 conduct/activity/progress/link reports use actual pinned scores, explicit participant denominators and anonymous link use (1992.374301ms)
✔ B6 organization display fields persist with versions and tenant-safe references instead of being silently ignored (1087.857276ms)
✔ B6 year wizard creates bounded terms, weeks, published holidays and independent draft rules atomically and idempotently (1394.13261ms)
✔ B6 class form assigns homeroom atomically, denies foreign/backdated inputs, requires handover and preserves archived history (1214.631767ms)
✔ B6 organization projections scope counts in SQL and a year-only grant cannot copy or publish rules (4856.944887ms)
✔ B6 purpose-bound form pickers use current write authority, exclude contacts/roles/counts and deny normal directory access (355.244086ms)
✔ B6 rollover preview uses exact end-year enrollment, minimal workflow authority and immediate revocation (526.971303ms)
✔ B6 platform school wizard creates its optional admin invitation atomically and redacts form metadata (3959.985614ms)
✔ B6 platform school form readers never lend admin or read authority to a create-only operator (165.638443ms)
✔ B6 school overview keeps current scoped totals, actual setup and publication metadata without lending school-wide reads (6175.210432ms)
✔ B6 support choices/counts are scoped SQL metadata, ticket message/status save atomically and an operator only relinquishes its own grant (312.802805ms)
✔ B6 platform audit filters exact actors and whole local date boundaries before pagination and denies school-only staff (122.191027ms)
✔ B6 school support metadata does not borrow consent authority, counts in SQL and rechecks permission before replay (437.104209ms)
✔ B6 school audit uses the school timezone and exact SQL filters with tenant-safe history options (234.387735ms)
✔ B6 operational probes use worker-only cycle evidence, actual backup records and purpose-bound aggregate authority (1284.081033ms)
✔ B6 atomic school-role replacement retains expiry/class scopes, detects independent grants and rolls back all failures (421.638916ms)
✔ B6 school-role replacement prevents self edits, last-admin removal, ceiling/expiry breaches and unauthorized cached replay (356.713995ms)
✔ B6 ending a membership revokes all current/future grants and assignments without deleting history or other schools (483.041541ms)
✔ B6 native school invitations persist all roles/profile, replay once and accept multiple or zero grants atomically (327.679601ms)
✔ B6 zero-role invitation still rechecks current inviter membership and mail authority before acceptance (179.226705ms)
✔ B6 expired staff invitations cannot be revoked as pending or delivered, and preserve their history (158.44812ms)
✔ B6 staff directory combines authorized pending invitations in SQL, searches folded work data and counts before keysets (489.070866ms)
✔ B6 directory read does not lend invitation, role catalog, assignment or export authority and revocation invalidates opaque scope cursors (343.700947ms)
✔ B6 Vietnamese composite keysets preserve given/full-name order, case/diacritic ties and nullable departments in both directions (539.52402ms)
✔ B6 locked identities keep their directory lifecycle but have no effective grants, and active KPI does not fabricate access (187.576454ms)
✔ B6 member details return real coarse other-school counts and work contacts without opening another tenant (302.477452ms)
✔ B6 member aggregate checks current school authority, target membership and SQL role before returning any count (279.131843ms)
✔ B6 member effective permissions and assignment history follow native grant time, membership, identity and assignment dates (666.948524ms)
✔ B6 member role choices respect action-specific delegation expiry without borrowing a role catalog (315.247834ms)
✔ B6 member history filters member, assignment and grant events before counting/keysets, with independent audit authority (508.908079ms)
✔ B6 personal notifications traverse more than 100 real own memberships without truncating global totals or opaque pages (17186.016377ms)
✔ B6 assignment preview is read-only, uses school-local instants and preserves displayed source versions before saving (516.570408ms)
✔ B6 assignment preview compares exact subject scopes, rejects overlapping windows and rechecks expired delegation on repeated POST (755.712522ms)
✔ B6 assignment preview detects source member changes, rejects malformed/foreign proposals and advertises future/configured publication timing (375.054275ms)
✔ B6 assignment matrix returns actual nullable cells and minimal work names under independent assignment-read authority (474.352429ms)
✔ B6 assignment matrix keeps an unconfigured year explicit and archived display reference separate from authority (278.804472ms)
✔ B6 role metadata keeps native scopes and real counts without lending member/audit access or treating custom class grants as assignments (459.113646ms)
✔ B6 role details show only independently authorized holders/history and save scoped deltas with a displayed version (2658.469886ms)
✔ B6 future held roles and immutable system templates cannot be edited by their holder (287.747669ms)
✔ B6 editing live roles cannot expand permissions beyond the current editor expiry ceiling (307.336127ms)
✔ B6 handover preview reads real current source/counts under purpose authority without member, family or role catalog access (451.234202ms)
✔ B6 handover applies exactly once with school-local cutoffs, durable receipts, own-actor recovery and preserved source authorship (1120.291201ms)
✔ B6 changed handover sources fail before submission or application and require an explicit review of the same pending receipt (1928.583995ms)
✔ B6 open-item changes invalidate handover review and linked source grants are never extended at the cutoff (1470.032682ms)
✔ B6 handover receipts remain actor/school bound, recheck delegation and deny immutable-source replacement (1171.263709ms)
✔ B6 student creation allocates actual codes and atomically retains enrollment, gender and a separate unverified guardian (257.653676ms)
✔ B6 student form failures roll back every row and optional contacts require independent current authority on replay (377.936145ms)
✔ B6 student edits retain displayed versions and never replay internal notes after private profile authority is revoked (320.763045ms)
✖ B6 student unknown historic gender remains null and invalid gender/guardian state cannot be fabricated (174.664667ms)
✔ B6 real CSV gender mapping normalizes supported values, preserves unmapped sources and retains invalid rows (3426.555386ms)
ℹ tests 132
ℹ suites 0
ℹ pass 130
ℹ fail 2
ℹ cancelled 0
ℹ skipped 0
ℹ todo 0
ℹ duration_ms 210980.834204

✖ failing tests:

test at tests/integration/foundation.test.mjs:245:1
✖ B2 class lists use SQL scope and cross-school details deny before serialization (82.108999ms)
  AssertionError [ERR_ASSERTION]: Expected values to be strictly deep-equal:
  + actual - expected

  + Set(3) {
  +   '2380b1b3-7596-40a1-ad8e-f7474cd7a3a0',
  - Set(2) {
      '257e1514-215c-5735-a205-27efe58ef62c',
      'c6544378-66cc-55ca-a1b2-928fdcc0e212'
    }

      at TestContext.<anonymous> (file:///srv/api/tests/integration/foundation.test.mjs:249:10)
      at process.processTicksAndRejections (node:internal/process/task_queues:104:5)
      at async Test.run (node:internal/test_runner/test:1409:7)
      at async Test.processPendingSubtests (node:internal/test_runner/test:974:7) {
    generatedMessage: true,
    code: 'ERR_ASSERTION',
    actual: Set(3) { '2380b1b3-7596-40a1-ad8e-f7474cd7a3a0', '257e1514-215c-5735-a205-27efe58ef62c', 'c6544378-66cc-55ca-a1b2-928fdcc0e212' },
    expected: Set(2) { '257e1514-215c-5735-a205-27efe58ef62c', 'c6544378-66cc-55ca-a1b2-928fdcc0e212' },
    operator: 'deepStrictEqual',
    diff: 'simple'
  }

test at tests/integration/foundation.test.mjs:2493:1
✖ B6 student unknown historic gender remains null and invalid gender/guardian state cannot be fabricated (174.664667ms)
  AssertionError [ERR_ASSERTION]: {"type":"urn:edumanage:problem:response_contract_error","title":"RESPONSE_CONTRACT_ERROR","status":500,"code":"RESPONSE_CONTRACT_ERROR","requestId":"477abd36-76fc-4fc0-b979-02b5769847f2"}

  500 !== 200

      at TestContext.<anonymous> (file:///srv/api/tests/integration/foundation.test.mjs:2496:90)
      at process.processTicksAndRejections (node:internal/process/task_queues:104:5)
      at async Test.run (node:internal/test_runner/test:1409:7)
      at async Test.processPendingSubtests (node:internal/test_runner/test:974:7) {
    generatedMessage: false,
    code: 'ERR_ASSERTION',
    actual: 500,
    expected: 200,
    operator: 'strictEqual',
    diff: 'simple'
  }
