✔ all operation IDs are unique, including the explicit frontend workflow extensions (1.1045ms)
✔ atomic school roles require a displayed version and unique explicit role IDs without actor authority (8.5569ms)
✔ school invite retains zero or multiple roles and the 1–30 day form without widening platform admin invitations (4.1701ms)
✔ login rejects spoofed role, school and unknown fields (1.0309ms)
✔ private user DTO rejects secrets and unknown properties (3.2353ms)
✔ platform first administrator supports server start time and rejects scope spoofing or excessive invitation lifetime (0.2157ms)
✔ school overview accepts explicit unavailable panels and rejects private directory fields (18.9343ms)
✔ directory represents invitations without fake memberships and keeps unavailable invitation KPI explicit (7.086ms)
✔ member profile separates denied panels and exact native authority without exposing other school metadata (16.1236ms)
✔ invitation choices use invitation authority and never lend role metadata or contacts (2.3352ms)
✔ atomic guardian save requires displayed student and primary versions without verification or actor fields (11.4413ms)
✔ assignment preview is a CSRF-protected read-only POST and preserves explicit source versions without actor authority (1.977ms)
✔ assignment matrix represents a real unconfigured year and empty cells without borrowing profiles, rosters or permissions (13.6838ms)
✔ role details retain exact native scopes and denied panels without exposing staff contacts or a fabricated editable system role (11.7321ms)
✔ handover receipts retain unknown legacy metadata and strict reviewed source fields without exposing the internal state (8.4267ms)
✔ student forms persist nullable gender and an atomic unverified guardian without accepting actor or result state (21.2337ms)
✔ student read models distinguish denied and unknown values and exclude reusable parent tokens (31.8166ms)
✔ guardian projections exclude student private profiles and audit snapshots and require explicit denied panels (15.2445ms)
✔ student-create options are a minimal write-purpose class projection without roster or borrowed catalogs (3.6713ms)
✔ announcement HTML retains paragraph/list formatting while dropping executable markup, URLs and tracking resources (3.4807ms)
✔ operation evidence validates metadata values and omits secret-like values and unknown fields (1.3543ms)
✔ grant action and class scope stay together (0.8152ms)
✔ subject grants never authorize management without explicit subject policy (0.1331ms)
✔ end dates are exclusive and assignment is mandatory for default teacher grants (0.1096ms)
✔ a custom class grant authorizes only its delegated action and class (0.1247ms)
✔ a delegated grant cannot outlive an expiring authority, including an unbounded target or future start (0.1687ms)
✔ decimal scoring preserves fractional sums, negative penalties, explicit base, clamps and threshold boundaries (3.9878ms)
✔ fixed deltas reject overrides and manual deltas require bounds (0.4228ms)
✔ XLSX parser bounds sparse dimensions and rejects formulas before workbook allocation (87.8112ms)
ℹ tests 29
ℹ suites 0
ℹ pass 29
ℹ fail 0
ℹ cancelled 0
ℹ skipped 0
ℹ todo 0
ℹ duration_ms 411.7472
