
 RUN  v3.2.7 D:/Edu

 ✓ tests/unit/api-client.test.ts (11 tests) 35ms
 ✓ tests/unit/api-query-boundary.test.ts (5 tests) 29ms
 ✓ tests/unit/api-lists-fragments.test.ts (10 tests) 33ms
 ✓ tests/unit/api-support-adapter.test.ts (5 tests) 28ms
 ✓ tests/unit/api-students-adapter.test.ts (6 tests) 32ms
 ✓ tests/unit/api-session-adapter.test.ts (2 tests) 20ms
 ✓ tests/unit/api-session.test.ts (9 tests) 42ms
 ✓ tests/unit/api-platform-adapter.test.ts (12 tests) 38ms
 ✓ tests/unit/api-rollover-adapter.test.ts (8 tests) 44ms
 ✓ tests/unit/api-staff-directory.test.ts (6 tests) 31ms
 ✓ tests/unit/api-school-adapter.test.ts (16 tests) 47ms
 ✓ tests/unit/api-staff-adapter.test.ts (9 tests) 39ms
 ✓ tests/unit/api-role-adapter.test.ts (5 tests) 33ms
 ✓ tests/unit/api-assignment-adapter.test.ts (8 tests) 31ms
 ✓ tests/unit/api-handover-adapter.test.ts (8 tests) 36ms
 ✓ tests/unit/api-scope-guard.test.ts (5 tests) 6ms
 ✓ tests/unit/api-context.test.ts (1 test) 4ms
 ✓ tests/unit/api-member-details.test.ts (5 tests) 12ms

 Test Files  18 passed (18)
      Tests  131 passed (131)
   Start at  06:39:41
   Duration  1.04s (transform 1.09s, setup 949ms, collect 3.42s, tests 540ms, environment 4ms, prepare 2.38s)
