✔ all operation IDs are unique, including the explicit frontend workflow extensions (1.0744ms)
✔ atomic school roles require a displayed version and unique explicit role IDs without actor authority (7.9042ms)
✔ school invite retains zero or multiple roles and the 1–30 day form without widening platform admin invitations (4.2061ms)
✔ login rejects spoofed role, school and unknown fields (1.0607ms)
✔ private user DTO rejects secrets and unknown properties (3.3961ms)
✔ platform first administrator supports server start time and rejects scope spoofing or excessive invitation lifetime (0.2152ms)
✔ school overview accepts explicit unavailable panels and rejects private directory fields (19.185ms)
✔ directory represents invitations without fake memberships and keeps unavailable invitation KPI explicit (6.3517ms)
✔ member profile separates denied panels and exact native authority without exposing other school metadata (16.5463ms)
✔ assignment preview is a CSRF-protected read-only POST and preserves explicit source versions without actor authority (1.7047ms)
✔ assignment matrix represents a real unconfigured year and empty cells without borrowing profiles, rosters or permissions (13.8775ms)
✔ role details retain exact native scopes and denied panels without exposing staff contacts or a fabricated editable system role (16.6542ms)
✔ handover receipts retain unknown legacy metadata and strict reviewed source fields without exposing the internal state (18.1949ms)
✔ student forms persist nullable gender and an atomic unverified guardian without accepting actor or result state (10.5959ms)
✔ announcement HTML retains paragraph/list formatting while dropping executable markup, URLs and tracking resources (3.4421ms)
✔ operation evidence validates metadata values and omits secret-like values and unknown fields (1.4673ms)
✔ grant action and class scope stay together (0.7775ms)
✔ subject grants never authorize management without explicit subject policy (0.1245ms)
✔ end dates are exclusive and assignment is mandatory for default teacher grants (0.1103ms)
✔ a custom class grant authorizes only its delegated action and class (0.1351ms)
✔ a delegated grant cannot outlive an expiring authority, including an unbounded target or future start (0.1614ms)
✔ decimal scoring preserves fractional sums, negative penalties, explicit base, clamps and threshold boundaries (2.4705ms)
✔ fixed deltas reject overrides and manual deltas require bounds (0.31ms)
✔ XLSX parser bounds sparse dimensions and rejects formulas before workbook allocation (80.4877ms)
ℹ tests 24
ℹ suites 0
ℹ pass 24
ℹ fail 0
ℹ cancelled 0
ℹ skipped 0
ℹ todo 0
ℹ duration_ms 402.1833
