 Container edumanage_backend_test-postgres-1 Running
 Container edumanage_backend_test-postgres-1 Waiting
 Container edumanage_backend_test-postgres-1 Healthy
 Container edumanage_backend_test-runner-run-7429a2f19cc4 Creating
 Container edumanage_backend_test-runner-run-7429a2f19cc4 Created
✔ B5 all 264 supplied operations and explicit frontend workflow extensions have registered real handlers (413.636816ms)
✔ BE01 migration replay is a no-op, mismatch fails and metadata remains intact (63.981101ms)
✔ BE02 cross-school enrollment FK rejects write using the real runtime role (10.197878ms)
✔ BE03 no-tenant denies and SET LOCAL cannot leak across a reused connection (3.80536ms)
✔ BE04 bootstrap only exposes the authenticated user memberships without tenant (5.97297ms)
✔ BE05 HOMEROOM A plus SUBJECT B cannot authorize seating or guardians in B (1581.33433ms)
✔ BE06 revoked membership is checked during an existing session and B stays independent (42.366403ms)
✔ B6 self context carries only own current duties and separates self-profile from school contacts (2556.782033ms)
✔ BE08 CSRF, credential validation, cookie flags, session rotation and rate limiting (137.663345ms)
✔ BE10 concurrent profile patches serialize with a single version winner (74.45742ms)
✔ B6 password/session commands use actual cookies, reject bad passwords and revoke every session after change (334.667291ms)
{"checkpoint":"parent-without-context","queryMs":5.306,"planExecutionMs":0.019,"planRows":0}
✔ BE21 parent runtime role cannot select raw student rows (15.036015ms)
✔ B0 health ready checks actual migrations, database and private storage (25.10114ms)
✔ B2 class lists use SQL scope and cross-school details deny before serialization (206.673809ms)
✔ BE09 idempotent organization create/retry/concurrency performs one write (77.154038ms)
✔ B2 required idempotency, class capacity/reference validation and version conflicts (141.950232ms)
✔ B2 signed cursor rejects scope/filter modification and delivers distinct pages (2830.821233ms)
✔ B2 subject student projection omits family/internal notes and denies guardians (324.358884ms)
✔ B2 guardian create does not merge matching phone, relationships start unverified (119.914888ms)
✔ BE07 existing identity invitation requires its session and preserves password/other school (1288.87345ms)
✔ B1 password reset token is encrypted, single-use and revokes all prior sessions (141.003852ms)
✔ B2 staff delegation stays within the ceiling, custom class scope and immediate revocation (762.5808ms)
✔ B2 transfers serialize capacity, handover removes the old teacher and rollover binds its preview (1564.189614ms)
✔ B2 scoped guardian creation cannot acquire an unrelated family through relationship IDs (328.013647ms)
✔ B2/B5 uploads remain private until worker processing, leases serialize and local mail erases encrypted secrets (56993.515202ms)
✔ B2 imports parse real CSV, bind stale previews, avoid name/phone merges and retain invalid rows safely (4626.337084ms)
✔ B2/B5 timetable import checks assignments and overlapping slots, creates only a draft and deduplicates retries (2924.192199ms)
✔ B2 imports update only verified codes, create class drafts and staff invitations with work profiles (7788.461882ms)
✔ B2 large import resumes after a lost chunk without duplicating applied rows and checks current school authority (5149.495329ms)
✔ B3 attendance starts unmarked, versions every source change and publishes immutable one-student projections (505.759337ms)
✔ B3 subject attendance requires its actual lesson and cannot borrow daily access from another class (418.246823ms)
✔ B3 a simultaneous attendance edit and publish has one winner and never publishes a mixed source version (176.763943ms)
✔ B3 rule sets require explicit points, immutable issuance and effective week application (382.872436ms)
✔ B3 conduct reviews preserve facts, lock READY projections and publish only the exact pinned source (852.231733ms)
✔ B3 conduct linked attendance detects stale sources and subject teachers see only their own lesson facts (861.784048ms)
✔ B3 approved adjustments retain old facts and atomically replace the current publication with a reviewed preview (506.401296ms)
✔ B3 a simultaneous conduct record and lock/publish has one source winner (256.842197ms)
✔ B3 attendance linkage deduplicates, excludes corrected drafts and leaves locked scores unchanged with explicit warnings (506.778124ms)
✔ B4 private parent links expose only published child projections, preserve staff cookies and bind the active tab context (925.766453ms)
✔ B4 section/download rights, reissue, relationship revocation and foreign UUIDs are checked on each new parent request (603.164018ms)
✔ B4 private documents stream only with both download rights, and teacher contact projections use shared work fields (660.883295ms)
✔ B4 expired links, suspended schools, CSRF and exchange throttles deny without creating a parent identity (487.343471ms)
✔ B1 delegated grants and invitation acceptance stay inside the current expiry ceiling; backdated assignments require a reason (317.854798ms)
✔ B2 shrinking class capacity checks planned future occupancy peaks, rather than only today (123.878784ms)
✔ B5 dated groups retain moves and same-day cancellations, require current class versions and end group-leader duties (559.62161ms)
✔ B5 position holders serialize and remain valid conduct sources; locked source history cannot be shortened (475.478707ms)
✔ B5 seating validates effective enrollment and unique seats, preserves dated revisions and denies subject-only reads (648.564455ms)
✔ B2/B5 a transfer closes dated groups/positions and retains cancelled future plans atomically (419.055852ms)
✔ B5 timetable materializes bounded future lessons, publishes child-only projections and preserves past/source history (752.44274ms)
✔ B5 timetable rejects teacher/room collisions and revoked assignments, skips holidays and revalidates source versions (995.426008ms)
✔ B5 duties publish only individual tasks, reject foreign enrollment and retain immutable publication/withdraw history (445.039985ms)
✔ B5 group duties expand the effective group at publication and retain the individual targets after later moves (650.447158ms)
✔ B5 activities count only explicit participants, preserve published states and require current source/review authority (944.56309ms)
✔ B5 approved activity results are explicit conduct sources and locked approved facts protect their source history (410.020641ms)
✔ B5 evidence stays private until review and publication; parent documents remain child-bound and filter file availability (6397.706283ms)
✔ B5 class announcements retain immutable publication across edits, bind one recipient and reject foreign class reads (2065.105163ms)
✔ B5 public school announcements sanitize content and keep draft/private replacements out of the public projection (2114.232842ms)
✔ B5 scheduled announcements wait for their due time, publish once through a worker and safely replay after an acknowledgement loss (1354.754831ms)
✔ B5 scheduled publication rechecks the creator grant and reports a failed queue without exposing a parent snapshot (1450.021153ms)
✔ B5 announcement attachments remain private to one child, obey link download rights and disappear when archived or withdrawn (1384.56084ms)
✔ B5 school settings persist with version guards, affect only new link expiry and suppress work contacts without changing old link permissions (919.780242ms)
✔ B5 disabling homeroom publication takes effect inside existing sessions and restores only after an explicit setting change (764.638955ms)
✔ B3 configured second approval rejects self approval in API and SQL, while a different scoped approver permits atomic adjustment (585.345289ms)
✔ B5 personal notifications paginate across actual memberships, deduplicate publication events and deny foreign recipients and cross-user cursors (1089.111922ms)
✔ B5 withdrawn announcements redact retained staff notifications instead of exposing a stale published target (11145.773739ms)
✔ B5 dashboards count real scoped rows, keep homeroom and subject tasks separate and immediately recheck revocation (7276.35903ms)
✔ B5 teacher schedule is own dated teaching and announcement feed reads only current publications across draft edits (2221.859418ms)
✔ B5 dashboard attendance counters and publication tasks follow persisted marks, publish/withdraw and current school policy (1559.086202ms)
✔ B2 platform creates only metadata drafts, bootstraps admin roles/invitations and requires an active administrator for activation (2185.925129ms)
✔ B5 platform settings and operation records persist actual state, redact artifacts and reauthorize command replays (2479.827054ms)
✔ B1 platform admin invitations obey operator expiry ceilings and acceptance rolls back after authority expires (119.372978ms)
✔ B5 support tickets persist both sides, preserve queue states and exact timestamp pagination, and deny other schools (310.110362ms)
✔ B1 support requests require independent current school consent, retain immutable scope and bind tickets/classes/actions/time (265.578715ms)
✔ B1 explicitly selected support grants authorize only scoped metadata GETs, audit the actual operator and force read-only SQL (225.915063ms)
✔ B1 school-wide support metadata never exposes import rows/downloads and expires without fallback to operator privileges (3475.009916ms)
✔ B1 an operator who also has school-admin rights still cannot self-approve or combine selected support scope with ordinary rights (183.155236ms)
✔ B5 signed native keysets cross a nullable sort boundary without dropping or repeating persisted schools (6548.754361ms)
✔ B5 report SQL uses real scoped counts and immutable CSV export content while live attendance changes (1658.604191ms)
✔ B5 published report exports pin revisions across replacement and withdrawal without exposing drafts (1637.608609ms)
✔ B5 export XLSX/PDF are actual files with literal formula text, Vietnamese font and private download authorization (2147.714708ms)
✔ B5 subject reports remain own lesson attendance and scoped activities without school/family/conduct/export access (1780.688909ms)
✔ B5 export workers and all file paths reauthorize revocation, expiry and cancellation, and replay completed work safely (1817.324081ms)
✔ B5 conduct/activity/progress/link reports use actual pinned scores, explicit participant denominators and anonymous link use (1933.739456ms)
✔ B6 organization display fields persist with versions and tenant-safe references instead of being silently ignored (1080.8734ms)
✔ B6 year wizard creates bounded terms, weeks, published holidays and independent draft rules atomically and idempotently (1006.760908ms)
✔ B6 class form assigns homeroom atomically, denies foreign/backdated inputs, requires handover and preserves archived history (806.53912ms)
✔ B6 organization projections scope counts in SQL and a year-only grant cannot copy or publish rules (4894.13914ms)
✔ B6 purpose-bound form pickers use current write authority, exclude contacts/roles/counts and deny normal directory access (349.181305ms)
✔ B6 rollover preview uses exact end-year enrollment, minimal workflow authority and immediate revocation (521.279217ms)
✔ B6 platform school wizard creates its optional admin invitation atomically and redacts form metadata (4867.167173ms)
✔ B6 platform school form readers never lend admin or read authority to a create-only operator (169.503373ms)
✔ B6 school overview keeps current scoped totals, actual setup and publication metadata without lending school-wide reads (6409.098176ms)
✔ B6 support choices/counts are scoped SQL metadata, ticket message/status save atomically and an operator only relinquishes its own grant (332.121128ms)
✔ B6 platform audit filters exact actors and whole local date boundaries before pagination and denies school-only staff (116.449285ms)
✔ B6 school support metadata does not borrow consent authority, counts in SQL and rechecks permission before replay (459.829619ms)
✔ B6 school audit uses the school timezone and exact SQL filters with tenant-safe history options (236.248425ms)
✔ B6 operational probes use worker-only cycle evidence, actual backup records and purpose-bound aggregate authority (1560.563462ms)
✔ B6 atomic school-role replacement retains expiry/class scopes, detects independent grants and rolls back all failures (422.652691ms)
✔ B6 school-role replacement prevents self edits, last-admin removal, ceiling/expiry breaches and unauthorized cached replay (419.99961ms)
✔ B6 ending a membership revokes all current/future grants and assignments without deleting history or other schools (479.729873ms)
✔ B6 native school invitations persist all roles/profile, replay once and accept multiple or zero grants atomically (336.999443ms)
✔ B6 zero-role invitation still rechecks current inviter membership and mail authority before acceptance (192.318024ms)
✔ B6 expired staff invitations cannot be revoked as pending or delivered, and preserve their history (218.926064ms)
✔ B6 staff directory combines authorized pending invitations in SQL, searches folded work data and counts before keysets (516.103849ms)
✔ B6 directory read does not lend invitation, role catalog, assignment or export authority and revocation invalidates opaque scope cursors (368.55479ms)
✔ B6 Vietnamese composite keysets preserve given/full-name order, case/diacritic ties and nullable departments in both directions (546.686979ms)
✔ B6 locked identities keep their directory lifecycle but have no effective grants, and active KPI does not fabricate access (200.613519ms)
✔ B6 member details return real coarse other-school counts and work contacts without opening another tenant (306.282256ms)
✔ B6 member aggregate checks current school authority, target membership and SQL role before returning any count (272.31979ms)
✔ B6 member effective permissions and assignment history follow native grant time, membership, identity and assignment dates (645.201463ms)
✔ B6 member role choices respect action-specific delegation expiry without borrowing a role catalog (348.153743ms)
✔ B6 member history filters member, assignment and grant events before counting/keysets, with independent audit authority (537.061187ms)
✔ B6 personal notifications traverse more than 100 real own memberships without truncating global totals or opaque pages (16797.085317ms)
✔ B6 assignment preview is read-only, uses school-local instants and preserves displayed source versions before saving (522.993349ms)
✔ B6 assignment preview compares exact subject scopes, rejects overlapping windows and rechecks expired delegation on repeated POST (759.761622ms)
✔ B6 assignment preview detects source member changes, rejects malformed/foreign proposals and advertises future/configured publication timing (371.707986ms)
✔ B6 assignment matrix returns actual nullable cells and minimal work names under independent assignment-read authority (464.992969ms)
✔ B6 assignment matrix keeps an unconfigured year explicit and archived display reference separate from authority (281.781531ms)
✔ B6 role metadata keeps native scopes and real counts without lending member/audit access or treating custom class grants as assignments (469.705102ms)
✔ B6 role details show only independently authorized holders/history and save scoped deltas with a displayed version (3322.800743ms)
✔ B6 future held roles and immutable system templates cannot be edited by their holder (307.58213ms)
✔ B6 editing live roles cannot expand permissions beyond the current editor expiry ceiling (316.907404ms)
✔ B6 handover preview reads real current source/counts under purpose authority without member, family or role catalog access (453.101142ms)
✔ B6 handover applies exactly once with school-local cutoffs, durable receipts, own-actor recovery and preserved source authorship (1144.600417ms)
✔ B6 changed handover sources fail before submission or application and require an explicit review of the same pending receipt (2015.070556ms)
✔ B6 open-item changes invalidate handover review and linked source grants are never extended at the cutoff (1803.321709ms)
✔ B6 handover receipts remain actor/school bound, recheck delegation and deny immutable-source replacement (1360.962218ms)
✔ B6 student creation allocates actual codes and atomically retains enrollment, gender and a separate unverified guardian (588.183083ms)
✔ B6 student form failures roll back every row and optional contacts require independent current authority on replay (998.699629ms)
✔ B6 student edits retain displayed versions and never replay internal notes after private profile authority is revoked (952.188578ms)
✔ B6 student unknown historic gender remains null and invalid gender/guardian state cannot be fabricated (422.871861ms)
✔ B6 real CSV gender mapping normalizes supported values, preserves unmapped sources and retains invalid rows (4183.146338ms)
✔ B6 native student directory applies Vietnamese keysets, exact SQL filters and minimal selected identifiers (543.975473ms)
✔ B6 native student projections separate school roster authority from family, note and link authority in the same session (398.08446ms)
✖ B6 archived student history uses an explicit included date and stored group, position and teacher sources (156.60644ms)
✔ B6 subject pupil projection remains minimal and class history cannot retain family access after enrollment ends (379.728036ms)
✔ B6 pupil link metadata reflects real events, bounded recent history and revocation without returning reusable secrets (293.173578ms)
✔ B6 an unconfigured school directory returns actual null year context without fabricated class or student data (154.072862ms)
ℹ tests 138
ℹ suites 0
ℹ pass 137
ℹ fail 1
ℹ cancelled 0
ℹ skipped 0
ℹ todo 0
ℹ duration_ms 240380.272836

✖ failing tests:

test at tests/integration/foundation.test.mjs:2543:1
✖ B6 archived student history uses an explicit included date and stored group, position and teacher sources (156.60644ms)
  error: Position definition in use
      at /srv/api/node_modules/pg/lib/client.js:694:17
      at process.processTicksAndRejections (node:internal/process/task_queues:104:5)
      at async db.transaction.schoolId (file:///srv/api/tests/integration/foundation.test.mjs:2556:5)
      at async Database.transaction (/srv/api/dist/database/database.js:47:27)
      at async TestContext.<anonymous> (file:///srv/api/tests/integration/foundation.test.mjs:2545:14)
      at async Test.run (node:internal/test_runner/test:1409:7)
      at async Test.processPendingSubtests (node:internal/test_runner/test:974:7) {
    length: 155,
    severity: 'ERROR',
    code: '23514',
    detail: undefined,
    hint: undefined,
    position: undefined,
    internalPosition: undefined,
    internalQuery: undefined,
    where: 'PL/pgSQL function app.guard_position_definition() line 5 at RAISE',
    schema: undefined,
    table: undefined,
    column: undefined,
    dataType: undefined,
    constraint: undefined,
    file: 'pl_exec.c',
    line: '3897',
    routine: 'exec_stmt_raise'
  }
