 Container edumanage_backend_test-postgres-1 Running 
 Container edumanage_backend_test-postgres-1 Waiting 
 Container edumanage_backend_test-postgres-1 Healthy 
 Container edumanage_backend_test-runner-run-434cab993694 Creating 
 Container edumanage_backend_test-runner-run-434cab993694 Created 
✔ B5 all 264 supplied operations and the explicit SC07 preview extension have registered real handlers (390.385699ms)
✔ BE01 migration replay is a no-op, mismatch fails and metadata remains intact (59.668249ms)
✔ BE02 cross-school enrollment FK rejects write using the real runtime role (10.969415ms)
✔ BE03 no-tenant denies and SET LOCAL cannot leak across a reused connection (4.270701ms)
✔ BE04 bootstrap only exposes the authenticated user memberships without tenant (5.132852ms)
✔ BE05 HOMEROOM A plus SUBJECT B cannot authorize seating or guardians in B (341.102331ms)
✔ BE06 revoked membership is checked during an existing session and B stays independent (49.54064ms)
✔ B6 self context carries only own current duties and separates self-profile from school contacts (147.986283ms)
✔ BE08 CSRF, credential validation, cookie flags, session rotation and rate limiting (108.757377ms)
✔ BE10 concurrent profile patches serialize with a single version winner (58.805572ms)
✔ B6 password/session commands use actual cookies, reject bad passwords and revoke every session after change (390.632231ms)
{"checkpoint":"parent-without-context","queryMs":7.164,"planExecutionMs":0.018,"planRows":0}
✔ BE21 parent runtime role cannot select raw student rows (17.977742ms)
✔ B0 health ready checks actual migrations, database and private storage (21.84633ms)
✔ B2 class lists use SQL scope and cross-school details deny before serialization (215.116064ms)
✔ BE09 idempotent organization create/retry/concurrency performs one write (76.137893ms)
✔ B2 required idempotency, class capacity/reference validation and version conflicts (153.571898ms)
✔ B2 signed cursor rejects scope/filter modification and delivers distinct pages (1563.96324ms)
✔ B2 subject student projection omits family/internal notes and denies guardians (347.055891ms)
✔ B2 guardian create does not merge matching phone, relationships start unverified (123.714782ms)
✔ BE07 existing identity invitation requires its session and preserves password/other school (240.342656ms)
✔ B1 password reset token is encrypted, single-use and revokes all prior sessions (327.933208ms)
✔ B2 staff delegation stays within the ceiling, custom class scope and immediate revocation (1219.943406ms)
✔ B2 transfers serialize capacity, handover removes the old teacher and rollover binds its preview (1166.609211ms)
✔ B2 scoped guardian creation cannot acquire an unrelated family through relationship IDs (438.588853ms)
✔ B2/B5 uploads remain private until worker processing, leases serialize and local mail erases encrypted secrets (9140.785582ms)
✔ B2 imports parse real CSV, bind stale previews, avoid name/phone merges and retain invalid rows safely (3452.79023ms)
✔ B2/B5 timetable import checks assignments and overlapping slots, creates only a draft and deduplicates retries (2177.093496ms)
✔ B2 imports update only verified codes, create class drafts and staff invitations with work profiles (5136.005976ms)
✔ B2 large import resumes after a lost chunk without duplicating applied rows and checks current school authority (4097.381529ms)
✔ B3 attendance starts unmarked, versions every source change and publishes immutable one-student projections (519.845758ms)
✔ B3 subject attendance requires its actual lesson and cannot borrow daily access from another class (560.788416ms)
✔ B3 a simultaneous attendance edit and publish has one winner and never publishes a mixed source version (193.514715ms)
✔ B3 rule sets require explicit points, immutable issuance and effective week application (428.217013ms)
✔ B3 conduct reviews preserve facts, lock READY projections and publish only the exact pinned source (869.837216ms)
✔ B3 conduct linked attendance detects stale sources and subject teachers see only their own lesson facts (910.703436ms)
✔ B3 approved adjustments retain old facts and atomically replace the current publication with a reviewed preview (534.803804ms)
✔ B3 a simultaneous conduct record and lock/publish has one source winner (261.087002ms)
✔ B3 attendance linkage deduplicates, excludes corrected drafts and leaves locked scores unchanged with explicit warnings (469.332336ms)
✔ B4 private parent links expose only published child projections, preserve staff cookies and bind the active tab context (953.476452ms)
✔ B4 section/download rights, reissue, relationship revocation and foreign UUIDs are checked on each new parent request (531.27777ms)
✔ B4 private documents stream only with both download rights, and teacher contact projections use shared work fields (678.428699ms)
✔ B4 expired links, suspended schools, CSRF and exchange throttles deny without creating a parent identity (495.025217ms)
✔ B1 delegated grants and invitation acceptance stay inside the current expiry ceiling; backdated assignments require a reason (285.722065ms)
✔ B2 shrinking class capacity checks planned future occupancy peaks, rather than only today (122.925426ms)
✔ B5 dated groups retain moves and same-day cancellations, require current class versions and end group-leader duties (549.935944ms)
✔ B5 position holders serialize and remain valid conduct sources; locked source history cannot be shortened (470.803934ms)
✔ B5 seating validates effective enrollment and unique seats, preserves dated revisions and denies subject-only reads (677.28809ms)
✔ B2/B5 a transfer closes dated groups/positions and retains cancelled future plans atomically (430.480246ms)
✔ B5 timetable materializes bounded future lessons, publishes child-only projections and preserves past/source history (800.904141ms)
✔ B5 timetable rejects teacher/room collisions and revoked assignments, skips holidays and revalidates source versions (1012.28643ms)
✔ B5 duties publish only individual tasks, reject foreign enrollment and retain immutable publication/withdraw history (445.753962ms)
✔ B5 group duties expand the effective group at publication and retain the individual targets after later moves (637.880785ms)
✔ B5 activities count only explicit participants, preserve published states and require current source/review authority (917.566526ms)
✔ B5 approved activity results are explicit conduct sources and locked approved facts protect their source history (392.765721ms)
✔ B5 evidence stays private until review and publication; parent documents remain child-bound and filter file availability (1422.282319ms)
✔ B5 class announcements retain immutable publication across edits, bind one recipient and reject foreign class reads (1867.045802ms)
✔ B5 public school announcements sanitize content and keep draft/private replacements out of the public projection (1582.10628ms)
✔ B5 scheduled announcements wait for their due time, publish once through a worker and safely replay after an acknowledgement loss (1241.336014ms)
✔ B5 scheduled publication rechecks the creator grant and reports a failed queue without exposing a parent snapshot (1446.969178ms)
✔ B5 announcement attachments remain private to one child, obey link download rights and disappear when archived or withdrawn (1278.943221ms)
✔ B5 school settings persist with version guards, affect only new link expiry and suppress work contacts without changing old link permissions (906.361795ms)
✔ B5 disabling homeroom publication takes effect inside existing sessions and restores only after an explicit setting change (696.502682ms)
✔ B3 configured second approval rejects self approval in API and SQL, while a different scoped approver permits atomic adjustment (583.741611ms)
✔ B5 personal notifications paginate across actual memberships, deduplicate publication events and deny foreign recipients and cross-user cursors (1036.005987ms)
✔ B5 withdrawn announcements redact retained staff notifications instead of exposing a stale published target (1055.141025ms)
✔ B5 dashboards count real scoped rows, keep homeroom and subject tasks separate and immediately recheck revocation (6055.479874ms)
✔ B5 teacher schedule is own dated teaching and announcement feed reads only current publications across draft edits (1838.959805ms)
✔ B5 dashboard attendance counters and publication tasks follow persisted marks, publish/withdraw and current school policy (850.671219ms)
✔ B2 platform creates only metadata drafts, bootstraps admin roles/invitations and requires an active administrator for activation (682.697604ms)
✔ B5 platform settings and operation records persist actual state, redact artifacts and reauthorize command replays (214.132893ms)
✔ B1 platform admin invitations obey operator expiry ceilings and acceptance rolls back after authority expires (115.973247ms)
✔ B5 support tickets persist both sides, preserve queue states and exact timestamp pagination, and deny other schools (292.858733ms)
✔ B1 support requests require independent current school consent, retain immutable scope and bind tickets/classes/actions/time (250.825429ms)
✔ B1 explicitly selected support grants authorize only scoped metadata GETs, audit the actual operator and force read-only SQL (220.147069ms)
✔ B1 school-wide support metadata never exposes import rows/downloads and expires without fallback to operator privileges (3435.714871ms)
✔ B1 an operator who also has school-admin rights still cannot self-approve or combine selected support scope with ordinary rights (189.421697ms)
✔ B5 signed native keysets cross a nullable sort boundary without dropping or repeating persisted schools (218.543366ms)
✔ B5 report SQL uses real scoped counts and immutable CSV export content while live attendance changes (726.728359ms)
✔ B5 published report exports pin revisions across replacement and withdrawal without exposing drafts (788.464809ms)
✔ B5 export XLSX/PDF are actual files with literal formula text, Vietnamese font and private download authorization (864.167815ms)
✔ B5 subject reports remain own lesson attendance and scoped activities without school/family/conduct/export access (253.196837ms)
✔ B5 export workers and all file paths reauthorize revocation, expiry and cancellation, and replay completed work safely (718.924053ms)
✔ B5 conduct/activity/progress/link reports use actual pinned scores, explicit participant denominators and anonymous link use (759.168849ms)
✔ B6 organization display fields persist with versions and tenant-safe references instead of being silently ignored (345.282987ms)
✔ B6 year wizard creates bounded terms, weeks, published holidays and independent draft rules atomically and idempotently (494.586592ms)
✔ B6 class form assigns homeroom atomically, denies foreign/backdated inputs, requires handover and preserves archived history (689.621701ms)
✔ B6 organization projections scope counts in SQL and a year-only grant cannot copy or publish rules (3786.901069ms)
✔ B6 purpose-bound form pickers use current write authority, exclude contacts/roles/counts and deny normal directory access (825.255635ms)
✔ B6 rollover preview uses exact end-year enrollment, minimal workflow authority and immediate revocation (1271.578371ms)
✖ B6 school overview keeps current scoped totals, actual setup and publication metadata without lending school-wide reads (7302.998493ms)
ℹ tests 90
ℹ suites 0
ℹ pass 89
ℹ fail 1
ℹ cancelled 0
ℹ skipped 0
ℹ todo 0
ℹ duration_ms 92711.182038

✖ failing tests:

test at tests/integration/foundation.test.mjs:1914:1
✖ B6 school overview keeps current scoped totals, actual setup and publication metadata without lending school-wide reads (7302.998493ms)
  AssertionError [ERR_ASSERTION]: Expected values to be strictly equal:
  
  200 !== 404
  
      at TestContext.<anonymous> (file:///srv/api/tests/integration/foundation.test.mjs:1933:12)
      at process.processTicksAndRejections (node:internal/process/task_queues:104:5)
      at async Test.run (node:internal/test_runner/test:1409:7)
      at async Test.processPendingSubtests (node:internal/test_runner/test:974:7) {
    generatedMessage: true,
    code: 'ERR_ASSERTION',
    actual: 200,
    expected: 404,
    operator: 'strictEqual',
    diff: 'simple'
  }

