 Container edumanage_backend_test-postgres-1 Running
 Container edumanage_backend_test-postgres-1 Waiting
 Container edumanage_backend_test-postgres-1 Healthy
 Container edumanage_backend_test-runner-run-94940d9e208e Creating
 Container edumanage_backend_test-runner-run-94940d9e208e Created
✔ B5 all 264 supplied operations and explicit frontend workflow extensions have registered real handlers (420.431577ms)
✔ BE01 migration replay is a no-op, mismatch fails and metadata remains intact (58.365943ms)
✔ BE02 cross-school enrollment FK rejects write using the real runtime role (9.500495ms)
✔ BE03 no-tenant denies and SET LOCAL cannot leak across a reused connection (3.607111ms)
✔ BE04 bootstrap only exposes the authenticated user memberships without tenant (5.999298ms)
✔ BE05 HOMEROOM A plus SUBJECT B cannot authorize seating or guardians in B (1357.52848ms)
✔ BE06 revoked membership is checked during an existing session and B stays independent (43.376078ms)
✔ B6 self context carries only own current duties and separates self-profile from school contacts (2403.61707ms)
✔ BE08 CSRF, credential validation, cookie flags, session rotation and rate limiting (97.560142ms)
✔ BE10 concurrent profile patches serialize with a single version winner (52.112915ms)
✔ B6 password/session commands use actual cookies, reject bad passwords and revoke every session after change (347.74358ms)
{"checkpoint":"parent-without-context","queryMs":5.465,"planExecutionMs":0.016,"planRows":0}
✔ BE21 parent runtime role cannot select raw student rows (15.68102ms)
✔ B0 health ready checks actual migrations, database and private storage (24.804761ms)
✔ B2 class lists use SQL scope and cross-school details deny before serialization (231.884522ms)
✔ BE09 idempotent organization create/retry/concurrency performs one write (73.769467ms)
✔ B2 required idempotency, class capacity/reference validation and version conflicts (126.870535ms)
✔ B2 signed cursor rejects scope/filter modification and delivers distinct pages (2643.904878ms)
✔ B2 subject student projection omits family/internal notes and denies guardians (354.499143ms)
✔ B2 guardian create does not merge matching phone, relationships start unverified (119.55302ms)
✔ BE07 existing identity invitation requires its session and preserves password/other school (1159.386073ms)
✔ B1 password reset token is encrypted, single-use and revokes all prior sessions (139.923635ms)
✔ B2 staff delegation stays within the ceiling, custom class scope and immediate revocation (763.365187ms)
✔ B2 transfers serialize capacity, handover removes the old teacher and rollover binds its preview (1522.300308ms)
✔ B2 scoped guardian creation cannot acquire an unrelated family through relationship IDs (404.142699ms)
✔ B2/B5 uploads remain private until worker processing, leases serialize and local mail erases encrypted secrets (52717.781354ms)
✔ B2 imports parse real CSV, bind stale previews, avoid name/phone merges and retain invalid rows safely (4849.487003ms)
✔ B2/B5 timetable import checks assignments and overlapping slots, creates only a draft and deduplicates retries (2984.096708ms)
✔ B2 imports update only verified codes, create class drafts and staff invitations with work profiles (7215.104055ms)
✔ B2 large import resumes after a lost chunk without duplicating applied rows and checks current school authority (5020.630439ms)
✔ B3 attendance starts unmarked, versions every source change and publishes immutable one-student projections (545.703618ms)
✔ B3 subject attendance requires its actual lesson and cannot borrow daily access from another class (531.739813ms)
✔ B3 a simultaneous attendance edit and publish has one winner and never publishes a mixed source version (186.056845ms)
✔ B3 rule sets require explicit points, immutable issuance and effective week application (456.518544ms)
✔ B3 conduct reviews preserve facts, lock READY projections and publish only the exact pinned source (907.645018ms)
✔ B3 conduct linked attendance detects stale sources and subject teachers see only their own lesson facts (958.512568ms)
✔ B3 approved adjustments retain old facts and atomically replace the current publication with a reviewed preview (509.068585ms)
✔ B3 a simultaneous conduct record and lock/publish has one source winner (254.380509ms)
✔ B3 attendance linkage deduplicates, excludes corrected drafts and leaves locked scores unchanged with explicit warnings (458.587011ms)
✔ B4 private parent links expose only published child projections, preserve staff cookies and bind the active tab context (918.78244ms)
✔ B4 section/download rights, reissue, relationship revocation and foreign UUIDs are checked on each new parent request (524.742821ms)
✔ B4 private documents stream only with both download rights, and teacher contact projections use shared work fields (655.596588ms)
✔ B4 expired links, suspended schools, CSRF and exchange throttles deny without creating a parent identity (521.481032ms)
✔ B1 delegated grants and invitation acceptance stay inside the current expiry ceiling; backdated assignments require a reason (299.476343ms)
✔ B2 shrinking class capacity checks planned future occupancy peaks, rather than only today (123.459081ms)
✔ B5 dated groups retain moves and same-day cancellations, require current class versions and end group-leader duties (562.533737ms)
✔ B5 position holders serialize and remain valid conduct sources; locked source history cannot be shortened (553.345277ms)
✔ B5 seating validates effective enrollment and unique seats, preserves dated revisions and denies subject-only reads (637.352742ms)
✔ B2/B5 a transfer closes dated groups/positions and retains cancelled future plans atomically (387.044011ms)
✔ B5 timetable materializes bounded future lessons, publishes child-only projections and preserves past/source history (772.56266ms)
✔ B5 timetable rejects teacher/room collisions and revoked assignments, skips holidays and revalidates source versions (993.47387ms)
✔ B5 duties publish only individual tasks, reject foreign enrollment and retain immutable publication/withdraw history (447.549673ms)
✔ B5 group duties expand the effective group at publication and retain the individual targets after later moves (662.190029ms)
✔ B5 activities count only explicit participants, preserve published states and require current source/review authority (945.511441ms)
✔ B5 approved activity results are explicit conduct sources and locked approved facts protect their source history (403.129375ms)
✔ B5 evidence stays private until review and publication; parent documents remain child-bound and filter file availability (5797.684388ms)
✔ B5 class announcements retain immutable publication across edits, bind one recipient and reject foreign class reads (2109.296456ms)
✔ B5 public school announcements sanitize content and keep draft/private replacements out of the public projection (2096.762915ms)
✔ B5 scheduled announcements wait for their due time, publish once through a worker and safely replay after an acknowledgement loss (1327.47596ms)
✔ B5 scheduled publication rechecks the creator grant and reports a failed queue without exposing a parent snapshot (1411.411352ms)
✔ B5 announcement attachments remain private to one child, obey link download rights and disappear when archived or withdrawn (1375.938405ms)
✔ B5 school settings persist with version guards, affect only new link expiry and suppress work contacts without changing old link permissions (982.413633ms)
✔ B5 disabling homeroom publication takes effect inside existing sessions and restores only after an explicit setting change (756.502395ms)
✔ B3 configured second approval rejects self approval in API and SQL, while a different scoped approver permits atomic adjustment (636.940299ms)
✔ B5 personal notifications paginate across actual memberships, deduplicate publication events and deny foreign recipients and cross-user cursors (1199.588274ms)
✔ B5 withdrawn announcements redact retained staff notifications instead of exposing a stale published target (10485.789159ms)
✔ B5 dashboards count real scoped rows, keep homeroom and subject tasks separate and immediately recheck revocation (7249.20685ms)
✔ B5 teacher schedule is own dated teaching and announcement feed reads only current publications across draft edits (2263.277992ms)
✔ B5 dashboard attendance counters and publication tasks follow persisted marks, publish/withdraw and current school policy (1006.042247ms)
✔ B2 platform creates only metadata drafts, bootstraps admin roles/invitations and requires an active administrator for activation (1677.032418ms)
✔ B5 platform settings and operation records persist actual state, redact artifacts and reauthorize command replays (2706.921108ms)
✔ B1 platform admin invitations obey operator expiry ceilings and acceptance rolls back after authority expires (127.953841ms)
✔ B5 support tickets persist both sides, preserve queue states and exact timestamp pagination, and deny other schools (305.645408ms)
✔ B1 support requests require independent current school consent, retain immutable scope and bind tickets/classes/actions/time (256.456651ms)
✔ B1 explicitly selected support grants authorize only scoped metadata GETs, audit the actual operator and force read-only SQL (238.811585ms)
✔ B1 school-wide support metadata never exposes import rows/downloads and expires without fallback to operator privileges (3477.45399ms)
✔ B1 an operator who also has school-admin rights still cannot self-approve or combine selected support scope with ordinary rights (180.707695ms)
✔ B5 signed native keysets cross a nullable sort boundary without dropping or repeating persisted schools (5986.184659ms)
✔ B5 report SQL uses real scoped counts and immutable CSV export content while live attendance changes (2548.076151ms)
✔ B5 published report exports pin revisions across replacement and withdrawal without exposing drafts (2503.524833ms)
✔ B5 export XLSX/PDF are actual files with literal formula text, Vietnamese font and private download authorization (972.675728ms)
✔ B5 subject reports remain own lesson attendance and scoped activities without school/family/conduct/export access (1428.2305ms)
✔ B5 export workers and all file paths reauthorize revocation, expiry and cancellation, and replay completed work safely (943.640335ms)
✔ B5 conduct/activity/progress/link reports use actual pinned scores, explicit participant denominators and anonymous link use (953.890152ms)
✔ B6 organization display fields persist with versions and tenant-safe references instead of being silently ignored (467.605366ms)
✔ B6 year wizard creates bounded terms, weeks, published holidays and independent draft rules atomically and idempotently (647.277383ms)
✔ B6 class form assigns homeroom atomically, denies foreign/backdated inputs, requires handover and preserves archived history (888.73156ms)
✔ B6 organization projections scope counts in SQL and a year-only grant cannot copy or publish rules (5024.053354ms)
✔ B6 purpose-bound form pickers use current write authority, exclude contacts/roles/counts and deny normal directory access (1330.759345ms)
✔ B6 rollover preview uses exact end-year enrollment, minimal workflow authority and immediate revocation (1590.519039ms)
✔ B6 platform school wizard creates its optional admin invitation atomically and redacts form metadata (4587.110637ms)
✔ B6 platform school form readers never lend admin or read authority to a create-only operator (168.136242ms)
✔ B6 school overview keeps current scoped totals, actual setup and publication metadata without lending school-wide reads (6440.01999ms)
✔ B6 support choices/counts are scoped SQL metadata, ticket message/status save atomically and an operator only relinquishes its own grant (744.818023ms)
✔ B6 platform audit filters exact actors and whole local date boundaries before pagination and denies school-only staff (112.3532ms)
✔ B6 school support metadata does not borrow consent authority, counts in SQL and rechecks permission before replay (486.464641ms)
✔ B6 school audit uses the school timezone and exact SQL filters with tenant-safe history options (271.568349ms)
✔ B6 operational probes use worker-only cycle evidence, actual backup records and purpose-bound aggregate authority (1634.380675ms)
✔ B6 atomic school-role replacement retains expiry/class scopes, detects independent grants and rolls back all failures (423.909759ms)
✔ B6 school-role replacement prevents self edits, last-admin removal, ceiling/expiry breaches and unauthorized cached replay (362.232465ms)
✔ B6 ending a membership revokes all current/future grants and assignments without deleting history or other schools (500.493091ms)
✔ B6 native school invitations persist all roles/profile, replay once and accept multiple or zero grants atomically (331.53195ms)
✔ B6 zero-role invitation still rechecks current inviter membership and mail authority before acceptance (182.938098ms)
✔ B6 expired staff invitations cannot be revoked as pending or delivered, and preserve their history (166.808691ms)
✔ B6 staff directory combines authorized pending invitations in SQL, searches folded work data and counts before keysets (490.592139ms)
✔ B6 directory read does not lend invitation, role catalog, assignment or export authority and revocation invalidates opaque scope cursors (352.692811ms)
✔ B6 Vietnamese composite keysets preserve given/full-name order, case/diacritic ties and nullable departments in both directions (533.167083ms)
✔ B6 locked identities keep their directory lifecycle but have no effective grants, and active KPI does not fabricate access (189.669334ms)
✔ B6 member details return real coarse other-school counts and work contacts without opening another tenant (306.842245ms)
✔ B6 member aggregate checks current school authority, target membership and SQL role before returning any count (271.364582ms)
✔ B6 member effective permissions and assignment history follow native grant time, membership, identity and assignment dates (639.006886ms)
✔ B6 member role choices respect action-specific delegation expiry without borrowing a role catalog (315.392108ms)
✔ B6 member history filters member, assignment and grant events before counting/keysets, with independent audit authority (517.50127ms)
✔ B6 personal notifications traverse more than 100 real own memberships without truncating global totals or opaque pages (25222.70025ms)
✔ B6 assignment preview is read-only, uses school-local instants and preserves displayed source versions before saving (846.258609ms)
✔ B6 assignment preview compares exact subject scopes, rejects overlapping windows and rechecks expired delegation on repeated POST (1330.942937ms)
✔ B6 assignment preview detects source member changes, rejects malformed/foreign proposals and advertises future/configured publication timing (765.957977ms)
✔ B6 assignment matrix returns actual nullable cells and minimal work names under independent assignment-read authority (941.883419ms)
✔ B6 assignment matrix keeps an unconfigured year explicit and archived display reference separate from authority (705.632189ms)
✔ B6 role metadata keeps native scopes and real counts without lending member/audit access or treating custom class grants as assignments (849.895924ms)
✔ B6 role details show only independently authorized holders/history and save scoped deltas with a displayed version (3405.619612ms)
✔ B6 future held roles and immutable system templates cannot be edited by their holder (814.095294ms)
✔ B6 editing live roles cannot expand permissions beyond the current editor expiry ceiling (886.261995ms)
✔ B6 handover preview reads real current source/counts under purpose authority without member, family or role catalog access (950.352368ms)
✔ B6 handover applies exactly once with school-local cutoffs, durable receipts, own-actor recovery and preserved source authorship (1955.782456ms)
✔ B6 changed handover sources fail before submission or application and require an explicit review of the same pending receipt (2282.669598ms)
✔ B6 open-item changes invalidate handover review and linked source grants are never extended at the cutoff (1930.612256ms)
✔ B6 handover receipts remain actor/school bound, recheck delegation and deny immutable-source replacement (877.872858ms)
✔ B6 student creation allocates actual codes and atomically retains enrollment, gender and a separate unverified guardian (250.541179ms)
✔ B6 student form failures roll back every row and optional contacts require independent current authority on replay (385.38273ms)
✔ B6 student edits retain displayed versions and never replay internal notes after private profile authority is revoked (333.109635ms)
✔ B6 student unknown historic gender remains null and invalid gender/guardian state cannot be fabricated (166.530837ms)
✔ B6 real CSV gender mapping normalizes supported values, preserves unmapped sources and retains invalid rows (3423.44063ms)
✔ B6 native student directory applies Vietnamese keysets, exact SQL filters and minimal selected identifiers (503.63921ms)
✔ B6 native student projections separate school roster authority from family, note and link authority in the same session (383.41242ms)
✔ B6 archived student history uses an explicit included date and stored group, position and teacher sources (228.473783ms)
✔ B6 subject pupil projection remains minimal and class history cannot retain family access after enrollment ends (372.535554ms)
✖ B6 pupil link metadata reflects real events, bounded recent history and revocation without returning reusable secrets (162.443859ms)
ℹ tests 137
ℹ suites 0
ℹ pass 136
ℹ fail 1
ℹ cancelled 0
ℹ skipped 0
ℹ todo 0
ℹ duration_ms 243081.371456

✖ failing tests:

test at tests/integration/foundation.test.mjs:2578:1
✖ B6 pupil link metadata reflects real events, bounded recent history and revocation without returning reusable secrets (162.443859ms)
  AssertionError [ERR_ASSERTION]: {"type":"urn:edumanage:problem:validation_error","title":"VALIDATION_ERROR","status":422,"code":"VALIDATION_ERROR","requestId":"6688be37-162e-44aa-9700-2efdae588f42","fieldErrors":[{"path":"/","code":"required","message":"Dữ liệu không hợp lệ"}]}

  422 !== 200

      at TestContext.<anonymous> (file:///srv/api/tests/integration/foundation.test.mjs:2580:122)
      at process.processTicksAndRejections (node:internal/process/task_queues:104:5)
      at async Test.run (node:internal/test_runner/test:1409:7)
      at async Test.processPendingSubtests (node:internal/test_runner/test:974:7) {
    generatedMessage: false,
    code: 'ERR_ASSERTION',
    actual: 422,
    expected: 200,
    operator: 'strictEqual',
    diff: 'simple'
  }
