✔ all operation IDs are unique, including the explicit rollover preview extension (1.0776ms)
✔ login rejects spoofed role, school and unknown fields (2.619ms)
✔ private user DTO rejects secrets and unknown properties (5.1508ms)
✔ school overview accepts explicit unavailable panels and rejects private directory fields (23.6046ms)
✔ announcement HTML retains paragraph/list formatting while dropping executable markup, URLs and tracking resources (3.3744ms)
✔ grant action and class scope stay together (0.8137ms)
✔ subject grants never authorize management without explicit subject policy (0.1458ms)
✔ end dates are exclusive and assignment is mandatory for default teacher grants (0.1204ms)
✔ a custom class grant authorizes only its delegated action and class (0.1327ms)
✔ a delegated grant cannot outlive an expiring authority, including an unbounded target or future start (0.1677ms)
✔ decimal scoring preserves fractional sums, negative penalties, explicit base, clamps and threshold boundaries (3.6374ms)
✔ fixed deltas reject overrides and manual deltas require bounds (0.388ms)
✔ XLSX parser bounds sparse dimensions and rejects formulas before workbook allocation (89.4516ms)
ℹ tests 13
ℹ suites 0
ℹ pass 13
ℹ fail 0
ℹ cancelled 0
ℹ skipped 0
ℹ todo 0
ℹ duration_ms 438.0067
