 Container edumanage_backend_test-postgres-1 Running 
 Container edumanage_backend_test-postgres-1 Waiting 
 Container edumanage_backend_test-postgres-1 Healthy 
 Container edumanage_backend_test-runner-run-134ebc50dd69 Creating 
 Container edumanage_backend_test-runner-run-134ebc50dd69 Created 
✔ B5 all 264 supplied operations and explicit frontend workflow extensions have registered real handlers (375.911575ms)
✔ BE01 migration replay is a no-op, mismatch fails and metadata remains intact (56.596661ms)
✔ BE02 cross-school enrollment FK rejects write using the real runtime role (10.02761ms)
✔ BE03 no-tenant denies and SET LOCAL cannot leak across a reused connection (4.039129ms)
✔ BE04 bootstrap only exposes the authenticated user memberships without tenant (3.948985ms)
✔ BE05 HOMEROOM A plus SUBJECT B cannot authorize seating or guardians in B (192.587732ms)
✔ BE06 revoked membership is checked during an existing session and B stays independent (50.876537ms)
✔ B6 self context carries only own current duties and separates self-profile from school contacts (565.03891ms)
✔ BE08 CSRF, credential validation, cookie flags, session rotation and rate limiting (120.942361ms)
✔ BE10 concurrent profile patches serialize with a single version winner (54.053242ms)
✔ B6 password/session commands use actual cookies, reject bad passwords and revoke every session after change (330.145972ms)
{"checkpoint":"parent-without-context","queryMs":5.171,"planExecutionMs":0.017,"planRows":0}
✔ BE21 parent runtime role cannot select raw student rows (15.026305ms)
✔ B0 health ready checks actual migrations, database and private storage (19.27505ms)
✔ B2 class lists use SQL scope and cross-school details deny before serialization (196.481922ms)
✔ BE09 idempotent organization create/retry/concurrency performs one write (72.397151ms)
✔ B2 required idempotency, class capacity/reference validation and version conflicts (119.197461ms)
✔ B2 signed cursor rejects scope/filter modification and delivers distinct pages (1585.906153ms)
✔ B2 subject student projection omits family/internal notes and denies guardians (250.86338ms)
✔ B2 guardian create does not merge matching phone, relationships start unverified (110.83662ms)
✔ BE07 existing identity invitation requires its session and preserves password/other school (229.839541ms)
✔ B1 password reset token is encrypted, single-use and revokes all prior sessions (135.651623ms)
✔ B2 staff delegation stays within the ceiling, custom class scope and immediate revocation (579.908668ms)
✔ B2 transfers serialize capacity, handover removes the old teacher and rollover binds its preview (915.337573ms)
✔ B2 scoped guardian creation cannot acquire an unrelated family through relationship IDs (288.93029ms)
✔ B2/B5 uploads remain private until worker processing, leases serialize and local mail erases encrypted secrets (11080.733255ms)
✔ B2 imports parse real CSV, bind stale previews, avoid name/phone merges and retain invalid rows safely (3438.817912ms)
✔ B2/B5 timetable import checks assignments and overlapping slots, creates only a draft and deduplicates retries (2107.609081ms)
✔ B2 imports update only verified codes, create class drafts and staff invitations with work profiles (5299.415746ms)
✔ B2 large import resumes after a lost chunk without duplicating applied rows and checks current school authority (3997.751732ms)
✔ B3 attendance starts unmarked, versions every source change and publishes immutable one-student projections (489.098026ms)
✔ B3 subject attendance requires its actual lesson and cannot borrow daily access from another class (350.052168ms)
✔ B3 a simultaneous attendance edit and publish has one winner and never publishes a mixed source version (178.973898ms)
✔ B3 rule sets require explicit points, immutable issuance and effective week application (964.884321ms)
✔ B3 conduct reviews preserve facts, lock READY projections and publish only the exact pinned source (665.082356ms)
✔ B3 conduct linked attendance detects stale sources and subject teachers see only their own lesson facts (674.398759ms)
✔ B3 approved adjustments retain old facts and atomically replace the current publication with a reviewed preview (448.196699ms)
✔ B3 a simultaneous conduct record and lock/publish has one source winner (222.389744ms)
✔ B3 attendance linkage deduplicates, excludes corrected drafts and leaves locked scores unchanged with explicit warnings (399.848496ms)
✔ B4 private parent links expose only published child projections, preserve staff cookies and bind the active tab context (851.900305ms)
✔ B4 section/download rights, reissue, relationship revocation and foreign UUIDs are checked on each new parent request (447.888681ms)
✔ B4 private documents stream only with both download rights, and teacher contact projections use shared work fields (576.88691ms)
✔ B4 expired links, suspended schools, CSRF and exchange throttles deny without creating a parent identity (426.996484ms)
✔ B1 delegated grants and invitation acceptance stay inside the current expiry ceiling; backdated assignments require a reason (254.791442ms)
✔ B2 shrinking class capacity checks planned future occupancy peaks, rather than only today (108.947279ms)
✔ B5 dated groups retain moves and same-day cancellations, require current class versions and end group-leader duties (475.845152ms)
✔ B5 position holders serialize and remain valid conduct sources; locked source history cannot be shortened (412.033257ms)
✔ B5 seating validates effective enrollment and unique seats, preserves dated revisions and denies subject-only reads (538.438343ms)
✔ B2/B5 a transfer closes dated groups/positions and retains cancelled future plans atomically (334.984429ms)
✔ B5 timetable materializes bounded future lessons, publishes child-only projections and preserves past/source history (625.171248ms)
✔ B5 timetable rejects teacher/room collisions and revoked assignments, skips holidays and revalidates source versions (882.794195ms)
✔ B5 duties publish only individual tasks, reject foreign enrollment and retain immutable publication/withdraw history (393.632535ms)
✔ B5 group duties expand the effective group at publication and retain the individual targets after later moves (607.941091ms)
✔ B5 activities count only explicit participants, preserve published states and require current source/review authority (851.620396ms)
✔ B5 approved activity results are explicit conduct sources and locked approved facts protect their source history (348.39663ms)
✔ B5 evidence stays private until review and publication; parent documents remain child-bound and filter file availability (1346.241582ms)
✔ B5 class announcements retain immutable publication across edits, bind one recipient and reject foreign class reads (1619.833643ms)
✔ B5 public school announcements sanitize content and keep draft/private replacements out of the public projection (1439.416814ms)
✔ B5 scheduled announcements wait for their due time, publish once through a worker and safely replay after an acknowledgement loss (1133.261005ms)
✔ B5 scheduled publication rechecks the creator grant and reports a failed queue without exposing a parent snapshot (1248.577908ms)
✔ B5 announcement attachments remain private to one child, obey link download rights and disappear when archived or withdrawn (1222.028024ms)
✖ B5 school settings persist with version guards, affect only new link expiry and suppress work contacts without changing old link permissions (710.896281ms)
✔ B5 disabling homeroom publication takes effect inside existing sessions and restores only after an explicit setting change (675.03291ms)
✔ B3 configured second approval rejects self approval in API and SQL, while a different scoped approver permits atomic adjustment (515.715107ms)
✔ B5 personal notifications paginate across actual memberships, deduplicate publication events and deny foreign recipients and cross-user cursors (909.281683ms)
✔ B5 withdrawn announcements redact retained staff notifications instead of exposing a stale published target (1093.807633ms)
✔ B5 dashboards count real scoped rows, keep homeroom and subject tasks separate and immediately recheck revocation (5742.063159ms)
✔ B5 teacher schedule is own dated teaching and announcement feed reads only current publications across draft edits (1648.677526ms)
✔ B5 dashboard attendance counters and publication tasks follow persisted marks, publish/withdraw and current school policy (819.215455ms)
✔ B2 platform creates only metadata drafts, bootstraps admin roles/invitations and requires an active administrator for activation (811.272363ms)
✔ B5 platform settings and operation records persist actual state, redact artifacts and reauthorize command replays (667.887356ms)
✔ B1 platform admin invitations obey operator expiry ceilings and acceptance rolls back after authority expires (114.191719ms)
✔ B5 support tickets persist both sides, preserve queue states and exact timestamp pagination, and deny other schools (290.683962ms)
✔ B1 support requests require independent current school consent, retain immutable scope and bind tickets/classes/actions/time (226.069664ms)
✔ B1 explicitly selected support grants authorize only scoped metadata GETs, audit the actual operator and force read-only SQL (211.262956ms)
✔ B1 school-wide support metadata never exposes import rows/downloads and expires without fallback to operator privileges (3424.445085ms)
✔ B1 an operator who also has school-admin rights still cannot self-approve or combine selected support scope with ordinary rights (168.254092ms)
✔ B5 signed native keysets cross a nullable sort boundary without dropping or repeating persisted schools (1360.879503ms)
✔ B5 report SQL uses real scoped counts and immutable CSV export content while live attendance changes (687.972709ms)
✔ B5 published report exports pin revisions across replacement and withdrawal without exposing drafts (759.894403ms)
✔ B5 export XLSX/PDF are actual files with literal formula text, Vietnamese font and private download authorization (869.452062ms)
✔ B5 subject reports remain own lesson attendance and scoped activities without school/family/conduct/export access (184.366075ms)
✔ B5 export workers and all file paths reauthorize revocation, expiry and cancellation, and replay completed work safely (656.623172ms)
✔ B5 conduct/activity/progress/link reports use actual pinned scores, explicit participant denominators and anonymous link use (708.072525ms)
✔ B6 organization display fields persist with versions and tenant-safe references instead of being silently ignored (324.555402ms)
✔ B6 year wizard creates bounded terms, weeks, published holidays and independent draft rules atomically and idempotently (456.527307ms)
✔ B6 class form assigns homeroom atomically, denies foreign/backdated inputs, requires handover and preserves archived history (611.028995ms)
✔ B6 organization projections scope counts in SQL and a year-only grant cannot copy or publish rules (4878.383412ms)
✔ B6 purpose-bound form pickers use current write authority, exclude contacts/roles/counts and deny normal directory access (1834.718563ms)
✔ B6 rollover preview uses exact end-year enrollment, minimal workflow authority and immediate revocation (475.101978ms)
✔ B6 platform school wizard creates its optional admin invitation atomically and redacts form metadata (1275.510655ms)
✔ B6 platform school form readers never lend admin or read authority to a create-only operator (162.756896ms)
✔ B6 school overview keeps current scoped totals, actual setup and publication metadata without lending school-wide reads (4884.410975ms)
✔ B6 support choices/counts are scoped SQL metadata, ticket message/status save atomically and an operator only relinquishes its own grant (284.575354ms)
✔ B6 platform audit filters exact actors and whole local date boundaries before pagination and denies school-only staff (108.99186ms)
✖ B6 school support metadata does not borrow consent authority, counts in SQL and rechecks permission before replay (398.875266ms)
✖ B6 school audit uses the school timezone and exact SQL filters with tenant-safe history options (42.094378ms)
✔ B6 operational probes use worker-only cycle evidence, actual backup records and purpose-bound aggregate authority (544.912937ms)
ℹ tests 97
ℹ suites 0
ℹ pass 94
ℹ fail 3
ℹ cancelled 0
ℹ skipped 0
ℹ todo 0
ℹ duration_ms 93037.011959

✖ failing tests:

test at tests/integration/foundation.test.mjs:1424:1
✖ B5 school settings persist with version guards, affect only new link expiry and suppress work contacts without changing old link permissions (710.896281ms)
  AssertionError [ERR_ASSERTION]: Expected values to be strictly equal:
  
  true !== false
  
      at TestContext.<anonymous> (file:///srv/api/tests/integration/foundation.test.mjs:1440:259)
      at process.processTicksAndRejections (node:internal/process/task_queues:104:5)
      at async Test.run (node:internal/test_runner/test:1409:7)
      at async Test.processPendingSubtests (node:internal/test_runner/test:974:7) {
    generatedMessage: true,
    code: 'ERR_ASSERTION',
    actual: true,
    expected: false,
    operator: 'strictEqual',
    diff: 'simple'
  }

test at tests/integration/foundation.test.mjs:2010:1
✖ B6 school support metadata does not borrow consent authority, counts in SQL and rechecks permission before replay (398.875266ms)
  AssertionError [ERR_ASSERTION]: {"type":"urn:edumanage:problem:audit_choice_limit","title":"AUDIT_CHOICE_LIMIT","status":422,"code":"AUDIT_CHOICE_LIMIT","requestId":"dcdc3335-5213-43a5-aa47-cb87e7dfd8e3"}
  
  422 !== 200
  
      at TestContext.<anonymous> (file:///srv/api/tests/integration/foundation.test.mjs:2019:69)
      at process.processTicksAndRejections (node:internal/process/task_queues:104:5)
      at async Test.run (node:internal/test_runner/test:1409:7)
      at async Test.processPendingSubtests (node:internal/test_runner/test:974:7) {
    generatedMessage: false,
    code: 'ERR_ASSERTION',
    actual: 422,
    expected: 200,
    operator: 'strictEqual',
    diff: 'simple'
  }

test at tests/integration/foundation.test.mjs:2030:1
✖ B6 school audit uses the school timezone and exact SQL filters with tenant-safe history options (42.094378ms)
  error: Timezone cannot change after academic years exist
      at /srv/api/node_modules/pg-pool/index.js:45:11
      at process.processTicksAndRejections (node:internal/process/task_queues:104:5)
      at async TestContext.<anonymous> (file:///srv/api/tests/integration/foundation.test.mjs:2035:3)
      at async Test.run (node:internal/test_runner/test:1409:7)
      at async Test.processPendingSubtests (node:internal/test_runner/test:974:7) {
    length: 179,
    severity: 'ERROR',
    code: '23514',
    detail: undefined,
    hint: undefined,
    position: undefined,
    internalPosition: undefined,
    internalQuery: undefined,
    where: 'PL/pgSQL function platform.guard_school_timezone() line 5 at RAISE',
    schema: undefined,
    table: undefined,
    column: undefined,
    dataType: undefined,
    constraint: undefined,
    file: 'pl_exec.c',
    line: '3897',
    routine: 'exec_stmt_raise'
  }

