 Container edumanage_backend_test-postgres-1 Running
 Container edumanage_backend_test-postgres-1 Waiting
 Container edumanage_backend_test-postgres-1 Healthy
 Container edumanage_backend_test-runner-run-1d33cad4e56a Creating
 Container edumanage_backend_test-runner-run-1d33cad4e56a Created
✔ B5 all 264 supplied operations and explicit frontend workflow extensions have registered real handlers (415.012986ms)
✔ BE01 migration replay is a no-op, mismatch fails and metadata remains intact (65.545772ms)
✔ BE02 cross-school enrollment FK rejects write using the real runtime role (14.679614ms)
✔ BE03 no-tenant denies and SET LOCAL cannot leak across a reused connection (4.946059ms)
✔ BE04 bootstrap only exposes the authenticated user memberships without tenant (6.292695ms)
✔ BE05 HOMEROOM A plus SUBJECT B cannot authorize seating or guardians in B (1605.623034ms)
✔ BE06 revoked membership is checked during an existing session and B stays independent (42.753872ms)
✔ B6 self context carries only own current duties and separates self-profile from school contacts (2899.156125ms)
✔ BE08 CSRF, credential validation, cookie flags, session rotation and rate limiting (108.487664ms)
✔ BE10 concurrent profile patches serialize with a single version winner (54.094971ms)
✔ B6 password/session commands use actual cookies, reject bad passwords and revoke every session after change (343.045374ms)
{"checkpoint":"parent-without-context","queryMs":5.909,"planExecutionMs":0.016,"planRows":0}
✔ BE21 parent runtime role cannot select raw student rows (16.531867ms)
✔ B0 health ready checks actual migrations, database and private storage (27.394706ms)
✔ B2 class lists use SQL scope and cross-school details deny before serialization (219.700293ms)
✔ BE09 idempotent organization create/retry/concurrency performs one write (79.290702ms)
✔ B2 required idempotency, class capacity/reference validation and version conflicts (139.049375ms)
✔ B2 signed cursor rejects scope/filter modification and delivers distinct pages (2848.903908ms)
✔ B2 subject student projection omits family/internal notes and denies guardians (338.823761ms)
✔ B2 guardian create does not merge matching phone, relationships start unverified (115.943392ms)
✔ BE07 existing identity invitation requires its session and preserves password/other school (1492.265254ms)
✔ B1 password reset token is encrypted, single-use and revokes all prior sessions (143.953058ms)
✔ B2 staff delegation stays within the ceiling, custom class scope and immediate revocation (795.583736ms)
✔ B2 transfers serialize capacity, handover removes the old teacher and rollover binds its preview (1544.408562ms)
✔ B2 scoped guardian creation cannot acquire an unrelated family through relationship IDs (342.285918ms)
✔ B2/B5 uploads remain private until worker processing, leases serialize and local mail erases encrypted secrets (58881.581067ms)
✔ B2 imports parse real CSV, bind stale previews, avoid name/phone merges and retain invalid rows safely (4823.026668ms)
✔ B2/B5 timetable import checks assignments and overlapping slots, creates only a draft and deduplicates retries (2829.580845ms)
✔ B2 imports update only verified codes, create class drafts and staff invitations with work profiles (6865.933605ms)
✔ B2 large import resumes after a lost chunk without duplicating applied rows and checks current school authority (4932.271054ms)
✔ B3 attendance starts unmarked, versions every source change and publishes immutable one-student projections (493.268039ms)
✔ B3 subject attendance requires its actual lesson and cannot borrow daily access from another class (423.624185ms)
✔ B3 a simultaneous attendance edit and publish has one winner and never publishes a mixed source version (180.532075ms)
✔ B3 rule sets require explicit points, immutable issuance and effective week application (385.18457ms)
✔ B3 conduct reviews preserve facts, lock READY projections and publish only the exact pinned source (838.91216ms)
✔ B3 conduct linked attendance detects stale sources and subject teachers see only their own lesson facts (904.054367ms)
✔ B3 approved adjustments retain old facts and atomically replace the current publication with a reviewed preview (513.718621ms)
✔ B3 a simultaneous conduct record and lock/publish has one source winner (257.759723ms)
✔ B3 attendance linkage deduplicates, excludes corrected drafts and leaves locked scores unchanged with explicit warnings (553.312816ms)
✔ B4 private parent links expose only published child projections, preserve staff cookies and bind the active tab context (934.918397ms)
✔ B4 section/download rights, reissue, relationship revocation and foreign UUIDs are checked on each new parent request (538.620864ms)
✔ B4 private documents stream only with both download rights, and teacher contact projections use shared work fields (667.235736ms)
✔ B4 expired links, suspended schools, CSRF and exchange throttles deny without creating a parent identity (474.654993ms)
✔ B1 delegated grants and invitation acceptance stay inside the current expiry ceiling; backdated assignments require a reason (308.313262ms)
✔ B2 shrinking class capacity checks planned future occupancy peaks, rather than only today (119.524314ms)
✔ B5 dated groups retain moves and same-day cancellations, require current class versions and end group-leader duties (553.845531ms)
✔ B5 position holders serialize and remain valid conduct sources; locked source history cannot be shortened (492.534995ms)
✔ B5 seating validates effective enrollment and unique seats, preserves dated revisions and denies subject-only reads (619.255898ms)
✔ B2/B5 a transfer closes dated groups/positions and retains cancelled future plans atomically (385.830175ms)
✔ B5 timetable materializes bounded future lessons, publishes child-only projections and preserves past/source history (745.540995ms)
✔ B5 timetable rejects teacher/room collisions and revoked assignments, skips holidays and revalidates source versions (999.545869ms)
✔ B5 duties publish only individual tasks, reject foreign enrollment and retain immutable publication/withdraw history (442.797088ms)
✔ B5 group duties expand the effective group at publication and retain the individual targets after later moves (664.074341ms)
✔ B5 activities count only explicit participants, preserve published states and require current source/review authority (969.87206ms)
✔ B5 approved activity results are explicit conduct sources and locked approved facts protect their source history (416.996731ms)
✔ B5 evidence stays private until review and publication; parent documents remain child-bound and filter file availability (6759.489638ms)
✔ B5 class announcements retain immutable publication across edits, bind one recipient and reject foreign class reads (4409.271995ms)
✔ B5 public school announcements sanitize content and keep draft/private replacements out of the public projection (2013.414461ms)
✔ B5 scheduled announcements wait for their due time, publish once through a worker and safely replay after an acknowledgement loss (1299.464371ms)
✔ B5 scheduled publication rechecks the creator grant and reports a failed queue without exposing a parent snapshot (1429.885425ms)
✔ B5 announcement attachments remain private to one child, obey link download rights and disappear when archived or withdrawn (1341.60381ms)
✔ B5 school settings persist with version guards, affect only new link expiry and suppress work contacts without changing old link permissions (920.81583ms)
✔ B5 disabling homeroom publication takes effect inside existing sessions and restores only after an explicit setting change (792.46583ms)
✔ B3 configured second approval rejects self approval in API and SQL, while a different scoped approver permits atomic adjustment (585.837392ms)
✔ B5 personal notifications paginate across actual memberships, deduplicate publication events and deny foreign recipients and cross-user cursors (1180.67599ms)
✔ B5 withdrawn announcements redact retained staff notifications instead of exposing a stale published target (11923.646875ms)
✔ B5 dashboards count real scoped rows, keep homeroom and subject tasks separate and immediately recheck revocation (7459.516794ms)
✔ B5 teacher schedule is own dated teaching and announcement feed reads only current publications across draft edits (2347.58753ms)
✔ B5 dashboard attendance counters and publication tasks follow persisted marks, publish/withdraw and current school policy (2924.968753ms)
✔ B2 platform creates only metadata drafts, bootstraps admin roles/invitations and requires an active administrator for activation (2860.009916ms)
✔ B5 platform settings and operation records persist actual state, redact artifacts and reauthorize command replays (3269.198426ms)
✔ B1 platform admin invitations obey operator expiry ceilings and acceptance rolls back after authority expires (119.368169ms)
✔ B5 support tickets persist both sides, preserve queue states and exact timestamp pagination, and deny other schools (315.102889ms)
✔ B1 support requests require independent current school consent, retain immutable scope and bind tickets/classes/actions/time (271.74535ms)
✔ B1 explicitly selected support grants authorize only scoped metadata GETs, audit the actual operator and force read-only SQL (240.768539ms)
✔ B1 school-wide support metadata never exposes import rows/downloads and expires without fallback to operator privileges (3505.223333ms)
✔ B1 an operator who also has school-admin rights still cannot self-approve or combine selected support scope with ordinary rights (186.355381ms)
✔ B5 signed native keysets cross a nullable sort boundary without dropping or repeating persisted schools (6886.653064ms)
✔ B5 report SQL uses real scoped counts and immutable CSV export content while live attendance changes (2484.754003ms)
✔ B5 published report exports pin revisions across replacement and withdrawal without exposing drafts (2592.472379ms)
✔ B5 export XLSX/PDF are actual files with literal formula text, Vietnamese font and private download authorization (2248.363691ms)
✔ B5 subject reports remain own lesson attendance and scoped activities without school/family/conduct/export access (1805.108278ms)
✔ B5 export workers and all file paths reauthorize revocation, expiry and cancellation, and replay completed work safely (1810.987938ms)
✔ B5 conduct/activity/progress/link reports use actual pinned scores, explicit participant denominators and anonymous link use (1838.605471ms)
✔ B6 organization display fields persist with versions and tenant-safe references instead of being silently ignored (1097.3642ms)
✔ B6 year wizard creates bounded terms, weeks, published holidays and independent draft rules atomically and idempotently (1596.047117ms)
✔ B6 class form assigns homeroom atomically, denies foreign/backdated inputs, requires handover and preserves archived history (1503.30717ms)
✔ B6 organization projections scope counts in SQL and a year-only grant cannot copy or publish rules (5136.936294ms)
✔ B6 purpose-bound form pickers use current write authority, exclude contacts/roles/counts and deny normal directory access (361.735749ms)
✔ B6 rollover preview uses exact end-year enrollment, minimal workflow authority and immediate revocation (552.311807ms)
✔ B6 platform school wizard creates its optional admin invitation atomically and redacts form metadata (5595.144498ms)
✔ B6 platform school form readers never lend admin or read authority to a create-only operator (166.702726ms)
✔ B6 school overview keeps current scoped totals, actual setup and publication metadata without lending school-wide reads (6509.609816ms)
✔ B6 support choices/counts are scoped SQL metadata, ticket message/status save atomically and an operator only relinquishes its own grant (320.403344ms)
✔ B6 platform audit filters exact actors and whole local date boundaries before pagination and denies school-only staff (114.139847ms)
✔ B6 school support metadata does not borrow consent authority, counts in SQL and rechecks permission before replay (480.615857ms)
✔ B6 school audit uses the school timezone and exact SQL filters with tenant-safe history options (255.608945ms)
✔ B6 operational probes use worker-only cycle evidence, actual backup records and purpose-bound aggregate authority (1769.536267ms)
✔ B6 atomic school-role replacement retains expiry/class scopes, detects independent grants and rolls back all failures (469.705004ms)
✔ B6 school-role replacement prevents self edits, last-admin removal, ceiling/expiry breaches and unauthorized cached replay (396.308059ms)
✔ B6 ending a membership revokes all current/future grants and assignments without deleting history or other schools (577.042482ms)
✔ B6 native school invitations persist all roles/profile, replay once and accept multiple or zero grants atomically (404.601493ms)
✔ B6 zero-role invitation still rechecks current inviter membership and mail authority before acceptance (230.194429ms)
✔ B6 expired staff invitations cannot be revoked as pending or delivered, and preserve their history (212.51826ms)
✔ B6 staff directory combines authorized pending invitations in SQL, searches folded work data and counts before keysets (620.861397ms)
✔ B6 directory read does not lend invitation, role catalog, assignment or export authority and revocation invalidates opaque scope cursors (412.584082ms)
✔ B6 Vietnamese composite keysets preserve given/full-name order, case/diacritic ties and nullable departments in both directions (587.755635ms)
✔ B6 locked identities keep their directory lifecycle but have no effective grants, and active KPI does not fabricate access (198.40832ms)
✔ B6 member details return real coarse other-school counts and work contacts without opening another tenant (314.262266ms)
✔ B6 member aggregate checks current school authority, target membership and SQL role before returning any count (273.915713ms)
✔ B6 member effective permissions and assignment history follow native grant time, membership, identity and assignment dates (639.202529ms)
✔ B6 member role choices respect action-specific delegation expiry without borrowing a role catalog (318.43941ms)
✔ B6 member history filters member, assignment and grant events before counting/keysets, with independent audit authority (501.83428ms)
✔ B6 personal notifications traverse more than 100 real own memberships without truncating global totals or opaque pages (20085.6555ms)
✔ B6 assignment preview is read-only, uses school-local instants and preserves displayed source versions before saving (502.158508ms)
✔ B6 assignment preview compares exact subject scopes, rejects overlapping windows and rechecks expired delegation on repeated POST (707.966701ms)
✔ B6 assignment preview detects source member changes, rejects malformed/foreign proposals and advertises future/configured publication timing (393.545439ms)
✔ B6 assignment matrix returns actual nullable cells and minimal work names under independent assignment-read authority (475.082247ms)
✔ B6 assignment matrix keeps an unconfigured year explicit and archived display reference separate from authority (310.98446ms)
✔ B6 role metadata keeps native scopes and real counts without lending member/audit access or treating custom class grants as assignments (551.277702ms)
✔ B6 role details show only independently authorized holders/history and save scoped deltas with a displayed version (3661.058066ms)
✔ B6 future held roles and immutable system templates cannot be edited by their holder (315.451119ms)
✔ B6 editing live roles cannot expand permissions beyond the current editor expiry ceiling (295.791711ms)
✔ B6 handover preview reads real current source/counts under purpose authority without member, family or role catalog access (460.589831ms)
✔ B6 handover applies exactly once with school-local cutoffs, durable receipts, own-actor recovery and preserved source authorship (1179.46371ms)
✔ B6 changed handover sources fail before submission or application and require an explicit review of the same pending receipt (1857.088422ms)
✔ B6 open-item changes invalidate handover review and linked source grants are never extended at the cutoff (1555.502755ms)
✔ B6 handover receipts remain actor/school bound, recheck delegation and deny immutable-source replacement (887.306691ms)
✔ B6 student creation allocates actual codes and atomically retains enrollment, gender and a separate unverified guardian (238.676966ms)
✔ B6 student form failures roll back every row and optional contacts require independent current authority on replay (374.350268ms)
✔ B6 student edits retain displayed versions and never replay internal notes after private profile authority is revoked (341.006339ms)
✔ B6 student unknown historic gender remains null and invalid gender/guardian state cannot be fabricated (156.121344ms)
✔ B6 real CSV gender mapping normalizes supported values, preserves unmapped sources and retains invalid rows (3487.980843ms)
✔ B6 native student directory applies Vietnamese keysets, exact SQL filters and minimal selected identifiers (485.973438ms)
✔ B6 native student projections separate school roster authority from family, note and link authority in the same session (369.158231ms)
✔ B6 archived student history uses an explicit included date and stored group, position and teacher sources (232.570482ms)
✔ B6 subject pupil projection remains minimal and class history cannot retain family access after enrollment ends (385.995963ms)
✔ B6 pupil link metadata reflects real events, bounded recent history and revocation without returning reusable secrets (270.583132ms)
✔ B6 an unconfigured school directory returns actual null year context without fabricated class or student data (147.005864ms)
ℹ tests 138
ℹ suites 0
ℹ pass 138
ℹ fail 0
ℹ cancelled 0
ℹ skipped 0
ℹ todo 0
ℹ duration_ms 253784.90823
