
Running 4 tests using 1 worker

(node:31140) Warning: The 'NO_COLOR' env is ignored due to the 'FORCE_COLOR' env being set.
(Use `node --trace-warnings ...` to show where the warning was created)
  x  1 tests\native-ui-contract\teacher-announcements-contract.spec.ts:15:5 › TE05 opens published content and shows read confirmation only after one exact publication acknowledgement (10.6s)
(node:468) Warning: The 'NO_COLOR' env is ignored due to the 'FORCE_COLOR' env being set.
(Use `node --trace-warnings ...` to show where the warning was created)
  x  2 tests\native-ui-contract\teacher-announcements-contract.spec.ts:16:5 › TE05 mobile bulk read sends one atomic command for displayed sources and fits the existing layout (45.1s)
(node:48704) Warning: The 'NO_COLOR' env is ignored due to the 'FORCE_COLOR' env being set.
(Use `node --trace-warnings ...` to show where the warning was created)
  x  3 tests\native-ui-contract\teacher-announcements-contract.spec.ts:17:5 › TE05 source conflict preserves unread state and gives a visible retry without a false success badge (45.2s)
(node:24316) Warning: The 'NO_COLOR' env is ignored due to the 'FORCE_COLOR' env being set.
(Use `node --trace-warnings ...` to show where the warning was created)
  x  4 tests\native-ui-contract\teacher-announcements-contract.spec.ts:18:5 › TE05 an API outage exposes retry and never becomes an empty success list (10.8s)


  1) tests\native-ui-contract\teacher-announcements-contract.spec.ts:15:5 › TE05 opens published content and shows read confirmation only after one exact publication acknowledgement 

    Error: expect(locator).toBeVisible() failed

    Locator: getByText('Thông báo (2 chưa đọc)', { exact: true })
    Expected: visible
    Timeout: 10000ms
    Error: element(s) not found

    Call log:
      - Expect "toBeVisible" getByText('Thông báo (2 chưa đọc)', { exact: true }) with timeout 10000ms
      - waiting for getByText('Thông báo (2 chưa đọc)', { exact: true })


      13 |  s.unexpected.push(path);return r.fulfill({status:503,json:{code:'UNEXPECTED_TEACHER_ANNOUNCEMENT_REQUEST'}});
      14 |  });}
    > 15 | test('TE05 opens published content and shows read confirmation only after one exact publication acknowledgement',async({page})=>{const s=state();await routes(page,s);await page.goto(web);await expect(page.getByText('Thông báo (2 chưa đọc)',{exact:true})).toBeVisible();await page.getByRole('button').filter({hasText:'Thông báo giáo viên API 4'}).click();const dialog=page.getByRole('dialog');await expect(dialog.getByText('Nội dung công bố tiếng Việt cho giáo viên')).toBeVisible();await expect(dialog.getByText('Đã đọc',{exact:true})).toBeVisible();expect(s.posts).toEqual([{sources:[source(4)]}]);await expect(dialog.getByText('Người đăng:')).toHaveCount(0);await page.screenshot({path:`qa/backend/${prefix}-desktop.png`,fullPage:true});await dialog.getByRole('button',{name:'Đóng',exact:true}).click();await page.reload();await expect(page.getByText('Thông báo (1 chưa đọc)',{exact:true})).toBeVisible();expect(s.unexpected).toEqual([]);});
         |                                                                                                                                                                                                                                                                ^
      16 | test('TE05 mobile bulk read sends one atomic command for displayed sources and fits the existing layout',async({page})=>{await page.setViewportSize({width:390,height:844});const s=state();await routes(page,s);await page.goto(web);await page.getByRole('button',{name:'Đánh dấu tất cả đã đọc',exact:true}).click();await expect(page.getByText('Thông báo (0 chưa đọc)',{exact:true})).toBeVisible();expect(s.posts).toEqual([{sources:[source(4),source(5)]}]);expect(await page.evaluate(()=>document.documentElement.scrollWidth<=window.innerWidth)).toBe(true);await page.screenshot({path:`qa/backend/${prefix}-mobile.png`,fullPage:true});expect(s.unexpected).toEqual([]);});
      17 | test('TE05 source conflict preserves unread state and gives a visible retry without a false success badge',async({page})=>{const s=state();s.mode='conflict';await routes(page,s);await page.goto(web);await page.getByRole('button').filter({hasText:'Thông báo giáo viên API 4'}).click();const dialog=page.getByRole('dialog');await expect(dialog.getByText('Chưa xác nhận đã đọc',{exact:true})).toBeVisible();await expect(dialog.getByText('Đã đọc',{exact:true})).toHaveCount(0);await expect(dialog.getByText('Chưa đọc',{exact:true})).toBeVisible();s.mode='ready';await dialog.getByRole('button',{name:'Đánh dấu đã đọc',exact:true}).click();await expect(dialog.getByText('Đã đọc',{exact:true})).toBeVisible();expect(s.unexpected).toEqual([]);});
      18 | test('TE05 an API outage exposes retry and never becomes an empty success list',async({page})=>{const s=state();s.mode='outage';await routes(page,s);await page.goto(web);await expect(page.getByText('Không tải được dữ liệu',{exact:true})).toBeVisible();await expect(page.getByText('Chưa có thông báo',{exact:true})).toHaveCount(0);s.mode='ready';await page.getByRole('button',{name:'Thử lại',exact:true}).click();await expect(page.getByText('Thông báo (2 chưa đọc)',{exact:true})).toBeVisible();expect(s.unexpected).toEqual([]);});
        at D:\Edu\tests\native-ui-contract\teacher-announcements-contract.spec.ts:15:256

    attachment #1: screenshot (image/png) ──────────────────────────────────────────────────────────
    qa\backend\b6-teacher-announcements-browser-artifacts-final\teacher-announcements-cont-319df-publication-acknowledgement\test-failed-1.png
    ────────────────────────────────────────────────────────────────────────────────────────────────

    Error Context: qa\backend\b6-teacher-announcements-browser-artifacts-final\teacher-announcements-cont-319df-publication-acknowledgement\error-context.md

    attachment #3: trace (application/zip) ─────────────────────────────────────────────────────────
    qa\backend\b6-teacher-announcements-browser-artifacts-final\teacher-announcements-cont-319df-publication-acknowledgement\trace.zip
    Usage:

        npx playwright show-trace qa\backend\b6-teacher-announcements-browser-artifacts-final\teacher-announcements-cont-319df-publication-acknowledgement\trace.zip

    ────────────────────────────────────────────────────────────────────────────────────────────────

  2) tests\native-ui-contract\teacher-announcements-contract.spec.ts:16:5 › TE05 mobile bulk read sends one atomic command for displayed sources and fits the existing layout 

    Test timeout of 45000ms exceeded.

    Error: locator.click: Test timeout of 45000ms exceeded.
    Call log:
      - waiting for getByRole('button', { name: 'Đánh dấu tất cả đã đọc', exact: true })


      14 |  });}
      15 | test('TE05 opens published content and shows read confirmation only after one exact publication acknowledgement',async({page})=>{const s=state();await routes(page,s);await page.goto(web);await expect(page.getByText('Thông báo (2 chưa đọc)',{exact:true})).toBeVisible();await page.getByRole('button').filter({hasText:'Thông báo giáo viên API 4'}).click();const dialog=page.getByRole('dialog');await expect(dialog.getByText('Nội dung công bố tiếng Việt cho giáo viên')).toBeVisible();await expect(dialog.getByText('Đã đọc',{exact:true})).toBeVisible();expect(s.posts).toEqual([{sources:[source(4)]}]);await expect(dialog.getByText('Người đăng:')).toHaveCount(0);await page.screenshot({path:`qa/backend/${prefix}-desktop.png`,fullPage:true});await dialog.getByRole('button',{name:'Đóng',exact:true}).click();await page.reload();await expect(page.getByText('Thông báo (1 chưa đọc)',{exact:true})).toBeVisible();expect(s.unexpected).toEqual([]);});
    > 16 | test('TE05 mobile bulk read sends one atomic command for displayed sources and fits the existing layout',async({page})=>{await page.setViewportSize({width:390,height:844});const s=state();await routes(page,s);await page.goto(web);await page.getByRole('button',{name:'Đánh dấu tất cả đã đọc',exact:true}).click();await expect(page.getByText('Thông báo (0 chưa đọc)',{exact:true})).toBeVisible();expect(s.posts).toEqual([{sources:[source(4),source(5)]}]);expect(await page.evaluate(()=>document.documentElement.scrollWidth<=window.innerWidth)).toBe(true);await page.screenshot({path:`qa/backend/${prefix}-mobile.png`,fullPage:true});expect(s.unexpected).toEqual([]);});
         |                                                                                                                                                                                                                                                                                                                 ^
      17 | test('TE05 source conflict preserves unread state and gives a visible retry without a false success badge',async({page})=>{const s=state();s.mode='conflict';await routes(page,s);await page.goto(web);await page.getByRole('button').filter({hasText:'Thông báo giáo viên API 4'}).click();const dialog=page.getByRole('dialog');await expect(dialog.getByText('Chưa xác nhận đã đọc',{exact:true})).toBeVisible();await expect(dialog.getByText('Đã đọc',{exact:true})).toHaveCount(0);await expect(dialog.getByText('Chưa đọc',{exact:true})).toBeVisible();s.mode='ready';await dialog.getByRole('button',{name:'Đánh dấu đã đọc',exact:true}).click();await expect(dialog.getByText('Đã đọc',{exact:true})).toBeVisible();expect(s.unexpected).toEqual([]);});
      18 | test('TE05 an API outage exposes retry and never becomes an empty success list',async({page})=>{const s=state();s.mode='outage';await routes(page,s);await page.goto(web);await expect(page.getByText('Không tải được dữ liệu',{exact:true})).toBeVisible();await expect(page.getByText('Chưa có thông báo',{exact:true})).toHaveCount(0);s.mode='ready';await page.getByRole('button',{name:'Thử lại',exact:true}).click();await expect(page.getByText('Thông báo (2 chưa đọc)',{exact:true})).toBeVisible();expect(s.unexpected).toEqual([]);});
      19 |
        at D:\Edu\tests\native-ui-contract\teacher-announcements-contract.spec.ts:16:305

    attachment #1: screenshot (image/png) ──────────────────────────────────────────────────────────
    qa\backend\b6-teacher-announcements-browser-artifacts-final\teacher-announcements-cont-51ea6-nd-fits-the-existing-layout\test-failed-1.png
    ────────────────────────────────────────────────────────────────────────────────────────────────

    Error Context: qa\backend\b6-teacher-announcements-browser-artifacts-final\teacher-announcements-cont-51ea6-nd-fits-the-existing-layout\error-context.md

    attachment #3: trace (application/zip) ─────────────────────────────────────────────────────────
    qa\backend\b6-teacher-announcements-browser-artifacts-final\teacher-announcements-cont-51ea6-nd-fits-the-existing-layout\trace.zip
    Usage:

        npx playwright show-trace qa\backend\b6-teacher-announcements-browser-artifacts-final\teacher-announcements-cont-51ea6-nd-fits-the-existing-layout\trace.zip

    ────────────────────────────────────────────────────────────────────────────────────────────────

  3) tests\native-ui-contract\teacher-announcements-contract.spec.ts:17:5 › TE05 source conflict preserves unread state and gives a visible retry without a false success badge 

    Test timeout of 45000ms exceeded.

    Error: locator.click: Test timeout of 45000ms exceeded.
    Call log:
      - waiting for getByRole('button').filter({ hasText: 'Thông báo giáo viên API 4' })


      15 |  });}
      16 | test('TE05 opens published content and shows read confirmation only after one exact publication acknowledgement',async({page})=>{const s=state();await routes(page,s);await page.goto(web);await expect(page.getByText('Thông báo (2 chưa đọc)',{exact:true})).toBeVisible();await page.getByRole('button').filter({hasText:'Thông báo giáo viên API 4'}).click();const dialog=page.getByRole('dialog');await expect(dialog.getByText('Nội dung công bố tiếng Việt cho giáo viên')).toBeVisible();await expect(dialog.getByText('Đã đọc',{exact:true})).toBeVisible();expect(s.posts).toEqual([{sources:[source(4)]}]);await expect(dialog.getByText('Người đăng:')).toHaveCount(0);await page.screenshot({path:`qa/backend/${prefix}-desktop.png`,fullPage:true});await dialog.getByRole('button',{name:'Đóng',exact:true}).click();await page.reload();await expect(page.getByText('Thông báo (1 chưa đọc)',{exact:true})).toBeVisible();expect(s.unexpected).toEqual([]);});
    > 17 | test('TE05 mobile bulk read sends one atomic command for displayed sources and fits the existing layout',async({page})=>{await page.setViewportSize({width:390,height:844});const s=state();await routes(page,s);await page.goto(web);await page.getByRole('button',{name:'Đánh dấu tất cả đã đọc',exact:true}).click();await expect(page.getByText('Thông báo (0 chưa đọc)',{exact:true})).toBeVisible();expect(s.posts).toEqual([{sources:[source(4),source(5)]}]);expect(await page.evaluate(()=>document.documentElement.scrollWidth<=window.innerWidth)).toBe(true);await page.screenshot({path:`qa/backend/${prefix}-mobile.png`,fullPage:true});expect(s.unexpected).toEqual([]);});
         |                                                                                                                                                                                                                                                                                     ^
      18 | test('TE05 source conflict preserves unread state and gives a visible retry without a false success badge',async({page})=>{const s=state();s.mode='conflict';await routes(page,s);await page.goto(web);await page.getByRole('button').filter({hasText:'Thông báo giáo viên API 4'}).click();const dialog=page.getByRole('dialog');await expect(dialog.getByText('Chưa xác nhận đã đọc',{exact:true})).toBeVisible();await expect(dialog.getByText('Đã đọc',{exact:true})).toHaveCount(0);await expect(dialog.getByText('Chưa đọc',{exact:true})).toBeVisible();s.mode='ready';await dialog.getByRole('button',{name:'Đánh dấu đã đọc',exact:true}).click();await expect(dialog.getByText('Đã đọc',{exact:true})).toBeVisible();expect(s.unexpected).toEqual([]);});
      19 | test('TE05 an API outage exposes retry and never becomes an empty success list',async({page})=>{const s=state();s.mode='outage';await routes(page,s);await page.goto(web);await expect(page.getByText('Không tải được dữ liệu',{exact:true})).toBeVisible();await expect(page.getByText('Chưa có thông báo',{exact:true})).toHaveCount(0);s.mode='ready';await page.getByRole('button',{name:'Thử lại',exact:true}).click();await expect(page.getByText('Thông báo (2 chưa đọc)',{exact:true})).toBeVisible();expect(s.unexpected).toEqual([]);});
      20 |
        at D:\Edu\tests\native-ui-contract\teacher-announcements-contract.spec.ts:17:277

    attachment #1: screenshot (image/png) ──────────────────────────────────────────────────────────
    qa\backend\b6-teacher-announcements-browser-artifacts-final\teacher-announcements-cont-9579b-thout-a-false-success-badge\test-failed-1.png
    ────────────────────────────────────────────────────────────────────────────────────────────────

    Error Context: qa\backend\b6-teacher-announcements-browser-artifacts-final\teacher-announcements-cont-9579b-thout-a-false-success-badge\error-context.md

    attachment #3: trace (application/zip) ─────────────────────────────────────────────────────────
    qa\backend\b6-teacher-announcements-browser-artifacts-final\teacher-announcements-cont-9579b-thout-a-false-success-badge\trace.zip
    Usage:

        npx playwright show-trace qa\backend\b6-teacher-announcements-browser-artifacts-final\teacher-announcements-cont-9579b-thout-a-false-success-badge\trace.zip

    ────────────────────────────────────────────────────────────────────────────────────────────────

  4) tests\native-ui-contract\teacher-announcements-contract.spec.ts:18:5 › TE05 an API outage exposes retry and never becomes an empty success list 

    Error: expect(locator).toBeVisible() failed

    Locator: getByText('Thông báo (2 chưa đọc)', { exact: true })
    Expected: visible
    Timeout: 10000ms
    Error: element(s) not found

    Call log:
      - Expect "toBeVisible" getByText('Thông báo (2 chưa đọc)', { exact: true }) with timeout 10000ms
      - waiting for getByText('Thông báo (2 chưa đọc)', { exact: true })


      16 | test('TE05 opens published content and shows read confirmation only after one exact publication acknowledgement',async({page})=>{const s=state();await routes(page,s);await page.goto(web);await expect(page.getByText('Thông báo (2 chưa đọc)',{exact:true})).toBeVisible();await page.getByRole('button').filter({hasText:'Thông báo giáo viên API 4'}).click();const dialog=page.getByRole('dialog');await expect(dialog.getByText('Nội dung công bố tiếng Việt cho giáo viên')).toBeVisible();await expect(dialog.getByText('Đã đọc',{exact:true})).toBeVisible();expect(s.posts).toEqual([{sources:[source(4)]}]);await expect(dialog.getByText('Người đăng:')).toHaveCount(0);await page.screenshot({path:`qa/backend/${prefix}-desktop.png`,fullPage:true});await dialog.getByRole('button',{name:'Đóng',exact:true}).click();await page.reload();await expect(page.getByText('Thông báo (1 chưa đọc)',{exact:true})).toBeVisible();expect(s.unexpected).toEqual([]);});
      17 | test('TE05 mobile bulk read sends one atomic command for displayed sources and fits the existing layout',async({page})=>{await page.setViewportSize({width:390,height:844});const s=state();await routes(page,s);await page.goto(web);await page.getByRole('button',{name:'Đánh dấu tất cả đã đọc',exact:true}).click();await expect(page.getByText('Thông báo (0 chưa đọc)',{exact:true})).toBeVisible();expect(s.posts).toEqual([{sources:[source(4),source(5)]}]);expect(await page.evaluate(()=>document.documentElement.scrollWidth<=window.innerWidth)).toBe(true);await page.screenshot({path:`qa/backend/${prefix}-mobile.png`,fullPage:true});expect(s.unexpected).toEqual([]);});
    > 18 | test('TE05 source conflict preserves unread state and gives a visible retry without a false success badge',async({page})=>{const s=state();s.mode='conflict';await routes(page,s);await page.goto(web);await page.getByRole('button').filter({hasText:'Thông báo giáo viên API 4'}).click();const dialog=page.getByRole('dialog');await expect(dialog.getByText('Chưa xác nhận đã đọc',{exact:true})).toBeVisible();await expect(dialog.getByText('Đã đọc',{exact:true})).toHaveCount(0);await expect(dialog.getByText('Chưa đọc',{exact:true})).toBeVisible();s.mode='ready';await dialog.getByRole('button',{name:'Đánh dấu đã đọc',exact:true}).click();await expect(dialog.getByText('Đã đọc',{exact:true})).toBeVisible();expect(s.unexpected).toEqual([]);});
         |                                                                                                                                                                                                                                                                                                                                                                                                                                                                                                 ^
      19 | test('TE05 an API outage exposes retry and never becomes an empty success list',async({page})=>{const s=state();s.mode='outage';await routes(page,s);await page.goto(web);await expect(page.getByText('Không tải được dữ liệu',{exact:true})).toBeVisible();await expect(page.getByText('Chưa có thông báo',{exact:true})).toHaveCount(0);s.mode='ready';await page.getByRole('button',{name:'Thử lại',exact:true}).click();await expect(page.getByText('Thông báo (2 chưa đọc)',{exact:true})).toBeVisible();expect(s.unexpected).toEqual([]);});
      20 |
        at D:\Edu\tests\native-ui-contract\teacher-announcements-contract.spec.ts:18:481

    attachment #1: screenshot (image/png) ──────────────────────────────────────────────────────────
    qa\backend\b6-teacher-announcements-browser-artifacts-final\teacher-announcements-cont-acf4a-comes-an-empty-success-list\test-failed-1.png
    ────────────────────────────────────────────────────────────────────────────────────────────────

    Error Context: qa\backend\b6-teacher-announcements-browser-artifacts-final\teacher-announcements-cont-acf4a-comes-an-empty-success-list\error-context.md

    attachment #3: trace (application/zip) ─────────────────────────────────────────────────────────
    qa\backend\b6-teacher-announcements-browser-artifacts-final\teacher-announcements-cont-acf4a-comes-an-empty-success-list\trace.zip
    Usage:

        npx playwright show-trace qa\backend\b6-teacher-announcements-browser-artifacts-final\teacher-announcements-cont-acf4a-comes-an-empty-success-list\trace.zip

    ────────────────────────────────────────────────────────────────────────────────────────────────

  4 failed
    tests\native-ui-contract\teacher-announcements-contract.spec.ts:15:5 › TE05 opens published content and shows read confirmation only after one exact publication acknowledgement 
    tests\native-ui-contract\teacher-announcements-contract.spec.ts:16:5 › TE05 mobile bulk read sends one atomic command for displayed sources and fits the existing layout 
    tests\native-ui-contract\teacher-announcements-contract.spec.ts:17:5 › TE05 source conflict preserves unread state and gives a visible retry without a false success badge 
    tests\native-ui-contract\teacher-announcements-contract.spec.ts:18:5 › TE05 an API outage exposes retry and never becomes an empty success list 
