 Container edumanage_backend_test-runner-run-5bd01dd3f563 Creating
 Container edumanage_backend_test-runner-run-5bd01dd3f563 Created
✔ staff preview context has a minimal context schema and independent school authority (10.7514ms)
✔ all operation IDs are unique, including the explicit frontend workflow extensions (0.509038ms)
✔ atomic school roles require a displayed version and unique explicit role IDs without actor authority (9.844728ms)
✔ reviewed parent issuance requires every reviewed source version and rejects contact/token/actor fields (11.549774ms)
✔ parent staff metadata excludes bearer/private fields and history represents missing device/section explicitly (10.227557ms)
✔ school invite retains zero or multiple roles and the 1–30 day form without widening platform admin invitations (4.719797ms)
✔ login rejects spoofed role, school and unknown fields (1.595545ms)
✔ private user DTO rejects secrets and unknown properties (3.074978ms)
✔ platform first administrator supports server start time and rejects scope spoofing or excessive invitation lifetime (0.608939ms)
✔ school overview accepts explicit unavailable panels and rejects private directory fields (21.318633ms)
✔ directory represents invitations without fake memberships and keeps unavailable invitation KPI explicit (5.275059ms)
✔ member profile separates denied panels and exact native authority without exposing other school metadata (17.364046ms)
✔ invitation choices use invitation authority and never lend role metadata or contacts (2.272562ms)
✔ atomic guardian save requires displayed student and primary versions without verification or actor fields (11.551582ms)
✔ assignment preview is a CSRF-protected read-only POST and preserves explicit source versions without actor authority (2.69427ms)
✔ assignment matrix represents a real unconfigured year and empty cells without borrowing profiles, rosters or permissions (15.215263ms)
✔ role details retain exact native scopes and denied panels without exposing staff contacts or a fabricated editable system role (9.994311ms)
✔ handover receipts retain unknown legacy metadata and strict reviewed source fields without exposing the internal state (7.773515ms)
✔ student forms persist nullable gender and an atomic unverified guardian without accepting actor or result state (26.200622ms)
✔ student read models distinguish denied and unknown values and exclude reusable parent tokens (47.589251ms)
✔ guardian projections exclude student private profiles and audit snapshots and require explicit denied panels (23.248351ms)
✔ student-create options are a minimal write-purpose class projection without roster or borrowed catalogs (6.299359ms)
✔ parent context metadata distinguishes year, link and session bounds without child private fields (0.497486ms)
✔ parent attendance month preserves real session/holiday counts and rejects private fields or invented calendar states (7.254728ms)
✔ parent teacher directory requires explicit nullable work metadata and minimal unique weekdays without raw staff identity (6.420807ms)
✔ parent duty schedule exposes only concrete published tasks with explicit status and year/date metadata (15.827315ms)
✔ parent weekly timetable requires explicit published status, timezone and nullable pinned metadata without raw source fields (7.169917ms)
✔ parent document directory requires real independent capabilities and minimal report fields without storage keys (5.514649ms)
✔ parent shared content keeps pinned nullable metadata and independent attachments without raw sources or recipients (21.410403ms)
✔ parent conduct display exposes published own history and explicit absent metadata without staff rules or cohort identity (7.154077ms)
✔ parent published overview requires explicit section absence, DAILY week facts and bounded purpose previews without private source fields (24.635938ms)
✔ announcement HTML retains paragraph/list formatting while dropping executable markup, URLs and tracking resources (5.773461ms)
✔ operation evidence validates metadata values and omits secret-like values and unknown fields (1.646121ms)
✔ parent month keeps actual sessions, mixed days and unmarked outside the attendance denominator (16.30337ms)
✔ parent month infers neither Sunday holidays nor missing-day presence and preserves actual published holiday names (0.701675ms)
✔ parent month clips only to real exclusive year bounds and rejects malformed/outside-year selection (0.763071ms)
✔ parent month rejects missing calendar days, shifted date sources, unknown statuses and foreign date rows (0.76279ms)
✔ grant action and class scope stay together (0.89348ms)
✔ subject grants never authorize management without explicit subject policy (0.14718ms)
✔ end dates are exclusive and assignment is mandatory for default teacher grants (0.186846ms)
✔ a custom class grant authorizes only its delegated action and class (0.155216ms)
✔ a delegated grant cannot outlive an expiring authority, including an unbounded target or future start (0.164012ms)
✔ decimal scoring preserves fractional sums, negative penalties, explicit base, clamps and threshold boundaries (3.984017ms)
✔ fixed deltas reject overrides and manual deltas require bounds (0.421522ms)
✔ parent weekly timetable uses real Monday/calendar bounds and clips partial academic weeks (2.072451ms)
✔ parent weekly timetable rejects a source exceeding the total bound before response serialization (2.112588ms)
✔ XLSX parser bounds sparse dimensions and rejects formulas before workbook allocation (108.629061ms)
ℹ tests 47
ℹ suites 0
ℹ pass 47
ℹ fail 0
ℹ cancelled 0
ℹ skipped 0
ℹ todo 0
ℹ duration_ms 557.019012
exitCode=0
