 Container edumanage_backend_test-runner-run-16d5505aab2c Creating
 Container edumanage_backend_test-runner-run-16d5505aab2c Created
✔ B5 all 264 supplied operations and explicit frontend workflow extensions have registered real handlers (541.059326ms)
✔ BE01 migration replay is a no-op, mismatch fails and metadata remains intact (81.16621ms)
✔ BE02 cross-school enrollment FK rejects write using the real runtime role (13.067639ms)
✔ BE03 no-tenant denies and SET LOCAL cannot leak across a reused connection (4.179484ms)
✔ BE04 bootstrap only exposes the authenticated user memberships without tenant (12.955263ms)
✔ BE05 HOMEROOM A plus SUBJECT B cannot authorize seating or guardians in B (8195.132675ms)
✔ BE06 revoked membership is checked during an existing session and B stays independent (66.573001ms)
✔ B6 self context carries only own current duties and separates self-profile from school contacts (14205.400014ms)
✔ BE08 CSRF, credential validation, cookie flags, session rotation and rate limiting (125.402106ms)
✔ BE10 concurrent profile patches serialize with a single version winner (63.112938ms)
✔ B6 password/session commands use actual cookies, reject bad passwords and revoke every session after change (404.713043ms)
{"checkpoint":"parent-without-context","queryMs":7.877,"planExecutionMs":0.019,"planRows":0}
✔ BE21 parent runtime role cannot select raw student rows (20.664529ms)
✔ B0 health ready checks actual migrations, database and private storage (33.473198ms)
✔ B2 class lists use SQL scope and cross-school details deny before serialization (334.874253ms)
✔ BE09 idempotent organization create/retry/concurrency performs one write (89.898056ms)
✔ B2 required idempotency, class capacity/reference validation and version conflicts (163.262204ms)
✔ B2 signed cursor rejects scope/filter modification and delivers distinct pages (4436.804298ms)
✔ B2 subject student projection omits family/internal notes and denies guardians (587.508688ms)
✔ B2 guardian create does not merge matching phone, relationships start unverified (177.423543ms)
✔ BE07 existing identity invitation requires its session and preserves password/other school (8862.920268ms)
✔ B1 password reset token is encrypted, single-use and revokes all prior sessions (167.899299ms)
✔ B2 staff delegation stays within the ceiling, custom class scope and immediate revocation (1049.82363ms)
✔ B2 transfers serialize capacity, handover removes the old teacher and rollover binds its preview (1815.792027ms)
✔ B2 scoped guardian creation cannot acquire an unrelated family through relationship IDs (493.349497ms)
✔ B2/B5 uploads remain private until worker processing, leases serialize and local mail erases encrypted secrets (267658.86866ms)
✔ B2 imports parse real CSV, bind stale previews, avoid name/phone merges and retain invalid rows safely (11273.034509ms)
✔ B2/B5 timetable import checks assignments and overlapping slots, creates only a draft and deduplicates retries (6770.724804ms)
✔ B2 imports update only verified codes, create class drafts and staff invitations with work profiles (16065.809448ms)
✔ B2 large import resumes after a lost chunk without duplicating applied rows and checks current school authority (9427.637209ms)
✔ B3 attendance starts unmarked, versions every source change and publishes immutable one-student projections (537.97001ms)
✔ B3 subject attendance requires its actual lesson and cannot borrow daily access from another class (635.070158ms)
✔ B3 a simultaneous attendance edit and publish has one winner and never publishes a mixed source version (208.265096ms)
✔ B3 rule sets require explicit points, immutable issuance and effective week application (579.698275ms)
✔ B3 conduct reviews preserve facts, lock READY projections and publish only the exact pinned source (1033.322717ms)
✔ B3 conduct linked attendance detects stale sources and subject teachers see only their own lesson facts (1335.324712ms)
✔ B3 approved adjustments retain old facts and atomically replace the current publication with a reviewed preview (576.694577ms)
✔ B3 a simultaneous conduct record and lock/publish has one source winner (285.490526ms)
✔ B3 attendance linkage deduplicates, excludes corrected drafts and leaves locked scores unchanged with explicit warnings (535.901986ms)
✔ B4 private parent links expose only published child projections, preserve staff cookies and bind the active tab context (1184.168494ms)
✔ B4 section/download rights, reissue, relationship revocation and foreign UUIDs are checked on each new parent request (579.507602ms)
✔ B4 private documents stream only with both download rights, and teacher contact projections use shared work fields (1005.066274ms)
✔ B4 expired links, suspended schools, CSRF and exchange throttles deny without creating a parent identity (516.354212ms)
✔ B1 delegated grants and invitation acceptance stay inside the current expiry ceiling; backdated assignments require a reason (351.580592ms)
✔ B2 shrinking class capacity checks planned future occupancy peaks, rather than only today (124.151325ms)
✔ B5 dated groups retain moves and same-day cancellations, require current class versions and end group-leader duties (616.666684ms)
✔ B5 position holders serialize and remain valid conduct sources; locked source history cannot be shortened (493.98115ms)
✔ B5 seating validates effective enrollment and unique seats, preserves dated revisions and denies subject-only reads (703.247682ms)
✔ B2/B5 a transfer closes dated groups/positions and retains cancelled future plans atomically (409.381516ms)
✔ B5 timetable materializes bounded future lessons, publishes child-only projections and preserves past/source history (815.028027ms)
✔ B5 timetable rejects teacher/room collisions and revoked assignments, skips holidays and revalidates source versions (1134.554786ms)
✔ B5 duties publish only individual tasks, reject foreign enrollment and retain immutable publication/withdraw history (543.052879ms)
✔ B5 group duties expand the effective group at publication and retain the individual targets after later moves (707.780694ms)
✔ B5 activities count only explicit participants, preserve published states and require current source/review authority (1028.628257ms)
✔ B5 approved activity results are explicit conduct sources and locked approved facts protect their source history (438.712745ms)
✔ B5 evidence stays private until review and publication; parent documents remain child-bound and filter file availability (26793.785796ms)
✔ B5 class announcements retain immutable publication across edits, bind one recipient and reject foreign class reads (3378.380858ms)
✔ B5 public school announcements sanitize content and keep draft/private replacements out of the public projection (2732.363621ms)
✔ B5 scheduled announcements wait for their due time, publish once through a worker and safely replay after an acknowledgement loss (1522.661039ms)
✔ B5 scheduled publication rechecks the creator grant and reports a failed queue without exposing a parent snapshot (1721.82837ms)
✔ B5 announcement attachments remain private to one child, obey link download rights and disappear when archived or withdrawn (2090.899273ms)
✔ B5 school settings persist with version guards, affect only new link expiry and suppress work contacts without changing old link permissions (1119.647078ms)
✔ B5 disabling homeroom publication takes effect inside existing sessions and restores only after an explicit setting change (868.329245ms)
✔ B3 configured second approval rejects self approval in API and SQL, while a different scoped approver permits atomic adjustment (635.739304ms)
✔ B5 personal notifications paginate across actual memberships, deduplicate publication events and deny foreign recipients and cross-user cursors (1239.576713ms)
✔ B5 withdrawn announcements redact retained staff notifications instead of exposing a stale published target (53291.815717ms)
✔ B6 TE02 own class cards separate home and subject authority, actual next lessons and ended self history (8656.686605ms)
✔ B6 TE02 current self authority rejects future expired revoked and suspended membership without borrowing assignment history (679.144936ms)
✔ B5 dashboards count real scoped rows, keep homeroom and subject tasks separate and immediately recheck revocation (4285.391737ms)
✔ B5 teacher schedule is own dated teaching and announcement feed reads only current publications across draft edits (3516.815012ms)
✔ B5 dashboard attendance counters and publication tasks follow persisted marks, publish/withdraw and current school policy (1001.696161ms)
✔ B2 platform creates only metadata drafts, bootstraps admin roles/invitations and requires an active administrator for activation (5049.103465ms)
✔ B5 platform settings and operation records persist actual state, redact artifacts and reauthorize command replays (214.503519ms)
✔ B1 platform admin invitations obey operator expiry ceilings and acceptance rolls back after authority expires (120.2602ms)
✔ B5 support tickets persist both sides, preserve queue states and exact timestamp pagination, and deny other schools (338.618733ms)
✔ B1 support requests require independent current school consent, retain immutable scope and bind tickets/classes/actions/time (291.111498ms)
✔ B1 explicitly selected support grants authorize only scoped metadata GETs, audit the actual operator and force read-only SQL (255.032465ms)
✔ B1 school-wide support metadata never exposes import rows/downloads and expires without fallback to operator privileges (3506.934098ms)
✔ B1 an operator who also has school-admin rights still cannot self-approve or combine selected support scope with ordinary rights (198.86575ms)
✔ B5 signed native keysets cross a nullable sort boundary without dropping or repeating persisted schools (1036.187874ms)
✔ B5 report SQL uses real scoped counts and immutable CSV export content while live attendance changes (1069.871157ms)
✔ B5 published report exports pin revisions across replacement and withdrawal without exposing drafts (1181.750144ms)
✔ B5 export XLSX/PDF are actual files with literal formula text, Vietnamese font and private download authorization (1515.821679ms)
✔ B5 subject reports remain own lesson attendance and scoped activities without school/family/conduct/export access (6842.220337ms)
✔ B5 export workers and all file paths reauthorize revocation, expiry and cancellation, and replay completed work safely (2403.084084ms)
✔ B5 conduct/activity/progress/link reports use actual pinned scores, explicit participant denominators and anonymous link use (2267.319923ms)
✔ B6 organization display fields persist with versions and tenant-safe references instead of being silently ignored (1190.650252ms)
✔ B6 year wizard creates bounded terms, weeks, published holidays and independent draft rules atomically and idempotently (1574.695257ms)
✔ B6 class form assigns homeroom atomically, denies foreign/backdated inputs, requires handover and preserves archived history (1584.473796ms)
✔ B6 organization projections scope counts in SQL and a year-only grant cannot copy or publish rules (6696.905829ms)
✔ B6 purpose-bound form pickers use current write authority, exclude contacts/roles/counts and deny normal directory access (804.835103ms)
✔ B6 rollover preview uses exact end-year enrollment, minimal workflow authority and immediate revocation (1313.591699ms)
✖ B6 platform school wizard creates its optional admin invitation atomically and redacts form metadata (9968.461381ms)
✔ B6 platform school form readers never lend admin or read authority to a create-only operator (301.954212ms)
✔ B6 school overview keeps current scoped totals, actual setup and publication metadata without lending school-wide reads (3506.517086ms)
✔ B6 support choices/counts are scoped SQL metadata, ticket message/status save atomically and an operator only relinquishes its own grant (334.18428ms)
✔ B6 platform audit filters exact actors and whole local date boundaries before pagination and denies school-only staff (130.711003ms)
✔ B6 school support metadata does not borrow consent authority, counts in SQL and rechecks permission before replay (531.825797ms)
✔ B6 school audit uses the school timezone and exact SQL filters with tenant-safe history options (358.223755ms)
✔ B6 operational probes use worker-only cycle evidence, actual backup records and purpose-bound aggregate authority (5500.661827ms)
✔ B6 atomic school-role replacement retains expiry/class scopes, detects independent grants and rolls back all failures (450.860739ms)
✔ B6 school-role replacement prevents self edits, last-admin removal, ceiling/expiry breaches and unauthorized cached replay (397.225317ms)
✔ B6 ending a membership revokes all current/future grants and assignments without deleting history or other schools (526.635481ms)
✔ B6 native school invitations persist all roles/profile, replay once and accept multiple or zero grants atomically (365.192825ms)
✔ B6 zero-role invitation still rechecks current inviter membership and mail authority before acceptance (193.581989ms)
✔ B6 expired staff invitations cannot be revoked as pending or delivered, and preserve their history (172.969441ms)
✔ B6 staff directory combines authorized pending invitations in SQL, searches folded work data and counts before keysets (544.278657ms)
✔ B6 directory read does not lend invitation, role catalog, assignment or export authority and revocation invalidates opaque scope cursors (404.604069ms)
✔ B6 Vietnamese composite keysets preserve given/full-name order, case/diacritic ties and nullable departments in both directions (567.194381ms)
✔ B6 locked identities keep their directory lifecycle but have no effective grants, and active KPI does not fabricate access (202.047966ms)
✔ B6 member details return real coarse other-school counts and work contacts without opening another tenant (389.703003ms)
✔ B6 member aggregate checks current school authority, target membership and SQL role before returning any count (341.10055ms)
✔ B6 member effective permissions and assignment history follow native grant time, membership, identity and assignment dates (766.308438ms)
✔ B6 member role choices respect action-specific delegation expiry without borrowing a role catalog (371.342113ms)
✔ B6 member history filters member, assignment and grant events before counting/keysets, with independent audit authority (594.885915ms)
✔ B6 personal notifications traverse more than 100 real own memberships without truncating global totals or opaque pages (81748.396388ms)
✔ B6 assignment preview is read-only, uses school-local instants and preserves displayed source versions before saving (536.485093ms)
✔ B6 assignment preview compares exact subject scopes, rejects overlapping windows and rechecks expired delegation on repeated POST (733.834151ms)
✔ B6 assignment preview detects source member changes, rejects malformed/foreign proposals and advertises future/configured publication timing (368.553679ms)
✔ B6 assignment matrix returns actual nullable cells and minimal work names under independent assignment-read authority (463.522109ms)
✔ B6 assignment matrix keeps an unconfigured year explicit and archived display reference separate from authority (287.814617ms)
✔ B6 role metadata keeps native scopes and real counts without lending member/audit access or treating custom class grants as assignments (467.344439ms)
✔ B6 role details show only independently authorized holders/history and save scoped deltas with a displayed version (14846.56889ms)
✔ B6 future held roles and immutable system templates cannot be edited by their holder (356.210375ms)
✔ B6 editing live roles cannot expand permissions beyond the current editor expiry ceiling (317.574614ms)
✔ B6 handover preview reads real current source/counts under purpose authority without member, family or role catalog access (448.293585ms)
✔ B6 handover applies exactly once with school-local cutoffs, durable receipts, own-actor recovery and preserved source authorship (1138.219991ms)
✔ B6 changed handover sources fail before submission or application and require an explicit review of the same pending receipt (2072.676399ms)
✔ B6 open-item changes invalidate handover review and linked source grants are never extended at the cutoff (1897.983667ms)
✔ B6 handover receipts remain actor/school bound, recheck delegation and deny immutable-source replacement (1445.704867ms)
✔ B6 student creation allocates actual codes and atomically retains enrollment, gender and a separate unverified guardian (565.667152ms)
✔ B6 student form failures roll back every row and optional contacts require independent current authority on replay (680.441445ms)
✔ B6 student edits retain displayed versions and never replay internal notes after private profile authority is revoked (342.712162ms)
✔ B6 student unknown historic gender remains null and invalid gender/guardian state cannot be fabricated (188.312688ms)
✔ B6 real CSV gender mapping normalizes supported values, preserves unmapped sources and retains invalid rows (8581.187792ms)
✔ B6 native student directory applies Vietnamese keysets, exact SQL filters and minimal selected identifiers (597.251438ms)
✔ B6 native student projections separate school roster authority from family, note and link authority in the same session (458.524658ms)
✔ B6 archived student history uses an explicit included date and stored group, position and teacher sources (253.613646ms)
✔ B6 subject pupil projection remains minimal and class history cannot retain family access after enrollment ends (395.665088ms)
✔ B6 pupil link metadata reflects real events, bounded recent history and revocation without returning reusable secrets (298.558405ms)
✔ B6 an unconfigured school directory returns actual null year context without fabricated class or student data (174.363162ms)
✔ B6 verified family counters remain verified when receiving permission is explicitly disabled (223.668346ms)
✔ B6 atomic guardian save creates unverified contacts, replays one receipt and prevents duplicate new commands (283.87953ms)
✔ B6 atomic guardian save serializes competing displayed student versions (211.513524ms)
✔ B6 guardian form grants class family authority without student read or unscoped sibling data (380.823593ms)
✔ B6 atomic guardian edits preserve verified receiving choices and reject stale contact versions without partial priority changes (355.042361ms)
✔ B6 guardian save detects independently changed primary references and preserves every row on failure (318.876424ms)
✔ B6 guardian save rejects masked phones, foreign pairings and mutation of archived contacts (318.534022ms)
✔ B6 guardian form and cached saves recheck enrollment end and grant expiry in the same session (383.017525ms)
✔ B6 atomic guardian save rolls back contacts, relationships, primary changes, audit and receipt after a real SQL fault (267.098812ms)
✔ B6 school guardian directory uses SQL folded search, literal wildcards, signed keysets and independent link counters (477.125895ms)
✔ B6 class guardian reads exclude all unscoped sibling relationships and immediately lose access after enrollment or grant ends (404.051517ms)
✔ B6 shared guardian contact edits require management of every affected class and current read authority even for a replay (710.522793ms)
✔ B6 guardian profile exposes real verification and revocation metadata but removes link and audit panels when their separate rights end (454.037496ms)
✔ B6 partial student write acknowledgements redact unsubmitted protected fields including stored old receipts (248.381377ms)
✔ B6 bounded school class overview preserves query results, local JIT preference and the five-second runtime timeout (173.320801ms)
✔ B6 native invitation choices require current invitation authority, preserve delegation ceilings and never borrow a role catalog (386.258154ms)
✔ B6 native staff activity is SQL-bounded to staff targets, rechecks audit authority and keeps foreign and family records out (248.046504ms)
✔ B6 student-create choices use current class write authority without borrowing roster, year or class readers (396.137566ms)
✔ B6 parent-issue purpose readers paginate over 1000 pupils, keep current class/time authority and expose no contact or token (613.745902ms)
✔ B6 reviewed parent issuance rejects stale sources, rotates atomically, converts local dates and never replays secrets (596.354575ms)
✔ B6 parent metadata directory keeps manage scope, current capabilities, real counts and no borrowed contact/catalog data (813.13896ms)
✔ B6 parent metadata masks independently authorized contact, paginates anonymous history and tracks only actual replacement facts (1178.718649ms)
✔ B6 parent attendance month exposes only real child sessions and published scoped holiday labels without borrowing overview (1221.910066ms)
✔ B6 parent attendance calendar SQL function checks exact child/year/school/current session and cannot expose raw calendar tables (529.42502ms)
✔ B6 parent teacher directory uses own live class assignments, shared work fields and only current published schedule weekdays (892.60837ms)
✔ B6 parent teacher SQL denies foreign or missing context, honors current enrollment/grant/contact changes and never grants raw memberships (535.074969ms)
✔ B6 parent monthly denominator includes only actual own DAILY publications and keeps LESSON attendance separate (923.650499ms)
✔ B6 parent published dated projections retain old enrollment history and exclude old-class plans from the transfer cutoff (736.860267ms)
✔ B6 parent duty schedule includes all published batch rows and current source statuses, denies other scopes and follows withdrawal (1084.284036ms)
✔ B6 parent timetable week keeps pinned published period/status/work labels, own holiday calendar and independent preview through replacement and withdrawal (3007.22681ms)
✔ B6 parent timetable week SQL denies foreign/current-section contexts and raw sources, clips the year and follows transfer or link revocation (2093.045315ms)
✔ B6 parent documents complete directory and metadata use actual published reports, independent view/download rights and matching scoped previews (4098.370827ms)
✔ B6 parent file guards deny raw storage, foreign contexts, expiry and revocation committed between file open and final stream check (1657.128891ms)
✔ B6 parent published activity directory and detail pin the own-child state and metadata until replacement or withdrawal (2677.144101ms)
✔ B6 parent published announcements pin rich content and scope kinds while attachments retain current independent rights (1889.737634ms)
✔ B6 parent conduct display pins published own decimals and metadata and exposes only the same child revision history through adjustment and withdrawal (768.987993ms)
✔ B6 parent conduct metadata and history deny wrong school child year section session, raw sources and revoked relationships (525.978893ms)
{"checkpoint":"platform-school-page-real-cohort","schools":2879,"firstRows":1,"firstMs":6.329969000071287}
✔ B6 platform school pagination counts its real base cohort without computing every school aggregate and preserves filters search metadata and current denial (112.306489ms)
✔ B6 parent published overview bounds each own shared panel, chooses actual publication time and follows withdrawal without borrowing sections (2203.741185ms)
✔ B6 parent overview counts every real DAILY slot beyond a mixed ten-row page, excludes LESSON future and draft facts and rechecks current section rights (1680.76749ms)
✔ B6 parent overview snapshot denies foreign school child year missing session and independent preview authority without raw-source grants (452.175159ms)
✔ B6 platform administrator search labels preserve current aggregate semantics and restore tenant context while denying other roles (458.297332ms)
✔ B6 staff preview context returns only current own safe metadata without overview panels or cookie adoption and expires every temporary session (410.566545ms)
✔ B6 staff preview context keeps current class year school and grant-time scope independent from issuance and public parent sessions (369.824451ms)
ℹ tests 184
ℹ suites 0
ℹ pass 183
ℹ fail 1
ℹ cancelled 0
ℹ skipped 0
ℹ todo 0
ℹ duration_ms 707787.504006

✖ failing tests:

test at tests/integration/foundation.test.mjs:1968:1
✖ B6 platform school wizard creates its optional admin invitation atomically and redacts form metadata (9968.461381ms)
  AssertionError [ERR_ASSERTION]: {"type":"urn:edumanage:problem:internal_error","title":"INTERNAL_ERROR","status":500,"code":"INTERNAL_ERROR","requestId":"dba736d6-9813-4576-8339-47d092576545"}

  500 !== 200

      at TestContext.<anonymous> (file:///srv/api/tests/integration/foundation.test.mjs:1984:139)
      at process.processTicksAndRejections (node:internal/process/task_queues:104:5)
      at async Test.run (node:internal/test_runner/test:1409:7)
      at async Test.processPendingSubtests (node:internal/test_runner/test:974:7) {
    generatedMessage: false,
    code: 'ERR_ASSERTION',
    actual: 500,
    expected: 200,
    operator: 'strictEqual',
    diff: 'simple'
  }

exitCode=1
