
Running 4 tests using 1 worker

(node:31556) Warning: The 'NO_COLOR' env is ignored due to the 'FORCE_COLOR' env being set.
(Use `node --trace-warnings ...` to show where the warning was created)
  x  1 tests\native-ui-contract\teacher-announcements-contract.spec.ts:16:5 › TE05 opens published content and shows read confirmation only after one exact publication acknowledgement (1.2s)
(node:36304) Warning: The 'NO_COLOR' env is ignored due to the 'FORCE_COLOR' env being set.
(Use `node --trace-warnings ...` to show where the warning was created)
  ok 2 tests\native-ui-contract\teacher-announcements-contract.spec.ts:17:5 › TE05 mobile bulk read sends one atomic command for displayed sources and fits the existing layout (744ms)
  ok 3 tests\native-ui-contract\teacher-announcements-contract.spec.ts:18:5 › TE05 source conflict preserves unread state and gives a visible retry without a false success badge (680ms)
  ok 4 tests\native-ui-contract\teacher-announcements-contract.spec.ts:19:5 › TE05 an API outage exposes retry and never becomes an empty success list (576ms)


  1) tests\native-ui-contract\teacher-announcements-contract.spec.ts:16:5 › TE05 opens published content and shows read confirmation only after one exact publication acknowledgement 

    Error: locator.click: Error: strict mode violation: getByRole('dialog').getByRole('button', { name: 'Đóng', exact: true }) resolved to 2 elements:
        1) <button type="button" aria-label="Đóng" class="rounded-lg p-1.5 text-muted hover:bg-neutral-bg disabled:opacity-40">…</button> aka getByLabel('Đóng')
        2) <button type="button" class="btn btn-secondary">Đóng</button> aka getByText('Đóng')

    Call log:
      - waiting for getByRole('dialog').getByRole('button', { name: 'Đóng', exact: true })


      14 |  s.unexpected.push(path);return r.fulfill({status:503,json:{code:'UNEXPECTED_TEACHER_ANNOUNCEMENT_REQUEST'}});
      15 |  });}
    > 16 | test('TE05 opens published content and shows read confirmation only after one exact publication acknowledgement',async({page})=>{const s=state();await routes(page,s);await page.goto(web);await expect(page.getByText('Thông báo (2 chưa đọc)',{exact:true})).toBeVisible();await page.getByRole('button').filter({hasText:'Thông báo giáo viên API 4'}).click();const dialog=page.getByRole('dialog');await expect(dialog.getByText('Nội dung công bố tiếng Việt cho giáo viên')).toBeVisible();await expect(dialog.getByText('Đã đọc',{exact:true})).toBeVisible();expect(s.posts).toEqual([{sources:[source(4)]}]);await expect(dialog.getByText('Người đăng:')).toHaveCount(0);await page.screenshot({path:`qa/backend/${prefix}-desktop.png`,fullPage:true});await dialog.getByRole('button',{name:'Đóng',exact:true}).click();await page.reload();await expect(page.getByText('Thông báo (1 chưa đọc)',{exact:true})).toBeVisible();expect(s.unexpected).toEqual([]);});
         |                                                                                                                                                                                                                                                                                                                                                                                                                                                                                                                                                                                                                                                                                                                                                                                                                              ^
      17 | test('TE05 mobile bulk read sends one atomic command for displayed sources and fits the existing layout',async({page})=>{await page.setViewportSize({width:390,height:844});const s=state();await routes(page,s);await page.goto(web);await page.getByRole('button',{name:'Đánh dấu tất cả đã đọc',exact:true}).click();await expect(page.getByText('Thông báo (0 chưa đọc)',{exact:true})).toBeVisible();expect(s.posts).toEqual([{sources:[source(4),source(5)]}]);expect(await page.evaluate(()=>document.documentElement.scrollWidth<=window.innerWidth)).toBe(true);await page.screenshot({path:`qa/backend/${prefix}-mobile.png`,fullPage:true});expect(s.unexpected).toEqual([]);});
      18 | test('TE05 source conflict preserves unread state and gives a visible retry without a false success badge',async({page})=>{const s=state();s.mode='conflict';await routes(page,s);await page.goto(web);await page.getByRole('button').filter({hasText:'Thông báo giáo viên API 4'}).click();const dialog=page.getByRole('dialog');await expect(dialog.getByText('Chưa xác nhận đã đọc',{exact:true})).toBeVisible();await expect(dialog.getByText('Đã đọc',{exact:true})).toHaveCount(0);await expect(dialog.getByText('Chưa đọc',{exact:true})).toBeVisible();s.mode='ready';await dialog.getByRole('button',{name:'Đánh dấu đã đọc',exact:true}).click();await expect(dialog.getByText('Đã đọc',{exact:true})).toBeVisible();expect(s.unexpected).toEqual([]);});
      19 | test('TE05 an API outage exposes retry and never becomes an empty success list',async({page})=>{const s=state();s.mode='outage';await routes(page,s);await page.goto(web);await expect(page.getByText('Không tải được dữ liệu',{exact:true})).toBeVisible();await expect(page.getByText('Chưa có thông báo',{exact:true})).toHaveCount(0);s.mode='ready';await page.getByRole('button',{name:'Thử lại',exact:true}).click();await expect(page.getByText('Thông báo (2 chưa đọc)',{exact:true})).toBeVisible();expect(s.unexpected).toEqual([]);});
        at D:\Edu\tests\native-ui-contract\teacher-announcements-contract.spec.ts:16:798

    attachment #1: screenshot (image/png) ──────────────────────────────────────────────────────────
    qa\backend\b6-teacher-announcements-browser-artifacts-final\teacher-announcements-cont-319df-publication-acknowledgement\test-failed-1.png
    ────────────────────────────────────────────────────────────────────────────────────────────────

    Error Context: qa\backend\b6-teacher-announcements-browser-artifacts-final\teacher-announcements-cont-319df-publication-acknowledgement\error-context.md

    attachment #3: trace (application/zip) ─────────────────────────────────────────────────────────
    qa\backend\b6-teacher-announcements-browser-artifacts-final\teacher-announcements-cont-319df-publication-acknowledgement\trace.zip
    Usage:

        npx playwright show-trace qa\backend\b6-teacher-announcements-browser-artifacts-final\teacher-announcements-cont-319df-publication-acknowledgement\trace.zip

    ────────────────────────────────────────────────────────────────────────────────────────────────

  1 failed
    tests\native-ui-contract\teacher-announcements-contract.spec.ts:16:5 › TE05 opens published content and shows read confirmation only after one exact publication acknowledgement 
  3 passed (5.2s)
