 Container edumanage_backend_test-runner-run-bb8ca94ebda4 Creating
 Container edumanage_backend_test-runner-run-bb8ca94ebda4 Created
✔ B5 all 264 supplied operations and explicit frontend workflow extensions have registered real handlers (487.177686ms)
✔ BE01 migration replay is a no-op, mismatch fails and metadata remains intact (84.413747ms)
✔ BE02 cross-school enrollment FK rejects write using the real runtime role (12.435556ms)
✔ BE03 no-tenant denies and SET LOCAL cannot leak across a reused connection (4.532441ms)
✔ BE04 bootstrap only exposes the authenticated user memberships without tenant (11.83314ms)
✔ BE05 HOMEROOM A plus SUBJECT B cannot authorize seating or guardians in B (7444.995097ms)
✔ BE06 revoked membership is checked during an existing session and B stays independent (58.29584ms)
✔ B6 self context carries only own current duties and separates self-profile from school contacts (13855.502031ms)
✔ BE08 CSRF, credential validation, cookie flags, session rotation and rate limiting (110.334803ms)
✔ BE10 concurrent profile patches serialize with a single version winner (58.09269ms)
✔ B6 password/session commands use actual cookies, reject bad passwords and revoke every session after change (403.29803ms)
{"checkpoint":"parent-without-context","queryMs":6.622,"planExecutionMs":0.017,"planRows":0}
✔ BE21 parent runtime role cannot select raw student rows (18.749018ms)
✔ B0 health ready checks actual migrations, database and private storage (31.174532ms)
✔ B2 class lists use SQL scope and cross-school details deny before serialization (317.116321ms)
✔ BE09 idempotent organization create/retry/concurrency performs one write (90.529075ms)
✔ B2 required idempotency, class capacity/reference validation and version conflicts (152.739937ms)
✔ B2 signed cursor rejects scope/filter modification and delivers distinct pages (3990.03166ms)
✔ B2 subject student projection omits family/internal notes and denies guardians (559.177153ms)
✔ B2 guardian create does not merge matching phone, relationships start unverified (202.346937ms)
✔ BE07 existing identity invitation requires its session and preserves password/other school (7778.662756ms)
✔ B1 password reset token is encrypted, single-use and revokes all prior sessions (423.829851ms)
✔ B2 staff delegation stays within the ceiling, custom class scope and immediate revocation (1710.228965ms)
✔ B2 transfers serialize capacity, handover removes the old teacher and rollover binds its preview (3538.039723ms)
✔ B2 scoped guardian creation cannot acquire an unrelated family through relationship IDs (700.962623ms)
✔ B2/B5 uploads remain private until worker processing, leases serialize and local mail erases encrypted secrets (273365.250483ms)
✔ B2 imports parse real CSV, bind stale previews, avoid name/phone merges and retain invalid rows safely (13218.450834ms)
✔ B2/B5 timetable import checks assignments and overlapping slots, creates only a draft and deduplicates retries (7660.399443ms)
✔ B2 imports update only verified codes, create class drafts and staff invitations with work profiles (18008.967836ms)
✔ B2 large import resumes after a lost chunk without duplicating applied rows and checks current school authority (11331.993346ms)
✔ B3 attendance starts unmarked, versions every source change and publishes immutable one-student projections (608.314988ms)
✔ B3 subject attendance requires its actual lesson and cannot borrow daily access from another class (798.604847ms)
✔ B3 a simultaneous attendance edit and publish has one winner and never publishes a mixed source version (208.787856ms)
✔ B3 rule sets require explicit points, immutable issuance and effective week application (544.387214ms)
✔ B3 conduct reviews preserve facts, lock READY projections and publish only the exact pinned source (1118.64877ms)
✔ B3 conduct linked attendance detects stale sources and subject teachers see only their own lesson facts (1396.77832ms)
✔ B3 approved adjustments retain old facts and atomically replace the current publication with a reviewed preview (634.26653ms)
✔ B3 a simultaneous conduct record and lock/publish has one source winner (356.569144ms)
✔ B3 attendance linkage deduplicates, excludes corrected drafts and leaves locked scores unchanged with explicit warnings (695.693275ms)
✔ B4 private parent links expose only published child projections, preserve staff cookies and bind the active tab context (1377.173716ms)
✔ B4 section/download rights, reissue, relationship revocation and foreign UUIDs are checked on each new parent request (622.483612ms)
✔ B4 private documents stream only with both download rights, and teacher contact projections use shared work fields (1144.074064ms)
✔ B4 expired links, suspended schools, CSRF and exchange throttles deny without creating a parent identity (570.954444ms)
✔ B1 delegated grants and invitation acceptance stay inside the current expiry ceiling; backdated assignments require a reason (377.376901ms)
✔ B2 shrinking class capacity checks planned future occupancy peaks, rather than only today (152.032353ms)
✔ B5 dated groups retain moves and same-day cancellations, require current class versions and end group-leader duties (789.478183ms)
✔ B5 position holders serialize and remain valid conduct sources; locked source history cannot be shortened (627.644549ms)
✔ B5 seating validates effective enrollment and unique seats, preserves dated revisions and denies subject-only reads (926.426749ms)
✔ B2/B5 a transfer closes dated groups/positions and retains cancelled future plans atomically (470.448612ms)
✔ B5 timetable materializes bounded future lessons, publishes child-only projections and preserves past/source history (1090.347843ms)
✔ B5 timetable rejects teacher/room collisions and revoked assignments, skips holidays and revalidates source versions (1314.813954ms)
✔ B5 duties publish only individual tasks, reject foreign enrollment and retain immutable publication/withdraw history (584.774231ms)
✔ B5 group duties expand the effective group at publication and retain the individual targets after later moves (811.110893ms)
✔ B5 activities count only explicit participants, preserve published states and require current source/review authority (1157.769428ms)
✔ B5 approved activity results are explicit conduct sources and locked approved facts protect their source history (487.582901ms)
✔ B5 evidence stays private until review and publication; parent documents remain child-bound and filter file availability (34169.710843ms)
✔ B5 class announcements retain immutable publication across edits, bind one recipient and reject foreign class reads (4072.789836ms)
✔ B5 public school announcements sanitize content and keep draft/private replacements out of the public projection (3037.732356ms)
✔ B5 scheduled announcements wait for their due time, publish once through a worker and safely replay after an acknowledgement loss (1564.506249ms)
✔ B5 scheduled publication rechecks the creator grant and reports a failed queue without exposing a parent snapshot (1743.444107ms)
✔ B5 announcement attachments remain private to one child, obey link download rights and disappear when archived or withdrawn (2138.793755ms)
✔ B5 school settings persist with version guards, affect only new link expiry and suppress work contacts without changing old link permissions (1285.959951ms)
✔ B5 disabling homeroom publication takes effect inside existing sessions and restores only after an explicit setting change (931.424596ms)
✔ B3 configured second approval rejects self approval in API and SQL, while a different scoped approver permits atomic adjustment (728.881474ms)
✔ B5 personal notifications paginate across actual memberships, deduplicate publication events and deny foreign recipients and cross-user cursors (1312.009506ms)
✔ B5 withdrawn announcements redact retained staff notifications instead of exposing a stale published target (57964.954255ms)
✔ B6 TE02 own class cards separate home and subject authority, actual next lessons and ended self history (8799.464399ms)
✔ B6 TE02 current self authority rejects future expired revoked and suspended membership without borrowing assignment history (698.200537ms)
✔ B5 dashboards count real scoped rows, keep homeroom and subject tasks separate and immediately recheck revocation (4159.518574ms)
✔ B5 teacher schedule is own dated teaching and announcement feed reads only current publications across draft edits (3538.313796ms)
✔ B5 dashboard attendance counters and publication tasks follow persisted marks, publish/withdraw and current school policy (1056.33621ms)
✔ B2 platform creates only metadata drafts, bootstraps admin roles/invitations and requires an active administrator for activation (5191.594313ms)
✔ B5 platform settings and operation records persist actual state, redact artifacts and reauthorize command replays (238.198798ms)
✔ B1 platform admin invitations obey operator expiry ceilings and acceptance rolls back after authority expires (131.632555ms)
✔ B5 support tickets persist both sides, preserve queue states and exact timestamp pagination, and deny other schools (345.039213ms)
✔ B1 support requests require independent current school consent, retain immutable scope and bind tickets/classes/actions/time (262.663234ms)
✔ B1 explicitly selected support grants authorize only scoped metadata GETs, audit the actual operator and force read-only SQL (271.542165ms)
✔ B1 school-wide support metadata never exposes import rows/downloads and expires without fallback to operator privileges (3493.49683ms)
✔ B1 an operator who also has school-admin rights still cannot self-approve or combine selected support scope with ordinary rights (196.757451ms)
✔ B5 signed native keysets cross a nullable sort boundary without dropping or repeating persisted schools (1027.470132ms)
✔ B5 report SQL uses real scoped counts and immutable CSV export content while live attendance changes (1089.629314ms)
✔ B5 published report exports pin revisions across replacement and withdrawal without exposing drafts (1168.004543ms)
✔ B5 export XLSX/PDF are actual files with literal formula text, Vietnamese font and private download authorization (1467.139558ms)
✔ B5 subject reports remain own lesson attendance and scoped activities without school/family/conduct/export access (7370.286699ms)
✔ B5 export workers and all file paths reauthorize revocation, expiry and cancellation, and replay completed work safely (2255.459275ms)
✔ B5 conduct/activity/progress/link reports use actual pinned scores, explicit participant denominators and anonymous link use (1929.286514ms)
✔ B6 organization display fields persist with versions and tenant-safe references instead of being silently ignored (1014.372288ms)
✔ B6 year wizard creates bounded terms, weeks, published holidays and independent draft rules atomically and idempotently (1524.787309ms)
✔ B6 class form assigns homeroom atomically, denies foreign/backdated inputs, requires handover and preserves archived history (1428.267083ms)
✔ B6 organization projections scope counts in SQL and a year-only grant cannot copy or publish rules (6744.070468ms)
✔ B6 purpose-bound form pickers use current write authority, exclude contacts/roles/counts and deny normal directory access (1019.106491ms)
✔ B6 rollover preview uses exact end-year enrollment, minimal workflow authority and immediate revocation (590.524037ms)
✔ B6 minimal platform school sort counts equal the operational projection, restore tenant scope and deny non-operators (1786.480736ms)
✔ B6 platform school wizard creates its optional admin invitation atomically and redacts form metadata (864.268033ms)
✔ B6 platform school form readers never lend admin or read authority to a create-only operator (170.266649ms)
✔ B6 school overview keeps current scoped totals, actual setup and publication metadata without lending school-wide reads (3233.323647ms)
✔ B6 support choices/counts are scoped SQL metadata, ticket message/status save atomically and an operator only relinquishes its own grant (328.405822ms)
✔ B6 platform audit filters exact actors and whole local date boundaries before pagination and denies school-only staff (128.940145ms)
✔ B6 school support metadata does not borrow consent authority, counts in SQL and rechecks permission before replay (512.725679ms)
✔ B6 school audit uses the school timezone and exact SQL filters with tenant-safe history options (282.689253ms)
✔ B6 operational probes use worker-only cycle evidence, actual backup records and purpose-bound aggregate authority (5838.74484ms)
✔ B6 atomic school-role replacement retains expiry/class scopes, detects independent grants and rolls back all failures (454.34555ms)
✔ B6 school-role replacement prevents self edits, last-admin removal, ceiling/expiry breaches and unauthorized cached replay (386.162879ms)
✔ B6 ending a membership revokes all current/future grants and assignments without deleting history or other schools (508.109103ms)
✔ B6 native school invitations persist all roles/profile, replay once and accept multiple or zero grants atomically (354.954327ms)
✔ B6 zero-role invitation still rechecks current inviter membership and mail authority before acceptance (197.309868ms)
✔ B6 expired staff invitations cannot be revoked as pending or delivered, and preserve their history (168.645108ms)
✔ B6 staff directory combines authorized pending invitations in SQL, searches folded work data and counts before keysets (544.509924ms)
✔ B6 directory read does not lend invitation, role catalog, assignment or export authority and revocation invalidates opaque scope cursors (391.174555ms)
✔ B6 Vietnamese composite keysets preserve given/full-name order, case/diacritic ties and nullable departments in both directions (568.709943ms)
✔ B6 locked identities keep their directory lifecycle but have no effective grants, and active KPI does not fabricate access (212.762229ms)
✔ B6 member details return real coarse other-school counts and work contacts without opening another tenant (387.764478ms)
✔ B6 member aggregate checks current school authority, target membership and SQL role before returning any count (357.515699ms)
✔ B6 member effective permissions and assignment history follow native grant time, membership, identity and assignment dates (761.015958ms)
✔ B6 member role choices respect action-specific delegation expiry without borrowing a role catalog (367.447788ms)
✔ B6 member history filters member, assignment and grant events before counting/keysets, with independent audit authority (624.985603ms)
✔ B6 personal notifications traverse more than 100 real own memberships without truncating global totals or opaque pages (102721.513876ms)
✔ B6 assignment preview is read-only, uses school-local instants and preserves displayed source versions before saving (533.841253ms)
✔ B6 assignment preview compares exact subject scopes, rejects overlapping windows and rechecks expired delegation on repeated POST (766.455674ms)
✔ B6 assignment preview detects source member changes, rejects malformed/foreign proposals and advertises future/configured publication timing (377.022246ms)
✔ B6 assignment matrix returns actual nullable cells and minimal work names under independent assignment-read authority (469.325676ms)
✔ B6 assignment matrix keeps an unconfigured year explicit and archived display reference separate from authority (292.781928ms)
✔ B6 role metadata keeps native scopes and real counts without lending member/audit access or treating custom class grants as assignments (483.435423ms)
✔ B6 role details show only independently authorized holders/history and save scoped deltas with a displayed version (15823.33329ms)
✔ B6 future held roles and immutable system templates cannot be edited by their holder (314.273717ms)
✔ B6 editing live roles cannot expand permissions beyond the current editor expiry ceiling (316.074831ms)
✔ B6 handover preview reads real current source/counts under purpose authority without member, family or role catalog access (456.503123ms)
✔ B6 handover applies exactly once with school-local cutoffs, durable receipts, own-actor recovery and preserved source authorship (1171.598444ms)
✔ B6 changed handover sources fail before submission or application and require an explicit review of the same pending receipt (1961.534208ms)
✔ B6 open-item changes invalidate handover review and linked source grants are never extended at the cutoff (1566.443326ms)
✔ B6 handover receipts remain actor/school bound, recheck delegation and deny immutable-source replacement (894.671257ms)
✔ B6 student creation allocates actual codes and atomically retains enrollment, gender and a separate unverified guardian (291.718176ms)
✔ B6 student form failures roll back every row and optional contacts require independent current authority on replay (406.489463ms)
✔ B6 student edits retain displayed versions and never replay internal notes after private profile authority is revoked (572.795734ms)
✔ B6 student unknown historic gender remains null and invalid gender/guardian state cannot be fabricated (175.221294ms)
✔ B6 real CSV gender mapping normalizes supported values, preserves unmapped sources and retains invalid rows (8585.485245ms)
✔ B6 native student directory applies Vietnamese keysets, exact SQL filters and minimal selected identifiers (555.056261ms)
✔ B6 native student projections separate school roster authority from family, note and link authority in the same session (414.960986ms)
✔ B6 archived student history uses an explicit included date and stored group, position and teacher sources (258.941235ms)
✔ B6 subject pupil projection remains minimal and class history cannot retain family access after enrollment ends (423.271816ms)
✔ B6 pupil link metadata reflects real events, bounded recent history and revocation without returning reusable secrets (347.711477ms)
✔ B6 an unconfigured school directory returns actual null year context without fabricated class or student data (166.703778ms)
✔ B6 verified family counters remain verified when receiving permission is explicitly disabled (214.325518ms)
✔ B6 atomic guardian save creates unverified contacts, replays one receipt and prevents duplicate new commands (281.523782ms)
✔ B6 atomic guardian save serializes competing displayed student versions (212.111581ms)
✔ B6 guardian form grants class family authority without student read or unscoped sibling data (395.897878ms)
✔ B6 atomic guardian edits preserve verified receiving choices and reject stale contact versions without partial priority changes (331.775877ms)
✔ B6 guardian save detects independently changed primary references and preserves every row on failure (305.260821ms)
✔ B6 guardian save rejects masked phones, foreign pairings and mutation of archived contacts (290.27045ms)
✔ B6 guardian form and cached saves recheck enrollment end and grant expiry in the same session (375.206608ms)
✔ B6 atomic guardian save rolls back contacts, relationships, primary changes, audit and receipt after a real SQL fault (257.140786ms)
✔ B6 school guardian directory uses SQL folded search, literal wildcards, signed keysets and independent link counters (434.03017ms)
✔ B6 class guardian reads exclude all unscoped sibling relationships and immediately lose access after enrollment or grant ends (326.652383ms)
✔ B6 shared guardian contact edits require management of every affected class and current read authority even for a replay (617.604971ms)
✔ B6 guardian profile exposes real verification and revocation metadata but removes link and audit panels when their separate rights end (446.658298ms)
✔ B6 partial student write acknowledgements redact unsubmitted protected fields including stored old receipts (253.096501ms)
✔ B6 bounded school class overview preserves query results, local JIT preference and the five-second runtime timeout (181.150874ms)
✔ B6 native invitation choices require current invitation authority, preserve delegation ceilings and never borrow a role catalog (366.701831ms)
✔ B6 native staff activity is SQL-bounded to staff targets, rechecks audit authority and keeps foreign and family records out (252.760019ms)
✔ B6 student-create choices use current class write authority without borrowing roster, year or class readers (409.32881ms)
✔ B6 parent-issue purpose readers paginate over 1000 pupils, keep current class/time authority and expose no contact or token (583.632581ms)
✔ B6 reviewed parent issuance rejects stale sources, rotates atomically, converts local dates and never replays secrets (596.072653ms)
✔ B6 parent metadata directory keeps manage scope, current capabilities, real counts and no borrowed contact/catalog data (836.425183ms)
✔ B6 parent metadata masks independently authorized contact, paginates anonymous history and tracks only actual replacement facts (1213.276102ms)
✔ B6 parent attendance month exposes only real child sessions and published scoped holiday labels without borrowing overview (1389.820739ms)
✔ B6 parent attendance calendar SQL function checks exact child/year/school/current session and cannot expose raw calendar tables (616.821147ms)
✔ B6 parent teacher directory uses own live class assignments, shared work fields and only current published schedule weekdays (1230.999266ms)
✔ B6 parent teacher SQL denies foreign or missing context, honors current enrollment/grant/contact changes and never grants raw memberships (705.356991ms)
✔ B6 parent monthly denominator includes only actual own DAILY publications and keeps LESSON attendance separate (1013.99506ms)
✔ B6 parent published dated projections retain old enrollment history and exclude old-class plans from the transfer cutoff (801.566501ms)
✔ B6 parent duty schedule includes all published batch rows and current source statuses, denies other scopes and follows withdrawal (1125.738203ms)
✔ B6 parent timetable week keeps pinned published period/status/work labels, own holiday calendar and independent preview through replacement and withdrawal (2979.18424ms)
✔ B6 parent timetable week SQL denies foreign/current-section contexts and raw sources, clips the year and follows transfer or link revocation (998.228007ms)
✔ B6 parent documents complete directory and metadata use actual published reports, independent view/download rights and matching scoped previews (2303.873406ms)
✔ B6 parent file guards deny raw storage, foreign contexts, expiry and revocation committed between file open and final stream check (725.855353ms)
✔ B6 parent published activity directory and detail pin the own-child state and metadata until replacement or withdrawal (1009.696543ms)
✔ B6 parent published announcements pin rich content and scope kinds while attachments retain current independent rights (1912.015275ms)
✔ B6 parent conduct display pins published own decimals and metadata and exposes only the same child revision history through adjustment and withdrawal (833.864097ms)
✔ B6 parent conduct metadata and history deny wrong school child year section session, raw sources and revoked relationships (659.853685ms)
{"checkpoint":"platform-school-page-real-cohort","schools":2959,"firstRows":1,"firstMs":7.334612000035122}
✔ B6 platform school pagination counts its real base cohort without computing every school aggregate and preserves filters search metadata and current denial (138.478066ms)
✔ B6 parent published overview bounds each own shared panel, chooses actual publication time and follows withdrawal without borrowing sections (2961.175831ms)
✔ B6 parent overview counts every real DAILY slot beyond a mixed ten-row page, excludes LESSON future and draft facts and rechecks current section rights (2073.05885ms)
✔ B6 parent overview snapshot denies foreign school child year missing session and independent preview authority without raw-source grants (532.746149ms)
✔ B6 platform administrator search labels preserve current aggregate semantics and restore tenant context while denying other roles (585.31492ms)
✔ B6 staff preview context returns only current own safe metadata without overview panels or cookie adoption and expires every temporary session (518.920878ms)
✔ B6 staff preview context keeps current class year school and grant-time scope independent from issuance and public parent sessions (427.623474ms)
ℹ tests 185
ℹ suites 0
ℹ pass 185
ℹ fail 0
ℹ cancelled 0
ℹ skipped 0
ℹ todo 0
ℹ duration_ms 746036.726853
exitCode=0
