
 RUN  v3.2.7 D:/Edu

 ✓ tests/unit/api-client.test.ts (15 tests) 37ms
 ✓ tests/unit/api-session.test.ts (9 tests) 49ms
 ✓ tests/unit/api-rollover-adapter.test.ts (8 tests) 55ms
stdout | tests/unit/seed.test.ts > demo seed invariants > prints sizes
{
  students: 155,
  att: 3732,
  conduct: 265,
  lessons: 120,
  bytes: 1430325
}

 ✓ tests/unit/seed.test.ts (7 tests) 48ms
 ✓ tests/unit/api-students-adapter.test.ts (19 tests) 44ms
 ✓ tests/unit/api-guardians-adapter.test.ts (21 tests) 47ms
 ✓ tests/unit/api-parent-timetable-adapter.test.ts (6 tests) 80ms
 ✓ tests/unit/api-parent-shared-adapter.test.ts (9 tests) 86ms
 ✓ tests/unit/api-parent-attendance-adapter.test.ts (6 tests) 90ms
 ✓ tests/unit/api-parent-conduct-adapter.test.ts (9 tests) 114ms
 ✓ tests/unit/api-parent-overview-adapter.test.ts (10 tests) 85ms
 ✓ tests/unit/api-parent-intake-adapter.test.ts (14 tests) 121ms
 ✓ tests/unit/api-staff-activation.test.ts (8 tests) 51ms
 ✓ tests/unit/api-handover-adapter.test.ts (8 tests) 41ms
 ✓ tests/unit/api-auth-adapter.test.ts (7 tests) 51ms
 ✓ tests/unit/api-lists-fragments.test.ts (10 tests) 43ms
 ✓ tests/unit/api-support-adapter.test.ts (13 tests) 69ms
 ✓ tests/unit/api-parent-duties-adapter.test.ts (6 tests) 43ms
 ✓ tests/unit/api-school-adapter.test.ts (23 tests) 74ms
 ✓ tests/unit/api-assignment-adapter.test.ts (8 tests) 48ms
 ✓ tests/unit/api-parent-access-adapter.test.ts (8 tests) 72ms
 ✓ tests/unit/api-parent-issue-adapter.test.ts (8 tests) 70ms
 ✓ tests/unit/api-staff-directory.test.ts (6 tests) 38ms
 ✓ tests/unit/api-role-adapter.test.ts (5 tests) 39ms
 ✓ tests/unit/api-parent-documents-adapter.test.ts (8 tests) 37ms
 ✓ tests/unit/api-parent-preview-scope.test.ts (4 tests) 35ms
 ✓ tests/unit/api-staff-adapter.test.ts (9 tests) 82ms
 ✓ tests/unit/api-platform-adapter.test.ts (13 tests) 88ms
 ✓ tests/unit/api-session-adapter.test.ts (2 tests) 40ms
 ✓ tests/unit/api-parent-teachers-adapter.test.ts (6 tests) 28ms
 ✓ tests/unit/api-member-details.test.ts (5 tests) 25ms
 ✓ tests/unit/api-query-boundary.test.ts (5 tests) 40ms
 ✓ tests/unit/api-parent-session.test.ts (8 tests) 18ms
 ✓ tests/unit/api-teacher-classes-adapter.test.ts (6 tests) 29ms
 ✓ tests/unit/api-parent-context.test.ts (5 tests) 15ms
 ✓ tests/unit/api-scope-guard.test.ts (5 tests) 10ms
 ✓ tests/unit/api-parent-credential.test.ts (3 tests) 8ms
 ✓ tests/unit/api-context.test.ts (1 test) 7ms
 ✓ tests/unit/api-school-read-capability.test.ts (1 test) 4ms
 ✓ tests/unit/permissions.test.ts (9 tests) 6ms
 ✓ tests/unit/api-native-facade.test.ts (3 tests) 2625ms
   ✓ connected root boundary > has no runtime route dependency on fixtures, IndexedDB, legacy repositories or demo sessions  2611ms
 ✓ tests/unit/flows.test.ts (25 tests) 8009ms
   ✓ NV-03 / Q17 — revoking an assignment blocks the next read/write > revoked homeroom cannot lock or record morning attendance  542ms
   ✓ F03 / F04 / F05 — record → review → lock ≠ publish → adjust > parent sees 97 only after publish, then 102 after an approved + published adjustment  1889ms
   ✓ F07 / Q21 — attendance-linked conduct is never double counted > late in attendance creates one record; manual late is refused; re-save does not duplicate  480ms
   ✓ F07 / Q21 — attendance-linked conduct is never double counted > Q20 — unmarked is never counted as present and blocks publishing  329ms
   ✓ F12 / NV-14 / Q40 — network error and conflicts > simulated network error saves nothing and a retry succeeds once  443ms
   ✓ F12 / NV-14 / Q40 — network error and conflicts > stale version is rejected instead of overwriting  316ms
   ✓ F09 / Q36 — import with errors never duplicates or overwrites > previews row errors, commits valid rows, re-import skips  324ms
   ✓ F04 — school B policy: only school leaders publish > homeroom at B can lock but not publish; principal publishes  607ms
   ✓ SC07 / NV-13 — new school year rollover > creates a year, enrols chosen students into new classes, leaves the old year untouched  645ms
   ✓ F11 / Q35 — lesson change with effective date and conflict detection > detects a teacher already teaching another class; publishing is blocked; past dates refused  457ms

 Test Files  42 passed (42)
      Tests  361 passed (361)
   Start at  19:05:07
   Duration  9.71s (transform 3.52s, setup 2.31s, collect 12.07s, tests 12.60s, environment 12ms, prepare 5.15s)

exitCode=0
