 Container edumanage_backend_test-postgres-1 Running 
 Container edumanage_backend_test-postgres-1 Waiting 
 Container edumanage_backend_test-postgres-1 Healthy 
 Container edumanage_backend_test-runner-run-4f13fc7646ff Creating 
 Container edumanage_backend_test-runner-run-4f13fc7646ff Created 
✔ B5 all 264 supplied operation IDs have registered real handlers (418.826514ms)
✔ BE01 migration replay is a no-op, mismatch fails and metadata remains intact (62.962003ms)
✔ BE02 cross-school enrollment FK rejects write using the real runtime role (9.607975ms)
✔ BE03 no-tenant denies and SET LOCAL cannot leak across a reused connection (3.900927ms)
✔ BE04 bootstrap only exposes the authenticated user memberships without tenant (3.766259ms)
✔ BE05 HOMEROOM A plus SUBJECT B cannot authorize seating or guardians in B (216.613225ms)
✔ BE06 revoked membership is checked during an existing session and B stays independent (52.533112ms)
✔ B6 self context carries only own current duties and separates self-profile from school contacts (129.991149ms)
✔ BE08 CSRF, credential validation, cookie flags, session rotation and rate limiting (95.011404ms)
✔ BE10 concurrent profile patches serialize with a single version winner (54.472175ms)
✔ B6 password/session commands use actual cookies, reject bad passwords and revoke every session after change (325.390053ms)
✔ BE21 parent runtime role cannot select raw student rows (4139.70576ms)
✔ B0 health ready checks actual migrations, database and private storage (19.667678ms)
✔ B2 class lists use SQL scope and cross-school details deny before serialization (153.451082ms)
✔ BE09 idempotent organization create/retry/concurrency performs one write (79.686818ms)
✔ B2 required idempotency, class capacity/reference validation and version conflicts (121.920882ms)
✔ B2 signed cursor rejects scope/filter modification and delivers distinct pages (99.20479ms)
✔ B2 subject student projection omits family/internal notes and denies guardians (264.40153ms)
✔ B2 guardian create does not merge matching phone, relationships start unverified (106.580283ms)
✔ BE07 existing identity invitation requires its session and preserves password/other school (217.912273ms)
✔ B1 password reset token is encrypted, single-use and revokes all prior sessions (143.882881ms)
✔ B2 staff delegation stays within the ceiling, custom class scope and immediate revocation (606.549958ms)
✔ B2 transfers serialize capacity, handover removes the old teacher and rollover binds its preview (957.404883ms)
✔ B2 scoped guardian creation cannot acquire an unrelated family through relationship IDs (318.977351ms)
✔ B2/B5 uploads remain private until worker processing, leases serialize and local mail erases encrypted secrets (5412.856381ms)
✔ B2 imports parse real CSV, bind stale previews, avoid name/phone merges and retain invalid rows safely (2908.479428ms)
✔ B2/B5 timetable import checks assignments and overlapping slots, creates only a draft and deduplicates retries (1799.046693ms)
✔ B2 imports update only verified codes, create class drafts and staff invitations with work profiles (4073.634787ms)
✔ B2 large import resumes after a lost chunk without duplicating applied rows and checks current school authority (3537.583557ms)
✔ B3 attendance starts unmarked, versions every source change and publishes immutable one-student projections (455.821857ms)
✔ B3 subject attendance requires its actual lesson and cannot borrow daily access from another class (410.344113ms)
✔ B3 a simultaneous attendance edit and publish has one winner and never publishes a mixed source version (152.921954ms)
✔ B3 rule sets require explicit points, immutable issuance and effective week application (324.149972ms)
✔ B3 conduct reviews preserve facts, lock READY projections and publish only the exact pinned source (684.533397ms)
✔ B3 conduct linked attendance detects stale sources and subject teachers see only their own lesson facts (1320.18419ms)
✔ B3 approved adjustments retain old facts and atomically replace the current publication with a reviewed preview (1793.584935ms)
✔ B3 a simultaneous conduct record and lock/publish has one source winner (223.019665ms)
✔ B3 attendance linkage deduplicates, excludes corrected drafts and leaves locked scores unchanged with explicit warnings (419.977149ms)
✔ B4 private parent links expose only published child projections, preserve staff cookies and bind the active tab context (850.9414ms)
✔ B4 section/download rights, reissue, relationship revocation and foreign UUIDs are checked on each new parent request (525.064382ms)
✔ B4 private documents stream only with both download rights, and teacher contact projections use shared work fields (604.148396ms)
✔ B4 expired links, suspended schools, CSRF and exchange throttles deny without creating a parent identity (469.415618ms)
✔ B1 delegated grants and invitation acceptance stay inside the current expiry ceiling; backdated assignments require a reason (249.512024ms)
✔ B2 shrinking class capacity checks planned future occupancy peaks, rather than only today (104.301647ms)
✔ B5 dated groups retain moves and same-day cancellations, require current class versions and end group-leader duties (457.378808ms)
✔ B5 position holders serialize and remain valid conduct sources; locked source history cannot be shortened (399.739959ms)
✔ B5 seating validates effective enrollment and unique seats, preserves dated revisions and denies subject-only reads (535.705119ms)
✔ B2/B5 a transfer closes dated groups/positions and retains cancelled future plans atomically (335.015364ms)
✔ B5 timetable materializes bounded future lessons, publishes child-only projections and preserves past/source history (611.108783ms)
✔ B5 timetable rejects teacher/room collisions and revoked assignments, skips holidays and revalidates source versions (807.053653ms)
✔ B5 duties publish only individual tasks, reject foreign enrollment and retain immutable publication/withdraw history (388.053706ms)
✔ B5 group duties expand the effective group at publication and retain the individual targets after later moves (560.719488ms)
✔ B5 activities count only explicit participants, preserve published states and require current source/review authority (825.057204ms)
✔ B5 approved activity results are explicit conduct sources and locked approved facts protect their source history (348.73ms)
✔ B5 evidence stays private until review and publication; parent documents remain child-bound and filter file availability (1230.379484ms)
✔ B5 class announcements retain immutable publication across edits, bind one recipient and reject foreign class reads (2594.439678ms)
✔ B5 public school announcements sanitize content and keep draft/private replacements out of the public projection (1281.140741ms)
✔ B5 scheduled announcements wait for their due time, publish once through a worker and safely replay after an acknowledgement loss (1153.584217ms)
✔ B5 scheduled publication rechecks the creator grant and reports a failed queue without exposing a parent snapshot (1295.838348ms)
✔ B5 announcement attachments remain private to one child, obey link download rights and disappear when archived or withdrawn (1574.513056ms)
✔ B5 school settings persist with version guards, affect only new link expiry and suppress work contacts without changing old link permissions (1059.997212ms)
✔ B5 disabling homeroom publication takes effect inside existing sessions and restores only after an explicit setting change (784.010955ms)
✔ B3 configured second approval rejects self approval in API and SQL, while a different scoped approver permits atomic adjustment (686.208772ms)
✔ B5 personal notifications paginate across actual memberships, deduplicate publication events and deny foreign recipients and cross-user cursors (1268.179809ms)
✔ B5 withdrawn announcements redact retained staff notifications instead of exposing a stale published target (1143.133036ms)
✔ B5 dashboards count real scoped rows, keep homeroom and subject tasks separate and immediately recheck revocation (2737.524022ms)
✔ B5 teacher schedule is own dated teaching and announcement feed reads only current publications across draft edits (2015.431684ms)
✔ B5 dashboard attendance counters and publication tasks follow persisted marks, publish/withdraw and current school policy (1002.817139ms)
✔ B2 platform creates only metadata drafts, bootstraps admin roles/invitations and requires an active administrator for activation (2533.204217ms)
✔ B5 platform settings and operation records persist actual state, redact artifacts and reauthorize command replays (393.522669ms)
✔ B1 platform admin invitations obey operator expiry ceilings and acceptance rolls back after authority expires (192.905256ms)
✔ B5 support tickets persist both sides, preserve queue states and exact timestamp pagination, and deny other schools (386.769282ms)
✔ B1 support requests require independent current school consent, retain immutable scope and bind tickets/classes/actions/time (295.201023ms)
✔ B1 explicitly selected support grants authorize only scoped metadata GETs, audit the actual operator and force read-only SQL (262.985233ms)
✔ B1 school-wide support metadata never exposes import rows/downloads and expires without fallback to operator privileges (3511.99882ms)
✔ B1 an operator who also has school-admin rights still cannot self-approve or combine selected support scope with ordinary rights (242.282404ms)
✔ B5 signed native keysets cross a nullable sort boundary without dropping or repeating persisted schools (340.256462ms)
✔ B5 report SQL uses real scoped counts and immutable CSV export content while live attendance changes (988.276068ms)
✔ B5 published report exports pin revisions across replacement and withdrawal without exposing drafts (920.494276ms)
✔ B5 export XLSX/PDF are actual files with literal formula text, Vietnamese font and private download authorization (1159.016949ms)
✔ B5 subject reports remain own lesson attendance and scoped activities without school/family/conduct/export access (322.383603ms)
✔ B5 export workers and all file paths reauthorize revocation, expiry and cancellation, and replay completed work safely (926.82319ms)
✔ B5 conduct/activity/progress/link reports use actual pinned scores, explicit participant denominators and anonymous link use (1008.364345ms)
✔ B6 organization display fields persist with versions and tenant-safe references instead of being silently ignored (439.426785ms)
✔ B6 year wizard creates bounded terms, weeks, published holidays and independent draft rules atomically and idempotently (1151.49437ms)
✖ B6 class form assigns homeroom atomically, denies foreign/backdated inputs, requires handover and preserves archived history (546.407947ms)
ℹ tests 86
ℹ suites 0
ℹ pass 85
ℹ fail 1
ℹ cancelled 0
ℹ skipped 0
ℹ todo 0
ℹ duration_ms 76575.190311

✖ failing tests:

test at tests/integration/foundation.test.mjs:1803:1
✖ B6 class form assigns homeroom atomically, denies foreign/backdated inputs, requires handover and preserves archived history (546.407947ms)
  AssertionError [ERR_ASSERTION]: {"type":"urn:edumanage:problem:validation_error","title":"VALIDATION_ERROR","status":422,"code":"VALIDATION_ERROR","requestId":"dfb651ec-ef53-4131-923c-f10ca7a2f281","fieldErrors":[{"path":"/","code":"required","message":"Dữ liệu không hợp lệ"}]}
  
  422 !== 200
  
      at TestContext.<anonymous> (file:///srv/api/tests/integration/foundation.test.mjs:1815:191)
      at process.processTicksAndRejections (node:internal/process/task_queues:104:5)
      at async Test.run (node:internal/test_runner/test:1409:7)
      at async Test.processPendingSubtests (node:internal/test_runner/test:974:7) {
    generatedMessage: false,
    code: 'ERR_ASSERTION',
    actual: 422,
    expected: 200,
    operator: 'strictEqual',
    diff: 'simple'
  }

