 Container edumanage_backend_test-postgres-1 Running 
 Container edumanage_backend_test-postgres-1 Waiting 
 Container edumanage_backend_test-postgres-1 Healthy 
 Container edumanage_backend_test-runner-run-ef5adb0c26a3 Creating 
 Container edumanage_backend_test-runner-run-ef5adb0c26a3 Created 
✔ BE01 migration replay is a no-op, mismatch fails and metadata remains intact (492.889068ms)
✔ BE02 cross-school enrollment FK rejects write using the real runtime role (9.422009ms)
✔ BE03 no-tenant denies and SET LOCAL cannot leak across a reused connection (3.530955ms)
✔ BE04 bootstrap only exposes the authenticated user memberships without tenant (3.886053ms)
✔ BE05 HOMEROOM A plus SUBJECT B cannot authorize seating or guardians in B (169.847809ms)
✔ BE06 revoked membership is checked during an existing session and B stays independent (132.450317ms)
✔ BE08 CSRF, credential validation, cookie flags, session rotation and rate limiting (519.938647ms)
✔ BE10 concurrent profile patches serialize with a single version winner (232.072849ms)
✔ BE21 parent runtime role cannot select raw student rows (30.359374ms)
✔ B0 health ready checks actual migrations, database and private storage (13.073122ms)
✖ B2 class lists use SQL scope and cross-school details deny before serialization (188.584221ms)
✔ BE09 idempotent organization create/retry/concurrency performs one write (225.761569ms)
✔ B2 required idempotency, class capacity/reference validation and version conflicts (411.882637ms)
✔ B2 signed cursor rejects scope/filter modification and delivers distinct pages (228.640152ms)
✔ B2 subject student projection omits family/internal notes and denies guardians (407.38521ms)
✔ B2 guardian create does not merge matching phone, relationships start unverified (270.511709ms)
✔ BE07 existing identity invitation requires its session and preserves password/other school (542.771049ms)
✔ B1 password reset token is encrypted, single-use and revokes all prior sessions (486.277395ms)
✔ B2 staff delegation stays within the ceiling, custom class scope and immediate revocation (1545.834527ms)
✔ B2 transfers serialize capacity, handover removes the old teacher and rollover binds its preview (3018.009269ms)
✔ B2 scoped guardian creation cannot acquire an unrelated family through relationship IDs (974.280557ms)
✔ B2/B5 uploads remain private until worker processing, leases serialize and local mail erases encrypted secrets (3904.282352ms)
✔ B2 imports parse real CSV, bind stale previews, avoid name/phone merges and retain invalid rows safely (5826.118348ms)
✔ B2/B5 timetable import checks assignments and overlapping slots, creates only a draft and deduplicates retries (4380.236558ms)
✔ B2 imports update only verified codes, create class drafts and staff invitations with work profiles (5649.592165ms)
✔ B2 large import resumes after a lost chunk without duplicating applied rows and checks current school authority (1942.03361ms)
✔ B3 attendance starts unmarked, versions every source change and publishes immutable one-student projections (390.926591ms)
✔ B3 subject attendance requires its actual lesson and cannot borrow daily access from another class (144.664194ms)
✔ B3 a simultaneous attendance edit and publish has one winner and never publishes a mixed source version (127.53252ms)
✔ B3 rule sets require explicit points, immutable issuance and effective week application (230.347386ms)
✔ B3 conduct reviews preserve facts, lock READY projections and publish only the exact pinned source (588.97087ms)
✔ B3 conduct linked attendance detects stale sources and subject teachers see only their own lesson facts (456.088805ms)
ℹ tests 32
ℹ suites 0
ℹ pass 31
ℹ fail 1
ℹ cancelled 0
ℹ skipped 0
ℹ todo 0
ℹ duration_ms 34226.034289

✖ failing tests:

test at tests/integration/foundation.test.mjs:166:1
✖ B2 class lists use SQL scope and cross-school details deny before serialization (188.584221ms)
  AssertionError [ERR_ASSERTION]: Expected values to be strictly deep-equal:
  + actual - expected
  
  + Set(3) {
  - Set(2) {
      '257e1514-215c-5735-a205-27efe58ef62c',
      'c6544378-66cc-55ca-a1b2-928fdcc0e212',
  +   'dc790455-cdea-4090-ae3f-fd1f37a48cd2'
    }
  
      at TestContext.<anonymous> (file:///srv/api/tests/integration/foundation.test.mjs:170:10)
      at process.processTicksAndRejections (node:internal/process/task_queues:104:5)
      at async Test.run (node:internal/test_runner/test:1409:7)
      at async Test.processPendingSubtests (node:internal/test_runner/test:974:7) {
    generatedMessage: true,
    code: 'ERR_ASSERTION',
    actual: Set(3) { '257e1514-215c-5735-a205-27efe58ef62c', 'c6544378-66cc-55ca-a1b2-928fdcc0e212', 'dc790455-cdea-4090-ae3f-fd1f37a48cd2' },
    expected: Set(2) { '257e1514-215c-5735-a205-27efe58ef62c', 'c6544378-66cc-55ca-a1b2-928fdcc0e212' },
    operator: 'deepStrictEqual',
    diff: 'simple'
  }

