 Container edumanage_backend_test-postgres-1 Running 
 Container edumanage_backend_test-postgres-1 Waiting 
 Container edumanage_backend_test-postgres-1 Healthy 
 Container edumanage_backend_test-runner-run-d80c01ce481f Creating 
 Container edumanage_backend_test-runner-run-d80c01ce481f Created 
✔ BE01 migration replay is a no-op, mismatch fails and metadata remains intact (426.476721ms)
✔ BE02 cross-school enrollment FK rejects write using the real runtime role (10.268895ms)
✔ BE03 no-tenant denies and SET LOCAL cannot leak across a reused connection (3.856461ms)
✔ BE04 bootstrap only exposes the authenticated user memberships without tenant (3.913453ms)
✔ BE05 HOMEROOM A plus SUBJECT B cannot authorize seating or guardians in B (161.150184ms)
✔ BE06 revoked membership is checked during an existing session and B stays independent (44.73874ms)
✔ BE08 CSRF, credential validation, cookie flags, session rotation and rate limiting (117.4549ms)
✔ BE10 concurrent profile patches serialize with a single version winner (76.518257ms)
✔ BE21 parent runtime role cannot select raw student rows (569.750202ms)
✔ B0 health ready checks actual migrations, database and private storage (18.320481ms)
✔ B2 class lists use SQL scope and cross-school details deny before serialization (116.0504ms)
✔ BE09 idempotent organization create/retry/concurrency performs one write (68.771943ms)
✔ B2 required idempotency, class capacity/reference validation and version conflicts (122.880636ms)
✔ B2 signed cursor rejects scope/filter modification and delivers distinct pages (88.966173ms)
✔ B2 subject student projection omits family/internal notes and denies guardians (188.983948ms)
✔ B2 guardian create does not merge matching phone, relationships start unverified (105.76954ms)
✔ BE07 existing identity invitation requires its session and preserves password/other school (185.93629ms)
✔ B1 password reset token is encrypted, single-use and revokes all prior sessions (135.628003ms)
✔ B2 staff delegation stays within the ceiling, custom class scope and immediate revocation (947.50116ms)
✔ B2 transfers serialize capacity, handover removes the old teacher and rollover binds its preview (2101.341249ms)
✔ B2 scoped guardian creation cannot acquire an unrelated family through relationship IDs (504.556857ms)
✔ B2/B5 uploads remain private until worker processing, leases serialize and local mail erases encrypted secrets (2832.803842ms)
✔ B2 imports parse real CSV, bind stale previews, avoid name/phone merges and retain invalid rows safely (4133.701193ms)
✔ B2/B5 timetable import checks assignments and overlapping slots, creates only a draft and deduplicates retries (3041.451049ms)
✔ B2 imports update only verified codes, create class drafts and staff invitations with work profiles (3117.349284ms)
✔ B2 large import resumes after a lost chunk without duplicating applied rows and checks current school authority (3016.96249ms)
✔ B3 attendance starts unmarked, versions every source change and publishes immutable one-student projections (416.825281ms)
✔ B3 subject attendance requires its actual lesson and cannot borrow daily access from another class (284.221019ms)
✔ B3 a simultaneous attendance edit and publish has one winner and never publishes a mixed source version (155.038218ms)
✔ B3 rule sets require explicit points, immutable issuance and effective week application (362.581651ms)
✔ B3 conduct reviews preserve facts, lock READY projections and publish only the exact pinned source (673.680847ms)
✔ B3 conduct linked attendance detects stale sources and subject teachers see only their own lesson facts (609.549456ms)
✔ B3 approved adjustments retain old facts and atomically replace the current publication with a reviewed preview (485.959428ms)
✔ B3 a simultaneous conduct record and lock/publish has one source winner (226.752328ms)
✔ B3 attendance linkage deduplicates, excludes corrected drafts and leaves locked scores unchanged with explicit warnings (380.299022ms)
✔ B4 private parent links expose only published child projections, preserve staff cookies and bind the active tab context (822.471488ms)
✔ B4 section/download rights, reissue, relationship revocation and foreign UUIDs are checked on each new parent request (439.431575ms)
✔ B4 private documents stream only with both download rights, and teacher contact projections use shared work fields (574.377891ms)
✔ B4 expired links, suspended schools, CSRF and exchange throttles deny without creating a parent identity (435.858583ms)
✔ B1 delegated grants and invitation acceptance stay inside the current expiry ceiling; backdated assignments require a reason (234.268896ms)
✔ B2 shrinking class capacity checks planned future occupancy peaks, rather than only today (103.367684ms)
✔ B5 dated groups retain moves and same-day cancellations, require current class versions and end group-leader duties (448.178002ms)
✔ B5 position holders serialize and remain valid conduct sources; locked source history cannot be shortened (382.777549ms)
✔ B5 seating validates effective enrollment and unique seats, preserves dated revisions and denies subject-only reads (580.386724ms)
✔ B2/B5 a transfer closes dated groups/positions and retains cancelled future plans atomically (358.375675ms)
✔ B5 timetable materializes bounded future lessons, publishes child-only projections and preserves past/source history (625.876648ms)
✔ B5 timetable rejects teacher/room collisions and revoked assignments, skips holidays and revalidates source versions (779.202869ms)
✔ B5 duties publish only individual tasks, reject foreign enrollment and retain immutable publication/withdraw history (407.216379ms)
✔ B5 group duties expand the effective group at publication and retain the individual targets after later moves (590.490979ms)
✔ B5 activities count only explicit participants, preserve published states and require current source/review authority (904.257507ms)
✔ B5 approved activity results are explicit conduct sources and locked approved facts protect their source history (375.631803ms)
✔ B5 evidence stays private until review and publication; parent documents remain child-bound and filter file availability (1119.775082ms)
✔ B5 class announcements retain immutable publication across edits, bind one recipient and reject foreign class reads (1495.100729ms)
✔ B5 public school announcements sanitize content and keep draft/private replacements out of the public projection (994.01439ms)
✔ B5 scheduled announcements wait for their due time, publish once through a worker and safely replay after an acknowledgement loss (1272.026991ms)
✔ B5 scheduled publication rechecks the creator grant and reports a failed queue without exposing a parent snapshot (1152.646669ms)
✔ B5 announcement attachments remain private to one child, obey link download rights and disappear when archived or withdrawn (1118.925961ms)
✔ B5 school settings persist with version guards, affect only new link expiry and suppress work contacts without changing old link permissions (1089.289256ms)
✔ B5 disabling homeroom publication takes effect inside existing sessions and restores only after an explicit setting change (1540.120327ms)
✔ B3 configured second approval rejects self approval in API and SQL, while a different scoped approver permits atomic adjustment (1427.575431ms)
✔ B5 personal notifications paginate across actual memberships, deduplicate publication events and deny foreign recipients and cross-user cursors (919.204621ms)
✔ B5 withdrawn announcements redact retained staff notifications instead of exposing a stale published target (476.354077ms)
✔ B5 dashboards count real scoped rows, keep homeroom and subject tasks separate and immediately recheck revocation (1111.632444ms)
✔ B5 teacher schedule is own dated teaching and announcement feed reads only current publications across draft edits (933.360033ms)
✔ B5 dashboard attendance counters and publication tasks follow persisted marks, publish/withdraw and current school policy (745.185936ms)
ℹ tests 65
ℹ suites 0
ℹ pass 65
ℹ fail 0
ℹ cancelled 0
ℹ skipped 0
ℹ todo 0
ℹ duration_ms 49957.305053
