 Container edumanage_backend_test-postgres-1 Running 
 Container edumanage_backend_test-postgres-1 Waiting 
 Container edumanage_backend_test-postgres-1 Healthy 
 Container edumanage_backend_test-runner-run-d489a9e141cb Creating 
 Container edumanage_backend_test-runner-run-d489a9e141cb Created 
✔ BE01 migration replay is a no-op, mismatch fails and metadata remains intact (513.255166ms)
✔ BE02 cross-school enrollment FK rejects write using the real runtime role (11.416277ms)
✔ BE03 no-tenant denies and SET LOCAL cannot leak across a reused connection (4.687677ms)
✔ BE04 bootstrap only exposes the authenticated user memberships without tenant (3.917535ms)
✔ BE05 HOMEROOM A plus SUBJECT B cannot authorize seating or guardians in B (231.240839ms)
✔ BE06 revoked membership is checked during an existing session and B stays independent (190.374686ms)
✔ BE08 CSRF, credential validation, cookie flags, session rotation and rate limiting (623.698596ms)
✔ BE10 concurrent profile patches serialize with a single version winner (159.928825ms)
✔ BE21 parent runtime role cannot select raw student rows (495.361593ms)
✔ B0 health ready checks actual migrations, database and private storage (18.324004ms)
✔ B2 class lists use SQL scope and cross-school details deny before serialization (126.348753ms)
✔ BE09 idempotent organization create/retry/concurrency performs one write (71.840086ms)
✔ B2 required idempotency, class capacity/reference validation and version conflicts (123.638507ms)
✔ B2 signed cursor rejects scope/filter modification and delivers distinct pages (90.600964ms)
✔ B2 subject student projection omits family/internal notes and denies guardians (177.881581ms)
✔ B2 guardian create does not merge matching phone, relationships start unverified (105.772004ms)
✔ BE07 existing identity invitation requires its session and preserves password/other school (186.324981ms)
✔ B1 password reset token is encrypted, single-use and revokes all prior sessions (135.500214ms)
✔ B2 staff delegation stays within the ceiling, custom class scope and immediate revocation (522.129096ms)
✔ B2 transfers serialize capacity, handover removes the old teacher and rollover binds its preview (916.596684ms)
✔ B2 scoped guardian creation cannot acquire an unrelated family through relationship IDs (228.670549ms)
✔ B2/B5 uploads remain private until worker processing, leases serialize and local mail erases encrypted secrets (1142.211041ms)
✔ B2 imports parse real CSV, bind stale previews, avoid name/phone merges and retain invalid rows safely (2080.850366ms)
✔ B2/B5 timetable import checks assignments and overlapping slots, creates only a draft and deduplicates retries (1391.256755ms)
✔ B2 imports update only verified codes, create class drafts and staff invitations with work profiles (3092.563452ms)
✔ B2 large import resumes after a lost chunk without duplicating applied rows and checks current school authority (2846.879316ms)
✔ B3 attendance starts unmarked, versions every source change and publishes immutable one-student projections (422.721785ms)
✔ B3 subject attendance requires its actual lesson and cannot borrow daily access from another class (243.331807ms)
✔ B3 a simultaneous attendance edit and publish has one winner and never publishes a mixed source version (154.727269ms)
✔ B3 rule sets require explicit points, immutable issuance and effective week application (280.341274ms)
✔ B3 conduct reviews preserve facts, lock READY projections and publish only the exact pinned source (640.021232ms)
✔ B3 conduct linked attendance detects stale sources and subject teachers see only their own lesson facts (598.546629ms)
✔ B3 approved adjustments retain old facts and atomically replace the current publication with a reviewed preview (449.882701ms)
✔ B3 a simultaneous conduct record and lock/publish has one source winner (209.571934ms)
✔ B3 attendance linkage deduplicates, excludes corrected drafts and leaves locked scores unchanged with explicit warnings (381.273233ms)
✔ B4 private parent links expose only published child projections, preserve staff cookies and bind the active tab context (924.49136ms)
✔ B4 section/download rights, reissue, relationship revocation and foreign UUIDs are checked on each new parent request (436.420527ms)
✔ B4 private documents stream only with both download rights, and teacher contact projections use shared work fields (616.912499ms)
✔ B4 expired links, suspended schools, CSRF and exchange throttles deny without creating a parent identity (522.738867ms)
✔ B1 delegated grants and invitation acceptance stay inside the current expiry ceiling; backdated assignments require a reason (332.968756ms)
✔ B2 shrinking class capacity checks planned future occupancy peaks, rather than only today (144.050895ms)
✔ B5 dated groups retain moves and same-day cancellations, require current class versions and end group-leader duties (500.598292ms)
✔ B5 position holders serialize and remain valid conduct sources; locked source history cannot be shortened (415.876872ms)
✔ B5 seating validates effective enrollment and unique seats, preserves dated revisions and denies subject-only reads (482.02861ms)
✔ B2/B5 a transfer closes dated groups/positions and retains cancelled future plans atomically (322.089139ms)
✔ B5 timetable materializes bounded future lessons, publishes child-only projections and preserves past/source history (581.964711ms)
✔ B5 timetable rejects teacher/room collisions and revoked assignments, skips holidays and revalidates source versions (1861.205142ms)
✔ B5 duties publish only individual tasks, reject foreign enrollment and retain immutable publication/withdraw history (1108.132084ms)
✔ B5 group duties expand the effective group at publication and retain the individual targets after later moves (1658.24658ms)
✔ B5 activities count only explicit participants, preserve published states and require current source/review authority (2641.514512ms)
✔ B5 approved activity results are explicit conduct sources and locked approved facts protect their source history (958.661071ms)
✔ B5 evidence stays private until review and publication; parent documents remain child-bound and filter file availability (3125.920123ms)
✔ B5 class announcements retain immutable publication across edits, bind one recipient and reject foreign class reads (2596.591232ms)
✔ B5 public school announcements sanitize content and keep draft/private replacements out of the public projection (1088.193554ms)
✔ B5 scheduled announcements wait for their due time, publish once through a worker and safely replay after an acknowledgement loss (1151.711307ms)
✔ B5 scheduled publication rechecks the creator grant and reports a failed queue without exposing a parent snapshot (1178.608579ms)
✔ B5 announcement attachments remain private to one child, obey link download rights and disappear when archived or withdrawn (1104.55147ms)
✔ B5 school settings persist with version guards, affect only new link expiry and suppress work contacts without changing old link permissions (764.435168ms)
✔ B5 disabling homeroom publication takes effect inside existing sessions and restores only after an explicit setting change (586.584936ms)
✔ B3 configured second approval rejects self approval in API and SQL, while a different scoped approver permits atomic adjustment (470.93362ms)
✔ B5 personal notifications paginate across actual memberships, deduplicate publication events and deny foreign recipients and cross-user cursors (845.854564ms)
✔ B5 withdrawn announcements redact retained staff notifications instead of exposing a stale published target (464.11053ms)
✖ B5 dashboards count real scoped rows, keep homeroom and subject tasks separate and immediately recheck revocation (1019.830488ms)
✔ B5 teacher schedule is own dated teaching and announcement feed reads only current publications across draft edits (928.315179ms)
ℹ tests 64
ℹ suites 0
ℹ pass 63
ℹ fail 1
ℹ cancelled 0
ℹ skipped 0
ℹ todo 0
ℹ duration_ms 48599.42267

✖ failing tests:

test at tests/integration/foundation.test.mjs:1456:1
✖ B5 dashboards count real scoped rows, keep homeroom and subject tasks separate and immediately recheck revocation (1019.830488ms)
  AssertionError [ERR_ASSERTION]: The expression evaluated to a falsy value:
  
    assert.ok(cursor)
  
      at TestContext.<anonymous> (file:///srv/api/tests/integration/foundation.test.mjs:1468:178)
      at process.processTicksAndRejections (node:internal/process/task_queues:104:5)
      at async Test.run (node:internal/test_runner/test:1409:7)
      at async Test.processPendingSubtests (node:internal/test_runner/test:974:7) {
    generatedMessage: true,
    code: 'ERR_ASSERTION',
    actual: undefined,
    expected: true,
    operator: '==',
    diff: 'simple'
  }

