✔ all operation IDs are unique (1.0226ms)
✔ login rejects spoofed role, school and unknown fields (3.7443ms)
✔ private user DTO rejects secrets and unknown properties (5.729ms)
✔ announcement HTML retains paragraph/list formatting while dropping executable markup, URLs and tracking resources (4.6942ms)
✔ grant action and class scope stay together (0.8044ms)
✔ subject grants never authorize management without explicit subject policy (0.1564ms)
✔ end dates are exclusive and assignment is mandatory for default teacher grants (0.1323ms)
✔ a custom class grant authorizes only its delegated action and class (0.1384ms)
✔ a delegated grant cannot outlive an expiring authority, including an unbounded target or future start (0.1632ms)
✔ decimal scoring preserves fractional sums, negative penalties, explicit base, clamps and threshold boundaries (4.1898ms)
✔ fixed deltas reject overrides and manual deltas require bounds (0.5605ms)
✔ XLSX parser bounds sparse dimensions and rejects formulas before workbook allocation (101.4878ms)
ℹ tests 12
ℹ suites 0
ℹ pass 12
ℹ fail 0
ℹ cancelled 0
ℹ skipped 0
ℹ todo 0
ℹ duration_ms 522.2368
