 Container edumanage_backend_test-postgres-1 Running 
 Container edumanage_backend_test-postgres-1 Waiting 
 Container edumanage_backend_test-postgres-1 Healthy 
 Container edumanage_backend_test-runner-run-42d7a6bba54c Creating 
 Container edumanage_backend_test-runner-run-42d7a6bba54c Created 
✔ BE01 migration replay is a no-op, mismatch fails and metadata remains intact (387.106472ms)
✔ BE02 cross-school enrollment FK rejects write using the real runtime role (8.841538ms)
✔ BE03 no-tenant denies and SET LOCAL cannot leak across a reused connection (3.443841ms)
✔ BE04 bootstrap only exposes the authenticated user memberships without tenant (3.739216ms)
✔ BE05 HOMEROOM A plus SUBJECT B cannot authorize seating or guardians in B (97.569622ms)
✔ BE06 revoked membership is checked during an existing session and B stays independent (40.284758ms)
✔ BE08 CSRF, credential validation, cookie flags, session rotation and rate limiting (114.472495ms)
✔ BE10 concurrent profile patches serialize with a single version winner (62.042428ms)
✔ BE21 parent runtime role cannot select raw student rows (85.401189ms)
✔ B0 health ready checks actual migrations, database and private storage (15.529898ms)
✔ B2 class lists use SQL scope and cross-school details deny before serialization (97.623866ms)
✔ BE09 idempotent organization create/retry/concurrency performs one write (66.609827ms)
✔ B2 required idempotency, class capacity/reference validation and version conflicts (133.20728ms)
✔ B2 signed cursor rejects scope/filter modification and delivers distinct pages (92.007542ms)
✔ B2 subject student projection omits family/internal notes and denies guardians (140.743231ms)
✔ B2 guardian create does not merge matching phone, relationships start unverified (96.028673ms)
✔ BE07 existing identity invitation requires its session and preserves password/other school (170.064524ms)
✔ B1 password reset token is encrypted, single-use and revokes all prior sessions (180.786795ms)
✔ B2 staff delegation stays within the ceiling, custom class scope and immediate revocation (426.5723ms)
✔ B2 transfers serialize capacity, handover removes the old teacher and rollover binds its preview (792.448213ms)
✔ B2 scoped guardian creation cannot acquire an unrelated family through relationship IDs (620.725074ms)
✔ B2/B5 uploads remain private until worker processing, leases serialize and local mail erases encrypted secrets (2613.756758ms)
✔ B2 imports parse real CSV, bind stale previews, avoid name/phone merges and retain invalid rows safely (1589.575048ms)
✔ B2/B5 timetable import checks assignments and overlapping slots, creates only a draft and deduplicates retries (903.794939ms)
✔ B2 imports update only verified codes, create class drafts and staff invitations with work profiles (1936.765617ms)
✔ B2 large import resumes after a lost chunk without duplicating applied rows and checks current school authority (2280.97161ms)
✔ B3 attendance starts unmarked, versions every source change and publishes immutable one-student projections (401.281587ms)
✔ B3 subject attendance requires its actual lesson and cannot borrow daily access from another class (180.242712ms)
✔ B3 a simultaneous attendance edit and publish has one winner and never publishes a mixed source version (131.875966ms)
✔ B3 rule sets require explicit points, immutable issuance and effective week application (237.899497ms)
✔ B3 conduct reviews preserve facts, lock READY projections and publish only the exact pinned source (593.014852ms)
✔ B3 conduct linked attendance detects stale sources and subject teachers see only their own lesson facts (483.491005ms)
✔ B3 approved adjustments retain old facts and atomically replace the current publication with a reviewed preview (413.200847ms)
✔ B3 a simultaneous conduct record and lock/publish has one source winner (189.713965ms)
✔ B3 attendance linkage deduplicates, excludes corrected drafts and leaves locked scores unchanged with explicit warnings (349.689386ms)
✔ B4 private parent links expose only published child projections, preserve staff cookies and bind the active tab context (724.328977ms)
✔ B4 section/download rights, reissue, relationship revocation and foreign UUIDs are checked on each new parent request (398.4208ms)
✔ B4 private documents stream only with both download rights, and teacher contact projections use shared work fields (493.076473ms)
✔ B4 expired links, suspended schools, CSRF and exchange throttles deny without creating a parent identity (3018.941631ms)
✔ B1 delegated grants and invitation acceptance stay inside the current expiry ceiling; backdated assignments require a reason (899.929238ms)
✔ B2 shrinking class capacity checks planned future occupancy peaks, rather than only today (508.056551ms)
✔ B5 dated groups retain moves and same-day cancellations, require current class versions and end group-leader duties (1865.122056ms)
✔ B5 position holders serialize and remain valid conduct sources; locked source history cannot be shortened (1380.235607ms)
✔ B5 seating validates effective enrollment and unique seats, preserves dated revisions and denies subject-only reads (1522.663387ms)
✔ B2/B5 a transfer closes dated groups/positions and retains cancelled future plans atomically (896.263815ms)
ℹ tests 45
ℹ suites 0
ℹ pass 45
ℹ fail 0
ℹ cancelled 0
ℹ skipped 0
ℹ todo 0
ℹ duration_ms 28342.369235
