 Container edumanage_local-postgres-1 Running 
 Container edumanage_local-storage-init-1 Recreate 
 Container edumanage_local-migrate-1 Recreate 
 Container edumanage_local-storage-init-1 Recreated 
 Container edumanage_local-migrate-1 Recreated 
 Container edumanage_local-worker-1 Recreate 
 Container edumanage_local-api-1 Recreate 
 Container edumanage_local-api-1 Recreated 
 Container edumanage_local-web-1 Recreate 
 Container edumanage_local-web-1 Recreated 
 Container edumanage_local-gateway-1 Running 
 Container edumanage_local-worker-1 Recreated 
 Container edumanage_local-postgres-1 Waiting 
 Container edumanage_local-storage-init-1 Starting 
 Container edumanage_local-storage-init-1 Started 
 Container edumanage_local-postgres-1 Healthy 
 Container edumanage_local-migrate-1 Starting 
 Container edumanage_local-migrate-1 Started 
 Container edumanage_local-storage-init-1 Waiting 
 Container edumanage_local-postgres-1 Waiting 
 Container edumanage_local-migrate-1 Waiting 
 Container edumanage_local-storage-init-1 Waiting 
 Container edumanage_local-postgres-1 Waiting 
 Container edumanage_local-migrate-1 Waiting 
 Container edumanage_local-migrate-1 Exited 
 Container edumanage_local-postgres-1 Healthy 
 Container edumanage_local-postgres-1 Healthy 
 Container edumanage_local-storage-init-1 Exited 
 Container edumanage_local-storage-init-1 Exited 
 Container edumanage_local-migrate-1 Exited 
 Container edumanage_local-api-1 Starting 
 Container edumanage_local-worker-1 Starting 
 Container edumanage_local-api-1 Started 
 Container edumanage_local-api-1 Waiting 
 Container edumanage_local-worker-1 Started 
 Container edumanage_local-api-1 Healthy 
 Container edumanage_local-web-1 Starting 
 Container edumanage_local-web-1 Started 
 Container edumanage_local-web-1 Waiting 
 Container edumanage_local-api-1 Waiting 
 Container edumanage_local-api-1 Healthy 
 Container edumanage_local-web-1 Healthy 
 Container edumanage_local-worker-1 Waiting 
 Container edumanage_local-web-1 Waiting 
 Container edumanage_local-gateway-1 Waiting 
 Container edumanage_local-postgres-1 Waiting 
 Container edumanage_local-migrate-1 Waiting 
 Container edumanage_local-storage-init-1 Waiting 
 Container edumanage_local-api-1 Waiting 
 Container edumanage_local-storage-init-1 Exited 
 Container edumanage_local-gateway-1 Healthy 
 Container edumanage_local-postgres-1 Healthy 
 Container edumanage_local-migrate-1 Exited 
 Container edumanage_local-web-1 Healthy 
 Container edumanage_local-worker-1 Healthy 
 Container edumanage_local-api-1 Healthy 
EXIT_CODE=0
