 Container edumanage_backend_test-postgres-1 Running 
 Container edumanage_backend_test-postgres-1 Waiting 
 Container edumanage_backend_test-postgres-1 Healthy 
 Container edumanage_backend_test-runner-run-1678174cab92 Creating 
 Container edumanage_backend_test-runner-run-1678174cab92 Created 
✔ BE01 migration replay is a no-op, mismatch fails and metadata remains intact (397.433503ms)
✔ BE02 cross-school enrollment FK rejects write using the real runtime role (8.61733ms)
✔ BE03 no-tenant denies and SET LOCAL cannot leak across a reused connection (3.52893ms)
✔ BE04 bootstrap only exposes the authenticated user memberships without tenant (3.689058ms)
✔ BE05 HOMEROOM A plus SUBJECT B cannot authorize seating or guardians in B (102.518208ms)
✔ BE06 revoked membership is checked during an existing session and B stays independent (39.229105ms)
✔ BE08 CSRF, credential validation, cookie flags, session rotation and rate limiting (123.700033ms)
✔ BE10 concurrent profile patches serialize with a single version winner (63.705515ms)
✔ BE21 parent runtime role cannot select raw student rows (125.94766ms)
✔ B0 health ready checks actual migrations, database and private storage (17.696609ms)
✔ B2 class lists use SQL scope and cross-school details deny before serialization (110.300783ms)
✔ BE09 idempotent organization create/retry/concurrency performs one write (66.507932ms)
✔ B2 required idempotency, class capacity/reference validation and version conflicts (116.708401ms)
✔ B2 signed cursor rejects scope/filter modification and delivers distinct pages (77.397009ms)
✔ B2 subject student projection omits family/internal notes and denies guardians (140.093285ms)
✔ B2 guardian create does not merge matching phone, relationships start unverified (196.636929ms)
✔ BE07 existing identity invitation requires its session and preserves password/other school (300.411065ms)
✔ B1 password reset token is encrypted, single-use and revokes all prior sessions (135.242845ms)
✔ B2 staff delegation stays within the ceiling, custom class scope and immediate revocation (418.676825ms)
✔ B2 transfers serialize capacity, handover removes the old teacher and rollover binds its preview (799.02218ms)
✔ B2 scoped guardian creation cannot acquire an unrelated family through relationship IDs (164.732669ms)
✔ B2/B5 uploads remain private until worker processing, leases serialize and local mail erases encrypted secrets (777.432998ms)
✔ B2 imports parse real CSV, bind stale previews, avoid name/phone merges and retain invalid rows safely (1558.443233ms)
✔ B2/B5 timetable import checks assignments and overlapping slots, creates only a draft and deduplicates retries (990.795716ms)
✔ B2 imports update only verified codes, create class drafts and staff invitations with work profiles (2146.757476ms)
✔ B2 large import resumes after a lost chunk without duplicating applied rows and checks current school authority (2415.090711ms)
✔ B3 attendance starts unmarked, versions every source change and publishes immutable one-student projections (405.138476ms)
✔ B3 subject attendance requires its actual lesson and cannot borrow daily access from another class (200.777031ms)
✔ B3 a simultaneous attendance edit and publish has one winner and never publishes a mixed source version (146.785165ms)
✔ B3 rule sets require explicit points, immutable issuance and effective week application (246.098137ms)
✔ B3 conduct reviews preserve facts, lock READY projections and publish only the exact pinned source (599.981532ms)
✔ B3 conduct linked attendance detects stale sources and subject teachers see only their own lesson facts (483.516689ms)
✔ B3 approved adjustments retain old facts and atomically replace the current publication with a reviewed preview (409.984676ms)
✔ B3 a simultaneous conduct record and lock/publish has one source winner (199.98983ms)
✔ B3 attendance linkage deduplicates, excludes corrected drafts and leaves locked scores unchanged with explicit warnings (346.365024ms)
✔ B4 private parent links expose only published child projections, preserve staff cookies and bind the active tab context (720.459246ms)
✔ B4 section/download rights, reissue, relationship revocation and foreign UUIDs are checked on each new parent request (406.721234ms)
✔ B4 private documents stream only with both download rights, and teacher contact projections use shared work fields (508.143576ms)
✔ B4 expired links, suspended schools, CSRF and exchange throttles deny without creating a parent identity (397.088306ms)
✔ B1 delegated grants and invitation acceptance stay inside the current expiry ceiling; backdated assignments require a reason (203.515823ms)
✔ B2 shrinking class capacity checks planned future occupancy peaks, rather than only today (96.541706ms)
✔ B5 dated groups retain moves and same-day cancellations, require current class versions and end group-leader duties (393.635923ms)
✔ B5 position holders serialize and remain valid conduct sources; locked source history cannot be shortened (349.285844ms)
✔ B5 seating validates effective enrollment and unique seats, preserves dated revisions and denies subject-only reads (415.714663ms)
✔ B2/B5 a transfer closes dated groups/positions and retains cancelled future plans atomically (290.503994ms)
✔ B5 timetable materializes bounded future lessons, publishes child-only projections and preserves past/source history (568.93393ms)
✔ B5 timetable rejects teacher/room collisions and revoked assignments, skips holidays and revalidates source versions (687.127256ms)
✔ B5 duties publish only individual tasks, reject foreign enrollment and retain immutable publication/withdraw history (387.799506ms)
✔ B5 group duties expand the effective group at publication and retain the individual targets after later moves (503.456221ms)
ℹ tests 49
ℹ suites 0
ℹ pass 49
ℹ fail 0
ℹ cancelled 0
ℹ skipped 0
ℹ todo 0
ℹ duration_ms 21023.996155
