 Container edumanage_backend_test-postgres-1 Running 
 Container edumanage_backend_test-postgres-1 Waiting 
 Container edumanage_backend_test-postgres-1 Healthy 
 Container edumanage_backend_test-runner-run-56807f5bd292 Creating 
 Container edumanage_backend_test-runner-run-56807f5bd292 Created 
✔ BE01 migration replay is a no-op, mismatch fails and metadata remains intact (448.799817ms)
✔ BE02 cross-school enrollment FK rejects write using the real runtime role (10.050398ms)
✔ BE03 no-tenant denies and SET LOCAL cannot leak across a reused connection (4.002338ms)
✔ BE04 bootstrap only exposes the authenticated user memberships without tenant (3.98843ms)
✔ BE05 HOMEROOM A plus SUBJECT B cannot authorize seating or guardians in B (147.480997ms)
✔ BE06 revoked membership is checked during an existing session and B stays independent (46.670417ms)
✔ BE08 CSRF, credential validation, cookie flags, session rotation and rate limiting (154.73728ms)
✔ BE10 concurrent profile patches serialize with a single version winner (61.363025ms)
✔ BE21 parent runtime role cannot select raw student rows (431.940011ms)
✔ B0 health ready checks actual migrations, database and private storage (18.727347ms)
✔ B2 class lists use SQL scope and cross-school details deny before serialization (124.532892ms)
✔ BE09 idempotent organization create/retry/concurrency performs one write (70.291747ms)
✔ B2 required idempotency, class capacity/reference validation and version conflicts (155.061194ms)
✔ B2 signed cursor rejects scope/filter modification and delivers distinct pages (105.671668ms)
✔ B2 subject student projection omits family/internal notes and denies guardians (196.111675ms)
✔ B2 guardian create does not merge matching phone, relationships start unverified (131.218286ms)
✔ BE07 existing identity invitation requires its session and preserves password/other school (227.954317ms)
✔ B1 password reset token is encrypted, single-use and revokes all prior sessions (142.007731ms)
✔ B2 staff delegation stays within the ceiling, custom class scope and immediate revocation (515.592101ms)
✔ B2 transfers serialize capacity, handover removes the old teacher and rollover binds its preview (1056.659305ms)
✔ B2 scoped guardian creation cannot acquire an unrelated family through relationship IDs (242.186244ms)
✔ B2/B5 uploads remain private until worker processing, leases serialize and local mail erases encrypted secrets (1108.997383ms)
✔ B2 imports parse real CSV, bind stale previews, avoid name/phone merges and retain invalid rows safely (2108.709441ms)
✔ B2/B5 timetable import checks assignments and overlapping slots, creates only a draft and deduplicates retries (1360.22408ms)
✔ B2 imports update only verified codes, create class drafts and staff invitations with work profiles (3111.97138ms)
✔ B2 large import resumes after a lost chunk without duplicating applied rows and checks current school authority (3018.879718ms)
✔ B3 attendance starts unmarked, versions every source change and publishes immutable one-student projections (418.559478ms)
✔ B3 subject attendance requires its actual lesson and cannot borrow daily access from another class (247.147954ms)
✔ B3 a simultaneous attendance edit and publish has one winner and never publishes a mixed source version (152.384216ms)
✔ B3 rule sets require explicit points, immutable issuance and effective week application (286.70675ms)
✔ B3 conduct reviews preserve facts, lock READY projections and publish only the exact pinned source (677.931844ms)
✔ B3 conduct linked attendance detects stale sources and subject teachers see only their own lesson facts (581.852086ms)
✔ B3 approved adjustments retain old facts and atomically replace the current publication with a reviewed preview (448.539696ms)
✔ B3 a simultaneous conduct record and lock/publish has one source winner (236.156301ms)
✔ B3 attendance linkage deduplicates, excludes corrected drafts and leaves locked scores unchanged with explicit warnings (390.801875ms)
✔ B4 private parent links expose only published child projections, preserve staff cookies and bind the active tab context (768.892738ms)
✔ B4 section/download rights, reissue, relationship revocation and foreign UUIDs are checked on each new parent request (429.8332ms)
✔ B4 private documents stream only with both download rights, and teacher contact projections use shared work fields (624.476711ms)
✔ B4 expired links, suspended schools, CSRF and exchange throttles deny without creating a parent identity (470.045185ms)
✔ B1 delegated grants and invitation acceptance stay inside the current expiry ceiling; backdated assignments require a reason (235.991378ms)
✔ B2 shrinking class capacity checks planned future occupancy peaks, rather than only today (106.504053ms)
✔ B5 dated groups retain moves and same-day cancellations, require current class versions and end group-leader duties (471.507555ms)
✔ B5 position holders serialize and remain valid conduct sources; locked source history cannot be shortened (447.926938ms)
✔ B5 seating validates effective enrollment and unique seats, preserves dated revisions and denies subject-only reads (594.2481ms)
✔ B2/B5 a transfer closes dated groups/positions and retains cancelled future plans atomically (319.61937ms)
✔ B5 timetable materializes bounded future lessons, publishes child-only projections and preserves past/source history (873.098805ms)
✔ B5 timetable rejects teacher/room collisions and revoked assignments, skips holidays and revalidates source versions (2022.835872ms)
✔ B5 duties publish only individual tasks, reject foreign enrollment and retain immutable publication/withdraw history (990.195052ms)
✔ B5 group duties expand the effective group at publication and retain the individual targets after later moves (1443.069953ms)
✔ B5 activities count only explicit participants, preserve published states and require current source/review authority (2065.17726ms)
✔ B5 approved activity results are explicit conduct sources and locked approved facts protect their source history (950.094933ms)
✔ B5 evidence stays private until review and publication; parent documents remain child-bound and filter file availability (3307.013339ms)
✔ B5 class announcements retain immutable publication across edits, bind one recipient and reject foreign class reads (2879.006085ms)
✔ B5 public school announcements sanitize content and keep draft/private replacements out of the public projection (997.904831ms)
✔ B5 scheduled announcements wait for their due time, publish once through a worker and safely replay after an acknowledgement loss (1085.638725ms)
✔ B5 scheduled publication rechecks the creator grant and reports a failed queue without exposing a parent snapshot (1159.034025ms)
✔ B5 announcement attachments remain private to one child, obey link download rights and disappear when archived or withdrawn (1142.399654ms)
✔ B5 school settings persist with version guards, affect only new link expiry and suppress work contacts without changing old link permissions (788.166644ms)
✔ B5 disabling homeroom publication takes effect inside existing sessions and restores only after an explicit setting change (606.338357ms)
✔ B3 configured second approval rejects self approval in API and SQL, while a different scoped approver permits atomic adjustment (470.346013ms)
✔ B5 personal notifications paginate across actual memberships, deduplicate publication events and deny foreign recipients and cross-user cursors (881.521147ms)
✔ B5 withdrawn announcements redact retained staff notifications instead of exposing a stale published target (476.804901ms)
ℹ tests 62
ℹ suites 0
ℹ pass 62
ℹ fail 0
ℹ cancelled 0
ℹ skipped 0
ℹ todo 0
ℹ duration_ms 45819.424087
