✔ all operation IDs are unique (0.7831ms)
✔ login rejects spoofed role, school and unknown fields (2.6815ms)
✔ private user DTO rejects secrets and unknown properties (4.5364ms)
✔ announcement HTML retains paragraph/list formatting while dropping executable markup, URLs and tracking resources (3.4346ms)
✔ grant action and class scope stay together (0.7698ms)
✔ subject grants never authorize management without explicit subject policy (0.1313ms)
✔ end dates are exclusive and assignment is mandatory for default teacher grants (0.1165ms)
✔ a custom class grant authorizes only its delegated action and class (0.1239ms)
✔ a delegated grant cannot outlive an expiring authority, including an unbounded target or future start (0.1576ms)
✔ decimal scoring preserves fractional sums, negative penalties, explicit base, clamps and threshold boundaries (2.6079ms)
✔ fixed deltas reject overrides and manual deltas require bounds (0.3017ms)
✔ XLSX parser bounds sparse dimensions and rejects formulas before workbook allocation (83.1694ms)
ℹ tests 12
ℹ suites 0
ℹ pass 12
ℹ fail 0
ℹ cancelled 0
ℹ skipped 0
ℹ todo 0
ℹ duration_ms 416.6417
