 Container edumanage_backend_test-postgres-1 Running 
 Container edumanage_backend_test-postgres-1 Waiting 
 Container edumanage_backend_test-postgres-1 Healthy 
 Container edumanage_backend_test-runner-run-6068ffce430c Creating 
 Container edumanage_backend_test-runner-run-6068ffce430c Created 
✔ BE01 migration replay is a no-op, mismatch fails and metadata remains intact (473.307566ms)
✔ BE02 cross-school enrollment FK rejects write using the real runtime role (11.645066ms)
✔ BE03 no-tenant denies and SET LOCAL cannot leak across a reused connection (5.971878ms)
✔ BE04 bootstrap only exposes the authenticated user memberships without tenant (4.276891ms)
✔ BE05 HOMEROOM A plus SUBJECT B cannot authorize seating or guardians in B (144.729741ms)
✔ BE06 revoked membership is checked during an existing session and B stays independent (59.986772ms)
✔ BE08 CSRF, credential validation, cookie flags, session rotation and rate limiting (117.486377ms)
✔ BE10 concurrent profile patches serialize with a single version winner (69.650556ms)
✔ BE21 parent runtime role cannot select raw student rows (397.197416ms)
✔ B0 health ready checks actual migrations, database and private storage (19.900585ms)
✔ B2 class lists use SQL scope and cross-school details deny before serialization (124.179392ms)
✔ BE09 idempotent organization create/retry/concurrency performs one write (69.322988ms)
✔ B2 required idempotency, class capacity/reference validation and version conflicts (120.512568ms)
✔ B2 signed cursor rejects scope/filter modification and delivers distinct pages (89.405331ms)
✔ B2 subject student projection omits family/internal notes and denies guardians (209.264056ms)
✔ B2 guardian create does not merge matching phone, relationships start unverified (148.031396ms)
✔ BE07 existing identity invitation requires its session and preserves password/other school (238.429224ms)
✔ B1 password reset token is encrypted, single-use and revokes all prior sessions (171.971668ms)
✔ B2 staff delegation stays within the ceiling, custom class scope and immediate revocation (571.128283ms)
✔ B2 transfers serialize capacity, handover removes the old teacher and rollover binds its preview (982.713252ms)
✔ B2 scoped guardian creation cannot acquire an unrelated family through relationship IDs (215.592726ms)
✔ B2/B5 uploads remain private until worker processing, leases serialize and local mail erases encrypted secrets (1054.075454ms)
✔ B2 imports parse real CSV, bind stale previews, avoid name/phone merges and retain invalid rows safely (2264.626641ms)
✔ B2/B5 timetable import checks assignments and overlapping slots, creates only a draft and deduplicates retries (1381.717737ms)
✔ B2 imports update only verified codes, create class drafts and staff invitations with work profiles (5365.357946ms)
✔ B2 large import resumes after a lost chunk without duplicating applied rows and checks current school authority (3923.980505ms)
✔ B3 attendance starts unmarked, versions every source change and publishes immutable one-student projections (832.049026ms)
✔ B3 subject attendance requires its actual lesson and cannot borrow daily access from another class (231.643111ms)
✔ B3 a simultaneous attendance edit and publish has one winner and never publishes a mixed source version (147.303734ms)
✔ B3 rule sets require explicit points, immutable issuance and effective week application (276.324813ms)
✔ B3 conduct reviews preserve facts, lock READY projections and publish only the exact pinned source (648.654564ms)
✔ B3 conduct linked attendance detects stale sources and subject teachers see only their own lesson facts (595.11645ms)
✔ B3 approved adjustments retain old facts and atomically replace the current publication with a reviewed preview (459.480086ms)
✔ B3 a simultaneous conduct record and lock/publish has one source winner (206.843732ms)
✔ B3 attendance linkage deduplicates, excludes corrected drafts and leaves locked scores unchanged with explicit warnings (380.162539ms)
✔ B4 private parent links expose only published child projections, preserve staff cookies and bind the active tab context (778.154542ms)
✔ B4 section/download rights, reissue, relationship revocation and foreign UUIDs are checked on each new parent request (452.1868ms)
✔ B4 private documents stream only with both download rights, and teacher contact projections use shared work fields (586.938399ms)
✔ B4 expired links, suspended schools, CSRF and exchange throttles deny without creating a parent identity (471.591257ms)
✔ B1 delegated grants and invitation acceptance stay inside the current expiry ceiling; backdated assignments require a reason (267.384235ms)
✔ B2 shrinking class capacity checks planned future occupancy peaks, rather than only today (103.992662ms)
✔ B5 dated groups retain moves and same-day cancellations, require current class versions and end group-leader duties (444.759172ms)
✔ B5 position holders serialize and remain valid conduct sources; locked source history cannot be shortened (390.628087ms)
✔ B5 seating validates effective enrollment and unique seats, preserves dated revisions and denies subject-only reads (460.258924ms)
✔ B2/B5 a transfer closes dated groups/positions and retains cancelled future plans atomically (367.396829ms)
✔ B5 timetable materializes bounded future lessons, publishes child-only projections and preserves past/source history (655.430953ms)
✔ B5 timetable rejects teacher/room collisions and revoked assignments, skips holidays and revalidates source versions (708.137583ms)
✔ B5 duties publish only individual tasks, reject foreign enrollment and retain immutable publication/withdraw history (382.125449ms)
✔ B5 group duties expand the effective group at publication and retain the individual targets after later moves (585.157776ms)
✔ B5 activities count only explicit participants, preserve published states and require current source/review authority (794.818501ms)
✔ B5 approved activity results are explicit conduct sources and locked approved facts protect their source history (382.941657ms)
✔ B5 evidence stays private until review and publication; parent documents remain child-bound and filter file availability (1079.668617ms)
✔ B5 class announcements retain immutable publication across edits, bind one recipient and reject foreign class reads (1394.388364ms)
✔ B5 public school announcements sanitize content and keep draft/private replacements out of the public projection (1016.395415ms)
✔ B5 scheduled announcements wait for their due time, publish once through a worker and safely replay after an acknowledgement loss (1186.125374ms)
✔ B5 scheduled publication rechecks the creator grant and reports a failed queue without exposing a parent snapshot (1162.925573ms)
✔ B5 announcement attachments remain private to one child, obey link download rights and disappear when archived or withdrawn (1252.866217ms)
✔ B5 school settings persist with version guards, affect only new link expiry and suppress work contacts without changing old link permissions (723.918096ms)
✔ B5 disabling homeroom publication takes effect inside existing sessions and restores only after an explicit setting change (615.011752ms)
✔ B3 configured second approval rejects self approval in API and SQL, while a different scoped approver permits atomic adjustment (510.719794ms)
✖ B5 personal notifications paginate across actual memberships, deduplicate publication events and deny foreign recipients and cross-user cursors (497.967352ms)
✔ B5 withdrawn announcements redact retained staff notifications instead of exposing a stale published target (482.224067ms)
ℹ tests 62
ℹ suites 0
ℹ pass 61
ℹ fail 1
ℹ cancelled 0
ℹ skipped 0
ℹ todo 0
ℹ duration_ms 40576.662025

✖ failing tests:

test at tests/integration/foundation.test.mjs:1416:1
✖ B5 personal notifications paginate across actual memberships, deduplicate publication events and deny foreign recipients and cross-user cursors (497.967352ms)
  AssertionError [ERR_ASSERTION]: valid fixture login must succeed
  
  401 !== 200
  
      at login (file:///srv/api/tests/integration/foundation.test.mjs:45:10)
      at process.processTicksAndRejections (node:internal/process/task_queues:104:5)
      at async TestContext.<anonymous> (file:///srv/api/tests/integration/foundation.test.mjs:1423:15)
      at async Test.run (node:internal/test_runner/test:1409:7)
      at async Test.processPendingSubtests (node:internal/test_runner/test:974:7) {
    generatedMessage: false,
    code: 'ERR_ASSERTION',
    actual: 401,
    expected: 200,
    operator: 'strictEqual',
    diff: 'simple'
  }

