 Container edumanage_backend_test-postgres-1 Running 
 Container edumanage_backend_test-postgres-1 Waiting 
 Container edumanage_backend_test-postgres-1 Healthy 
 Container edumanage_backend_test-runner-run-90a308af84c7 Creating 
 Container edumanage_backend_test-runner-run-90a308af84c7 Created 
✔ BE01 migration replay is a no-op, mismatch fails and metadata remains intact (461.619811ms)
✔ BE02 cross-school enrollment FK rejects write using the real runtime role (9.940395ms)
✔ BE03 no-tenant denies and SET LOCAL cannot leak across a reused connection (4.049854ms)
✔ BE04 bootstrap only exposes the authenticated user memberships without tenant (3.792286ms)
✔ BE05 HOMEROOM A plus SUBJECT B cannot authorize seating or guardians in B (153.318107ms)
✔ BE06 revoked membership is checked during an existing session and B stays independent (60.678845ms)
✔ BE08 CSRF, credential validation, cookie flags, session rotation and rate limiting (119.418656ms)
✔ BE10 concurrent profile patches serialize with a single version winner (73.730352ms)
✔ BE21 parent runtime role cannot select raw student rows (709.295792ms)
✔ B0 health ready checks actual migrations, database and private storage (20.041395ms)
✔ B2 class lists use SQL scope and cross-school details deny before serialization (125.421484ms)
✔ BE09 idempotent organization create/retry/concurrency performs one write (72.009516ms)
✔ B2 required idempotency, class capacity/reference validation and version conflicts (131.871793ms)
✔ B2 signed cursor rejects scope/filter modification and delivers distinct pages (95.796014ms)
✔ B2 subject student projection omits family/internal notes and denies guardians (216.245145ms)
✔ B2 guardian create does not merge matching phone, relationships start unverified (134.355483ms)
✔ BE07 existing identity invitation requires its session and preserves password/other school (212.92251ms)
✔ B1 password reset token is encrypted, single-use and revokes all prior sessions (159.470257ms)
✔ B2 staff delegation stays within the ceiling, custom class scope and immediate revocation (542.935058ms)
✔ B2 transfers serialize capacity, handover removes the old teacher and rollover binds its preview (956.403447ms)
✔ B2 scoped guardian creation cannot acquire an unrelated family through relationship IDs (233.599159ms)
✔ B2/B5 uploads remain private until worker processing, leases serialize and local mail erases encrypted secrets (1227.82904ms)
✔ B2 imports parse real CSV, bind stale previews, avoid name/phone merges and retain invalid rows safely (2423.867589ms)
✔ B2/B5 timetable import checks assignments and overlapping slots, creates only a draft and deduplicates retries (1431.845029ms)
✔ B2 imports update only verified codes, create class drafts and staff invitations with work profiles (4144.537343ms)
✔ B2 large import resumes after a lost chunk without duplicating applied rows and checks current school authority (3016.063106ms)
✔ B3 attendance starts unmarked, versions every source change and publishes immutable one-student projections (466.849669ms)
✔ B3 subject attendance requires its actual lesson and cannot borrow daily access from another class (264.613727ms)
✔ B3 a simultaneous attendance edit and publish has one winner and never publishes a mixed source version (146.00875ms)
✔ B3 rule sets require explicit points, immutable issuance and effective week application (286.743638ms)
✔ B3 conduct reviews preserve facts, lock READY projections and publish only the exact pinned source (652.286666ms)
✔ B3 conduct linked attendance detects stale sources and subject teachers see only their own lesson facts (623.023294ms)
✔ B3 approved adjustments retain old facts and atomically replace the current publication with a reviewed preview (455.340473ms)
✔ B3 a simultaneous conduct record and lock/publish has one source winner (215.126291ms)
✔ B3 attendance linkage deduplicates, excludes corrected drafts and leaves locked scores unchanged with explicit warnings (397.972386ms)
✔ B4 private parent links expose only published child projections, preserve staff cookies and bind the active tab context (820.99359ms)
✔ B4 section/download rights, reissue, relationship revocation and foreign UUIDs are checked on each new parent request (465.530684ms)
✔ B4 private documents stream only with both download rights, and teacher contact projections use shared work fields (614.593628ms)
✔ B4 expired links, suspended schools, CSRF and exchange throttles deny without creating a parent identity (3677.557926ms)
✔ B1 delegated grants and invitation acceptance stay inside the current expiry ceiling; backdated assignments require a reason (992.315775ms)
✔ B2 shrinking class capacity checks planned future occupancy peaks, rather than only today (608.563944ms)
✔ B5 dated groups retain moves and same-day cancellations, require current class versions and end group-leader duties (2101.634511ms)
✔ B5 position holders serialize and remain valid conduct sources; locked source history cannot be shortened (1266.733197ms)
✔ B5 seating validates effective enrollment and unique seats, preserves dated revisions and denies subject-only reads (1214.182723ms)
✔ B2/B5 a transfer closes dated groups/positions and retains cancelled future plans atomically (702.133734ms)
✔ B5 timetable materializes bounded future lessons, publishes child-only projections and preserves past/source history (1957.844602ms)
✔ B5 timetable rejects teacher/room collisions and revoked assignments, skips holidays and revalidates source versions (945.291778ms)
✔ B5 duties publish only individual tasks, reject foreign enrollment and retain immutable publication/withdraw history (435.843132ms)
✔ B5 group duties expand the effective group at publication and retain the individual targets after later moves (609.726204ms)
✔ B5 activities count only explicit participants, preserve published states and require current source/review authority (1003.367863ms)
✔ B5 approved activity results are explicit conduct sources and locked approved facts protect their source history (389.703615ms)
✔ B5 evidence stays private until review and publication; parent documents remain child-bound and filter file availability (1179.468527ms)
✔ B5 class announcements retain immutable publication across edits, bind one recipient and reject foreign class reads (1650.623296ms)
✔ B5 public school announcements sanitize content and keep draft/private replacements out of the public projection (1064.302579ms)
✔ B5 scheduled announcements wait for their due time, publish once through a worker and safely replay after an acknowledgement loss (1104.182129ms)
✔ B5 scheduled publication rechecks the creator grant and reports a failed queue without exposing a parent snapshot (1174.666327ms)
✔ B5 announcement attachments remain private to one child, obey link download rights and disappear when archived or withdrawn (1904.600874ms)
✔ B5 school settings persist with version guards, affect only new link expiry and suppress work contacts without changing old link permissions (4318.852199ms)
✔ B5 disabling homeroom publication takes effect inside existing sessions and restores only after an explicit setting change (3256.374898ms)
✔ B3 configured second approval rejects self approval in API and SQL, while a different scoped approver permits atomic adjustment (2403.227468ms)
✔ B5 personal notifications paginate across actual memberships, deduplicate publication events and deny foreign recipients and cross-user cursors (3106.818992ms)
✔ B5 withdrawn announcements redact retained staff notifications instead of exposing a stale published target (1631.173262ms)
✔ B5 dashboards count real scoped rows, keep homeroom and subject tasks separate and immediately recheck revocation (5052.389655ms)
✔ B5 teacher schedule is own dated teaching and announcement feed reads only current publications across draft edits (2899.622568ms)
✔ B5 dashboard attendance counters and publication tasks follow persisted marks, publish/withdraw and current school policy (733.406524ms)
✖ B2 platform creates only metadata drafts, bootstraps admin roles/invitations and requires an active administrator for activation (124.250616ms)
✖ B5 platform settings and operation records persist actual state, redact artifacts and reauthorize command replays (123.832399ms)
ℹ tests 67
ℹ suites 0
ℹ pass 65
ℹ fail 2
ℹ cancelled 0
ℹ skipped 0
ℹ todo 0
ℹ duration_ms 70532.425978

✖ failing tests:

test at tests/integration/foundation.test.mjs:1499:1
✖ B2 platform creates only metadata drafts, bootstraps admin roles/invitations and requires an active administrator for activation (124.250616ms)
  AssertionError [ERR_ASSERTION]: {"type":"urn:edumanage:problem:internal_error","title":"INTERNAL_ERROR","status":500,"code":"INTERNAL_ERROR","requestId":"e0883bd2-fef0-48f7-8b6c-1901b5407169"}
  
  500 !== 201
  
      at TestContext.<anonymous> (file:///srv/api/tests/integration/foundation.test.mjs:1502:74)
      at process.processTicksAndRejections (node:internal/process/task_queues:104:5)
      at async Test.run (node:internal/test_runner/test:1409:7)
      at async Test.processPendingSubtests (node:internal/test_runner/test:974:7) {
    generatedMessage: false,
    code: 'ERR_ASSERTION',
    actual: 500,
    expected: 201,
    operator: 'strictEqual',
    diff: 'simple'
  }

test at tests/integration/foundation.test.mjs:1522:1
✖ B5 platform settings and operation records persist actual state, redact artifacts and reauthorize command replays (123.832399ms)
  AssertionError [ERR_ASSERTION]: {"type":"urn:edumanage:problem:internal_error","title":"INTERNAL_ERROR","status":500,"code":"INTERNAL_ERROR","requestId":"f6c37559-f961-4642-928b-1a71c16a41b0"}
  
  500 !== 201
  
      at TestContext.<anonymous> (file:///srv/api/tests/integration/foundation.test.mjs:1528:250)
      at process.processTicksAndRejections (node:internal/process/task_queues:104:5)
      at async Test.run (node:internal/test_runner/test:1409:7)
      at async Test.processPendingSubtests (node:internal/test_runner/test:974:7) {
    generatedMessage: false,
    code: 'ERR_ASSERTION',
    actual: 500,
    expected: 201,
    operator: 'strictEqual',
    diff: 'simple'
  }

