✔ all operation IDs are unique (1.2021ms)
✔ login rejects spoofed role, school and unknown fields (4.5535ms)
✔ private user DTO rejects secrets and unknown properties (8.9214ms)
✔ announcement HTML retains paragraph/list formatting while dropping executable markup, URLs and tracking resources (8.2851ms)
✔ grant action and class scope stay together (1.1159ms)
✔ subject grants never authorize management without explicit subject policy (0.1796ms)
✔ end dates are exclusive and assignment is mandatory for default teacher grants (0.1406ms)
✔ a custom class grant authorizes only its delegated action and class (0.2002ms)
✔ a delegated grant cannot outlive an expiring authority, including an unbounded target or future start (0.2102ms)
✔ decimal scoring preserves fractional sums, negative penalties, explicit base, clamps and threshold boundaries (4.4311ms)
✔ fixed deltas reject overrides and manual deltas require bounds (0.6259ms)
✔ XLSX parser bounds sparse dimensions and rejects formulas before workbook allocation (124.7034ms)
ℹ tests 12
ℹ suites 0
ℹ pass 12
ℹ fail 0
ℹ cancelled 0
ℹ skipped 0
ℹ todo 0
ℹ duration_ms 629.5075
