 Container edumanage_backend_test-postgres-1 Running 
 Container edumanage_backend_test-postgres-1 Waiting 
 Container edumanage_backend_test-postgres-1 Healthy 
 Container edumanage_backend_test-runner-run-23e8c8aa2ed9 Creating 
 Container edumanage_backend_test-runner-run-23e8c8aa2ed9 Created 
✔ BE01 migration replay is a no-op, mismatch fails and metadata remains intact (493.748818ms)
✔ BE02 cross-school enrollment FK rejects write using the real runtime role (10.220783ms)
✔ BE03 no-tenant denies and SET LOCAL cannot leak across a reused connection (4.013384ms)
✔ BE04 bootstrap only exposes the authenticated user memberships without tenant (3.74872ms)
✔ BE05 HOMEROOM A plus SUBJECT B cannot authorize seating or guardians in B (183.683483ms)
✔ BE06 revoked membership is checked during an existing session and B stays independent (63.850162ms)
✔ BE08 CSRF, credential validation, cookie flags, session rotation and rate limiting (129.023515ms)
✔ BE10 concurrent profile patches serialize with a single version winner (90.213514ms)
✔ BE21 parent runtime role cannot select raw student rows (973.635761ms)
✔ B0 health ready checks actual migrations, database and private storage (20.119237ms)
✔ B2 class lists use SQL scope and cross-school details deny before serialization (158.257111ms)
✔ BE09 idempotent organization create/retry/concurrency performs one write (77.825795ms)
✔ B2 required idempotency, class capacity/reference validation and version conflicts (140.152208ms)
✔ B2 signed cursor rejects scope/filter modification and delivers distinct pages (102.976266ms)
✔ B2 subject student projection omits family/internal notes and denies guardians (228.967405ms)
✔ B2 guardian create does not merge matching phone, relationships start unverified (124.981794ms)
✔ BE07 existing identity invitation requires its session and preserves password/other school (230.933915ms)
✔ B1 password reset token is encrypted, single-use and revokes all prior sessions (161.167323ms)
✔ B2 staff delegation stays within the ceiling, custom class scope and immediate revocation (603.963431ms)
✔ B2 transfers serialize capacity, handover removes the old teacher and rollover binds its preview (1159.035828ms)
✔ B2 scoped guardian creation cannot acquire an unrelated family through relationship IDs (260.946998ms)
✔ B2/B5 uploads remain private until worker processing, leases serialize and local mail erases encrypted secrets (1313.789239ms)
✔ B2 imports parse real CSV, bind stale previews, avoid name/phone merges and retain invalid rows safely (2832.605737ms)
✔ B2/B5 timetable import checks assignments and overlapping slots, creates only a draft and deduplicates retries (1945.4055ms)
✔ B2 imports update only verified codes, create class drafts and staff invitations with work profiles (3594.189521ms)
✔ B2 large import resumes after a lost chunk without duplicating applied rows and checks current school authority (3241.120416ms)
✔ B3 attendance starts unmarked, versions every source change and publishes immutable one-student projections (458.980961ms)
✔ B3 subject attendance requires its actual lesson and cannot borrow daily access from another class (377.757576ms)
✔ B3 a simultaneous attendance edit and publish has one winner and never publishes a mixed source version (170.303778ms)
✔ B3 rule sets require explicit points, immutable issuance and effective week application (332.903424ms)
✔ B3 conduct reviews preserve facts, lock READY projections and publish only the exact pinned source (830.471609ms)
✔ B3 conduct linked attendance detects stale sources and subject teachers see only their own lesson facts (696.281273ms)
✔ B3 approved adjustments retain old facts and atomically replace the current publication with a reviewed preview (494.152879ms)
✔ B3 a simultaneous conduct record and lock/publish has one source winner (245.512915ms)
✔ B3 attendance linkage deduplicates, excludes corrected drafts and leaves locked scores unchanged with explicit warnings (488.640375ms)
✔ B4 private parent links expose only published child projections, preserve staff cookies and bind the active tab context (943.636236ms)
✔ B4 section/download rights, reissue, relationship revocation and foreign UUIDs are checked on each new parent request (488.234923ms)
✔ B4 private documents stream only with both download rights, and teacher contact projections use shared work fields (624.44967ms)
✔ B4 expired links, suspended schools, CSRF and exchange throttles deny without creating a parent identity (457.725829ms)
✔ B1 delegated grants and invitation acceptance stay inside the current expiry ceiling; backdated assignments require a reason (255.581708ms)
✔ B2 shrinking class capacity checks planned future occupancy peaks, rather than only today (126.880452ms)
✔ B5 dated groups retain moves and same-day cancellations, require current class versions and end group-leader duties (510.28893ms)
✔ B5 position holders serialize and remain valid conduct sources; locked source history cannot be shortened (498.380685ms)
✔ B5 seating validates effective enrollment and unique seats, preserves dated revisions and denies subject-only reads (575.54864ms)
✔ B2/B5 a transfer closes dated groups/positions and retains cancelled future plans atomically (390.83059ms)
✔ B5 timetable materializes bounded future lessons, publishes child-only projections and preserves past/source history (770.428455ms)
✔ B5 timetable rejects teacher/room collisions and revoked assignments, skips holidays and revalidates source versions (1044.190507ms)
✔ B5 duties publish only individual tasks, reject foreign enrollment and retain immutable publication/withdraw history (483.932763ms)
✔ B5 group duties expand the effective group at publication and retain the individual targets after later moves (712.936755ms)
✔ B5 activities count only explicit participants, preserve published states and require current source/review authority (948.37491ms)
✔ B5 approved activity results are explicit conduct sources and locked approved facts protect their source history (411.994444ms)
✔ B5 evidence stays private until review and publication; parent documents remain child-bound and filter file availability (1417.721573ms)
✔ B5 class announcements retain immutable publication across edits, bind one recipient and reject foreign class reads (1664.556099ms)
✔ B5 public school announcements sanitize content and keep draft/private replacements out of the public projection (1129.629969ms)
✔ B5 scheduled announcements wait for their due time, publish once through a worker and safely replay after an acknowledgement loss (1132.799238ms)
✔ B5 scheduled publication rechecks the creator grant and reports a failed queue without exposing a parent snapshot (1255.931554ms)
✔ B5 announcement attachments remain private to one child, obey link download rights and disappear when archived or withdrawn (1323.341984ms)
✔ B5 school settings persist with version guards, affect only new link expiry and suppress work contacts without changing old link permissions (852.752787ms)
✔ B5 disabling homeroom publication takes effect inside existing sessions and restores only after an explicit setting change (686.563001ms)
✔ B3 configured second approval rejects self approval in API and SQL, while a different scoped approver permits atomic adjustment (919.983889ms)
✔ B5 personal notifications paginate across actual memberships, deduplicate publication events and deny foreign recipients and cross-user cursors (1628.780976ms)
✔ B5 withdrawn announcements redact retained staff notifications instead of exposing a stale published target (531.428707ms)
✔ B5 dashboards count real scoped rows, keep homeroom and subject tasks separate and immediately recheck revocation (1215.121679ms)
✔ B5 teacher schedule is own dated teaching and announcement feed reads only current publications across draft edits (1181.255471ms)
✔ B5 dashboard attendance counters and publication tasks follow persisted marks, publish/withdraw and current school policy (858.852192ms)
✔ B2 platform creates only metadata drafts, bootstraps admin roles/invitations and requires an active administrator for activation (586.889892ms)
✔ B5 platform settings and operation records persist actual state, redact artifacts and reauthorize command replays (281.069731ms)
✔ B1 platform admin invitations obey operator expiry ceilings and acceptance rolls back after authority expires (133.880279ms)
ℹ tests 68
ℹ suites 0
ℹ pass 68
ℹ fail 0
ℹ cancelled 0
ℹ skipped 0
ℹ todo 0
ℹ duration_ms 49162.959825
