 Container edumanage_backend_test-postgres-1 Running 
 Container edumanage_backend_test-postgres-1 Waiting 
 Container edumanage_backend_test-postgres-1 Healthy 
 Container edumanage_backend_test-runner-run-fbeb6e82720a Creating 
 Container edumanage_backend_test-runner-run-fbeb6e82720a Created 
✔ BE01 migration replay is a no-op, mismatch fails and metadata remains intact (464.189505ms)
✔ BE02 cross-school enrollment FK rejects write using the real runtime role (10.035106ms)
✔ BE03 no-tenant denies and SET LOCAL cannot leak across a reused connection (3.852745ms)
✔ BE04 bootstrap only exposes the authenticated user memberships without tenant (3.904106ms)
✔ BE05 HOMEROOM A plus SUBJECT B cannot authorize seating or guardians in B (169.960749ms)
✔ BE06 revoked membership is checked during an existing session and B stays independent (43.174391ms)
✔ BE08 CSRF, credential validation, cookie flags, session rotation and rate limiting (117.256294ms)
✔ BE10 concurrent profile patches serialize with a single version winner (59.593037ms)
✔ BE21 parent runtime role cannot select raw student rows (1309.296335ms)
✔ B0 health ready checks actual migrations, database and private storage (19.655566ms)
✔ B2 class lists use SQL scope and cross-school details deny before serialization (148.176036ms)
✔ BE09 idempotent organization create/retry/concurrency performs one write (69.252052ms)
✔ B2 required idempotency, class capacity/reference validation and version conflicts (120.809386ms)
✔ B2 signed cursor rejects scope/filter modification and delivers distinct pages (91.903982ms)
✔ B2 subject student projection omits family/internal notes and denies guardians (192.594052ms)
✔ B2 guardian create does not merge matching phone, relationships start unverified (109.060581ms)
✔ BE07 existing identity invitation requires its session and preserves password/other school (187.548655ms)
✔ B1 password reset token is encrypted, single-use and revokes all prior sessions (133.49998ms)
✔ B2 staff delegation stays within the ceiling, custom class scope and immediate revocation (540.466594ms)
✔ B2 transfers serialize capacity, handover removes the old teacher and rollover binds its preview (948.966723ms)
✔ B2 scoped guardian creation cannot acquire an unrelated family through relationship IDs (238.984053ms)
✔ B2/B5 uploads remain private until worker processing, leases serialize and local mail erases encrypted secrets (1784.821761ms)
✔ B2 imports parse real CSV, bind stale previews, avoid name/phone merges and retain invalid rows safely (2423.499798ms)
✔ B2/B5 timetable import checks assignments and overlapping slots, creates only a draft and deduplicates retries (3792.48234ms)
✔ B2 imports update only verified codes, create class drafts and staff invitations with work profiles (3551.861675ms)
✔ B2 large import resumes after a lost chunk without duplicating applied rows and checks current school authority (3116.913946ms)
✔ B3 attendance starts unmarked, versions every source change and publishes immutable one-student projections (439.112632ms)
✔ B3 subject attendance requires its actual lesson and cannot borrow daily access from another class (273.73334ms)
✔ B3 a simultaneous attendance edit and publish has one winner and never publishes a mixed source version (145.267648ms)
✔ B3 rule sets require explicit points, immutable issuance and effective week application (292.367752ms)
✔ B3 conduct reviews preserve facts, lock READY projections and publish only the exact pinned source (639.514041ms)
✔ B3 conduct linked attendance detects stale sources and subject teachers see only their own lesson facts (652.933306ms)
✔ B3 approved adjustments retain old facts and atomically replace the current publication with a reviewed preview (466.363241ms)
✔ B3 a simultaneous conduct record and lock/publish has one source winner (214.178552ms)
✔ B3 attendance linkage deduplicates, excludes corrected drafts and leaves locked scores unchanged with explicit warnings (392.229993ms)
✔ B4 private parent links expose only published child projections, preserve staff cookies and bind the active tab context (814.491012ms)
✔ B4 section/download rights, reissue, relationship revocation and foreign UUIDs are checked on each new parent request (453.941049ms)
✔ B4 private documents stream only with both download rights, and teacher contact projections use shared work fields (611.423238ms)
✔ B4 expired links, suspended schools, CSRF and exchange throttles deny without creating a parent identity (2304.539521ms)
✔ B1 delegated grants and invitation acceptance stay inside the current expiry ceiling; backdated assignments require a reason (241.311331ms)
✔ B2 shrinking class capacity checks planned future occupancy peaks, rather than only today (108.278326ms)
✔ B5 dated groups retain moves and same-day cancellations, require current class versions and end group-leader duties (471.088398ms)
✔ B5 position holders serialize and remain valid conduct sources; locked source history cannot be shortened (388.854796ms)
✔ B5 seating validates effective enrollment and unique seats, preserves dated revisions and denies subject-only reads (515.538461ms)
✔ B2/B5 a transfer closes dated groups/positions and retains cancelled future plans atomically (329.664814ms)
✔ B5 timetable materializes bounded future lessons, publishes child-only projections and preserves past/source history (599.949038ms)
✔ B5 timetable rejects teacher/room collisions and revoked assignments, skips holidays and revalidates source versions (754.994297ms)
✔ B5 duties publish only individual tasks, reject foreign enrollment and retain immutable publication/withdraw history (384.03644ms)
✔ B5 group duties expand the effective group at publication and retain the individual targets after later moves (550.233068ms)
✔ B5 activities count only explicit participants, preserve published states and require current source/review authority (788.452991ms)
✔ B5 approved activity results are explicit conduct sources and locked approved facts protect their source history (340.157068ms)
✔ B5 evidence stays private until review and publication; parent documents remain child-bound and filter file availability (1121.652151ms)
✔ B5 class announcements retain immutable publication across edits, bind one recipient and reject foreign class reads (1595.665465ms)
✔ B5 public school announcements sanitize content and keep draft/private replacements out of the public projection (1119.229522ms)
✔ B5 scheduled announcements wait for their due time, publish once through a worker and safely replay after an acknowledgement loss (1098.979754ms)
✔ B5 scheduled publication rechecks the creator grant and reports a failed queue without exposing a parent snapshot (3391.810454ms)
✔ B5 announcement attachments remain private to one child, obey link download rights and disappear when archived or withdrawn (4441.219906ms)
✔ B5 school settings persist with version guards, affect only new link expiry and suppress work contacts without changing old link permissions (771.128468ms)
✔ B5 disabling homeroom publication takes effect inside existing sessions and restores only after an explicit setting change (589.695549ms)
✔ B3 configured second approval rejects self approval in API and SQL, while a different scoped approver permits atomic adjustment (478.869276ms)
✔ B5 personal notifications paginate across actual memberships, deduplicate publication events and deny foreign recipients and cross-user cursors (885.271199ms)
✔ B5 withdrawn announcements redact retained staff notifications instead of exposing a stale published target (540.915591ms)
✔ B5 dashboards count real scoped rows, keep homeroom and subject tasks separate and immediately recheck revocation (1146.71143ms)
✔ B5 teacher schedule is own dated teaching and announcement feed reads only current publications across draft edits (1044.218674ms)
✔ B5 dashboard attendance counters and publication tasks follow persisted marks, publish/withdraw and current school policy (732.724916ms)
✔ B2 platform creates only metadata drafts, bootstraps admin roles/invitations and requires an active administrator for activation (520.096041ms)
✔ B5 platform settings and operation records persist actual state, redact artifacts and reauthorize command replays (208.373885ms)
✔ B1 platform admin invitations obey operator expiry ceilings and acceptance rolls back after authority expires (115.087523ms)
✔ B5 support tickets persist both sides, preserve queue states and exact timestamp pagination, and deny other schools (279.790647ms)
✔ B1 support requests require independent current school consent, retain immutable scope and bind tickets/classes/actions/time (218.734462ms)
✔ B1 explicitly selected support grants authorize only scoped metadata GETs, audit the actual operator and force read-only SQL (204.195976ms)
✔ B1 school-wide support metadata never exposes import rows/downloads and expires without fallback to operator privileges (3407.055848ms)
✔ B1 an operator who also has school-admin rights still cannot self-approve or combine selected support scope with ordinary rights (163.08103ms)
✔ B5 signed native keysets cross a nullable sort boundary without dropping or repeating persisted schools (210.664993ms)
✖ B5 report SQL uses real scoped counts and immutable CSV export content while live attendance changes (884.755958ms)
✖ B5 published report exports pin revisions across replacement and withdrawal without exposing drafts (1001.349563ms)
✖ B5 export XLSX/PDF are actual files with literal formula text, Vietnamese font and private download authorization (747.975953ms)
✔ B5 subject reports remain own lesson attendance and scoped activities without school/family/conduct/export access (375.600177ms)
✖ B5 export workers and all file paths reauthorize revocation, expiry and cancellation, and replay completed work safely (807.610384ms)
ℹ tests 79
ℹ suites 0
ℹ pass 75
ℹ fail 4
ℹ cancelled 0
ℹ skipped 0
ℹ todo 0
ℹ duration_ms 61711.942849

✖ failing tests:

test at tests/integration/foundation.test.mjs:1617:1
✖ B5 report SQL uses real scoped counts and immutable CSV export content while live attendance changes (884.755958ms)
  AssertionError [ERR_ASSERTION]: {"message":"Cannot POST /api/v1/schools/263ee6c7-d3c2-5356-af6f-d4a7b4124e74/classes/3dadeedd-177a-4bd1-bec3-8794601ea728/attendance-sessions","error":"Not Found","statusCode":404}
  
  404 !== 201
  
      at reportFixture (file:///srv/api/tests/integration/foundation.test.mjs:1610:193)
      at process.processTicksAndRejections (node:internal/process/task_queues:104:5)
      at async TestContext.<anonymous> (file:///srv/api/tests/integration/foundation.test.mjs:1618:11)
      at async Test.run (node:internal/test_runner/test:1409:7)
      at async Test.processPendingSubtests (node:internal/test_runner/test:974:7) {
    generatedMessage: false,
    code: 'ERR_ASSERTION',
    actual: 404,
    expected: 201,
    operator: 'strictEqual',
    diff: 'simple'
  }

test at tests/integration/foundation.test.mjs:1633:1
✖ B5 published report exports pin revisions across replacement and withdrawal without exposing drafts (1001.349563ms)
  AssertionError [ERR_ASSERTION]: {"message":"Cannot POST /api/v1/schools/263ee6c7-d3c2-5356-af6f-d4a7b4124e74/classes/42ed5ae2-87c4-4699-8f40-c5a215c38313/attendance-sessions","error":"Not Found","statusCode":404}
  
  404 !== 201
  
      at reportFixture (file:///srv/api/tests/integration/foundation.test.mjs:1610:193)
      at process.processTicksAndRejections (node:internal/process/task_queues:104:5)
      at async TestContext.<anonymous> (file:///srv/api/tests/integration/foundation.test.mjs:1634:11)
      at async Test.run (node:internal/test_runner/test:1409:7)
      at async Test.processPendingSubtests (node:internal/test_runner/test:974:7) {
    generatedMessage: false,
    code: 'ERR_ASSERTION',
    actual: 404,
    expected: 201,
    operator: 'strictEqual',
    diff: 'simple'
  }

test at tests/integration/foundation.test.mjs:1648:1
✖ B5 export XLSX/PDF are actual files with literal formula text, Vietnamese font and private download authorization (747.975953ms)
  AssertionError [ERR_ASSERTION]: {"message":"Cannot POST /api/v1/schools/263ee6c7-d3c2-5356-af6f-d4a7b4124e74/classes/7c658596-0a25-44c2-b790-75541409e906/attendance-sessions","error":"Not Found","statusCode":404}
  
  404 !== 201
  
      at reportFixture (file:///srv/api/tests/integration/foundation.test.mjs:1610:193)
      at process.processTicksAndRejections (node:internal/process/task_queues:104:5)
      at async TestContext.<anonymous> (file:///srv/api/tests/integration/foundation.test.mjs:1649:11)
      at async Test.run (node:internal/test_runner/test:1409:7)
      at async Test.processPendingSubtests (node:internal/test_runner/test:974:7) {
    generatedMessage: false,
    code: 'ERR_ASSERTION',
    actual: 404,
    expected: 201,
    operator: 'strictEqual',
    diff: 'simple'
  }

test at tests/integration/foundation.test.mjs:1667:1
✖ B5 export workers and all file paths reauthorize revocation, expiry and cancellation, and replay completed work safely (807.610384ms)
  AssertionError [ERR_ASSERTION]: {"message":"Cannot POST /api/v1/schools/263ee6c7-d3c2-5356-af6f-d4a7b4124e74/classes/fe38f4a7-908a-4e5c-99de-d4d562dfba68/attendance-sessions","error":"Not Found","statusCode":404}
  
  404 !== 201
  
      at reportFixture (file:///srv/api/tests/integration/foundation.test.mjs:1610:193)
      at process.processTicksAndRejections (node:internal/process/task_queues:104:5)
      at async TestContext.<anonymous> (file:///srv/api/tests/integration/foundation.test.mjs:1668:11)
      at async Test.run (node:internal/test_runner/test:1409:7)
      at async Test.processPendingSubtests (node:internal/test_runner/test:974:7) {
    generatedMessage: false,
    code: 'ERR_ASSERTION',
    actual: 404,
    expected: 201,
    operator: 'strictEqual',
    diff: 'simple'
  }

