 Container edumanage_backend_test-postgres-1 Running 
 Container edumanage_backend_test-postgres-1 Waiting 
 Container edumanage_backend_test-postgres-1 Healthy 
 Container edumanage_backend_test-runner-run-7745e4029042 Creating 
 Container edumanage_backend_test-runner-run-7745e4029042 Created 
✔ B5 all 264 supplied operation IDs have registered real handlers (388.243774ms)
✔ BE01 migration replay is a no-op, mismatch fails and metadata remains intact (81.165774ms)
✔ BE02 cross-school enrollment FK rejects write using the real runtime role (14.23218ms)
✔ BE03 no-tenant denies and SET LOCAL cannot leak across a reused connection (9.528168ms)
✔ BE04 bootstrap only exposes the authenticated user memberships without tenant (7.50205ms)
✔ BE05 HOMEROOM A plus SUBJECT B cannot authorize seating or guardians in B (196.747244ms)
✔ BE06 revoked membership is checked during an existing session and B stays independent (55.282652ms)
✔ BE08 CSRF, credential validation, cookie flags, session rotation and rate limiting (111.066358ms)
✔ BE10 concurrent profile patches serialize with a single version winner (59.752477ms)
✔ BE21 parent runtime role cannot select raw student rows (1902.683986ms)
✔ B0 health ready checks actual migrations, database and private storage (19.995337ms)
✔ B2 class lists use SQL scope and cross-school details deny before serialization (143.402385ms)
✔ BE09 idempotent organization create/retry/concurrency performs one write (69.157089ms)
✔ B2 required idempotency, class capacity/reference validation and version conflicts (119.833162ms)
✔ B2 signed cursor rejects scope/filter modification and delivers distinct pages (92.661029ms)
✔ B2 subject student projection omits family/internal notes and denies guardians (213.457348ms)
✔ B2 guardian create does not merge matching phone, relationships start unverified (116.455813ms)
✔ BE07 existing identity invitation requires its session and preserves password/other school (201.723378ms)
✔ B1 password reset token is encrypted, single-use and revokes all prior sessions (143.640358ms)
✔ B2 staff delegation stays within the ceiling, custom class scope and immediate revocation (565.934623ms)
✔ B2 transfers serialize capacity, handover removes the old teacher and rollover binds its preview (935.831866ms)
✔ B2 scoped guardian creation cannot acquire an unrelated family through relationship IDs (261.532164ms)
✔ B2/B5 uploads remain private until worker processing, leases serialize and local mail erases encrypted secrets (2854.201864ms)
✔ B2 imports parse real CSV, bind stale previews, avoid name/phone merges and retain invalid rows safely (2539.31411ms)
✔ B2/B5 timetable import checks assignments and overlapping slots, creates only a draft and deduplicates retries (1589.801176ms)
✔ B2 imports update only verified codes, create class drafts and staff invitations with work profiles (3596.316393ms)
✔ B2 large import resumes after a lost chunk without duplicating applied rows and checks current school authority (3577.187779ms)
✔ B3 attendance starts unmarked, versions every source change and publishes immutable one-student projections (1074.799392ms)
✔ B3 subject attendance requires its actual lesson and cannot borrow daily access from another class (547.886997ms)
✔ B3 a simultaneous attendance edit and publish has one winner and never publishes a mixed source version (414.757047ms)
✔ B3 rule sets require explicit points, immutable issuance and effective week application (697.253386ms)
✔ B3 conduct reviews preserve facts, lock READY projections and publish only the exact pinned source (1849.906744ms)
✔ B3 conduct linked attendance detects stale sources and subject teachers see only their own lesson facts (1691.965614ms)
✔ B3 approved adjustments retain old facts and atomically replace the current publication with a reviewed preview (1270.752481ms)
✔ B3 a simultaneous conduct record and lock/publish has one source winner (637.634595ms)
✔ B3 attendance linkage deduplicates, excludes corrected drafts and leaves locked scores unchanged with explicit warnings (1017.815749ms)
✔ B4 private parent links expose only published child projections, preserve staff cookies and bind the active tab context (3056.750469ms)
✔ B4 section/download rights, reissue, relationship revocation and foreign UUIDs are checked on each new parent request (649.2486ms)
✔ B4 private documents stream only with both download rights, and teacher contact projections use shared work fields (578.598371ms)
✔ B4 expired links, suspended schools, CSRF and exchange throttles deny without creating a parent identity (459.04358ms)
✔ B1 delegated grants and invitation acceptance stay inside the current expiry ceiling; backdated assignments require a reason (249.565562ms)
✔ B2 shrinking class capacity checks planned future occupancy peaks, rather than only today (102.654208ms)
✔ B5 dated groups retain moves and same-day cancellations, require current class versions and end group-leader duties (446.836572ms)
✔ B5 position holders serialize and remain valid conduct sources; locked source history cannot be shortened (396.844709ms)
✔ B5 seating validates effective enrollment and unique seats, preserves dated revisions and denies subject-only reads (503.154765ms)
✔ B2/B5 a transfer closes dated groups/positions and retains cancelled future plans atomically (329.505053ms)
✔ B5 timetable materializes bounded future lessons, publishes child-only projections and preserves past/source history (580.945684ms)
✔ B5 timetable rejects teacher/room collisions and revoked assignments, skips holidays and revalidates source versions (744.651387ms)
✔ B5 duties publish only individual tasks, reject foreign enrollment and retain immutable publication/withdraw history (395.656856ms)
✔ B5 group duties expand the effective group at publication and retain the individual targets after later moves (549.799975ms)
✔ B5 activities count only explicit participants, preserve published states and require current source/review authority (767.925872ms)
✔ B5 approved activity results are explicit conduct sources and locked approved facts protect their source history (343.840928ms)
✔ B5 evidence stays private until review and publication; parent documents remain child-bound and filter file availability (1119.767047ms)
✔ B5 class announcements retain immutable publication across edits, bind one recipient and reject foreign class reads (1610.956241ms)
✔ B5 public school announcements sanitize content and keep draft/private replacements out of the public projection (1114.105673ms)
✔ B5 scheduled announcements wait for their due time, publish once through a worker and safely replay after an acknowledgement loss (1093.101678ms)
✔ B5 scheduled publication rechecks the creator grant and reports a failed queue without exposing a parent snapshot (1205.744535ms)
✔ B5 announcement attachments remain private to one child, obey link download rights and disappear when archived or withdrawn (1138.658034ms)
✔ B5 school settings persist with version guards, affect only new link expiry and suppress work contacts without changing old link permissions (740.597022ms)
✔ B5 disabling homeroom publication takes effect inside existing sessions and restores only after an explicit setting change (623.040086ms)
✔ B3 configured second approval rejects self approval in API and SQL, while a different scoped approver permits atomic adjustment (499.677988ms)
✔ B5 personal notifications paginate across actual memberships, deduplicate publication events and deny foreign recipients and cross-user cursors (879.899632ms)
✔ B5 withdrawn announcements redact retained staff notifications instead of exposing a stale published target (624.986488ms)
✔ B5 dashboards count real scoped rows, keep homeroom and subject tasks separate and immediately recheck revocation (1715.044452ms)
✔ B5 teacher schedule is own dated teaching and announcement feed reads only current publications across draft edits (1200.184092ms)
✔ B5 dashboard attendance counters and publication tasks follow persisted marks, publish/withdraw and current school policy (754.158345ms)
✔ B2 platform creates only metadata drafts, bootstraps admin roles/invitations and requires an active administrator for activation (554.069346ms)
✔ B5 platform settings and operation records persist actual state, redact artifacts and reauthorize command replays (213.233792ms)
✔ B1 platform admin invitations obey operator expiry ceilings and acceptance rolls back after authority expires (132.545692ms)
✔ B5 support tickets persist both sides, preserve queue states and exact timestamp pagination, and deny other schools (299.258949ms)
✔ B1 support requests require independent current school consent, retain immutable scope and bind tickets/classes/actions/time (231.162194ms)
✔ B1 explicitly selected support grants authorize only scoped metadata GETs, audit the actual operator and force read-only SQL (207.040444ms)
✔ B1 school-wide support metadata never exposes import rows/downloads and expires without fallback to operator privileges (3419.464773ms)
✔ B1 an operator who also has school-admin rights still cannot self-approve or combine selected support scope with ordinary rights (164.720258ms)
✔ B5 signed native keysets cross a nullable sort boundary without dropping or repeating persisted schools (195.715663ms)
✔ B5 report SQL uses real scoped counts and immutable CSV export content while live attendance changes (606.515347ms)
✔ B5 published report exports pin revisions across replacement and withdrawal without exposing drafts (660.704114ms)
✔ B5 export XLSX/PDF are actual files with literal formula text, Vietnamese font and private download authorization (805.973054ms)
✔ B5 subject reports remain own lesson attendance and scoped activities without school/family/conduct/export access (165.444016ms)
✔ B5 export workers and all file paths reauthorize revocation, expiry and cancellation, and replay completed work safely (682.784544ms)
✔ B5 conduct/activity/progress/link reports use actual pinned scores, explicit participant denominators and anonymous link use (678.793064ms)
ℹ tests 81
ℹ suites 0
ℹ pass 81
ℹ fail 0
ℹ cancelled 0
ℹ skipped 0
ℹ todo 0
ℹ duration_ms 63315.512138
