 Container edumanage_backend_test-postgres-1 Running 
 Container edumanage_backend_test-postgres-1 Waiting 
 Container edumanage_backend_test-postgres-1 Healthy 
 Container edumanage_backend_test-runner-run-f29e8f55794c Creating 
 Container edumanage_backend_test-runner-run-f29e8f55794c Created 
✔ BE01 migration replay is a no-op, mismatch fails and metadata remains intact (432.527692ms)
✔ BE02 cross-school enrollment FK rejects write using the real runtime role (10.965823ms)
✔ BE03 no-tenant denies and SET LOCAL cannot leak across a reused connection (3.786644ms)
✔ BE04 bootstrap only exposes the authenticated user memberships without tenant (3.878508ms)
✔ BE05 HOMEROOM A plus SUBJECT B cannot authorize seating or guardians in B (165.375192ms)
✔ BE06 revoked membership is checked during an existing session and B stays independent (55.820469ms)
✔ BE08 CSRF, credential validation, cookie flags, session rotation and rate limiting (120.159691ms)
✔ BE10 concurrent profile patches serialize with a single version winner (67.150282ms)
✔ BE21 parent runtime role cannot select raw student rows (1468.15014ms)
✔ B0 health ready checks actual migrations, database and private storage (19.721057ms)
✔ B2 class lists use SQL scope and cross-school details deny before serialization (134.644349ms)
✔ BE09 idempotent organization create/retry/concurrency performs one write (69.556065ms)
✔ B2 required idempotency, class capacity/reference validation and version conflicts (120.915726ms)
✔ B2 signed cursor rejects scope/filter modification and delivers distinct pages (91.084513ms)
✔ B2 subject student projection omits family/internal notes and denies guardians (200.255698ms)
✔ B2 guardian create does not merge matching phone, relationships start unverified (107.894119ms)
✔ BE07 existing identity invitation requires its session and preserves password/other school (193.545178ms)
✔ B1 password reset token is encrypted, single-use and revokes all prior sessions (134.415545ms)
✔ B2 staff delegation stays within the ceiling, custom class scope and immediate revocation (543.78774ms)
✔ B2 transfers serialize capacity, handover removes the old teacher and rollover binds its preview (913.169997ms)
✔ B2 scoped guardian creation cannot acquire an unrelated family through relationship IDs (246.512719ms)
✔ B2/B5 uploads remain private until worker processing, leases serialize and local mail erases encrypted secrets (2207.724857ms)
✔ B2 imports parse real CSV, bind stale previews, avoid name/phone merges and retain invalid rows safely (2912.303917ms)
✔ B2/B5 timetable import checks assignments and overlapping slots, creates only a draft and deduplicates retries (2619.632734ms)
✔ B2 imports update only verified codes, create class drafts and staff invitations with work profiles (3588.631086ms)
✔ B2 large import resumes after a lost chunk without duplicating applied rows and checks current school authority (3117.201889ms)
✔ B3 attendance starts unmarked, versions every source change and publishes immutable one-student projections (416.406359ms)
✔ B3 subject attendance requires its actual lesson and cannot borrow daily access from another class (287.291735ms)
✔ B3 a simultaneous attendance edit and publish has one winner and never publishes a mixed source version (150.020987ms)
✔ B3 rule sets require explicit points, immutable issuance and effective week application (286.029844ms)
✔ B3 conduct reviews preserve facts, lock READY projections and publish only the exact pinned source (636.600053ms)
✔ B3 conduct linked attendance detects stale sources and subject teachers see only their own lesson facts (609.878626ms)
✔ B3 approved adjustments retain old facts and atomically replace the current publication with a reviewed preview (459.943292ms)
✔ B3 a simultaneous conduct record and lock/publish has one source winner (220.529008ms)
✔ B3 attendance linkage deduplicates, excludes corrected drafts and leaves locked scores unchanged with explicit warnings (378.379752ms)
✔ B4 private parent links expose only published child projections, preserve staff cookies and bind the active tab context (800.551515ms)
✔ B4 section/download rights, reissue, relationship revocation and foreign UUIDs are checked on each new parent request (674.943348ms)
✔ B4 private documents stream only with both download rights, and teacher contact projections use shared work fields (980.656877ms)
✔ B4 expired links, suspended schools, CSRF and exchange throttles deny without creating a parent identity (421.587053ms)
✔ B1 delegated grants and invitation acceptance stay inside the current expiry ceiling; backdated assignments require a reason (227.087124ms)
✔ B2 shrinking class capacity checks planned future occupancy peaks, rather than only today (102.097862ms)
✔ B5 dated groups retain moves and same-day cancellations, require current class versions and end group-leader duties (546.991834ms)
✔ B5 position holders serialize and remain valid conduct sources; locked source history cannot be shortened (390.480999ms)
✔ B5 seating validates effective enrollment and unique seats, preserves dated revisions and denies subject-only reads (488.495795ms)
✔ B2/B5 a transfer closes dated groups/positions and retains cancelled future plans atomically (318.024159ms)
✔ B5 timetable materializes bounded future lessons, publishes child-only projections and preserves past/source history (623.911187ms)
✔ B5 timetable rejects teacher/room collisions and revoked assignments, skips holidays and revalidates source versions (769.272106ms)
✔ B5 duties publish only individual tasks, reject foreign enrollment and retain immutable publication/withdraw history (388.943155ms)
✔ B5 group duties expand the effective group at publication and retain the individual targets after later moves (550.663285ms)
✔ B5 activities count only explicit participants, preserve published states and require current source/review authority (795.367825ms)
✔ B5 approved activity results are explicit conduct sources and locked approved facts protect their source history (334.650801ms)
✔ B5 evidence stays private until review and publication; parent documents remain child-bound and filter file availability (1115.12907ms)
✔ B5 class announcements retain immutable publication across edits, bind one recipient and reject foreign class reads (1446.648541ms)
✔ B5 public school announcements sanitize content and keep draft/private replacements out of the public projection (1065.122357ms)
✔ B5 scheduled announcements wait for their due time, publish once through a worker and safely replay after an acknowledgement loss (1201.77559ms)
✔ B5 scheduled publication rechecks the creator grant and reports a failed queue without exposing a parent snapshot (1899.122642ms)
✔ B5 announcement attachments remain private to one child, obey link download rights and disappear when archived or withdrawn (4167.404947ms)
✔ B5 school settings persist with version guards, affect only new link expiry and suppress work contacts without changing old link permissions (2395.463726ms)
✔ B5 disabling homeroom publication takes effect inside existing sessions and restores only after an explicit setting change (665.974286ms)
✔ B3 configured second approval rejects self approval in API and SQL, while a different scoped approver permits atomic adjustment (545.013686ms)
✔ B5 personal notifications paginate across actual memberships, deduplicate publication events and deny foreign recipients and cross-user cursors (997.949613ms)
✔ B5 withdrawn announcements redact retained staff notifications instead of exposing a stale published target (643.362911ms)
✔ B5 dashboards count real scoped rows, keep homeroom and subject tasks separate and immediately recheck revocation (1599.945289ms)
✔ B5 teacher schedule is own dated teaching and announcement feed reads only current publications across draft edits (1070.456318ms)
✔ B5 dashboard attendance counters and publication tasks follow persisted marks, publish/withdraw and current school policy (729.019531ms)
✔ B2 platform creates only metadata drafts, bootstraps admin roles/invitations and requires an active administrator for activation (522.573239ms)
✔ B5 platform settings and operation records persist actual state, redact artifacts and reauthorize command replays (208.313763ms)
✔ B1 platform admin invitations obey operator expiry ceilings and acceptance rolls back after authority expires (116.238371ms)
✔ B5 support tickets persist both sides, preserve queue states and exact timestamp pagination, and deny other schools (281.43084ms)
✔ B1 support requests require independent current school consent, retain immutable scope and bind tickets/classes/actions/time (223.223059ms)
✔ B1 explicitly selected support grants authorize only scoped metadata GETs, audit the actual operator and force read-only SQL (206.699762ms)
✔ B1 school-wide support metadata never exposes import rows/downloads and expires without fallback to operator privileges (3402.901435ms)
✔ B1 an operator who also has school-admin rights still cannot self-approve or combine selected support scope with ordinary rights (1825.771087ms)
✔ B5 signed native keysets cross a nullable sort boundary without dropping or repeating persisted schools (581.123316ms)
✖ B5 report SQL uses real scoped counts and immutable CSV export content while live attendance changes (444.952515ms)
✖ B5 published report exports pin revisions across replacement and withdrawal without exposing drafts (406.540921ms)
✖ B5 export XLSX/PDF are actual files with literal formula text, Vietnamese font and private download authorization (635.752393ms)
✔ B5 subject reports remain own lesson attendance and scoped activities without school/family/conduct/export access (149.047536ms)
✖ B5 export workers and all file paths reauthorize revocation, expiry and cancellation, and replay completed work safely (559.242823ms)
ℹ tests 79
ℹ suites 0
ℹ pass 75
ℹ fail 4
ℹ cancelled 0
ℹ skipped 0
ℹ todo 0
ℹ duration_ms 61274.897199

✖ failing tests:

test at tests/integration/foundation.test.mjs:1617:1
✖ B5 report SQL uses real scoped counts and immutable CSV export content while live attendance changes (444.952515ms)
  AssertionError [ERR_ASSERTION]: Expected values to be strictly equal:
  
  2 !== 1
  
      at TestContext.<anonymous> (file:///srv/api/tests/integration/foundation.test.mjs:1621:136)
      at process.processTicksAndRejections (node:internal/process/task_queues:104:5)
      at async Test.run (node:internal/test_runner/test:1409:7)
      at async Test.processPendingSubtests (node:internal/test_runner/test:974:7) {
    generatedMessage: true,
    code: 'ERR_ASSERTION',
    actual: 2,
    expected: 1,
    operator: 'strictEqual',
    diff: 'simple'
  }

test at tests/integration/foundation.test.mjs:1633:1
✖ B5 published report exports pin revisions across replacement and withdrawal without exposing drafts (406.540921ms)
  AssertionError [ERR_ASSERTION]: {"type":"urn:edumanage:problem:attendance_unmarked","title":"ATTENDANCE_UNMARKED","status":422,"code":"ATTENDANCE_UNMARKED","requestId":"2fc51ea2-795f-499d-a746-c380a1edc6f9"}
  
  422 !== 200
  
      at TestContext.<anonymous> (file:///srv/api/tests/integration/foundation.test.mjs:1635:165)
      at process.processTicksAndRejections (node:internal/process/task_queues:104:5)
      at async Test.run (node:internal/test_runner/test:1409:7)
      at async Test.processPendingSubtests (node:internal/test_runner/test:974:7) {
    generatedMessage: false,
    code: 'ERR_ASSERTION',
    actual: 422,
    expected: 200,
    operator: 'strictEqual',
    diff: 'simple'
  }

test at tests/integration/foundation.test.mjs:1648:1
✖ B5 export XLSX/PDF are actual files with literal formula text, Vietnamese font and private download authorization (635.752393ms)
  AssertionError [ERR_ASSERTION]: {"type":"urn:edumanage:problem:export_not_ready","title":"EXPORT_NOT_READY","status":409,"code":"EXPORT_NOT_READY","requestId":"2efd7f05-2931-4535-b6d2-840301d14dcb"}
  
  409 !== 200
  
      at TestContext.<anonymous> (file:///srv/api/tests/integration/foundation.test.mjs:1652:81)
      at process.processTicksAndRejections (node:internal/process/task_queues:104:5)
      at async Test.run (node:internal/test_runner/test:1409:7)
      at async Test.processPendingSubtests (node:internal/test_runner/test:974:7) {
    generatedMessage: false,
    code: 'ERR_ASSERTION',
    actual: 409,
    expected: 200,
    operator: 'strictEqual',
    diff: 'simple'
  }

test at tests/integration/foundation.test.mjs:1667:1
✖ B5 export workers and all file paths reauthorize revocation, expiry and cancellation, and replay completed work safely (559.242823ms)
  AssertionError [ERR_ASSERTION]: Expected values to be strictly equal:
  + actual - expected
  
  + 'FAILED'
  - 'COMPLETED'
  
      at TestContext.<anonymous> (file:///srv/api/tests/integration/foundation.test.mjs:1672:148)
      at process.processTicksAndRejections (node:internal/process/task_queues:104:5)
      at async Test.run (node:internal/test_runner/test:1409:7)
      at async Test.processPendingSubtests (node:internal/test_runner/test:974:7) {
    generatedMessage: true,
    code: 'ERR_ASSERTION',
    actual: 'FAILED',
    expected: 'COMPLETED',
    operator: 'strictEqual',
    diff: 'simple'
  }

