 Container edumanage_backend_test-postgres-1 Running 
 Container edumanage_backend_test-postgres-1 Waiting 
 Container edumanage_backend_test-postgres-1 Healthy 
 Container edumanage_backend_test-runner-run-d3fe0c6195a7 Creating 
 Container edumanage_backend_test-runner-run-d3fe0c6195a7 Created 
✔ B5 all 264 supplied operation IDs have registered real handlers (397.308789ms)
✔ BE01 migration replay is a no-op, mismatch fails and metadata remains intact (58.41797ms)
✔ BE02 cross-school enrollment FK rejects write using the real runtime role (10.797128ms)
✔ BE03 no-tenant denies and SET LOCAL cannot leak across a reused connection (3.802362ms)
✔ BE04 bootstrap only exposes the authenticated user memberships without tenant (3.898046ms)
✔ BE05 HOMEROOM A plus SUBJECT B cannot authorize seating or guardians in B (168.274407ms)
✔ BE06 revoked membership is checked during an existing session and B stays independent (44.670855ms)
✔ BE08 CSRF, credential validation, cookie flags, session rotation and rate limiting (120.223613ms)
✔ BE10 concurrent profile patches serialize with a single version winner (59.108729ms)
✔ BE21 parent runtime role cannot select raw student rows (2291.141418ms)
✔ B0 health ready checks actual migrations, database and private storage (20.49483ms)
✔ B2 class lists use SQL scope and cross-school details deny before serialization (143.525162ms)
✔ BE09 idempotent organization create/retry/concurrency performs one write (69.148143ms)
✔ B2 required idempotency, class capacity/reference validation and version conflicts (121.555044ms)
✔ B2 signed cursor rejects scope/filter modification and delivers distinct pages (94.658271ms)
✔ B2 subject student projection omits family/internal notes and denies guardians (231.207744ms)
✔ B2 guardian create does not merge matching phone, relationships start unverified (123.10729ms)
✔ BE07 existing identity invitation requires its session and preserves password/other school (193.524979ms)
✔ B1 password reset token is encrypted, single-use and revokes all prior sessions (135.741834ms)
✔ B2 staff delegation stays within the ceiling, custom class scope and immediate revocation (580.070733ms)
✔ B2 transfers serialize capacity, handover removes the old teacher and rollover binds its preview (981.522934ms)
✔ B2 scoped guardian creation cannot acquire an unrelated family through relationship IDs (266.875063ms)
✔ B2/B5 uploads remain private until worker processing, leases serialize and local mail erases encrypted secrets (4926.921771ms)
✔ B2 imports parse real CSV, bind stale previews, avoid name/phone merges and retain invalid rows safely (2913.51013ms)
✔ B2/B5 timetable import checks assignments and overlapping slots, creates only a draft and deduplicates retries (1615.254052ms)
✔ B2 imports update only verified codes, create class drafts and staff invitations with work profiles (3727.731422ms)
✔ B2 large import resumes after a lost chunk without duplicating applied rows and checks current school authority (3244.17288ms)
✔ B3 attendance starts unmarked, versions every source change and publishes immutable one-student projections (528.804374ms)
✔ B3 subject attendance requires its actual lesson and cannot borrow daily access from another class (488.913624ms)
✔ B3 a simultaneous attendance edit and publish has one winner and never publishes a mixed source version (330.749017ms)
✔ B3 rule sets require explicit points, immutable issuance and effective week application (669.4631ms)
✔ B3 conduct reviews preserve facts, lock READY projections and publish only the exact pinned source (1710.179093ms)
✔ B3 conduct linked attendance detects stale sources and subject teachers see only their own lesson facts (1628.210572ms)
✔ B3 approved adjustments retain old facts and atomically replace the current publication with a reviewed preview (1829.497937ms)
✔ B3 a simultaneous conduct record and lock/publish has one source winner (219.063336ms)
✔ B3 attendance linkage deduplicates, excludes corrected drafts and leaves locked scores unchanged with explicit warnings (394.880416ms)
✔ B4 private parent links expose only published child projections, preserve staff cookies and bind the active tab context (821.617496ms)
✔ B4 section/download rights, reissue, relationship revocation and foreign UUIDs are checked on each new parent request (463.017677ms)
✔ B4 private documents stream only with both download rights, and teacher contact projections use shared work fields (634.680009ms)
✔ B4 expired links, suspended schools, CSRF and exchange throttles deny without creating a parent identity (433.93076ms)
✔ B1 delegated grants and invitation acceptance stay inside the current expiry ceiling; backdated assignments require a reason (233.62851ms)
✔ B2 shrinking class capacity checks planned future occupancy peaks, rather than only today (143.50646ms)
✔ B5 dated groups retain moves and same-day cancellations, require current class versions and end group-leader duties (490.884353ms)
✔ B5 position holders serialize and remain valid conduct sources; locked source history cannot be shortened (393.067847ms)
✔ B5 seating validates effective enrollment and unique seats, preserves dated revisions and denies subject-only reads (517.830192ms)
✔ B2/B5 a transfer closes dated groups/positions and retains cancelled future plans atomically (324.993932ms)
✔ B5 timetable materializes bounded future lessons, publishes child-only projections and preserves past/source history (634.229206ms)
✔ B5 timetable rejects teacher/room collisions and revoked assignments, skips holidays and revalidates source versions (798.304966ms)
✔ B5 duties publish only individual tasks, reject foreign enrollment and retain immutable publication/withdraw history (397.594212ms)
✔ B5 group duties expand the effective group at publication and retain the individual targets after later moves (560.657564ms)
✔ B5 activities count only explicit participants, preserve published states and require current source/review authority (837.719053ms)
✔ B5 approved activity results are explicit conduct sources and locked approved facts protect their source history (347.700112ms)
✔ B5 evidence stays private until review and publication; parent documents remain child-bound and filter file availability (1171.916137ms)
✔ B5 class announcements retain immutable publication across edits, bind one recipient and reject foreign class reads (1522.320436ms)
✔ B5 public school announcements sanitize content and keep draft/private replacements out of the public projection (1187.240507ms)
✔ B5 scheduled announcements wait for their due time, publish once through a worker and safely replay after an acknowledgement loss (1091.907807ms)
✔ B5 scheduled publication rechecks the creator grant and reports a failed queue without exposing a parent snapshot (1208.378163ms)
✔ B5 announcement attachments remain private to one child, obey link download rights and disappear when archived or withdrawn (1173.448324ms)
✔ B5 school settings persist with version guards, affect only new link expiry and suppress work contacts without changing old link permissions (757.77883ms)
✔ B5 disabling homeroom publication takes effect inside existing sessions and restores only after an explicit setting change (608.529539ms)
✔ B3 configured second approval rejects self approval in API and SQL, while a different scoped approver permits atomic adjustment (498.817606ms)
✔ B5 personal notifications paginate across actual memberships, deduplicate publication events and deny foreign recipients and cross-user cursors (891.222974ms)
✔ B5 withdrawn announcements redact retained staff notifications instead of exposing a stale published target (663.187537ms)
✔ B5 dashboards count real scoped rows, keep homeroom and subject tasks separate and immediately recheck revocation (1685.295765ms)
✔ B5 teacher schedule is own dated teaching and announcement feed reads only current publications across draft edits (1315.981049ms)
✔ B5 dashboard attendance counters and publication tasks follow persisted marks, publish/withdraw and current school policy (801.158773ms)
✔ B2 platform creates only metadata drafts, bootstraps admin roles/invitations and requires an active administrator for activation (593.208736ms)
✔ B5 platform settings and operation records persist actual state, redact artifacts and reauthorize command replays (205.839489ms)
✔ B1 platform admin invitations obey operator expiry ceilings and acceptance rolls back after authority expires (117.098743ms)
✔ B5 support tickets persist both sides, preserve queue states and exact timestamp pagination, and deny other schools (286.681395ms)
✔ B1 support requests require independent current school consent, retain immutable scope and bind tickets/classes/actions/time (237.561572ms)
✔ B1 explicitly selected support grants authorize only scoped metadata GETs, audit the actual operator and force read-only SQL (209.061898ms)
✔ B1 school-wide support metadata never exposes import rows/downloads and expires without fallback to operator privileges (3421.786514ms)
✔ B1 an operator who also has school-admin rights still cannot self-approve or combine selected support scope with ordinary rights (166.178206ms)
✔ B5 signed native keysets cross a nullable sort boundary without dropping or repeating persisted schools (199.784799ms)
✔ B5 report SQL uses real scoped counts and immutable CSV export content while live attendance changes (604.719472ms)
✔ B5 published report exports pin revisions across replacement and withdrawal without exposing drafts (663.497321ms)
✔ B5 export XLSX/PDF are actual files with literal formula text, Vietnamese font and private download authorization (783.629787ms)
✔ B5 subject reports remain own lesson attendance and scoped activities without school/family/conduct/export access (190.505209ms)
✔ B5 export workers and all file paths reauthorize revocation, expiry and cancellation, and replay completed work safely (627.458387ms)
✔ B5 conduct/activity/progress/link reports use actual pinned scores, explicit participant denominators and anonymous link use (670.400514ms)
ℹ tests 81
ℹ suites 0
ℹ pass 81
ℹ fail 0
ℹ cancelled 0
ℹ skipped 0
ℹ todo 0
ℹ duration_ms 62684.9218
