 Container edumanage_backend_test-postgres-1 Running 
 Container edumanage_backend_test-postgres-1 Waiting 
 Container edumanage_backend_test-postgres-1 Healthy 
 Container edumanage_backend_test-runner-run-8eb1bce6391d Creating 
 Container edumanage_backend_test-runner-run-8eb1bce6391d Created 
✔ BE01 migration replay is a no-op, mismatch fails and metadata remains intact (384.27618ms)
✔ BE02 cross-school enrollment FK rejects write using the real runtime role (9.093479ms)
✔ BE03 no-tenant denies and SET LOCAL cannot leak across a reused connection (3.887576ms)
✔ BE04 bootstrap only exposes the authenticated user memberships without tenant (3.539432ms)
✔ BE05 HOMEROOM A plus SUBJECT B cannot authorize seating or guardians in B (103.940855ms)
✔ BE06 revoked membership is checked during an existing session and B stays independent (49.251586ms)
✔ BE08 CSRF, credential validation, cookie flags, session rotation and rate limiting (104.137695ms)
✔ BE10 concurrent profile patches serialize with a single version winner (58.722705ms)
✔ BE21 parent runtime role cannot select raw student rows (111.389165ms)
✔ B0 health ready checks actual migrations, database and private storage (16.063658ms)
✔ B2 class lists use SQL scope and cross-school details deny before serialization (98.338814ms)
✔ BE09 idempotent organization create/retry/concurrency performs one write (65.285327ms)
✔ B2 required idempotency, class capacity/reference validation and version conflicts (116.982456ms)
✔ B2 signed cursor rejects scope/filter modification and delivers distinct pages (76.938572ms)
✔ B2 subject student projection omits family/internal notes and denies guardians (141.500551ms)
✔ B2 guardian create does not merge matching phone, relationships start unverified (98.373351ms)
✔ BE07 existing identity invitation requires its session and preserves password/other school (174.141177ms)
✔ B1 password reset token is encrypted, single-use and revokes all prior sessions (135.248639ms)
✔ B2 staff delegation stays within the ceiling, custom class scope and immediate revocation (406.779451ms)
✔ B2 transfers serialize capacity, handover removes the old teacher and rollover binds its preview (782.522771ms)
✔ B2 scoped guardian creation cannot acquire an unrelated family through relationship IDs (168.815759ms)
✔ B2/B5 uploads remain private until worker processing, leases serialize and local mail erases encrypted secrets (766.623451ms)
✔ B2 imports parse real CSV, bind stale previews, avoid name/phone merges and retain invalid rows safely (1474.710453ms)
✔ B2/B5 timetable import checks assignments and overlapping slots, creates only a draft and deduplicates retries (1024.23947ms)
✔ B2 imports update only verified codes, create class drafts and staff invitations with work profiles (2234.13798ms)
✔ B2 large import resumes after a lost chunk without duplicating applied rows and checks current school authority (2266.386143ms)
✔ B3 attendance starts unmarked, versions every source change and publishes immutable one-student projections (400.421069ms)
✔ B3 subject attendance requires its actual lesson and cannot borrow daily access from another class (176.212397ms)
✔ B3 a simultaneous attendance edit and publish has one winner and never publishes a mixed source version (131.546064ms)
✔ B3 rule sets require explicit points, immutable issuance and effective week application (240.74393ms)
✔ B3 conduct reviews preserve facts, lock READY projections and publish only the exact pinned source (597.115414ms)
✔ B3 conduct linked attendance detects stale sources and subject teachers see only their own lesson facts (480.014426ms)
✔ B3 approved adjustments retain old facts and atomically replace the current publication with a reviewed preview (433.90615ms)
✔ B3 a simultaneous conduct record and lock/publish has one source winner (197.836808ms)
✔ B3 attendance linkage deduplicates, excludes corrected drafts and leaves locked scores unchanged with explicit warnings (341.183617ms)
✔ B4 private parent links expose only published child projections, preserve staff cookies and bind the active tab context (756.46729ms)
✔ B4 section/download rights, reissue, relationship revocation and foreign UUIDs are checked on each new parent request (394.200537ms)
✔ B4 private documents stream only with both download rights, and teacher contact projections use shared work fields (501.81313ms)
✔ B4 expired links, suspended schools, CSRF and exchange throttles deny without creating a parent identity (396.388799ms)
✔ B1 delegated grants and invitation acceptance stay inside the current expiry ceiling; backdated assignments require a reason (212.623177ms)
✔ B2 shrinking class capacity checks planned future occupancy peaks, rather than only today (96.47572ms)
✔ B5 dated groups retain moves and same-day cancellations, require current class versions and end group-leader duties (492.763023ms)
✔ B5 position holders serialize and remain valid conduct sources; locked source history cannot be shortened (440.007692ms)
✔ B5 seating validates effective enrollment and unique seats, preserves dated revisions and denies subject-only reads (423.906195ms)
✔ B2/B5 a transfer closes dated groups/positions and retains cancelled future plans atomically (285.676125ms)
✔ B5 timetable materializes bounded future lessons, publishes child-only projections and preserves past/source history (537.050621ms)
✔ B5 timetable rejects teacher/room collisions and revoked assignments, skips holidays and revalidates source versions (661.877724ms)
✔ B5 duties publish only individual tasks, reject foreign enrollment and retain immutable publication/withdraw history (356.994292ms)
ℹ tests 48
ℹ suites 0
ℹ pass 48
ℹ fail 0
ℹ cancelled 0
ℹ skipped 0
ℹ todo 0
ℹ duration_ms 20110.216434
