 Container edumanage_backend_test-postgres-1 Running 
 Container edumanage_backend_test-postgres-1 Waiting 
 Container edumanage_backend_test-postgres-1 Healthy 
 Container edumanage_backend_test-runner-run-9b0301c71da4 Creating 
 Container edumanage_backend_test-runner-run-9b0301c71da4 Created 
✔ BE01 migration replay is a no-op, mismatch fails and metadata remains intact (447.353543ms)
✔ BE02 cross-school enrollment FK rejects write using the real runtime role (9.722134ms)
✔ BE03 no-tenant denies and SET LOCAL cannot leak across a reused connection (4.115689ms)
✔ BE04 bootstrap only exposes the authenticated user memberships without tenant (4.088596ms)
✔ BE05 HOMEROOM A plus SUBJECT B cannot authorize seating or guardians in B (158.067764ms)
✔ BE06 revoked membership is checked during an existing session and B stays independent (40.263143ms)
✔ BE08 CSRF, credential validation, cookie flags, session rotation and rate limiting (102.711425ms)
✔ BE10 concurrent profile patches serialize with a single version winner (56.573914ms)
✔ BE21 parent runtime role cannot select raw student rows (324.137393ms)
✔ B0 health ready checks actual migrations, database and private storage (16.951259ms)
✔ B2 class lists use SQL scope and cross-school details deny before serialization (122.039715ms)
✔ BE09 idempotent organization create/retry/concurrency performs one write (67.906206ms)
✔ B2 required idempotency, class capacity/reference validation and version conflicts (119.640201ms)
✔ B2 signed cursor rejects scope/filter modification and delivers distinct pages (87.821064ms)
✔ B2 subject student projection omits family/internal notes and denies guardians (168.934754ms)
✔ B2 guardian create does not merge matching phone, relationships start unverified (104.109781ms)
✔ BE07 existing identity invitation requires its session and preserves password/other school (183.975381ms)
✔ B1 password reset token is encrypted, single-use and revokes all prior sessions (132.371351ms)
✔ B2 staff delegation stays within the ceiling, custom class scope and immediate revocation (490.744803ms)
✔ B2 transfers serialize capacity, handover removes the old teacher and rollover binds its preview (916.089714ms)
✔ B2 scoped guardian creation cannot acquire an unrelated family through relationship IDs (204.735369ms)
✔ B2/B5 uploads remain private until worker processing, leases serialize and local mail erases encrypted secrets (982.783461ms)
✔ B2 imports parse real CSV, bind stale previews, avoid name/phone merges and retain invalid rows safely (1950.891716ms)
✔ B2/B5 timetable import checks assignments and overlapping slots, creates only a draft and deduplicates retries (1225.693864ms)
✔ B2 imports update only verified codes, create class drafts and staff invitations with work profiles (3393.606338ms)
✔ B2 large import resumes after a lost chunk without duplicating applied rows and checks current school authority (2927.272308ms)
✔ B3 attendance starts unmarked, versions every source change and publishes immutable one-student projections (420.471091ms)
✔ B3 subject attendance requires its actual lesson and cannot borrow daily access from another class (251.192049ms)
✔ B3 a simultaneous attendance edit and publish has one winner and never publishes a mixed source version (144.27833ms)
✔ B3 rule sets require explicit points, immutable issuance and effective week application (281.246595ms)
✔ B3 conduct reviews preserve facts, lock READY projections and publish only the exact pinned source (676.926753ms)
✔ B3 conduct linked attendance detects stale sources and subject teachers see only their own lesson facts (590.191333ms)
✔ B3 approved adjustments retain old facts and atomically replace the current publication with a reviewed preview (482.633473ms)
✔ B3 a simultaneous conduct record and lock/publish has one source winner (215.502301ms)
✔ B3 attendance linkage deduplicates, excludes corrected drafts and leaves locked scores unchanged with explicit warnings (396.722224ms)
✔ B4 private parent links expose only published child projections, preserve staff cookies and bind the active tab context (837.417618ms)
✔ B4 section/download rights, reissue, relationship revocation and foreign UUIDs are checked on each new parent request (503.64024ms)
✔ B4 private documents stream only with both download rights, and teacher contact projections use shared work fields (572.525959ms)
✔ B4 expired links, suspended schools, CSRF and exchange throttles deny without creating a parent identity (423.759474ms)
✔ B1 delegated grants and invitation acceptance stay inside the current expiry ceiling; backdated assignments require a reason (257.360181ms)
✔ B2 shrinking class capacity checks planned future occupancy peaks, rather than only today (117.592222ms)
✔ B5 dated groups retain moves and same-day cancellations, require current class versions and end group-leader duties (505.252936ms)
✔ B5 position holders serialize and remain valid conduct sources; locked source history cannot be shortened (467.828632ms)
✔ B5 seating validates effective enrollment and unique seats, preserves dated revisions and denies subject-only reads (473.109374ms)
✔ B2/B5 a transfer closes dated groups/positions and retains cancelled future plans atomically (321.776693ms)
✔ B5 timetable materializes bounded future lessons, publishes child-only projections and preserves past/source history (575.878773ms)
✔ B5 timetable rejects teacher/room collisions and revoked assignments, skips holidays and revalidates source versions (720.655ms)
✔ B5 duties publish only individual tasks, reject foreign enrollment and retain immutable publication/withdraw history (382.502736ms)
✔ B5 group duties expand the effective group at publication and retain the individual targets after later moves (773.33ms)
✔ B5 activities count only explicit participants, preserve published states and require current source/review authority (1633.757675ms)
✔ B5 approved activity results are explicit conduct sources and locked approved facts protect their source history (900.172501ms)
✔ B5 evidence stays private until review and publication; parent documents remain child-bound and filter file availability (1835.702629ms)
✔ B5 class announcements retain immutable publication across edits, bind one recipient and reject foreign class reads (1608.444989ms)
✔ B5 public school announcements sanitize content and keep draft/private replacements out of the public projection (964.787551ms)
✔ B5 scheduled announcements wait for their due time, publish once through a worker and safely replay after an acknowledgement loss (1070.375421ms)
✔ B5 scheduled publication rechecks the creator grant and reports a failed queue without exposing a parent snapshot (1146.952019ms)
✔ B5 announcement attachments remain private to one child, obey link download rights and disappear when archived or withdrawn (1078.6383ms)
✔ B5 school settings persist with version guards, affect only new link expiry and suppress work contacts without changing old link permissions (723.256742ms)
✔ B5 disabling homeroom publication takes effect inside existing sessions and restores only after an explicit setting change (566.785549ms)
✔ B3 configured second approval rejects self approval in API and SQL, while a different scoped approver permits atomic adjustment (458.21059ms)
ℹ tests 60
ℹ suites 0
ℹ pass 60
ℹ fail 0
ℹ cancelled 0
ℹ skipped 0
ℹ todo 0
ℹ duration_ms 37350.908106
