 Container edumanage_backend_test-postgres-1 Running 
 Container edumanage_backend_test-postgres-1 Waiting 
 Container edumanage_backend_test-postgres-1 Healthy 
 Container edumanage_backend_test-runner-run-ce8181e9db1d Creating 
 Container edumanage_backend_test-runner-run-ce8181e9db1d Created 
✔ BE01 migration replay is a no-op, mismatch fails and metadata remains intact (413.694872ms)
✔ BE02 cross-school enrollment FK rejects write using the real runtime role (9.101709ms)
✔ BE03 no-tenant denies and SET LOCAL cannot leak across a reused connection (4.139208ms)
✔ BE04 bootstrap only exposes the authenticated user memberships without tenant (3.666431ms)
✔ BE05 HOMEROOM A plus SUBJECT B cannot authorize seating or guardians in B (128.018929ms)
✔ BE06 revoked membership is checked during an existing session and B stays independent (50.153164ms)
✔ BE08 CSRF, credential validation, cookie flags, session rotation and rate limiting (102.253385ms)
✔ BE10 concurrent profile patches serialize with a single version winner (54.203093ms)
✔ BE21 parent runtime role cannot select raw student rows (287.758068ms)
✔ B0 health ready checks actual migrations, database and private storage (17.258979ms)
✔ B2 class lists use SQL scope and cross-school details deny before serialization (115.396127ms)
✔ BE09 idempotent organization create/retry/concurrency performs one write (68.17231ms)
✔ B2 required idempotency, class capacity/reference validation and version conflicts (115.470717ms)
✔ B2 signed cursor rejects scope/filter modification and delivers distinct pages (85.559572ms)
✔ B2 subject student projection omits family/internal notes and denies guardians (165.076711ms)
✔ B2 guardian create does not merge matching phone, relationships start unverified (103.000267ms)
✔ BE07 existing identity invitation requires its session and preserves password/other school (186.337827ms)
✔ B1 password reset token is encrypted, single-use and revokes all prior sessions (132.560354ms)
✔ B2 staff delegation stays within the ceiling, custom class scope and immediate revocation (478.626452ms)
✔ B2 transfers serialize capacity, handover removes the old teacher and rollover binds its preview (886.821381ms)
✔ B2 scoped guardian creation cannot acquire an unrelated family through relationship IDs (211.126682ms)
✔ B2/B5 uploads remain private until worker processing, leases serialize and local mail erases encrypted secrets (1237.316961ms)
✔ B2 imports parse real CSV, bind stale previews, avoid name/phone merges and retain invalid rows safely (1972.215344ms)
✔ B2/B5 timetable import checks assignments and overlapping slots, creates only a draft and deduplicates retries (1281.687884ms)
✔ B2 imports update only verified codes, create class drafts and staff invitations with work profiles (3392.022044ms)
✔ B2 large import resumes after a lost chunk without duplicating applied rows and checks current school authority (3050.251189ms)
✔ B3 attendance starts unmarked, versions every source change and publishes immutable one-student projections (467.60262ms)
✔ B3 subject attendance requires its actual lesson and cannot borrow daily access from another class (264.659202ms)
✔ B3 a simultaneous attendance edit and publish has one winner and never publishes a mixed source version (166.913786ms)
✔ B3 rule sets require explicit points, immutable issuance and effective week application (297.400555ms)
✔ B3 conduct reviews preserve facts, lock READY projections and publish only the exact pinned source (784.264928ms)
✔ B3 conduct linked attendance detects stale sources and subject teachers see only their own lesson facts (666.56501ms)
✔ B3 approved adjustments retain old facts and atomically replace the current publication with a reviewed preview (485.053769ms)
✔ B3 a simultaneous conduct record and lock/publish has one source winner (251.353862ms)
✔ B3 attendance linkage deduplicates, excludes corrected drafts and leaves locked scores unchanged with explicit warnings (441.809538ms)
✔ B4 private parent links expose only published child projections, preserve staff cookies and bind the active tab context (914.368112ms)
✔ B4 section/download rights, reissue, relationship revocation and foreign UUIDs are checked on each new parent request (449.090481ms)
✔ B4 private documents stream only with both download rights, and teacher contact projections use shared work fields (641.255832ms)
✔ B4 expired links, suspended schools, CSRF and exchange throttles deny without creating a parent identity (466.270222ms)
✔ B1 delegated grants and invitation acceptance stay inside the current expiry ceiling; backdated assignments require a reason (246.646293ms)
✔ B2 shrinking class capacity checks planned future occupancy peaks, rather than only today (109.471904ms)
✔ B5 dated groups retain moves and same-day cancellations, require current class versions and end group-leader duties (499.23419ms)
✔ B5 position holders serialize and remain valid conduct sources; locked source history cannot be shortened (424.546141ms)
✔ B5 seating validates effective enrollment and unique seats, preserves dated revisions and denies subject-only reads (515.65893ms)
✔ B2/B5 a transfer closes dated groups/positions and retains cancelled future plans atomically (360.69383ms)
✔ B5 timetable materializes bounded future lessons, publishes child-only projections and preserves past/source history (663.441878ms)
✔ B5 timetable rejects teacher/room collisions and revoked assignments, skips holidays and revalidates source versions (945.221451ms)
✔ B5 duties publish only individual tasks, reject foreign enrollment and retain immutable publication/withdraw history (430.106463ms)
✔ B5 group duties expand the effective group at publication and retain the individual targets after later moves (628.713277ms)
✔ B5 activities count only explicit participants, preserve published states and require current source/review authority (894.450293ms)
✔ B5 approved activity results are explicit conduct sources and locked approved facts protect their source history (582.553198ms)
✔ B5 evidence stays private until review and publication; parent documents remain child-bound and filter file availability (1558.375749ms)
✔ B5 class announcements retain immutable publication across edits, bind one recipient and reject foreign class reads (1720.422356ms)
✔ B5 public school announcements sanitize content and keep draft/private replacements out of the public projection (1149.203139ms)
✔ B5 scheduled announcements wait for their due time, publish once through a worker and safely replay after an acknowledgement loss (1216.639549ms)
✔ B5 scheduled publication rechecks the creator grant and reports a failed queue without exposing a parent snapshot (1201.019216ms)
✔ B5 announcement attachments remain private to one child, obey link download rights and disappear when archived or withdrawn (1243.732762ms)
✔ B5 school settings persist with version guards, affect only new link expiry and suppress work contacts without changing old link permissions (1014.110028ms)
✔ B5 disabling homeroom publication takes effect inside existing sessions and restores only after an explicit setting change (691.599048ms)
✖ B3 configured second approval rejects self approval in API and SQL, while a different scoped approver permits atomic adjustment (484.396455ms)
ℹ tests 60
ℹ suites 0
ℹ pass 59
ℹ fail 1
ℹ cancelled 0
ℹ skipped 0
ℹ todo 0
ℹ duration_ms 38154.014852

✖ failing tests:

test at tests/integration/foundation.test.mjs:1397:1
✖ B3 configured second approval rejects self approval in API and SQL, while a different scoped approver permits atomic adjustment (484.396455ms)
  AssertionError [ERR_ASSERTION]: {"message":"Cannot POST /api/v1/schools/263ee6c7-d3c2-5356-af6f-d4a7b4124e74/classes/0194b194-d8c3-4550-aa20-e32d95471426/adjustments/64c0742d-ac76-4815-acbd-a673542abfb5/apply","error":"Not Found","statusCode":404}
  
  404 !== 200
  
      at TestContext.<anonymous> (file:///srv/api/tests/integration/foundation.test.mjs:1410:163)
      at process.processTicksAndRejections (node:internal/process/task_queues:104:5)
      at async Test.run (node:internal/test_runner/test:1409:7)
      at async Test.processPendingSubtests (node:internal/test_runner/test:974:7) {
    generatedMessage: false,
    code: 'ERR_ASSERTION',
    actual: 404,
    expected: 200,
    operator: 'strictEqual',
    diff: 'simple'
  }

