 Image edumanage_backend_test-runner Building 
#1 [internal] load local bake definitions
#1 reading from stdin 539B done
#1 DONE 0.0s

#2 [internal] load build definition from Dockerfile
#2 transferring dockerfile: 931B done
#2 DONE 0.0s

#3 resolve image config for docker-image://docker.io/docker/dockerfile:1
#3 DONE 1.2s

#4 docker-image://docker.io/docker/dockerfile:1@sha256:ecfaec9ed6d810b56388c508f4121597bfbba70d41a6dfeee4d8cad5f295fc32
#4 CACHED

#5 [internal] load metadata for docker.io/library/node:24.21.0-bookworm-slim
#5 DONE 2.0s

#6 [internal] load .dockerignore
#6 transferring context: 85B done
#6 DONE 0.0s

#7 [build 1/7] FROM docker.io/library/node:24.21.0-bookworm-slim@sha256:0e0ff40c39bc087845bfb27465a0df4ea419520094bc35842ff83dd8cbe6f9b6
#7 DONE 0.0s

#8 [internal] load build context
#8 transferring context: 268.45kB 0.0s done
#8 DONE 0.0s

#9 [build 4/7] RUN npm ci --no-audit --no-fund
#9 CACHED

#10 [build 3/7] COPY package.json package-lock.json ./
#10 CACHED

#11 [build 2/7] WORKDIR /srv/api
#11 CACHED

#12 [build 5/7] COPY tsconfig.json ./
#12 CACHED

#13 [build 6/7] COPY src ./src
#13 CACHED

#14 [build 7/7] RUN npm run build
#14 CACHED

#15 [test 1/3] COPY tests ./tests
#15 DONE 0.0s

#16 [test 2/3] COPY migrations ./migrations
#16 DONE 0.0s

#17 [test 3/3] COPY assets ./assets
#17 DONE 0.0s

#18 exporting to image
#18 exporting layers
#18 exporting layers 0.0s done
#18 writing image sha256:5316ffaf374c52264dd49c4d3fb22529450b67f1e05bec291cb488ec2e53c2a7 done
#18 naming to docker.io/library/edumanage_backend_test-runner done
#18 DONE 0.1s

#19 resolving provenance for metadata file
#19 DONE 0.0s
 Image edumanage_backend_test-runner Built 
