 Container edumanage_backend_test-postgres-1 Running 
 Container edumanage_backend_test-postgres-1 Waiting 
 Container edumanage_backend_test-postgres-1 Healthy 
 Container edumanage_backend_test-runner-run-f796448928d8 Creating 
 Container edumanage_backend_test-runner-run-f796448928d8 Created 
✔ BE01 migration replay is a no-op, mismatch fails and metadata remains intact (622.072024ms)
✔ BE02 cross-school enrollment FK rejects write using the real runtime role (14.688186ms)
✔ BE03 no-tenant denies and SET LOCAL cannot leak across a reused connection (6.226567ms)
✔ BE04 bootstrap only exposes the authenticated user memberships without tenant (5.08566ms)
✔ BE05 HOMEROOM A plus SUBJECT B cannot authorize seating or guardians in B (221.448833ms)
✔ BE06 revoked membership is checked during an existing session and B stays independent (86.134165ms)
✔ BE08 CSRF, credential validation, cookie flags, session rotation and rate limiting (162.586631ms)
✔ BE10 concurrent profile patches serialize with a single version winner (93.215589ms)
✔ BE21 parent runtime role cannot select raw student rows (1419.183673ms)
✔ B0 health ready checks actual migrations, database and private storage (27.066662ms)
✔ B2 class lists use SQL scope and cross-school details deny before serialization (203.544996ms)
✔ BE09 idempotent organization create/retry/concurrency performs one write (93.337874ms)
✔ B2 required idempotency, class capacity/reference validation and version conflicts (176.214075ms)
✔ B2 signed cursor rejects scope/filter modification and delivers distinct pages (135.847233ms)
✔ B2 subject student projection omits family/internal notes and denies guardians (304.093761ms)
✔ B2 guardian create does not merge matching phone, relationships start unverified (152.534439ms)
✔ BE07 existing identity invitation requires its session and preserves password/other school (278.522687ms)
✔ B1 password reset token is encrypted, single-use and revokes all prior sessions (223.190924ms)
✔ B2 staff delegation stays within the ceiling, custom class scope and immediate revocation (803.344925ms)
✔ B2 transfers serialize capacity, handover removes the old teacher and rollover binds its preview (1375.893151ms)
✔ B2 scoped guardian creation cannot acquire an unrelated family through relationship IDs (335.781444ms)
✔ B2/B5 uploads remain private until worker processing, leases serialize and local mail erases encrypted secrets (1895.33342ms)
✔ B2 imports parse real CSV, bind stale previews, avoid name/phone merges and retain invalid rows safely (2801.717693ms)
✔ B2/B5 timetable import checks assignments and overlapping slots, creates only a draft and deduplicates retries (1801.21587ms)
✔ B2 imports update only verified codes, create class drafts and staff invitations with work profiles (5299.997555ms)
✔ B2 large import resumes after a lost chunk without duplicating applied rows and checks current school authority (4218.364831ms)
✔ B3 attendance starts unmarked, versions every source change and publishes immutable one-student projections (516.453525ms)
✔ B3 subject attendance requires its actual lesson and cannot borrow daily access from another class (287.680833ms)
✔ B3 a simultaneous attendance edit and publish has one winner and never publishes a mixed source version (160.522048ms)
✔ B3 rule sets require explicit points, immutable issuance and effective week application (349.200524ms)
✔ B3 conduct reviews preserve facts, lock READY projections and publish only the exact pinned source (787.224886ms)
✔ B3 conduct linked attendance detects stale sources and subject teachers see only their own lesson facts (805.724179ms)
✔ B3 approved adjustments retain old facts and atomically replace the current publication with a reviewed preview (522.75458ms)
✔ B3 a simultaneous conduct record and lock/publish has one source winner (248.039785ms)
✔ B3 attendance linkage deduplicates, excludes corrected drafts and leaves locked scores unchanged with explicit warnings (540.497139ms)
✔ B4 private parent links expose only published child projections, preserve staff cookies and bind the active tab context (1314.338068ms)
✔ B4 section/download rights, reissue, relationship revocation and foreign UUIDs are checked on each new parent request (627.653113ms)
✔ B4 private documents stream only with both download rights, and teacher contact projections use shared work fields (925.607309ms)
✔ B4 expired links, suspended schools, CSRF and exchange throttles deny without creating a parent identity (639.478534ms)
✔ B1 delegated grants and invitation acceptance stay inside the current expiry ceiling; backdated assignments require a reason (297.001954ms)
✔ B2 shrinking class capacity checks planned future occupancy peaks, rather than only today (126.967715ms)
✔ B5 dated groups retain moves and same-day cancellations, require current class versions and end group-leader duties (564.424276ms)
✔ B5 position holders serialize and remain valid conduct sources; locked source history cannot be shortened (544.197953ms)
✔ B5 seating validates effective enrollment and unique seats, preserves dated revisions and denies subject-only reads (616.960919ms)
✔ B2/B5 a transfer closes dated groups/positions and retains cancelled future plans atomically (378.807173ms)
✔ B5 timetable materializes bounded future lessons, publishes child-only projections and preserves past/source history (657.182587ms)
✔ B5 timetable rejects teacher/room collisions and revoked assignments, skips holidays and revalidates source versions (970.703224ms)
✔ B5 duties publish only individual tasks, reject foreign enrollment and retain immutable publication/withdraw history (493.392433ms)
✔ B5 group duties expand the effective group at publication and retain the individual targets after later moves (701.372674ms)
✔ B5 activities count only explicit participants, preserve published states and require current source/review authority (1084.783166ms)
✔ B5 approved activity results are explicit conduct sources and locked approved facts protect their source history (400.839291ms)
✔ B5 evidence stays private until review and publication; parent documents remain child-bound and filter file availability (1344.101268ms)
✔ B5 class announcements retain immutable publication across edits, bind one recipient and reject foreign class reads (1767.775527ms)
✔ B5 public school announcements sanitize content and keep draft/private replacements out of the public projection (1180.825544ms)
✔ B5 scheduled announcements wait for their due time, publish once through a worker and safely replay after an acknowledgement loss (1206.037921ms)
✔ B5 scheduled publication rechecks the creator grant and reports a failed queue without exposing a parent snapshot (1228.838344ms)
✔ B5 announcement attachments remain private to one child, obey link download rights and disappear when archived or withdrawn (1302.235017ms)
✔ B5 school settings persist with version guards, affect only new link expiry and suppress work contacts without changing old link permissions (877.023742ms)
✔ B5 disabling homeroom publication takes effect inside existing sessions and restores only after an explicit setting change (1049.905128ms)
✔ B3 configured second approval rejects self approval in API and SQL, while a different scoped approver permits atomic adjustment (1814.098529ms)
✔ B5 personal notifications paginate across actual memberships, deduplicate publication events and deny foreign recipients and cross-user cursors (3311.970242ms)
✔ B5 withdrawn announcements redact retained staff notifications instead of exposing a stale published target (565.538693ms)
✔ B5 dashboards count real scoped rows, keep homeroom and subject tasks separate and immediately recheck revocation (1271.151852ms)
✔ B5 teacher schedule is own dated teaching and announcement feed reads only current publications across draft edits (1200.864526ms)
✔ B5 dashboard attendance counters and publication tasks follow persisted marks, publish/withdraw and current school policy (875.684711ms)
✔ B2 platform creates only metadata drafts, bootstraps admin roles/invitations and requires an active administrator for activation (632.333499ms)
✔ B5 platform settings and operation records persist actual state, redact artifacts and reauthorize command replays (248.773513ms)
✔ B1 platform admin invitations obey operator expiry ceilings and acceptance rolls back after authority expires (159.198611ms)
✔ B5 support tickets persist both sides, preserve queue states and exact timestamp pagination, and deny other schools (410.568519ms)
✔ B1 support requests require independent current school consent, retain immutable scope and bind tickets/classes/actions/time (250.380757ms)
ℹ tests 70
ℹ suites 0
ℹ pass 70
ℹ fail 0
ℹ cancelled 0
ℹ skipped 0
ℹ todo 0
ℹ duration_ms 59069.149306
