 Container edumanage_backend_test-postgres-1 Running 
 Container edumanage_backend_test-postgres-1 Waiting 
 Container edumanage_backend_test-postgres-1 Healthy 
 Container edumanage_backend_test-runner-run-7736f00f4a53 Creating 
 Container edumanage_backend_test-runner-run-7736f00f4a53 Created 
✔ BE01 migration replay is a no-op, mismatch fails and metadata remains intact (431.567853ms)
✔ BE02 cross-school enrollment FK rejects write using the real runtime role (10.012084ms)
✔ BE03 no-tenant denies and SET LOCAL cannot leak across a reused connection (3.964012ms)
✔ BE04 bootstrap only exposes the authenticated user memberships without tenant (4.216973ms)
✔ BE05 HOMEROOM A plus SUBJECT B cannot authorize seating or guardians in B (164.648682ms)
✔ BE06 revoked membership is checked during an existing session and B stays independent (55.315794ms)
✔ BE08 CSRF, credential validation, cookie flags, session rotation and rate limiting (110.321127ms)
✔ BE10 concurrent profile patches serialize with a single version winner (65.247582ms)
✔ BE21 parent runtime role cannot select raw student rows (1182.681122ms)
✔ B0 health ready checks actual migrations, database and private storage (22.224398ms)
✔ B2 class lists use SQL scope and cross-school details deny before serialization (119.682664ms)
✔ BE09 idempotent organization create/retry/concurrency performs one write (69.61366ms)
✔ B2 required idempotency, class capacity/reference validation and version conflicts (121.883236ms)
✔ B2 signed cursor rejects scope/filter modification and delivers distinct pages (90.92352ms)
✔ B2 subject student projection omits family/internal notes and denies guardians (198.211694ms)
✔ B2 guardian create does not merge matching phone, relationships start unverified (106.256815ms)
✔ BE07 existing identity invitation requires its session and preserves password/other school (200.024116ms)
✔ B1 password reset token is encrypted, single-use and revokes all prior sessions (138.535877ms)
✔ B2 staff delegation stays within the ceiling, custom class scope and immediate revocation (531.623665ms)
✔ B2 transfers serialize capacity, handover removes the old teacher and rollover binds its preview (916.906365ms)
✔ B2 scoped guardian creation cannot acquire an unrelated family through relationship IDs (226.370397ms)
✔ B2/B5 uploads remain private until worker processing, leases serialize and local mail erases encrypted secrets (1476.560621ms)
✔ B2 imports parse real CSV, bind stale previews, avoid name/phone merges and retain invalid rows safely (2439.722266ms)
✔ B2/B5 timetable import checks assignments and overlapping slots, creates only a draft and deduplicates retries (1554.925451ms)
✔ B2 imports update only verified codes, create class drafts and staff invitations with work profiles (3357.255781ms)
✔ B2 large import resumes after a lost chunk without duplicating applied rows and checks current school authority (3041.933553ms)
✔ B3 attendance starts unmarked, versions every source change and publishes immutable one-student projections (421.291719ms)
✔ B3 subject attendance requires its actual lesson and cannot borrow daily access from another class (266.534715ms)
✔ B3 a simultaneous attendance edit and publish has one winner and never publishes a mixed source version (159.479322ms)
✔ B3 rule sets require explicit points, immutable issuance and effective week application (366.830495ms)
✔ B3 conduct reviews preserve facts, lock READY projections and publish only the exact pinned source (714.271305ms)
✔ B3 conduct linked attendance detects stale sources and subject teachers see only their own lesson facts (707.494913ms)
✔ B3 approved adjustments retain old facts and atomically replace the current publication with a reviewed preview (510.986276ms)
✔ B3 a simultaneous conduct record and lock/publish has one source winner (230.502491ms)
✔ B3 attendance linkage deduplicates, excludes corrected drafts and leaves locked scores unchanged with explicit warnings (428.492653ms)
✔ B4 private parent links expose only published child projections, preserve staff cookies and bind the active tab context (794.118626ms)
✔ B4 section/download rights, reissue, relationship revocation and foreign UUIDs are checked on each new parent request (446.08077ms)
✔ B4 private documents stream only with both download rights, and teacher contact projections use shared work fields (580.540097ms)
✔ B4 expired links, suspended schools, CSRF and exchange throttles deny without creating a parent identity (424.552453ms)
✔ B1 delegated grants and invitation acceptance stay inside the current expiry ceiling; backdated assignments require a reason (231.36724ms)
✔ B2 shrinking class capacity checks planned future occupancy peaks, rather than only today (101.073549ms)
✔ B5 dated groups retain moves and same-day cancellations, require current class versions and end group-leader duties (441.66263ms)
✔ B5 position holders serialize and remain valid conduct sources; locked source history cannot be shortened (406.957248ms)
✔ B5 seating validates effective enrollment and unique seats, preserves dated revisions and denies subject-only reads (1437.698628ms)
✔ B2/B5 a transfer closes dated groups/positions and retains cancelled future plans atomically (2129.606748ms)
✔ B5 timetable materializes bounded future lessons, publishes child-only projections and preserves past/source history (3351.940211ms)
✔ B5 timetable rejects teacher/room collisions and revoked assignments, skips holidays and revalidates source versions (5537.557179ms)
✔ B5 duties publish only individual tasks, reject foreign enrollment and retain immutable publication/withdraw history (3558.609363ms)
✔ B5 group duties expand the effective group at publication and retain the individual targets after later moves (1441.504047ms)
✔ B5 activities count only explicit participants, preserve published states and require current source/review authority (806.199535ms)
✔ B5 approved activity results are explicit conduct sources and locked approved facts protect their source history (339.022969ms)
✔ B5 evidence stays private until review and publication; parent documents remain child-bound and filter file availability (1088.548519ms)
✔ B5 class announcements retain immutable publication across edits, bind one recipient and reject foreign class reads (1408.134125ms)
✔ B5 public school announcements sanitize content and keep draft/private replacements out of the public projection (1036.416698ms)
✔ B5 scheduled announcements wait for their due time, publish once through a worker and safely replay after an acknowledgement loss (1077.137855ms)
✔ B5 scheduled publication rechecks the creator grant and reports a failed queue without exposing a parent snapshot (1173.948366ms)
✔ B5 announcement attachments remain private to one child, obey link download rights and disappear when archived or withdrawn (1117.486283ms)
✔ B5 school settings persist with version guards, affect only new link expiry and suppress work contacts without changing old link permissions (761.432518ms)
✔ B5 disabling homeroom publication takes effect inside existing sessions and restores only after an explicit setting change (589.958232ms)
✔ B3 configured second approval rejects self approval in API and SQL, while a different scoped approver permits atomic adjustment (477.60567ms)
✔ B5 personal notifications paginate across actual memberships, deduplicate publication events and deny foreign recipients and cross-user cursors (887.94339ms)
✔ B5 withdrawn announcements redact retained staff notifications instead of exposing a stale published target (561.180212ms)
✔ B5 dashboards count real scoped rows, keep homeroom and subject tasks separate and immediately recheck revocation (1159.840545ms)
✔ B5 teacher schedule is own dated teaching and announcement feed reads only current publications across draft edits (1023.42962ms)
✔ B5 dashboard attendance counters and publication tasks follow persisted marks, publish/withdraw and current school policy (726.18624ms)
✔ B2 platform creates only metadata drafts, bootstraps admin roles/invitations and requires an active administrator for activation (509.403174ms)
✔ B5 platform settings and operation records persist actual state, redact artifacts and reauthorize command replays (216.891961ms)
✔ B1 platform admin invitations obey operator expiry ceilings and acceptance rolls back after authority expires (123.587675ms)
✔ B5 support tickets persist both sides, preserve queue states and exact timestamp pagination, and deny other schools (326.866117ms)
✔ B1 support requests require independent current school consent, retain immutable scope and bind tickets/classes/actions/time (219.725981ms)
✔ B1 explicitly selected support grants authorize only scoped metadata GETs, audit the actual operator and force read-only SQL (978.603567ms)
✔ B1 school-wide support metadata never exposes import rows/downloads and expires without fallback to operator privileges (3439.107579ms)
✔ B1 an operator who also has school-admin rights still cannot self-approve or combine selected support scope with ordinary rights (163.61601ms)
✔ B5 signed native keysets cross a nullable sort boundary without dropping or repeating persisted schools (199.604128ms)
ℹ tests 74
ℹ suites 0
ℹ pass 74
ℹ fail 0
ℹ cancelled 0
ℹ skipped 0
ℹ todo 0
ℹ duration_ms 62457.034611
