 Container edumanage_backend_test-postgres-1 Running 
 Container edumanage_backend_test-postgres-1 Waiting 
 Container edumanage_backend_test-postgres-1 Healthy 
 Container edumanage_backend_test-runner-run-4151a3e4ce02 Creating 
 Container edumanage_backend_test-runner-run-4151a3e4ce02 Created 
✔ BE01 migration replay is a no-op, mismatch fails and metadata remains intact (676.933846ms)
✔ BE02 cross-school enrollment FK rejects write using the real runtime role (13.161404ms)
✔ BE03 no-tenant denies and SET LOCAL cannot leak across a reused connection (4.094693ms)
✔ BE04 bootstrap only exposes the authenticated user memberships without tenant (4.079448ms)
✔ BE05 HOMEROOM A plus SUBJECT B cannot authorize seating or guardians in B (314.029442ms)
✔ BE06 revoked membership is checked during an existing session and B stays independent (132.016727ms)
✔ BE08 CSRF, credential validation, cookie flags, session rotation and rate limiting (385.865428ms)
✔ BE10 concurrent profile patches serialize with a single version winner (167.598019ms)
✔ BE21 parent runtime role cannot select raw student rows (1165.432919ms)
✔ B0 health ready checks actual migrations, database and private storage (22.022868ms)
✔ B2 class lists use SQL scope and cross-school details deny before serialization (278.259538ms)
✔ BE09 idempotent organization create/retry/concurrency performs one write (84.258194ms)
✔ B2 required idempotency, class capacity/reference validation and version conflicts (140.603598ms)
✔ B2 signed cursor rejects scope/filter modification and delivers distinct pages (105.541616ms)
✔ B2 subject student projection omits family/internal notes and denies guardians (235.047323ms)
✔ B2 guardian create does not merge matching phone, relationships start unverified (124.291048ms)
✔ BE07 existing identity invitation requires its session and preserves password/other school (220.270381ms)
✔ B1 password reset token is encrypted, single-use and revokes all prior sessions (158.512476ms)
✔ B2 staff delegation stays within the ceiling, custom class scope and immediate revocation (587.442444ms)
✔ B2 transfers serialize capacity, handover removes the old teacher and rollover binds its preview (1169.983383ms)
✔ B2 scoped guardian creation cannot acquire an unrelated family through relationship IDs (259.614952ms)
✔ B2/B5 uploads remain private until worker processing, leases serialize and local mail erases encrypted secrets (1662.743834ms)
✔ B2 imports parse real CSV, bind stale previews, avoid name/phone merges and retain invalid rows safely (2706.846717ms)
✔ B2/B5 timetable import checks assignments and overlapping slots, creates only a draft and deduplicates retries (1607.187453ms)
✔ B2 imports update only verified codes, create class drafts and staff invitations with work profiles (3424.83879ms)
✔ B2 large import resumes after a lost chunk without duplicating applied rows and checks current school authority (3141.783623ms)
✔ B3 attendance starts unmarked, versions every source change and publishes immutable one-student projections (442.273218ms)
✔ B3 subject attendance requires its actual lesson and cannot borrow daily access from another class (265.041789ms)
✔ B3 a simultaneous attendance edit and publish has one winner and never publishes a mixed source version (149.591781ms)
✔ B3 rule sets require explicit points, immutable issuance and effective week application (274.886288ms)
✔ B3 conduct reviews preserve facts, lock READY projections and publish only the exact pinned source (635.921207ms)
✔ B3 conduct linked attendance detects stale sources and subject teachers see only their own lesson facts (611.371161ms)
✔ B3 approved adjustments retain old facts and atomically replace the current publication with a reviewed preview (446.198879ms)
✔ B3 a simultaneous conduct record and lock/publish has one source winner (205.135524ms)
✔ B3 attendance linkage deduplicates, excludes corrected drafts and leaves locked scores unchanged with explicit warnings (375.383079ms)
✔ B4 private parent links expose only published child projections, preserve staff cookies and bind the active tab context (795.360944ms)
✔ B4 section/download rights, reissue, relationship revocation and foreign UUIDs are checked on each new parent request (431.730834ms)
✔ B4 private documents stream only with both download rights, and teacher contact projections use shared work fields (566.906365ms)
✔ B4 expired links, suspended schools, CSRF and exchange throttles deny without creating a parent identity (417.329753ms)
✔ B1 delegated grants and invitation acceptance stay inside the current expiry ceiling; backdated assignments require a reason (230.030469ms)
✔ B2 shrinking class capacity checks planned future occupancy peaks, rather than only today (101.758362ms)
✔ B5 dated groups retain moves and same-day cancellations, require current class versions and end group-leader duties (439.354619ms)
✔ B5 position holders serialize and remain valid conduct sources; locked source history cannot be shortened (413.036083ms)
✔ B5 seating validates effective enrollment and unique seats, preserves dated revisions and denies subject-only reads (480.581785ms)
✔ B2/B5 a transfer closes dated groups/positions and retains cancelled future plans atomically (317.018661ms)
✔ B5 timetable materializes bounded future lessons, publishes child-only projections and preserves past/source history (668.365188ms)
✔ B5 timetable rejects teacher/room collisions and revoked assignments, skips holidays and revalidates source versions (759.012947ms)
✔ B5 duties publish only individual tasks, reject foreign enrollment and retain immutable publication/withdraw history (377.48383ms)
✔ B5 group duties expand the effective group at publication and retain the individual targets after later moves (613.322273ms)
✔ B5 activities count only explicit participants, preserve published states and require current source/review authority (924.910531ms)
✔ B5 approved activity results are explicit conduct sources and locked approved facts protect their source history (352.981189ms)
✔ B5 evidence stays private until review and publication; parent documents remain child-bound and filter file availability (1097.27517ms)
✔ B5 class announcements retain immutable publication across edits, bind one recipient and reject foreign class reads (1396.079034ms)
✔ B5 public school announcements sanitize content and keep draft/private replacements out of the public projection (1035.305348ms)
✔ B5 scheduled announcements wait for their due time, publish once through a worker and safely replay after an acknowledgement loss (1073.526293ms)
✔ B5 scheduled publication rechecks the creator grant and reports a failed queue without exposing a parent snapshot (1167.285874ms)
✔ B5 announcement attachments remain private to one child, obey link download rights and disappear when archived or withdrawn (2090.796155ms)
✔ B5 school settings persist with version guards, affect only new link expiry and suppress work contacts without changing old link permissions (1420.978223ms)
✔ B5 disabling homeroom publication takes effect inside existing sessions and restores only after an explicit setting change (1162.292041ms)
✔ B3 configured second approval rejects self approval in API and SQL, while a different scoped approver permits atomic adjustment (1091.967408ms)
✔ B5 personal notifications paginate across actual memberships, deduplicate publication events and deny foreign recipients and cross-user cursors (1950.686109ms)
✔ B5 withdrawn announcements redact retained staff notifications instead of exposing a stale published target (1093.421299ms)
✔ B5 dashboards count real scoped rows, keep homeroom and subject tasks separate and immediately recheck revocation (1742.155536ms)
✔ B5 teacher schedule is own dated teaching and announcement feed reads only current publications across draft edits (1077.041014ms)
✔ B5 dashboard attendance counters and publication tasks follow persisted marks, publish/withdraw and current school policy (746.925678ms)
✔ B2 platform creates only metadata drafts, bootstraps admin roles/invitations and requires an active administrator for activation (523.997249ms)
✔ B5 platform settings and operation records persist actual state, redact artifacts and reauthorize command replays (221.522401ms)
✔ B1 platform admin invitations obey operator expiry ceilings and acceptance rolls back after authority expires (120.040636ms)
✔ B5 support tickets persist both sides, preserve queue states and exact timestamp pagination, and deny other schools (299.787106ms)
✔ B1 support requests require independent current school consent, retain immutable scope and bind tickets/classes/actions/time (228.003551ms)
✔ B1 explicitly selected support grants authorize only scoped metadata GETs, audit the actual operator and force read-only SQL (199.770644ms)
✖ B1 school-wide support metadata never exposes import rows/downloads and expires without fallback to operator privileges (248.009389ms)
ℹ tests 72
ℹ suites 0
ℹ pass 71
ℹ fail 1
ℹ cancelled 0
ℹ skipped 0
ℹ todo 0
ℹ duration_ms 50942.643275

✖ failing tests:

test at tests/integration/foundation.test.mjs:1581:1
✖ B1 school-wide support metadata never exposes import rows/downloads and expires without fallback to operator privileges (248.009389ms)
  AssertionError [ERR_ASSERTION]: Expected values to be strictly equal:
  
  404 !== 403
  
      at TestContext.<anonymous> (file:///srv/api/tests/integration/foundation.test.mjs:1585:452)
      at process.processTicksAndRejections (node:internal/process/task_queues:104:5)
      at async Test.run (node:internal/test_runner/test:1409:7)
      at async Test.processPendingSubtests (node:internal/test_runner/test:974:7) {
    generatedMessage: true,
    code: 'ERR_ASSERTION',
    actual: 404,
    expected: 403,
    operator: 'strictEqual',
    diff: 'simple'
  }

