✔ all operation IDs are unique (0.9655ms)
✔ login rejects spoofed role, school and unknown fields (2.6456ms)
✔ private user DTO rejects secrets and unknown properties (4.6607ms)
✔ announcement HTML retains paragraph/list formatting while dropping executable markup, URLs and tracking resources (5.0268ms)
✔ grant action and class scope stay together (0.7528ms)
✔ subject grants never authorize management without explicit subject policy (0.1325ms)
✔ end dates are exclusive and assignment is mandatory for default teacher grants (0.1203ms)
✔ a custom class grant authorizes only its delegated action and class (0.1259ms)
✔ a delegated grant cannot outlive an expiring authority, including an unbounded target or future start (0.1578ms)
✔ decimal scoring preserves fractional sums, negative penalties, explicit base, clamps and threshold boundaries (3.5892ms)
✔ fixed deltas reject overrides and manual deltas require bounds (0.3151ms)
✔ XLSX parser bounds sparse dimensions and rejects formulas before workbook allocation (80.5395ms)
ℹ tests 12
ℹ suites 0
ℹ pass 12
ℹ fail 0
ℹ cancelled 0
ℹ skipped 0
ℹ todo 0
ℹ duration_ms 422.4432
