 Container edumanage_backend_test-postgres-1 Running 
 Container edumanage_backend_test-postgres-1 Waiting 
 Container edumanage_backend_test-postgres-1 Healthy 
 Container edumanage_backend_test-runner-run-174e1e71b29b Creating 
 Container edumanage_backend_test-runner-run-174e1e71b29b Created 
✔ BE01 migration replay is a no-op, mismatch fails and metadata remains intact (375.823649ms)
✔ BE02 cross-school enrollment FK rejects write using the real runtime role (8.618832ms)
✔ BE03 no-tenant denies and SET LOCAL cannot leak across a reused connection (3.71802ms)
✔ BE04 bootstrap only exposes the authenticated user memberships without tenant (3.609678ms)
✔ BE05 HOMEROOM A plus SUBJECT B cannot authorize seating or guardians in B (95.597181ms)
✔ BE06 revoked membership is checked during an existing session and B stays independent (39.311986ms)
✔ BE08 CSRF, credential validation, cookie flags, session rotation and rate limiting (109.699529ms)
✔ BE10 concurrent profile patches serialize with a single version winner (63.089458ms)
✔ BE21 parent runtime role cannot select raw student rows (72.164818ms)
✔ B0 health ready checks actual migrations, database and private storage (16.566726ms)
✔ B2 class lists use SQL scope and cross-school details deny before serialization (102.452784ms)
✔ BE09 idempotent organization create/retry/concurrency performs one write (69.374115ms)
✔ B2 required idempotency, class capacity/reference validation and version conflicts (124.15317ms)
✔ B2 signed cursor rejects scope/filter modification and delivers distinct pages (86.064958ms)
✔ B2 subject student projection omits family/internal notes and denies guardians (147.460691ms)
✔ B2 guardian create does not merge matching phone, relationships start unverified (108.316411ms)
✔ BE07 existing identity invitation requires its session and preserves password/other school (183.107292ms)
✔ B1 password reset token is encrypted, single-use and revokes all prior sessions (133.70894ms)
✔ B2 staff delegation stays within the ceiling, custom class scope and immediate revocation (428.520049ms)
✔ B2 transfers serialize capacity, handover removes the old teacher and rollover binds its preview (782.654484ms)
✔ B2 scoped guardian creation cannot acquire an unrelated family through relationship IDs (154.467467ms)
✔ B2/B5 uploads remain private until worker processing, leases serialize and local mail erases encrypted secrets (794.90297ms)
✔ B2 imports parse real CSV, bind stale previews, avoid name/phone merges and retain invalid rows safely (1249.017127ms)
✔ B2/B5 timetable import checks assignments and overlapping slots, creates only a draft and deduplicates retries (861.827929ms)
✔ B2 imports update only verified codes, create class drafts and staff invitations with work profiles (2807.8464ms)
✔ B2 large import resumes after a lost chunk without duplicating applied rows and checks current school authority (2210.308ms)
✔ B3 attendance starts unmarked, versions every source change and publishes immutable one-student projections (375.737206ms)
✔ B3 subject attendance requires its actual lesson and cannot borrow daily access from another class (164.656174ms)
✔ B3 a simultaneous attendance edit and publish has one winner and never publishes a mixed source version (130.725213ms)
✔ B3 rule sets require explicit points, immutable issuance and effective week application (238.074587ms)
✔ B3 conduct reviews preserve facts, lock READY projections and publish only the exact pinned source (632.095579ms)
✔ B3 conduct linked attendance detects stale sources and subject teachers see only their own lesson facts (505.168932ms)
✔ B3 approved adjustments retain old facts and atomically replace the current publication with a reviewed preview (421.921062ms)
✔ B3 a simultaneous conduct record and lock/publish has one source winner (190.849889ms)
✔ B3 attendance linkage deduplicates, excludes corrected drafts and leaves locked scores unchanged with explicit warnings (346.166821ms)
✔ B4 private parent links expose only published child projections, preserve staff cookies and bind the active tab context (728.056449ms)
✔ B4 section/download rights, reissue, relationship revocation and foreign UUIDs are checked on each new parent request (405.229527ms)
✔ B4 private documents stream only with both download rights, and teacher contact projections use shared work fields (528.650417ms)
✔ B4 expired links, suspended schools, CSRF and exchange throttles deny without creating a parent identity (457.303514ms)
✔ B1 delegated grants and invitation acceptance stay inside the current expiry ceiling; backdated assignments require a reason (228.328926ms)
✔ B2 shrinking class capacity checks future and historical occupancy peaks, rather than only today (110.222779ms)
ℹ tests 41
ℹ suites 0
ℹ pass 41
ℹ fail 0
ℹ cancelled 0
ℹ skipped 0
ℹ todo 0
ℹ duration_ms 17283.763708
